[0.191s] Invoking command in '/home/libok/um_file/build/ros2srrc_robots': CMAKE_PREFIX_PATH=${CMAKE_PREFIX_PATH}:/opt/ros/humble /usr/local/bin/cmake /home/libok/um_file/ros2srrc_robots -DCMAKE_INSTALL_PREFIX=/home/libok/um_file/install/ros2srrc_robots
[0.262s] [0mCMake Deprecation Warning at CMakeLists.txt:1 (cmake_minimum_required):
[0.262s]   Compatibility with CMake < 3.10 will be removed from a future version of
[0.262s]   CMake.
[0.262s] 
[0.262s]   Update the VERSION argument <min> value.  Or, use the <min>...<max> syntax
[0.263s]   to tell CMake that the project requires at least <min> but has been updated
[0.263s]   to work with policies introduced by <max> or earlier.
[0.263s] 
[0.263s] [0m
[0.347s] -- The C compiler identification is GNU 11.4.0
[0.642s] -- The CXX compiler identification is GNU 11.4.0
[0.707s] -- Detecting C compiler ABI info
[1.130s] -- Detecting C compiler ABI info - done
[1.216s] -- Check for working C compiler: /usr/bin/cc - skipped
[1.218s] -- Detecting C compile features
[1.219s] -- Detecting C compile features - done
[1.300s] -- Detecting CXX compiler ABI info
[1.632s] -- Detecting CXX compiler ABI info - done
[1.708s] -- Check for working CXX compiler: /usr/bin/c++ - skipped
[1.709s] -- Detecting CXX compile features
[1.715s] -- Detecting CXX compile features - done
[1.838s] -- Found ament_cmake: 1.3.12 (/opt/ros/humble/share/ament_cmake/cmake)
[2.820s] -- Found Python3: /usr/bin/python3 (found version "3.10.12") found components: Interpreter
[3.273s] -- Found ament_lint_auto: 0.12.14 (/opt/ros/humble/share/ament_lint_auto/cmake)
[3.879s] -- Added test 'copyright' to check source files copyright and LICENSE
[4.015s] -- Added test 'lint_cmake' to check CMake code style
[4.091s] -- Added test 'xmllint' to check XML markup files
[4.105s] -- Configuring done (3.9s)
[4.112s] -- Generating done (0.0s)
[4.116s] -- Build files have been written to: /home/libok/um_file/build/ros2srrc_robots
[4.137s] Invoked command in '/home/libok/um_file/build/ros2srrc_robots' returned '0': CMAKE_PREFIX_PATH=${CMAKE_PREFIX_PATH}:/opt/ros/humble /usr/local/bin/cmake /home/libok/um_file/ros2srrc_robots -DCMAKE_INSTALL_PREFIX=/home/libok/um_file/install/ros2srrc_robots
[4.163s] Invoking command in '/home/libok/um_file/build/ros2srrc_robots': CMAKE_PREFIX_PATH=${CMAKE_PREFIX_PATH}:/opt/ros/humble /usr/local/bin/cmake --build /home/libok/um_file/build/ros2srrc_robots -- -j18 -l18
[4.897s] Invoked command in '/home/libok/um_file/build/ros2srrc_robots' returned '0': CMAKE_PREFIX_PATH=${CMAKE_PREFIX_PATH}:/opt/ros/humble /usr/local/bin/cmake --build /home/libok/um_file/build/ros2srrc_robots -- -j18 -l18
[4.905s] Invoking command in '/home/libok/um_file/build/ros2srrc_robots': CMAKE_PREFIX_PATH=${CMAKE_PREFIX_PATH}:/opt/ros/humble /usr/local/bin/cmake --install /home/libok/um_file/build/ros2srrc_robots
[4.974s] -- Install configuration: ""
[4.975s] -- Installing: /home/libok/um_file/install/ros2srrc_robots/share/ros2srrc_robots/irb120
[4.976s] -- Installing: /home/libok/um_file/install/ros2srrc_robots/share/ros2srrc_robots/irb120/meshes
[4.976s] -- Installing: /home/libok/um_file/install/ros2srrc_robots/share/ros2srrc_robots/irb120/meshes/visual
[4.977s] -- Installing: /home/libok/um_file/install/ros2srrc_robots/share/ros2srrc_robots/irb120/meshes/visual/link_5.dae
[4.977s] -- Installing: /home/libok/um_file/install/ros2srrc_robots/share/ros2srrc_robots/irb120/meshes/visual/link_4.dae
[4.977s] -- Installing: /home/libok/um_file/install/ros2srrc_robots/share/ros2srrc_robots/irb120/meshes/visual/link_2.dae
[4.977s] -- Installing: /home/libok/um_file/install/ros2srrc_robots/share/ros2srrc_robots/irb120/meshes/visual/link_6.dae
[4.977s] -- Installing: /home/libok/um_file/install/ros2srrc_robots/share/ros2srrc_robots/irb120/meshes/visual/link_3.dae
[4.977s] -- Installing: /home/libok/um_file/install/ros2srrc_robots/share/ros2srrc_robots/irb120/meshes/visual/base_link.dae
[4.978s] -- Installing: /home/libok/um_file/install/ros2srrc_robots/share/ros2srrc_robots/irb120/meshes/visual/link_1.dae
[4.978s] -- Installing: /home/libok/um_file/install/ros2srrc_robots/share/ros2srrc_robots/irb120/meshes/collision
[4.978s] -- Installing: /home/libok/um_file/install/ros2srrc_robots/share/ros2srrc_robots/irb120/meshes/collision/link_2.stl
[4.978s] -- Installing: /home/libok/um_file/install/ros2srrc_robots/share/ros2srrc_robots/irb120/meshes/collision/link_5.stl
[4.979s] -- Installing: /home/libok/um_file/install/ros2srrc_robots/share/ros2srrc_robots/irb120/meshes/collision/link_3.stl
[4.979s] -- Installing: /home/libok/um_file/install/ros2srrc_robots/share/ros2srrc_robots/irb120/meshes/collision/link_1.stl
[4.979s] -- Installing: /home/libok/um_file/install/ros2srrc_robots/share/ros2srrc_robots/irb120/meshes/collision/link_4.stl
[4.979s] -- Installing: /home/libok/um_file/install/ros2srrc_robots/share/ros2srrc_robots/irb120/meshes/collision/base_link.stl
[4.979s] -- Installing: /home/libok/um_file/install/ros2srrc_robots/share/ros2srrc_robots/irb120/meshes/collision/link_6.stl
[4.979s] -- Installing: /home/libok/um_file/install/ros2srrc_robots/share/ros2srrc_robots/irb120/config
[4.979s] -- Installing: /home/libok/um_file/install/ros2srrc_robots/share/ros2srrc_robots/irb120/config/controller.yaml
[4.980s] -- Installing: /home/libok/um_file/install/ros2srrc_robots/share/ros2srrc_robots/irb120/config/controller_moveit2.yaml
[4.980s] -- Installing: /home/libok/um_file/install/ros2srrc_robots/share/ros2srrc_robots/irb120/config/pilz_cartesian_limits.yaml
[4.981s] -- Installing: /home/libok/um_file/install/ros2srrc_robots/share/ros2srrc_robots/irb120/config/kinematics.yaml
[4.987s] -- Installing: /home/libok/um_file/install/ros2srrc_robots/share/ros2srrc_robots/irb120/config/joint_specifications.yaml
[4.989s] -- Installing: /home/libok/um_file/install/ros2srrc_robots/share/ros2srrc_robots/irb120/config/joint_limits.yaml
[4.989s] -- Installing: /home/libok/um_file/install/ros2srrc_robots/share/ros2srrc_robots/irb120/urdf
[4.989s] -- Installing: /home/libok/um_file/install/ros2srrc_robots/share/ros2srrc_robots/irb120/urdf/irb120_transmission.xacro
[4.990s] -- Installing: /home/libok/um_file/install/ros2srrc_robots/share/ros2srrc_robots/irb120/urdf/irb120_macro.urdf.xacro
[4.990s] -- Installing: /home/libok/um_file/install/ros2srrc_robots/share/ros2srrc_robots/irb120/urdf/abb_resources
[4.991s] -- Installing: /home/libok/um_file/install/ros2srrc_robots/share/ros2srrc_robots/irb120/urdf/abb_resources/common_materials.xacro
[4.992s] -- Installing: /home/libok/um_file/install/ros2srrc_robots/share/ros2srrc_robots/irb120/urdf/abb_resources/common_colours.xacro
[4.992s] -- Installing: /home/libok/um_file/install/ros2srrc_robots/share/ros2srrc_robots/irb120/urdf/irb120_ros2control.xacro
[4.992s] -- Installing: /home/libok/um_file/install/ros2srrc_robots/share/ros2srrc_robots/irb1200
[4.992s] -- Installing: /home/libok/um_file/install/ros2srrc_robots/share/ros2srrc_robots/irb1200/meshes
[4.992s] -- Installing: /home/libok/um_file/install/ros2srrc_robots/share/ros2srrc_robots/irb1200/meshes/visual
[4.992s] -- Installing: /home/libok/um_file/install/ros2srrc_robots/share/ros2srrc_robots/irb1200/meshes/visual/link_5.dae
[4.993s] -- Installing: /home/libok/um_file/install/ros2srrc_robots/share/ros2srrc_robots/irb1200/meshes/visual/link_4.dae
[4.993s] -- Installing: /home/libok/um_file/install/ros2srrc_robots/share/ros2srrc_robots/irb1200/meshes/visual/link_2.dae
[4.993s] -- Installing: /home/libok/um_file/install/ros2srrc_robots/share/ros2srrc_robots/irb1200/meshes/visual/link_6.dae
[4.993s] -- Installing: /home/libok/um_file/install/ros2srrc_robots/share/ros2srrc_robots/irb1200/meshes/visual/link_3.dae
[4.993s] -- Installing: /home/libok/um_file/install/ros2srrc_robots/share/ros2srrc_robots/irb1200/meshes/visual/base_link.dae
[4.994s] -- Installing: /home/libok/um_file/install/ros2srrc_robots/share/ros2srrc_robots/irb1200/meshes/visual/link_1.dae
[4.995s] -- Installing: /home/libok/um_file/install/ros2srrc_robots/share/ros2srrc_robots/irb1200/meshes/collision
[4.995s] -- Installing: /home/libok/um_file/install/ros2srrc_robots/share/ros2srrc_robots/irb1200/meshes/collision/link_2.stl
[4.995s] -- Installing: /home/libok/um_file/install/ros2srrc_robots/share/ros2srrc_robots/irb1200/meshes/collision/link_5.stl
[4.996s] -- Installing: /home/libok/um_file/install/ros2srrc_robots/share/ros2srrc_robots/irb1200/meshes/collision/link_3.stl
[4.996s] -- Installing: /home/libok/um_file/install/ros2srrc_robots/share/ros2srrc_robots/irb1200/meshes/collision/link_1.stl
[4.997s] -- Installing: /home/libok/um_file/install/ros2srrc_robots/share/ros2srrc_robots/irb1200/meshes/collision/link_4.stl
[4.997s] -- Installing: /home/libok/um_file/install/ros2srrc_robots/share/ros2srrc_robots/irb1200/meshes/collision/base_link.stl
[4.998s] -- Installing: /home/libok/um_file/install/ros2srrc_robots/share/ros2srrc_robots/irb1200/meshes/collision/link_6.stl
[4.998s] -- Installing: /home/libok/um_file/install/ros2srrc_robots/share/ros2srrc_robots/irb1200/config
[4.999s] -- Installing: /home/libok/um_file/install/ros2srrc_robots/share/ros2srrc_robots/irb1200/config/controller.yaml
[4.999s] -- Installing: /home/libok/um_file/install/ros2srrc_robots/share/ros2srrc_robots/irb1200/config/controller_moveit2.yaml
[5.000s] -- Installing: /home/libok/um_file/install/ros2srrc_robots/share/ros2srrc_robots/irb1200/config/pilz_cartesian_limits.yaml
[5.000s] -- Installing: /home/libok/um_file/install/ros2srrc_robots/share/ros2srrc_robots/irb1200/config/kinematics.yaml
[5.000s] -- Installing: /home/libok/um_file/install/ros2srrc_robots/share/ros2srrc_robots/irb1200/config/joint_specifications.yaml
[5.001s] -- Installing: /home/libok/um_file/install/ros2srrc_robots/share/ros2srrc_robots/irb1200/config/joint_limits.yaml
[5.001s] -- Installing: /home/libok/um_file/install/ros2srrc_robots/share/ros2srrc_robots/irb1200/urdf
[5.001s] -- Installing: /home/libok/um_file/install/ros2srrc_robots/share/ros2srrc_robots/irb1200/urdf/irb1200_macro.urdf.xacro
[5.003s] -- Installing: /home/libok/um_file/install/ros2srrc_robots/share/ros2srrc_robots/irb1200/urdf/abb_resources
[5.003s] -- Installing: /home/libok/um_file/install/ros2srrc_robots/share/ros2srrc_robots/irb1200/urdf/abb_resources/common_materials.xacro
[5.004s] -- Installing: /home/libok/um_file/install/ros2srrc_robots/share/ros2srrc_robots/irb1200/urdf/abb_resources/common_colours.xacro
[5.004s] -- Installing: /home/libok/um_file/install/ros2srrc_robots/share/ros2srrc_robots/irb1200/urdf/irb1200_transmission.xacro
[5.004s] -- Installing: /home/libok/um_file/install/ros2srrc_robots/share/ros2srrc_robots/irb1200/urdf/irb1200_ros2control.xacro
[5.004s] -- Installing: /home/libok/um_file/install/ros2srrc_robots/share/ros2srrc_robots/irb1600
[5.004s] -- Installing: /home/libok/um_file/install/ros2srrc_robots/share/ros2srrc_robots/irb1600/meshes
[5.004s] -- Installing: /home/libok/um_file/install/ros2srrc_robots/share/ros2srrc_robots/irb1600/meshes/visual
[5.005s] -- Installing: /home/libok/um_file/install/ros2srrc_robots/share/ros2srrc_robots/irb1600/meshes/visual/link_2.stl
[5.005s] -- Installing: /home/libok/um_file/install/ros2srrc_robots/share/ros2srrc_robots/irb1600/meshes/visual/link_5.stl
[5.005s] -- Installing: /home/libok/um_file/install/ros2srrc_robots/share/ros2srrc_robots/irb1600/meshes/visual/link_3.stl
[5.005s] -- Installing: /home/libok/um_file/install/ros2srrc_robots/share/ros2srrc_robots/irb1600/meshes/visual/link_1.stl
[5.005s] -- Installing: /home/libok/um_file/install/ros2srrc_robots/share/ros2srrc_robots/irb1600/meshes/visual/link_4.stl
[5.005s] -- Installing: /home/libok/um_file/install/ros2srrc_robots/share/ros2srrc_robots/irb1600/meshes/visual/base_link.stl
[5.006s] -- Installing: /home/libok/um_file/install/ros2srrc_robots/share/ros2srrc_robots/irb1600/meshes/visual/link_6.stl
[5.006s] -- Installing: /home/libok/um_file/install/ros2srrc_robots/share/ros2srrc_robots/irb1600/meshes/collision
[5.006s] -- Installing: /home/libok/um_file/install/ros2srrc_robots/share/ros2srrc_robots/irb1600/meshes/collision/link_2.stl
[5.006s] -- Installing: /home/libok/um_file/install/ros2srrc_robots/share/ros2srrc_robots/irb1600/meshes/collision/link_5.stl
[5.006s] -- Installing: /home/libok/um_file/install/ros2srrc_robots/share/ros2srrc_robots/irb1600/meshes/collision/link_3.stl
[5.006s] -- Installing: /home/libok/um_file/install/ros2srrc_robots/share/ros2srrc_robots/irb1600/meshes/collision/link_1.stl
[5.011s] -- Installing: /home/libok/um_file/install/ros2srrc_robots/share/ros2srrc_robots/irb1600/meshes/collision/link_4.stl
[5.011s] -- Installing: /home/libok/um_file/install/ros2srrc_robots/share/ros2srrc_robots/irb1600/meshes/collision/base_link.stl
[5.011s] -- Installing: /home/libok/um_file/install/ros2srrc_robots/share/ros2srrc_robots/irb1600/meshes/collision/link_6.stl
[5.011s] -- Installing: /home/libok/um_file/install/ros2srrc_robots/share/ros2srrc_robots/irb1600/config
[5.012s] -- Installing: /home/libok/um_file/install/ros2srrc_robots/share/ros2srrc_robots/irb1600/config/controller.yaml
[5.012s] -- Installing: /home/libok/um_file/install/ros2srrc_robots/share/ros2srrc_robots/irb1600/config/controller_moveit2.yaml
[5.012s] -- Installing: /home/libok/um_file/install/ros2srrc_robots/share/ros2srrc_robots/irb1600/config/pilz_cartesian_limits.yaml
[5.012s] -- Installing: /home/libok/um_file/install/ros2srrc_robots/share/ros2srrc_robots/irb1600/config/kinematics.yaml
[5.012s] -- Installing: /home/libok/um_file/install/ros2srrc_robots/share/ros2srrc_robots/irb1600/config/joint_specifications.yaml
[5.012s] -- Installing: /home/libok/um_file/install/ros2srrc_robots/share/ros2srrc_robots/irb1600/config/joint_limits.yaml
[5.013s] -- Installing: /home/libok/um_file/install/ros2srrc_robots/share/ros2srrc_robots/irb1600/urdf
[5.013s] -- Installing: /home/libok/um_file/install/ros2srrc_robots/share/ros2srrc_robots/irb1600/urdf/abb_resources
[5.013s] -- Installing: /home/libok/um_file/install/ros2srrc_robots/share/ros2srrc_robots/irb1600/urdf/abb_resources/common_materials.xacro
[5.013s] -- Installing: /home/libok/um_file/install/ros2srrc_robots/share/ros2srrc_robots/irb1600/urdf/abb_resources/common_colours.xacro
[5.014s] -- Installing: /home/libok/um_file/install/ros2srrc_robots/share/ros2srrc_robots/irb1600/urdf/irb1600_macro.urdf.xacro
[5.014s] -- Installing: /home/libok/um_file/install/ros2srrc_robots/share/ros2srrc_robots/irb1600/urdf/irb1600_transmission.xacro
[5.014s] -- Installing: /home/libok/um_file/install/ros2srrc_robots/share/ros2srrc_robots/irb1600/urdf/irb1600_ros2control.xacro
[5.014s] -- Installing: /home/libok/um_file/install/ros2srrc_robots/share/ros2srrc_robots/irb6640
[5.014s] -- Installing: /home/libok/um_file/install/ros2srrc_robots/share/ros2srrc_robots/irb6640/meshes
[5.014s] -- Installing: /home/libok/um_file/install/ros2srrc_robots/share/ros2srrc_robots/irb6640/meshes/link_piston.dae
[5.015s] -- Installing: /home/libok/um_file/install/ros2srrc_robots/share/ros2srrc_robots/irb6640/meshes/link_cylinder.dae
[5.015s] -- Installing: /home/libok/um_file/install/ros2srrc_robots/share/ros2srrc_robots/irb6640/meshes/link_5.dae
[5.015s] -- Installing: /home/libok/um_file/install/ros2srrc_robots/share/ros2srrc_robots/irb6640/meshes/link_4.dae
[5.015s] -- Installing: /home/libok/um_file/install/ros2srrc_robots/share/ros2srrc_robots/irb6640/meshes/link_2.dae
[5.015s] -- Installing: /home/libok/um_file/install/ros2srrc_robots/share/ros2srrc_robots/irb6640/meshes/link_6.dae
[5.016s] -- Installing: /home/libok/um_file/install/ros2srrc_robots/share/ros2srrc_robots/irb6640/meshes/link_3.dae
[5.016s] -- Installing: /home/libok/um_file/install/ros2srrc_robots/share/ros2srrc_robots/irb6640/meshes/base_link.dae
[5.016s] -- Installing: /home/libok/um_file/install/ros2srrc_robots/share/ros2srrc_robots/irb6640/meshes/link_1.dae
[5.016s] -- Installing: /home/libok/um_file/install/ros2srrc_robots/share/ros2srrc_robots/irb6640/config
[5.016s] -- Installing: /home/libok/um_file/install/ros2srrc_robots/share/ros2srrc_robots/irb6640/config/controller.yaml
[5.016s] -- Installing: /home/libok/um_file/install/ros2srrc_robots/share/ros2srrc_robots/irb6640/config/controller_moveit2.yaml
[5.017s] -- Installing: /home/libok/um_file/install/ros2srrc_robots/share/ros2srrc_robots/irb6640/config/pilz_cartesian_limits.yaml
[5.017s] -- Installing: /home/libok/um_file/install/ros2srrc_robots/share/ros2srrc_robots/irb6640/config/kinematics.yaml
[5.017s] -- Installing: /home/libok/um_file/install/ros2srrc_robots/share/ros2srrc_robots/irb6640/config/joint_specifications.yaml
[5.017s] -- Installing: /home/libok/um_file/install/ros2srrc_robots/share/ros2srrc_robots/irb6640/config/joint_limits.yaml
[5.018s] -- Installing: /home/libok/um_file/install/ros2srrc_robots/share/ros2srrc_robots/irb6640/urdf
[5.018s] -- Installing: /home/libok/um_file/install/ros2srrc_robots/share/ros2srrc_robots/irb6640/urdf/irb6640_transmission.xacro
[5.019s] -- Installing: /home/libok/um_file/install/ros2srrc_robots/share/ros2srrc_robots/irb6640/urdf/irb6640_macro.urdf.xacro
[5.019s] -- Installing: /home/libok/um_file/install/ros2srrc_robots/share/ros2srrc_robots/irb6640/urdf/irb6640_ros2control.xacro
[5.020s] -- Installing: /home/libok/um_file/install/ros2srrc_robots/share/ros2srrc_robots/ur3
[5.020s] -- Installing: /home/libok/um_file/install/ros2srrc_robots/share/ros2srrc_robots/ur3/meshes
[5.020s] -- Installing: /home/libok/um_file/install/ros2srrc_robots/share/ros2srrc_robots/ur3/meshes/visual
[5.020s] -- Installing: /home/libok/um_file/install/ros2srrc_robots/share/ros2srrc_robots/ur3/meshes/visual/shoulder.dae
[5.021s] -- Installing: /home/libok/um_file/install/ros2srrc_robots/share/ros2srrc_robots/ur3/meshes/visual/wrist3.dae
[5.021s] -- Installing: /home/libok/um_file/install/ros2srrc_robots/share/ros2srrc_robots/ur3/meshes/visual/wrist2.dae
[5.021s] -- Installing: /home/libok/um_file/install/ros2srrc_robots/share/ros2srrc_robots/ur3/meshes/visual/forearm.dae
[5.022s] -- Installing: /home/libok/um_file/install/ros2srrc_robots/share/ros2srrc_robots/ur3/meshes/visual/upperarm.dae
[5.022s] -- Installing: /home/libok/um_file/install/ros2srrc_robots/share/ros2srrc_robots/ur3/meshes/visual/base.dae
[5.022s] -- Installing: /home/libok/um_file/install/ros2srrc_robots/share/ros2srrc_robots/ur3/meshes/visual/wrist1.dae
[5.022s] -- Installing: /home/libok/um_file/install/ros2srrc_robots/share/ros2srrc_robots/ur3/meshes/collision
[5.023s] -- Installing: /home/libok/um_file/install/ros2srrc_robots/share/ros2srrc_robots/ur3/meshes/collision/upperarm.stl
[5.023s] -- Installing: /home/libok/um_file/install/ros2srrc_robots/share/ros2srrc_robots/ur3/meshes/collision/forearm.stl
[5.024s] -- Installing: /home/libok/um_file/install/ros2srrc_robots/share/ros2srrc_robots/ur3/meshes/collision/base.stl
[5.024s] -- Installing: /home/libok/um_file/install/ros2srrc_robots/share/ros2srrc_robots/ur3/meshes/collision/wrist1.stl
[5.025s] -- Installing: /home/libok/um_file/install/ros2srrc_robots/share/ros2srrc_robots/ur3/meshes/collision/shoulder.stl
[5.025s] -- Installing: /home/libok/um_file/install/ros2srrc_robots/share/ros2srrc_robots/ur3/meshes/collision/wrist3.stl
[5.025s] -- Installing: /home/libok/um_file/install/ros2srrc_robots/share/ros2srrc_robots/ur3/meshes/collision/wrist2.stl
[5.025s] -- Installing: /home/libok/um_file/install/ros2srrc_robots/share/ros2srrc_robots/ur3/config
[5.026s] -- Installing: /home/libok/um_file/install/ros2srrc_robots/share/ros2srrc_robots/ur3/config/controller.yaml
[5.026s] -- Installing: /home/libok/um_file/install/ros2srrc_robots/share/ros2srrc_robots/ur3/config/controller_ur.yaml
[5.026s] -- Installing: /home/libok/um_file/install/ros2srrc_robots/share/ros2srrc_robots/ur3/config/controller_moveit2.yaml
[5.027s] -- Installing: /home/libok/um_file/install/ros2srrc_robots/share/ros2srrc_robots/ur3/config/pilz_cartesian_limits.yaml
[5.027s] -- Installing: /home/libok/um_file/install/ros2srrc_robots/share/ros2srrc_robots/ur3/config/kinematics.yaml
[5.027s] -- Installing: /home/libok/um_file/install/ros2srrc_robots/share/ros2srrc_robots/ur3/config/joint_specifications.yaml
[5.027s] -- Installing: /home/libok/um_file/install/ros2srrc_robots/share/ros2srrc_robots/ur3/config/joint_limits.yaml
[5.028s] -- Installing: /home/libok/um_file/install/ros2srrc_robots/share/ros2srrc_robots/ur3/urdf
[5.028s] -- Installing: /home/libok/um_file/install/ros2srrc_robots/share/ros2srrc_robots/ur3/urdf/ur3_ros2control.xacro
[5.028s] -- Installing: /home/libok/um_file/install/ros2srrc_robots/share/ros2srrc_robots/ur3/urdf/ur3_common.xacro
[5.028s] -- Installing: /home/libok/um_file/install/ros2srrc_robots/share/ros2srrc_robots/ur3/urdf/ur3_macro.urdf.xacro
[5.028s] -- Installing: /home/libok/um_file/install/ros2srrc_robots/share/ros2srrc_robots/ur3/urdf/ur3_transmission.xacro
[5.028s] -- Installing: /home/libok/um_file/install/ros2srrc_robots/share/ros2srrc_robots/ur3e
[5.028s] -- Installing: /home/libok/um_file/install/ros2srrc_robots/share/ros2srrc_robots/ur3e/meshes
[5.029s] -- Installing: /home/libok/um_file/install/ros2srrc_robots/share/ros2srrc_robots/ur3e/meshes/visual
[5.029s] -- Installing: /home/libok/um_file/install/ros2srrc_robots/share/ros2srrc_robots/ur3e/meshes/visual/shoulder.dae
[5.029s] -- Installing: /home/libok/um_file/install/ros2srrc_robots/share/ros2srrc_robots/ur3e/meshes/visual/wrist3.dae
[5.029s] -- Installing: /home/libok/um_file/install/ros2srrc_robots/share/ros2srrc_robots/ur3e/meshes/visual/wrist2.dae
[5.029s] -- Installing: /home/libok/um_file/install/ros2srrc_robots/share/ros2srrc_robots/ur3e/meshes/visual/forearm.dae
[5.029s] -- Installing: /home/libok/um_file/install/ros2srrc_robots/share/ros2srrc_robots/ur3e/meshes/visual/upperarm.dae
[5.029s] -- Installing: /home/libok/um_file/install/ros2srrc_robots/share/ros2srrc_robots/ur3e/meshes/visual/base.dae
[5.029s] -- Installing: /home/libok/um_file/install/ros2srrc_robots/share/ros2srrc_robots/ur3e/meshes/visual/wrist1.dae
[5.035s] -- Installing: /home/libok/um_file/install/ros2srrc_robots/share/ros2srrc_robots/ur3e/meshes/collision
[5.036s] -- Installing: /home/libok/um_file/install/ros2srrc_robots/share/ros2srrc_robots/ur3e/meshes/collision/upperarm.stl
[5.039s] -- Installing: /home/libok/um_file/install/ros2srrc_robots/share/ros2srrc_robots/ur3e/meshes/collision/forearm.stl
[5.040s] -- Installing: /home/libok/um_file/install/ros2srrc_robots/share/ros2srrc_robots/ur3e/meshes/collision/base.stl
[5.040s] -- Installing: /home/libok/um_file/install/ros2srrc_robots/share/ros2srrc_robots/ur3e/meshes/collision/wrist1.stl
[5.040s] -- Installing: /home/libok/um_file/install/ros2srrc_robots/share/ros2srrc_robots/ur3e/meshes/collision/shoulder.stl
[5.040s] -- Installing: /home/libok/um_file/install/ros2srrc_robots/share/ros2srrc_robots/ur3e/meshes/collision/wrist3.stl
[5.040s] -- Installing: /home/libok/um_file/install/ros2srrc_robots/share/ros2srrc_robots/ur3e/meshes/collision/wrist2.stl
[5.041s] -- Installing: /home/libok/um_file/install/ros2srrc_robots/share/ros2srrc_robots/ur3e/config
[5.041s] -- Installing: /home/libok/um_file/install/ros2srrc_robots/share/ros2srrc_robots/ur3e/config/controller.yaml
[5.041s] -- Installing: /home/libok/um_file/install/ros2srrc_robots/share/ros2srrc_robots/ur3e/config/controller_ur.yaml
[5.041s] -- Installing: /home/libok/um_file/install/ros2srrc_robots/share/ros2srrc_robots/ur3e/config/controller_moveit2.yaml
[5.041s] -- Installing: /home/libok/um_file/install/ros2srrc_robots/share/ros2srrc_robots/ur3e/config/pilz_cartesian_limits.yaml
[5.041s] -- Installing: /home/libok/um_file/install/ros2srrc_robots/share/ros2srrc_robots/ur3e/config/kinematics.yaml
[5.041s] -- Installing: /home/libok/um_file/install/ros2srrc_robots/share/ros2srrc_robots/ur3e/config/joint_specifications.yaml
[5.042s] -- Installing: /home/libok/um_file/install/ros2srrc_robots/share/ros2srrc_robots/ur3e/config/joint_limits.yaml
[5.042s] -- Installing: /home/libok/um_file/install/ros2srrc_robots/share/ros2srrc_robots/ur3e/urdf
[5.042s] -- Installing: /home/libok/um_file/install/ros2srrc_robots/share/ros2srrc_robots/ur3e/urdf/ur3e_macro.urdf.xacro
[5.042s] -- Installing: /home/libok/um_file/install/ros2srrc_robots/share/ros2srrc_robots/ur3e/urdf/ur3e_ros2control.xacro
[5.042s] -- Installing: /home/libok/um_file/install/ros2srrc_robots/share/ros2srrc_robots/ur3e/urdf/ur3e_common.xacro
[5.042s] -- Installing: /home/libok/um_file/install/ros2srrc_robots/share/ros2srrc_robots/ur3e/urdf/ur3e_transmission.xacro
[5.042s] -- Installing: /home/libok/um_file/install/ros2srrc_robots/share/ros2srrc_robots/ur5
[5.043s] -- Installing: /home/libok/um_file/install/ros2srrc_robots/share/ros2srrc_robots/ur5/meshes
[5.043s] -- Installing: /home/libok/um_file/install/ros2srrc_robots/share/ros2srrc_robots/ur5/meshes/visual
[5.044s] -- Installing: /home/libok/um_file/install/ros2srrc_robots/share/ros2srrc_robots/ur5/meshes/visual/shoulder.dae
[5.046s] -- Installing: /home/libok/um_file/install/ros2srrc_robots/share/ros2srrc_robots/ur5/meshes/visual/wrist3.dae
[5.046s] -- Installing: /home/libok/um_file/install/ros2srrc_robots/share/ros2srrc_robots/ur5/meshes/visual/wrist2.dae
[5.048s] -- Installing: /home/libok/um_file/install/ros2srrc_robots/share/ros2srrc_robots/ur5/meshes/visual/forearm.dae
[5.051s] -- Installing: /home/libok/um_file/install/ros2srrc_robots/share/ros2srrc_robots/ur5/meshes/visual/upperarm.dae
[5.055s] -- Installing: /home/libok/um_file/install/ros2srrc_robots/share/ros2srrc_robots/ur5/meshes/visual/base.dae
[5.056s] -- Installing: /home/libok/um_file/install/ros2srrc_robots/share/ros2srrc_robots/ur5/meshes/visual/wrist1.dae
[5.058s] -- Installing: /home/libok/um_file/install/ros2srrc_robots/share/ros2srrc_robots/ur5/meshes/collision
[5.060s] -- Installing: /home/libok/um_file/install/ros2srrc_robots/share/ros2srrc_robots/ur5/meshes/collision/upperarm.stl
[5.060s] -- Installing: /home/libok/um_file/install/ros2srrc_robots/share/ros2srrc_robots/ur5/meshes/collision/forearm.stl
[5.060s] -- Installing: /home/libok/um_file/install/ros2srrc_robots/share/ros2srrc_robots/ur5/meshes/collision/base.stl
[5.060s] -- Installing: /home/libok/um_file/install/ros2srrc_robots/share/ros2srrc_robots/ur5/meshes/collision/wrist1.stl
[5.061s] -- Installing: /home/libok/um_file/install/ros2srrc_robots/share/ros2srrc_robots/ur5/meshes/collision/shoulder.stl
[5.061s] -- Installing: /home/libok/um_file/install/ros2srrc_robots/share/ros2srrc_robots/ur5/meshes/collision/wrist3.stl
[5.061s] -- Installing: /home/libok/um_file/install/ros2srrc_robots/share/ros2srrc_robots/ur5/meshes/collision/wrist2.stl
[5.061s] -- Installing: /home/libok/um_file/install/ros2srrc_robots/share/ros2srrc_robots/ur5/config
[5.062s] -- Installing: /home/libok/um_file/install/ros2srrc_robots/share/ros2srrc_robots/ur5/config/controller.yaml
[5.062s] -- Installing: /home/libok/um_file/install/ros2srrc_robots/share/ros2srrc_robots/ur5/config/controller_ur.yaml
[5.062s] -- Installing: /home/libok/um_file/install/ros2srrc_robots/share/ros2srrc_robots/ur5/config/controller_moveit2.yaml
[5.062s] -- Installing: /home/libok/um_file/install/ros2srrc_robots/share/ros2srrc_robots/ur5/config/pilz_cartesian_limits.yaml
[5.062s] -- Installing: /home/libok/um_file/install/ros2srrc_robots/share/ros2srrc_robots/ur5/config/kinematics.yaml
[5.062s] -- Installing: /home/libok/um_file/install/ros2srrc_robots/share/ros2srrc_robots/ur5/config/joint_specifications.yaml
[5.063s] -- Installing: /home/libok/um_file/install/ros2srrc_robots/share/ros2srrc_robots/ur5/config/joint_limits.yaml
[5.063s] -- Installing: /home/libok/um_file/install/ros2srrc_robots/share/ros2srrc_robots/ur5/urdf
[5.063s] -- Installing: /home/libok/um_file/install/ros2srrc_robots/share/ros2srrc_robots/ur5/urdf/ur5_common.xacro
[5.063s] -- Installing: /home/libok/um_file/install/ros2srrc_robots/share/ros2srrc_robots/ur5/urdf/ur5_macro.urdf.xacro
[5.063s] -- Installing: /home/libok/um_file/install/ros2srrc_robots/share/ros2srrc_robots/ur5/urdf/ur5_ros2control.xacro
[5.064s] -- Installing: /home/libok/um_file/install/ros2srrc_robots/share/ros2srrc_robots/ur5/urdf/ur5_transmission.xacro
[5.064s] -- Installing: /home/libok/um_file/install/ros2srrc_robots/share/ros2srrc_robots/ur10
[5.064s] -- Installing: /home/libok/um_file/install/ros2srrc_robots/share/ros2srrc_robots/ur10/meshes
[5.064s] -- Installing: /home/libok/um_file/install/ros2srrc_robots/share/ros2srrc_robots/ur10/meshes/visual
[5.064s] -- Installing: /home/libok/um_file/install/ros2srrc_robots/share/ros2srrc_robots/ur10/meshes/visual/shoulder.dae
[5.066s] -- Installing: /home/libok/um_file/install/ros2srrc_robots/share/ros2srrc_robots/ur10/meshes/visual/wrist3.dae
[5.066s] -- Installing: /home/libok/um_file/install/ros2srrc_robots/share/ros2srrc_robots/ur10/meshes/visual/wrist2.dae
[5.072s] -- Installing: /home/libok/um_file/install/ros2srrc_robots/share/ros2srrc_robots/ur10/meshes/visual/forearm.dae
[5.075s] -- Installing: /home/libok/um_file/install/ros2srrc_robots/share/ros2srrc_robots/ur10/meshes/visual/upperarm.dae
[5.079s] -- Installing: /home/libok/um_file/install/ros2srrc_robots/share/ros2srrc_robots/ur10/meshes/visual/base.dae
[5.079s] -- Installing: /home/libok/um_file/install/ros2srrc_robots/share/ros2srrc_robots/ur10/meshes/visual/wrist1.dae
[5.082s] -- Installing: /home/libok/um_file/install/ros2srrc_robots/share/ros2srrc_robots/ur10/meshes/collision
[5.083s] -- Installing: /home/libok/um_file/install/ros2srrc_robots/share/ros2srrc_robots/ur10/meshes/collision/upperarm.stl
[5.083s] -- Installing: /home/libok/um_file/install/ros2srrc_robots/share/ros2srrc_robots/ur10/meshes/collision/forearm.stl
[5.083s] -- Installing: /home/libok/um_file/install/ros2srrc_robots/share/ros2srrc_robots/ur10/meshes/collision/base.stl
[5.083s] -- Installing: /home/libok/um_file/install/ros2srrc_robots/share/ros2srrc_robots/ur10/meshes/collision/wrist1.stl
[5.084s] -- Installing: /home/libok/um_file/install/ros2srrc_robots/share/ros2srrc_robots/ur10/meshes/collision/shoulder.stl
[5.084s] -- Installing: /home/libok/um_file/install/ros2srrc_robots/share/ros2srrc_robots/ur10/meshes/collision/wrist3.stl
[5.084s] -- Installing: /home/libok/um_file/install/ros2srrc_robots/share/ros2srrc_robots/ur10/meshes/collision/wrist2.stl
[5.085s] -- Installing: /home/libok/um_file/install/ros2srrc_robots/share/ros2srrc_robots/ur10/config
[5.085s] -- Installing: /home/libok/um_file/install/ros2srrc_robots/share/ros2srrc_robots/ur10/config/controller.yaml
[5.085s] -- Installing: /home/libok/um_file/install/ros2srrc_robots/share/ros2srrc_robots/ur10/config/controller_ur.yaml
[5.085s] -- Installing: /home/libok/um_file/install/ros2srrc_robots/share/ros2srrc_robots/ur10/config/controller_moveit2.yaml
[5.085s] -- Installing: /home/libok/um_file/install/ros2srrc_robots/share/ros2srrc_robots/ur10/config/pilz_cartesian_limits.yaml
[5.086s] -- Installing: /home/libok/um_file/install/ros2srrc_robots/share/ros2srrc_robots/ur10/config/kinematics.yaml
[5.086s] -- Installing: /home/libok/um_file/install/ros2srrc_robots/share/ros2srrc_robots/ur10/config/joint_specifications.yaml
[5.086s] -- Installing: /home/libok/um_file/install/ros2srrc_robots/share/ros2srrc_robots/ur10/config/joint_limits.yaml
[5.087s] -- Installing: /home/libok/um_file/install/ros2srrc_robots/share/ros2srrc_robots/ur10/urdf
[5.087s] -- Installing: /home/libok/um_file/install/ros2srrc_robots/share/ros2srrc_robots/ur10/urdf/ur10_common.xacro
[5.087s] -- Installing: /home/libok/um_file/install/ros2srrc_robots/share/ros2srrc_robots/ur10/urdf/ur10_macro.urdf.xacro
[5.088s] -- Installing: /home/libok/um_file/install/ros2srrc_robots/share/ros2srrc_robots/ur10/urdf/ur10_ros2control.xacro
[5.089s] -- Installing: /home/libok/um_file/install/ros2srrc_robots/share/ros2srrc_robots/ur10/urdf/ur10_transmission.xacro
[5.089s] -- Installing: /home/libok/um_file/install/ros2srrc_robots/share/ros2srrc_robots/ur10e
[5.089s] -- Installing: /home/libok/um_file/install/ros2srrc_robots/share/ros2srrc_robots/ur10e/meshes
[5.090s] -- Installing: /home/libok/um_file/install/ros2srrc_robots/share/ros2srrc_robots/ur10e/meshes/visual
[5.090s] -- Installing: /home/libok/um_file/install/ros2srrc_robots/share/ros2srrc_robots/ur10e/meshes/visual/shoulder.dae
[5.094s] -- Installing: /home/libok/um_file/install/ros2srrc_robots/share/ros2srrc_robots/ur10e/meshes/visual/wrist3.dae
[5.094s] -- Installing: /home/libok/um_file/install/ros2srrc_robots/share/ros2srrc_robots/ur10e/meshes/visual/wrist2.dae
[5.096s] -- Installing: /home/libok/um_file/install/ros2srrc_robots/share/ros2srrc_robots/ur10e/meshes/visual/forearm.dae
[5.099s] -- Installing: /home/libok/um_file/install/ros2srrc_robots/share/ros2srrc_robots/ur10e/meshes/visual/upperarm.dae
[5.105s] -- Installing: /home/libok/um_file/install/ros2srrc_robots/share/ros2srrc_robots/ur10e/meshes/visual/base.dae
[5.107s] -- Installing: /home/libok/um_file/install/ros2srrc_robots/share/ros2srrc_robots/ur10e/meshes/visual/wrist1.dae
[5.109s] -- Installing: /home/libok/um_file/install/ros2srrc_robots/share/ros2srrc_robots/ur10e/meshes/collision
[5.109s] -- Installing: /home/libok/um_file/install/ros2srrc_robots/share/ros2srrc_robots/ur10e/meshes/collision/upperarm.stl
[5.109s] -- Installing: /home/libok/um_file/install/ros2srrc_robots/share/ros2srrc_robots/ur10e/meshes/collision/forearm.stl
[5.110s] -- Installing: /home/libok/um_file/install/ros2srrc_robots/share/ros2srrc_robots/ur10e/meshes/collision/base.stl
[5.110s] -- Installing: /home/libok/um_file/install/ros2srrc_robots/share/ros2srrc_robots/ur10e/meshes/collision/wrist1.stl
[5.110s] -- Installing: /home/libok/um_file/install/ros2srrc_robots/share/ros2srrc_robots/ur10e/meshes/collision/shoulder.stl
[5.110s] -- Installing: /home/libok/um_file/install/ros2srrc_robots/share/ros2srrc_robots/ur10e/meshes/collision/wrist3.stl
[5.111s] -- Installing: /home/libok/um_file/install/ros2srrc_robots/share/ros2srrc_robots/ur10e/meshes/collision/wrist2.stl
[5.111s] -- Installing: /home/libok/um_file/install/ros2srrc_robots/share/ros2srrc_robots/ur10e/config
[5.111s] -- Installing: /home/libok/um_file/install/ros2srrc_robots/share/ros2srrc_robots/ur10e/config/controller.yaml
[5.111s] -- Installing: /home/libok/um_file/install/ros2srrc_robots/share/ros2srrc_robots/ur10e/config/controller_ur.yaml
[5.111s] -- Installing: /home/libok/um_file/install/ros2srrc_robots/share/ros2srrc_robots/ur10e/config/controller_moveit2.yaml
[5.112s] -- Installing: /home/libok/um_file/install/ros2srrc_robots/share/ros2srrc_robots/ur10e/config/pilz_cartesian_limits.yaml
[5.112s] -- Installing: /home/libok/um_file/install/ros2srrc_robots/share/ros2srrc_robots/ur10e/config/kinematics.yaml
[5.112s] -- Installing: /home/libok/um_file/install/ros2srrc_robots/share/ros2srrc_robots/ur10e/config/joint_specifications.yaml
[5.113s] -- Installing: /home/libok/um_file/install/ros2srrc_robots/share/ros2srrc_robots/ur10e/config/joint_limits.yaml
[5.113s] -- Installing: /home/libok/um_file/install/ros2srrc_robots/share/ros2srrc_robots/ur10e/urdf
[5.113s] -- Installing: /home/libok/um_file/install/ros2srrc_robots/share/ros2srrc_robots/ur10e/urdf/ur10e_common.xacro
[5.114s] -- Installing: /home/libok/um_file/install/ros2srrc_robots/share/ros2srrc_robots/ur10e/urdf/ur10e_transmission.xacro
[5.114s] -- Installing: /home/libok/um_file/install/ros2srrc_robots/share/ros2srrc_robots/ur10e/urdf/ur10e_ros2control.xacro
[5.114s] -- Installing: /home/libok/um_file/install/ros2srrc_robots/share/ros2srrc_robots/ur10e/urdf/ur10e_macro.urdf.xacro
[5.114s] -- Installing: /home/libok/um_file/install/ros2srrc_robots/share/ros2srrc_robots/ur16e
[5.115s] -- Installing: /home/libok/um_file/install/ros2srrc_robots/share/ros2srrc_robots/ur16e/meshes
[5.115s] -- Installing: /home/libok/um_file/install/ros2srrc_robots/share/ros2srrc_robots/ur16e/meshes/visual
[5.115s] -- Installing: /home/libok/um_file/install/ros2srrc_robots/share/ros2srrc_robots/ur16e/meshes/visual/shoulder.dae
[5.116s] -- Installing: /home/libok/um_file/install/ros2srrc_robots/share/ros2srrc_robots/ur16e/meshes/visual/wrist3.dae
[5.117s] -- Installing: /home/libok/um_file/install/ros2srrc_robots/share/ros2srrc_robots/ur16e/meshes/visual/wrist2.dae
[5.119s] -- Installing: /home/libok/um_file/install/ros2srrc_robots/share/ros2srrc_robots/ur16e/meshes/visual/forearm.dae
[5.121s] -- Installing: /home/libok/um_file/install/ros2srrc_robots/share/ros2srrc_robots/ur16e/meshes/visual/upperarm.dae
[5.126s] -- Installing: /home/libok/um_file/install/ros2srrc_robots/share/ros2srrc_robots/ur16e/meshes/visual/base.dae
[5.127s] -- Installing: /home/libok/um_file/install/ros2srrc_robots/share/ros2srrc_robots/ur16e/meshes/visual/wrist1.dae
[5.128s] -- Installing: /home/libok/um_file/install/ros2srrc_robots/share/ros2srrc_robots/ur16e/meshes/collision
[5.129s] -- Installing: /home/libok/um_file/install/ros2srrc_robots/share/ros2srrc_robots/ur16e/meshes/collision/upperarm.stl
[5.129s] -- Installing: /home/libok/um_file/install/ros2srrc_robots/share/ros2srrc_robots/ur16e/meshes/collision/forearm.stl
[5.129s] -- Installing: /home/libok/um_file/install/ros2srrc_robots/share/ros2srrc_robots/ur16e/meshes/collision/base.stl
[5.130s] -- Installing: /home/libok/um_file/install/ros2srrc_robots/share/ros2srrc_robots/ur16e/meshes/collision/wrist1.stl
[5.130s] -- Installing: /home/libok/um_file/install/ros2srrc_robots/share/ros2srrc_robots/ur16e/meshes/collision/shoulder.stl
[5.130s] -- Installing: /home/libok/um_file/install/ros2srrc_robots/share/ros2srrc_robots/ur16e/meshes/collision/wrist3.stl
[5.130s] -- Installing: /home/libok/um_file/install/ros2srrc_robots/share/ros2srrc_robots/ur16e/meshes/collision/wrist2.stl
[5.133s] -- Installing: /home/libok/um_file/install/ros2srrc_robots/share/ros2srrc_robots/ur16e/config
[5.133s] -- Installing: /home/libok/um_file/install/ros2srrc_robots/share/ros2srrc_robots/ur16e/config/controller.yaml
[5.134s] -- Installing: /home/libok/um_file/install/ros2srrc_robots/share/ros2srrc_robots/ur16e/config/controller_ur.yaml
[5.134s] -- Installing: /home/libok/um_file/install/ros2srrc_robots/share/ros2srrc_robots/ur16e/config/controller_moveit2.yaml
[5.134s] -- Installing: /home/libok/um_file/install/ros2srrc_robots/share/ros2srrc_robots/ur16e/config/pilz_cartesian_limits.yaml
[5.134s] -- Installing: /home/libok/um_file/install/ros2srrc_robots/share/ros2srrc_robots/ur16e/config/kinematics.yaml
[5.134s] -- Installing: /home/libok/um_file/install/ros2srrc_robots/share/ros2srrc_robots/ur16e/config/joint_specifications.yaml
[5.135s] -- Installing: /home/libok/um_file/install/ros2srrc_robots/share/ros2srrc_robots/ur16e/config/joint_limits.yaml
[5.135s] -- Installing: /home/libok/um_file/install/ros2srrc_robots/share/ros2srrc_robots/ur16e/urdf
[5.135s] -- Installing: /home/libok/um_file/install/ros2srrc_robots/share/ros2srrc_robots/ur16e/urdf/ur16e_ros2control.xacro
[5.135s] -- Installing: /home/libok/um_file/install/ros2srrc_robots/share/ros2srrc_robots/ur16e/urdf/ur16e_transmission.xacro
[5.135s] -- Installing: /home/libok/um_file/install/ros2srrc_robots/share/ros2srrc_robots/ur16e/urdf/ur16e_macro.urdf.xacro
[5.135s] -- Installing: /home/libok/um_file/install/ros2srrc_robots/share/ros2srrc_robots/ur16e/urdf/ur16e_common.xacro
[5.136s] -- Installing: /home/libok/um_file/install/ros2srrc_robots/share/ros2srrc_robots/ur20
[5.136s] -- Installing: /home/libok/um_file/install/ros2srrc_robots/share/ros2srrc_robots/ur20/meshes
[5.137s] -- Installing: /home/libok/um_file/install/ros2srrc_robots/share/ros2srrc_robots/ur20/meshes/visual
[5.137s] -- Installing: /home/libok/um_file/install/ros2srrc_robots/share/ros2srrc_robots/ur20/meshes/visual/shoulder.dae
[5.138s] -- Installing: /home/libok/um_file/install/ros2srrc_robots/share/ros2srrc_robots/ur20/meshes/visual/wrist3.dae
[5.138s] -- Installing: /home/libok/um_file/install/ros2srrc_robots/share/ros2srrc_robots/ur20/meshes/visual/wrist2.dae
[5.138s] -- Installing: /home/libok/um_file/install/ros2srrc_robots/share/ros2srrc_robots/ur20/meshes/visual/forearm.dae
[5.138s] -- Installing: /home/libok/um_file/install/ros2srrc_robots/share/ros2srrc_robots/ur20/meshes/visual/upperarm.dae
[5.139s] -- Installing: /home/libok/um_file/install/ros2srrc_robots/share/ros2srrc_robots/ur20/meshes/visual/base.dae
[5.139s] -- Installing: /home/libok/um_file/install/ros2srrc_robots/share/ros2srrc_robots/ur20/meshes/visual/UR20_DIFF_8bit_2K.png
[5.139s] -- Installing: /home/libok/um_file/install/ros2srrc_robots/share/ros2srrc_robots/ur20/meshes/visual/wrist1.dae
[5.140s] -- Installing: /home/libok/um_file/install/ros2srrc_robots/share/ros2srrc_robots/ur20/meshes/collision
[5.141s] -- Installing: /home/libok/um_file/install/ros2srrc_robots/share/ros2srrc_robots/ur20/meshes/collision/upperarm.stl
[5.141s] -- Installing: /home/libok/um_file/install/ros2srrc_robots/share/ros2srrc_robots/ur20/meshes/collision/forearm.stl
[5.142s] -- Installing: /home/libok/um_file/install/ros2srrc_robots/share/ros2srrc_robots/ur20/meshes/collision/base.stl
[5.143s] -- Installing: /home/libok/um_file/install/ros2srrc_robots/share/ros2srrc_robots/ur20/meshes/collision/wrist1.stl
[5.143s] -- Installing: /home/libok/um_file/install/ros2srrc_robots/share/ros2srrc_robots/ur20/meshes/collision/shoulder.stl
[5.143s] -- Installing: /home/libok/um_file/install/ros2srrc_robots/share/ros2srrc_robots/ur20/meshes/collision/wrist3.stl
[5.144s] -- Installing: /home/libok/um_file/install/ros2srrc_robots/share/ros2srrc_robots/ur20/meshes/collision/wrist2.stl
[5.144s] -- Installing: /home/libok/um_file/install/ros2srrc_robots/share/ros2srrc_robots/ur20/config
[5.144s] -- Installing: /home/libok/um_file/install/ros2srrc_robots/share/ros2srrc_robots/ur20/config/controller.yaml
[5.145s] -- Installing: /home/libok/um_file/install/ros2srrc_robots/share/ros2srrc_robots/ur20/config/controller_ur.yaml
[5.145s] -- Installing: /home/libok/um_file/install/ros2srrc_robots/share/ros2srrc_robots/ur20/config/controller_moveit2.yaml
[5.146s] -- Installing: /home/libok/um_file/install/ros2srrc_robots/share/ros2srrc_robots/ur20/config/pilz_cartesian_limits.yaml
[5.146s] -- Installing: /home/libok/um_file/install/ros2srrc_robots/share/ros2srrc_robots/ur20/config/kinematics.yaml
[5.147s] -- Installing: /home/libok/um_file/install/ros2srrc_robots/share/ros2srrc_robots/ur20/config/joint_specifications.yaml
[5.147s] -- Installing: /home/libok/um_file/install/ros2srrc_robots/share/ros2srrc_robots/ur20/config/joint_limits.yaml
[5.148s] -- Installing: /home/libok/um_file/install/ros2srrc_robots/share/ros2srrc_robots/ur20/urdf
[5.148s] -- Installing: /home/libok/um_file/install/ros2srrc_robots/share/ros2srrc_robots/ur20/urdf/ur20_common.xacro
[5.148s] -- Installing: /home/libok/um_file/install/ros2srrc_robots/share/ros2srrc_robots/ur20/urdf/ur20_macro.urdf.xacro
[5.148s] -- Installing: /home/libok/um_file/install/ros2srrc_robots/share/ros2srrc_robots/ur20/urdf/ur20_transmission.xacro
[5.148s] -- Installing: /home/libok/um_file/install/ros2srrc_robots/share/ros2srrc_robots/ur20/urdf/ur20_ros2control.xacro
[5.148s] -- Installing: /home/libok/um_file/install/ros2srrc_robots/share/ros2srrc_robots/ur5e
[5.149s] -- Installing: /home/libok/um_file/install/ros2srrc_robots/share/ros2srrc_robots/ur5e/meshes
[5.149s] -- Installing: /home/libok/um_file/install/ros2srrc_robots/share/ros2srrc_robots/ur5e/meshes/visual
[5.149s] -- Installing: /home/libok/um_file/install/ros2srrc_robots/share/ros2srrc_robots/ur5e/meshes/visual/shoulder.dae
[5.155s] -- Installing: /home/libok/um_file/install/ros2srrc_robots/share/ros2srrc_robots/ur5e/meshes/visual/wrist3.dae
[5.157s] -- Installing: /home/libok/um_file/install/ros2srrc_robots/share/ros2srrc_robots/ur5e/meshes/visual/wrist2.dae
[5.166s] -- Installing: /home/libok/um_file/install/ros2srrc_robots/share/ros2srrc_robots/ur5e/meshes/visual/forearm.dae
[5.172s] -- Installing: /home/libok/um_file/install/ros2srrc_robots/share/ros2srrc_robots/ur5e/meshes/visual/upperarm.dae
[5.182s] -- Installing: /home/libok/um_file/install/ros2srrc_robots/share/ros2srrc_robots/ur5e/meshes/visual/base.dae
[5.184s] -- Installing: /home/libok/um_file/install/ros2srrc_robots/share/ros2srrc_robots/ur5e/meshes/visual/wrist1.dae
[5.192s] -- Installing: /home/libok/um_file/install/ros2srrc_robots/share/ros2srrc_robots/ur5e/meshes/collision
[5.193s] -- Installing: /home/libok/um_file/install/ros2srrc_robots/share/ros2srrc_robots/ur5e/meshes/collision/upperarm.stl
[5.194s] -- Installing: /home/libok/um_file/install/ros2srrc_robots/share/ros2srrc_robots/ur5e/meshes/collision/forearm.stl
[5.195s] -- Installing: /home/libok/um_file/install/ros2srrc_robots/share/ros2srrc_robots/ur5e/meshes/collision/base.stl
[5.196s] -- Installing: /home/libok/um_file/install/ros2srrc_robots/share/ros2srrc_robots/ur5e/meshes/collision/wrist1.stl
[5.197s] -- Installing: /home/libok/um_file/install/ros2srrc_robots/share/ros2srrc_robots/ur5e/meshes/collision/shoulder.stl
[5.198s] -- Installing: /home/libok/um_file/install/ros2srrc_robots/share/ros2srrc_robots/ur5e/meshes/collision/wrist3.stl
[5.199s] -- Installing: /home/libok/um_file/install/ros2srrc_robots/share/ros2srrc_robots/ur5e/meshes/collision/wrist2.stl
[5.199s] -- Installing: /home/libok/um_file/install/ros2srrc_robots/share/ros2srrc_robots/ur5e/config
[5.200s] -- Installing: /home/libok/um_file/install/ros2srrc_robots/share/ros2srrc_robots/ur5e/config/controller.yaml
[5.200s] -- Installing: /home/libok/um_file/install/ros2srrc_robots/share/ros2srrc_robots/ur5e/config/controller_ur.yaml
[5.201s] -- Installing: /home/libok/um_file/install/ros2srrc_robots/share/ros2srrc_robots/ur5e/config/controller_moveit2.yaml
[5.202s] -- Installing: /home/libok/um_file/install/ros2srrc_robots/share/ros2srrc_robots/ur5e/config/pilz_cartesian_limits.yaml
[5.202s] -- Installing: /home/libok/um_file/install/ros2srrc_robots/share/ros2srrc_robots/ur5e/config/kinematics.yaml
[5.203s] -- Installing: /home/libok/um_file/install/ros2srrc_robots/share/ros2srrc_robots/ur5e/config/joint_specifications.yaml
[5.203s] -- Installing: /home/libok/um_file/install/ros2srrc_robots/share/ros2srrc_robots/ur5e/config/joint_limits.yaml
[5.203s] -- Installing: /home/libok/um_file/install/ros2srrc_robots/share/ros2srrc_robots/ur5e/urdf
[5.204s] -- Installing: /home/libok/um_file/install/ros2srrc_robots/share/ros2srrc_robots/ur5e/urdf/ur5e_macro.urdf.xacro
[5.204s] -- Installing: /home/libok/um_file/install/ros2srrc_robots/share/ros2srrc_robots/ur5e/urdf/ur5e_common.xacro
[5.204s] -- Installing: /home/libok/um_file/install/ros2srrc_robots/share/ros2srrc_robots/ur5e/urdf/ur5e_ros2control.xacro
[5.204s] -- Installing: /home/libok/um_file/install/ros2srrc_robots/share/ros2srrc_robots/ur5e/urdf/ur5e_transmission.xacro
[5.205s] -- Installing: /home/libok/um_file/install/ros2srrc_robots/share/ros2srrc_robots/iiwa
[5.205s] -- Installing: /home/libok/um_file/install/ros2srrc_robots/share/ros2srrc_robots/iiwa/meshes
[5.205s] -- Installing: /home/libok/um_file/install/ros2srrc_robots/share/ros2srrc_robots/iiwa/meshes/visual
[5.205s] -- Installing: /home/libok/um_file/install/ros2srrc_robots/share/ros2srrc_robots/iiwa/meshes/visual/link_5.dae
[5.207s] -- Installing: /home/libok/um_file/install/ros2srrc_robots/share/ros2srrc_robots/iiwa/meshes/visual/link_4.dae
[5.209s] -- Installing: /home/libok/um_file/install/ros2srrc_robots/share/ros2srrc_robots/iiwa/meshes/visual/link_2.dae
[5.211s] -- Installing: /home/libok/um_file/install/ros2srrc_robots/share/ros2srrc_robots/iiwa/meshes/visual/link_6.dae
[5.215s] -- Installing: /home/libok/um_file/install/ros2srrc_robots/share/ros2srrc_robots/iiwa/meshes/visual/link_7.dae
[5.230s] -- Installing: /home/libok/um_file/install/ros2srrc_robots/share/ros2srrc_robots/iiwa/meshes/visual/link_3.dae
[5.232s] -- Installing: /home/libok/um_file/install/ros2srrc_robots/share/ros2srrc_robots/iiwa/meshes/visual/base_link.dae
[5.239s] -- Installing: /home/libok/um_file/install/ros2srrc_robots/share/ros2srrc_robots/iiwa/meshes/visual/link_1.dae
[5.241s] -- Installing: /home/libok/um_file/install/ros2srrc_robots/share/ros2srrc_robots/iiwa/meshes/collision
[5.241s] -- Installing: /home/libok/um_file/install/ros2srrc_robots/share/ros2srrc_robots/iiwa/meshes/collision/link_7.stl
[5.241s] -- Installing: /home/libok/um_file/install/ros2srrc_robots/share/ros2srrc_robots/iiwa/meshes/collision/link_2.stl
[5.242s] -- Installing: /home/libok/um_file/install/ros2srrc_robots/share/ros2srrc_robots/iiwa/meshes/collision/link_5.stl
[5.243s] -- Installing: /home/libok/um_file/install/ros2srrc_robots/share/ros2srrc_robots/iiwa/meshes/collision/link_3.stl
[5.243s] -- Installing: /home/libok/um_file/install/ros2srrc_robots/share/ros2srrc_robots/iiwa/meshes/collision/link_1.stl
[5.244s] -- Installing: /home/libok/um_file/install/ros2srrc_robots/share/ros2srrc_robots/iiwa/meshes/collision/link_4.stl
[5.245s] -- Installing: /home/libok/um_file/install/ros2srrc_robots/share/ros2srrc_robots/iiwa/meshes/collision/base_link.stl
[5.246s] -- Installing: /home/libok/um_file/install/ros2srrc_robots/share/ros2srrc_robots/iiwa/meshes/collision/link_6.stl
[5.246s] -- Installing: /home/libok/um_file/install/ros2srrc_robots/share/ros2srrc_robots/iiwa/config
[5.247s] -- Installing: /home/libok/um_file/install/ros2srrc_robots/share/ros2srrc_robots/iiwa/config/controller.yaml
[5.247s] -- Installing: /home/libok/um_file/install/ros2srrc_robots/share/ros2srrc_robots/iiwa/config/controller_moveit2.yaml
[5.247s] -- Installing: /home/libok/um_file/install/ros2srrc_robots/share/ros2srrc_robots/iiwa/config/pilz_cartesian_limits.yaml
[5.248s] -- Installing: /home/libok/um_file/install/ros2srrc_robots/share/ros2srrc_robots/iiwa/config/kinematics.yaml
[5.248s] -- Installing: /home/libok/um_file/install/ros2srrc_robots/share/ros2srrc_robots/iiwa/config/joint_specifications.yaml
[5.248s] -- Installing: /home/libok/um_file/install/ros2srrc_robots/share/ros2srrc_robots/iiwa/config/joint_limits.yaml
[5.249s] -- Installing: /home/libok/um_file/install/ros2srrc_robots/share/ros2srrc_robots/iiwa/urdf
[5.249s] -- Installing: /home/libok/um_file/install/ros2srrc_robots/share/ros2srrc_robots/iiwa/urdf/iiwa_transmission.xacro
[5.249s] -- Installing: /home/libok/um_file/install/ros2srrc_robots/share/ros2srrc_robots/iiwa/urdf/iiwa_macro.urdf.xacro
[5.250s] -- Installing: /home/libok/um_file/install/ros2srrc_robots/share/ros2srrc_robots/iiwa/urdf/iiwa_ros2control.xacro
[5.250s] -- Installing: /home/libok/um_file/install/ros2srrc_robots/share/ros2srrc_robots/rx160
[5.251s] -- Installing: /home/libok/um_file/install/ros2srrc_robots/share/ros2srrc_robots/rx160/meshes
[5.251s] -- Installing: /home/libok/um_file/install/ros2srrc_robots/share/ros2srrc_robots/rx160/meshes/visual
[5.251s] -- Installing: /home/libok/um_file/install/ros2srrc_robots/share/ros2srrc_robots/rx160/meshes/visual/link_5.dae
[5.252s] -- Installing: /home/libok/um_file/install/ros2srrc_robots/share/ros2srrc_robots/rx160/meshes/visual/link_2.stl
[5.252s] -- Installing: /home/libok/um_file/install/ros2srrc_robots/share/ros2srrc_robots/rx160/meshes/visual/link_5.stl
[5.253s] -- Installing: /home/libok/um_file/install/ros2srrc_robots/share/ros2srrc_robots/rx160/meshes/visual/link_3.stl
[5.253s] -- Installing: /home/libok/um_file/install/ros2srrc_robots/share/ros2srrc_robots/rx160/meshes/visual/link_4.dae
[5.254s] -- Installing: /home/libok/um_file/install/ros2srrc_robots/share/ros2srrc_robots/rx160/meshes/visual/link_2.dae
[5.255s] -- Installing: /home/libok/um_file/install/ros2srrc_robots/share/ros2srrc_robots/rx160/meshes/visual/link_6.dae
[5.255s] -- Installing: /home/libok/um_file/install/ros2srrc_robots/share/ros2srrc_robots/rx160/meshes/visual/link_3.dae
[5.255s] -- Installing: /home/libok/um_file/install/ros2srrc_robots/share/ros2srrc_robots/rx160/meshes/visual/link_1.stl
[5.257s] -- Installing: /home/libok/um_file/install/ros2srrc_robots/share/ros2srrc_robots/rx160/meshes/visual/link_4.stl
[5.259s] -- Installing: /home/libok/um_file/install/ros2srrc_robots/share/ros2srrc_robots/rx160/meshes/visual/base_link.dae
[5.260s] -- Installing: /home/libok/um_file/install/ros2srrc_robots/share/ros2srrc_robots/rx160/meshes/visual/base_link.stl
[5.261s] -- Installing: /home/libok/um_file/install/ros2srrc_robots/share/ros2srrc_robots/rx160/meshes/visual/link_1.dae
[5.263s] -- Installing: /home/libok/um_file/install/ros2srrc_robots/share/ros2srrc_robots/rx160/meshes/visual/link_6.stl
[5.264s] -- Installing: /home/libok/um_file/install/ros2srrc_robots/share/ros2srrc_robots/rx160/meshes/collision
[5.264s] -- Installing: /home/libok/um_file/install/ros2srrc_robots/share/ros2srrc_robots/rx160/meshes/collision/link_2.stl
[5.265s] -- Installing: /home/libok/um_file/install/ros2srrc_robots/share/ros2srrc_robots/rx160/meshes/collision/link_5.stl
[5.265s] -- Installing: /home/libok/um_file/install/ros2srrc_robots/share/ros2srrc_robots/rx160/meshes/collision/link_3.stl
[5.265s] -- Installing: /home/libok/um_file/install/ros2srrc_robots/share/ros2srrc_robots/rx160/meshes/collision/link_1.stl
[5.266s] -- Installing: /home/libok/um_file/install/ros2srrc_robots/share/ros2srrc_robots/rx160/meshes/collision/link_4.stl
[5.266s] -- Installing: /home/libok/um_file/install/ros2srrc_robots/share/ros2srrc_robots/rx160/meshes/collision/base_link.stl
[5.266s] -- Installing: /home/libok/um_file/install/ros2srrc_robots/share/ros2srrc_robots/rx160/meshes/collision/link_6.stl
[5.267s] -- Installing: /home/libok/um_file/install/ros2srrc_robots/share/ros2srrc_robots/rx160/config
[5.267s] -- Installing: /home/libok/um_file/install/ros2srrc_robots/share/ros2srrc_robots/rx160/config/controller.yaml
[5.267s] -- Installing: /home/libok/um_file/install/ros2srrc_robots/share/ros2srrc_robots/rx160/config/controller_moveit2.yaml
[5.267s] -- Installing: /home/libok/um_file/install/ros2srrc_robots/share/ros2srrc_robots/rx160/config/pilz_cartesian_limits.yaml
[5.267s] -- Installing: /home/libok/um_file/install/ros2srrc_robots/share/ros2srrc_robots/rx160/config/kinematics.yaml
[5.268s] -- Installing: /home/libok/um_file/install/ros2srrc_robots/share/ros2srrc_robots/rx160/config/joint_specifications.yaml
[5.268s] -- Installing: /home/libok/um_file/install/ros2srrc_robots/share/ros2srrc_robots/rx160/config/joint_limits.yaml
[5.268s] -- Installing: /home/libok/um_file/install/ros2srrc_robots/share/ros2srrc_robots/rx160/urdf
[5.268s] -- Installing: /home/libok/um_file/install/ros2srrc_robots/share/ros2srrc_robots/rx160/urdf/rx160_ros2control.xacro
[5.269s] -- Installing: /home/libok/um_file/install/ros2srrc_robots/share/ros2srrc_robots/rx160/urdf/rx160_macro.urdf.xacro
[5.269s] -- Installing: /home/libok/um_file/install/ros2srrc_robots/share/ros2srrc_robots/rx160/urdf/rx160_transmission.xacro
[5.269s] -- Installing: /home/libok/um_file/install/ros2srrc_robots/share/ros2srrc_robots/ar4
[5.270s] -- Installing: /home/libok/um_file/install/ros2srrc_robots/share/ros2srrc_robots/ar4/meshes
[5.270s] -- Installing: /home/libok/um_file/install/ros2srrc_robots/share/ros2srrc_robots/ar4/meshes/link_2.stl
[5.273s] -- Installing: /home/libok/um_file/install/ros2srrc_robots/share/ros2srrc_robots/ar4/meshes/link_5.stl
[5.280s] -- Installing: /home/libok/um_file/install/ros2srrc_robots/share/ros2srrc_robots/ar4/meshes/link_3.stl
[5.281s] -- Installing: /home/libok/um_file/install/ros2srrc_robots/share/ros2srrc_robots/ar4/meshes/link_1.stl
[5.283s] -- Installing: /home/libok/um_file/install/ros2srrc_robots/share/ros2srrc_robots/ar4/meshes/link_4.stl
[5.287s] -- Installing: /home/libok/um_file/install/ros2srrc_robots/share/ros2srrc_robots/ar4/meshes/base_link.stl
[5.290s] -- Installing: /home/libok/um_file/install/ros2srrc_robots/share/ros2srrc_robots/ar4/meshes/link_6.stl
[5.291s] -- Installing: /home/libok/um_file/install/ros2srrc_robots/share/ros2srrc_robots/ar4/config
[5.293s] -- Installing: /home/libok/um_file/install/ros2srrc_robots/share/ros2srrc_robots/ar4/config/controller.yaml
[5.294s] -- Installing: /home/libok/um_file/install/ros2srrc_robots/share/ros2srrc_robots/ar4/config/controller_moveit2.yaml
[5.294s] -- Installing: /home/libok/um_file/install/ros2srrc_robots/share/ros2srrc_robots/ar4/config/pilz_cartesian_limits.yaml
[5.295s] -- Installing: /home/libok/um_file/install/ros2srrc_robots/share/ros2srrc_robots/ar4/config/kinematics.yaml
[5.295s] -- Installing: /home/libok/um_file/install/ros2srrc_robots/share/ros2srrc_robots/ar4/config/joint_specifications.yaml
[5.296s] -- Installing: /home/libok/um_file/install/ros2srrc_robots/share/ros2srrc_robots/ar4/config/joint_limits.yaml
[5.296s] -- Installing: /home/libok/um_file/install/ros2srrc_robots/share/ros2srrc_robots/ar4/urdf
[5.296s] -- Installing: /home/libok/um_file/install/ros2srrc_robots/share/ros2srrc_robots/ar4/urdf/ar4_ros2control.xacro
[5.297s] -- Installing: /home/libok/um_file/install/ros2srrc_robots/share/ros2srrc_robots/ar4/urdf/ar4_transmission.xacro
[5.298s] -- Installing: /home/libok/um_file/install/ros2srrc_robots/share/ros2srrc_robots/ar4/urdf/ar4_macro.urdf.xacro
[5.299s] -- Installing: /home/libok/um_file/install/ros2srrc_robots/share/ament_index/resource_index/package_run_dependencies/ros2srrc_robots
[5.300s] -- Installing: /home/libok/um_file/install/ros2srrc_robots/share/ament_index/resource_index/parent_prefix_path/ros2srrc_robots
[5.300s] -- Installing: /home/libok/um_file/install/ros2srrc_robots/share/ros2srrc_robots/environment/ament_prefix_path.sh
[5.301s] -- Installing: /home/libok/um_file/install/ros2srrc_robots/share/ros2srrc_robots/environment/ament_prefix_path.dsv
[5.301s] -- Installing: /home/libok/um_file/install/ros2srrc_robots/share/ros2srrc_robots/environment/path.sh
[5.302s] -- Installing: /home/libok/um_file/install/ros2srrc_robots/share/ros2srrc_robots/environment/path.dsv
[5.302s] -- Installing: /home/libok/um_file/install/ros2srrc_robots/share/ros2srrc_robots/local_setup.bash
[5.303s] -- Installing: /home/libok/um_file/install/ros2srrc_robots/share/ros2srrc_robots/local_setup.sh
[5.303s] -- Installing: /home/libok/um_file/install/ros2srrc_robots/share/ros2srrc_robots/local_setup.zsh
[5.303s] -- Installing: /home/libok/um_file/install/ros2srrc_robots/share/ros2srrc_robots/local_setup.dsv
[5.304s] -- Installing: /home/libok/um_file/install/ros2srrc_robots/share/ros2srrc_robots/package.dsv
[5.304s] -- Installing: /home/libok/um_file/install/ros2srrc_robots/share/ament_index/resource_index/packages/ros2srrc_robots
[5.305s] -- Installing: /home/libok/um_file/install/ros2srrc_robots/share/ros2srrc_robots/cmake/ros2srrc_robotsConfig.cmake
[5.305s] -- Installing: /home/libok/um_file/install/ros2srrc_robots/share/ros2srrc_robots/cmake/ros2srrc_robotsConfig-version.cmake
[5.305s] -- Installing: /home/libok/um_file/install/ros2srrc_robots/share/ros2srrc_robots/package.xml
[5.324s] Invoked command in '/home/libok/um_file/build/ros2srrc_robots' returned '0': CMAKE_PREFIX_PATH=${CMAKE_PREFIX_PATH}:/opt/ros/humble /usr/local/bin/cmake --install /home/libok/um_file/build/ros2srrc_robots
