-- The CXX compiler identification is GNU 11.4.0
-- Detecting CXX compiler ABI info
-- Detecting CXX compiler ABI info - done
-- Check for working CXX compiler: /usr/bin/c++ - skipped
-- Detecting CXX compile features
-- Detecting CXX compile features - done
-- Found ament_cmake: 1.3.12 (/opt/ros/humble/share/ament_cmake/cmake)
-- Found Python3: /usr/bin/python3 (found version "3.10.12") found components: Interpreter
-- Found controller_interface: 2.53.0 (/opt/ros/humble/share/controller_interface/cmake)
-- Found rosidl_generator_c: 3.1.8 (/opt/ros/humble/share/rosidl_generator_c/cmake)
-- Found rosidl_adapter: 3.1.8 (/opt/ros/humble/share/rosidl_adapter/cmake)
-- Found rosidl_generator_cpp: 3.1.8 (/opt/ros/humble/share/rosidl_generator_cpp/cmake)
-- Using all available rosidl_typesupport_c: rosidl_typesupport_fastrtps_c;rosidl_typesupport_introspection_c
-- Using all available rosidl_typesupport_cpp: rosidl_typesupport_fastrtps_cpp;rosidl_typesupport_introspection_cpp
-- Found rmw_implementation_cmake: 6.1.2 (/opt/ros/humble/share/rmw_implementation_cmake/cmake)
-- Found rmw_fastrtps_cpp: 6.2.9 (/opt/ros/humble/share/rmw_fastrtps_cpp/cmake)
-- Found TinyXML2 via Config file: TinyXML2_DIR-NOTFOUND
-- Found OpenSSL: /usr/lib/x86_64-linux-gnu/libcrypto.so (found version "3.0.2")
-- Found TinyXML2 via Config file: TinyXML2_DIR-NOTFOUND
-- Found FastRTPS: /opt/ros/humble/include
-- Found TinyXML2 via Config file: TinyXML2_DIR-NOTFOUND
-- Found TinyXML2 via Config file: TinyXML2_DIR-NOTFOUND
-- Using RMW implementation 'rmw_fastrtps_cpp' as default
-- Performing Test CMAKE_HAVE_LIBC_PTHREAD
-- Performing Test CMAKE_HAVE_LIBC_PTHREAD - Success
-- Found Threads: TRUE
-- Found generate_parameter_library: 0.6.0 (/opt/ros/humble/share/generate_parameter_library/cmake)
-- Found parameter_traits: 0.6.0 (/opt/ros/humble/share/parameter_traits/cmake)
-- Found realtime_tools: 2.15.0 (/opt/ros/humble/share/realtime_tools/cmake)
-- Found std_srvs: 4.9.0 (/opt/ros/humble/share/std_srvs/cmake)
-- Found steering_controllers_library: 2.52.0 (/home/libok/um_file/install/steering_controllers_library/share/steering_controllers_library/cmake)
-- Found eigen3_cmake_module: 0.1.1 (/opt/ros/humble/share/eigen3_cmake_module/cmake)
-- Found Eigen3: TRUE (found version "3.4.0")
-- Ensuring Eigen3 include directory is part of orocos-kdl CMake target
-- Found ament_cmake_gmock: 1.3.12 (/opt/ros/humble/share/ament_cmake_gmock/cmake)
-- Found controller_manager: 2.53.0 (/opt/ros/humble/share/controller_manager/cmake)
-- Found ros2_control_test_assets: 2.53.0 (/opt/ros/humble/share/ros2_control_test_assets/cmake)
-- Found gmock sources under '/opt/ros/humble/src/gmock_vendor': C++ tests using 'Google Mock' will be built
-- The C compiler identification is GNU 11.4.0
-- Detecting C compiler ABI info
-- Detecting C compiler ABI info - done
-- Check for working C compiler: /usr/bin/cc - skipped
-- Detecting C compile features
-- Detecting C compile features - done
-- Found ament_cmake_gtest: 1.3.12 (/opt/ros/humble/share/ament_cmake_gtest/cmake)
-- Found gtest sources under '/opt/ros/humble/src/gtest_vendor': C++ tests using 'Google Test' will be built
-- Found gmock sources under '/opt/ros/humble/src/gmock_vendor': C++ tests using 'Google Mock' will be built
-- Found ament_cmake_gtest: 1.3.12 (/opt/ros/humble/share/ament_cmake_gtest/cmake)
-- Found gtest sources under '/opt/ros/humble/src/gtest_vendor': C++ tests using 'Google Test' will be built
-- Found gmock sources under '/opt/ros/humble/src/gmock_vendor': C++ tests using 'Google Mock' will be built
-- Found ament_cmake_gtest: 1.3.12 (/opt/ros/humble/share/ament_cmake_gtest/cmake)
-- Found gtest sources under '/opt/ros/humble/src/gtest_vendor': C++ tests using 'Google Test' will be built
-- Configuring done (16.9s)
-- Generating done (0.4s)
-- Build files have been written to: /home/libok/um_file/build/ackermann_steering_controller
[  7%] [34m[1mRunning `/opt/ros/humble/bin/generate_parameter_library_cpp /home/libok/um_file/build/ackermann_steering_controller/include/ackermann_steering_controller/ackermann_steering_controller_parameters.hpp /home/libok/um_file/ros2_controllers/ackermann_steering_controller/src/ackermann_steering_controller.yaml `[0m
[ 15%] [34m[1mCreating deprecated header file /home/libok/um_file/build/ackermann_steering_controller/include/ackermann_steering_controller_parameters.hpp[0m
[ 15%] Built target ackermann_steering_controller_parameters
[ 23%] [32mBuilding CXX object gmock/CMakeFiles/gmock.dir/opt/ros/humble/src/gtest_vendor/src/gtest-all.cc.o[0m
[ 30%] [32mBuilding CXX object gmock/CMakeFiles/gmock.dir/src/gmock-all.cc.o[0m
[ 38%] [32m[1mLinking CXX static library libgmock.a[0m
[ 38%] Built target gmock
[ 46%] [32mBuilding CXX object CMakeFiles/ackermann_steering_controller.dir/src/ackermann_steering_controller.cpp.o[0m
[ 53%] [32m[1mLinking CXX shared library libackermann_steering_controller.so[0m
[ 53%] Built target ackermann_steering_controller
[ 61%] [32mBuilding CXX object CMakeFiles/test_load_ackermann_steering_controller.dir/test/test_load_ackermann_steering_controller.cpp.o[0m
[ 69%] [32m[1mLinking CXX executable test_load_ackermann_steering_controller[0m
[ 69%] Built target test_load_ackermann_steering_controller
[ 76%] [32mBuilding CXX object CMakeFiles/test_ackermann_steering_controller_preceding.dir/test/test_ackermann_steering_controller_preceding.cpp.o[0m
[ 84%] [32m[1mLinking CXX executable test_ackermann_steering_controller_preceding[0m
[ 84%] Built target test_ackermann_steering_controller_preceding
[ 92%] [32mBuilding CXX object CMakeFiles/test_ackermann_steering_controller.dir/test/test_ackermann_steering_controller.cpp.o[0m
[100%] [32m[1mLinking CXX executable test_ackermann_steering_controller[0m
[100%] Built target test_ackermann_steering_controller
-- Install configuration: ""
-- Installing: /home/libok/um_file/install/ackermann_steering_controller/include/ackermann_steering_controller
-- Installing: /home/libok/um_file/install/ackermann_steering_controller/include/ackermann_steering_controller/ackermann_steering_controller_parameters.hpp
-- Installing: /home/libok/um_file/install/ackermann_steering_controller/share/ackermann_steering_controller/ackermann_steering_controller.xml
-- Up-to-date: /home/libok/um_file/install/ackermann_steering_controller/include/ackermann_steering_controller
-- Installing: /home/libok/um_file/install/ackermann_steering_controller/include/ackermann_steering_controller/ackermann_steering_controller
-- Installing: /home/libok/um_file/install/ackermann_steering_controller/include/ackermann_steering_controller/ackermann_steering_controller/ackermann_steering_controller.hpp
-- Installing: /home/libok/um_file/install/ackermann_steering_controller/include/ackermann_steering_controller/ackermann_steering_controller/visibility_control.h
-- Installing: /home/libok/um_file/install/ackermann_steering_controller/lib/libackermann_steering_controller.so
-- Set non-toolchain portion of runtime path of "/home/libok/um_file/install/ackermann_steering_controller/lib/libackermann_steering_controller.so" to ""
-- Installing: /home/libok/um_file/install/ackermann_steering_controller/share/ackermann_steering_controller/environment/library_path.sh
-- Installing: /home/libok/um_file/install/ackermann_steering_controller/share/ackermann_steering_controller/environment/library_path.dsv
-- Installing: /home/libok/um_file/install/ackermann_steering_controller/share/ament_index/resource_index/package_run_dependencies/ackermann_steering_controller
-- Installing: /home/libok/um_file/install/ackermann_steering_controller/share/ament_index/resource_index/parent_prefix_path/ackermann_steering_controller
-- Installing: /home/libok/um_file/install/ackermann_steering_controller/share/ackermann_steering_controller/environment/ament_prefix_path.sh
-- Installing: /home/libok/um_file/install/ackermann_steering_controller/share/ackermann_steering_controller/environment/ament_prefix_path.dsv
-- Installing: /home/libok/um_file/install/ackermann_steering_controller/share/ackermann_steering_controller/environment/path.sh
-- Installing: /home/libok/um_file/install/ackermann_steering_controller/share/ackermann_steering_controller/environment/path.dsv
-- Installing: /home/libok/um_file/install/ackermann_steering_controller/share/ackermann_steering_controller/local_setup.bash
-- Installing: /home/libok/um_file/install/ackermann_steering_controller/share/ackermann_steering_controller/local_setup.sh
-- Installing: /home/libok/um_file/install/ackermann_steering_controller/share/ackermann_steering_controller/local_setup.zsh
-- Installing: /home/libok/um_file/install/ackermann_steering_controller/share/ackermann_steering_controller/local_setup.dsv
-- Installing: /home/libok/um_file/install/ackermann_steering_controller/share/ackermann_steering_controller/package.dsv
-- Installing: /home/libok/um_file/install/ackermann_steering_controller/share/ament_index/resource_index/packages/ackermann_steering_controller
-- Installing: /home/libok/um_file/install/ackermann_steering_controller/share/ament_index/resource_index/controller_interface__pluginlib__plugin/ackermann_steering_controller
-- Installing: /home/libok/um_file/install/ackermann_steering_controller/share/ackermann_steering_controller/cmake/export_ackermann_steering_controllerExport.cmake
-- Installing: /home/libok/um_file/install/ackermann_steering_controller/share/ackermann_steering_controller/cmake/export_ackermann_steering_controllerExport-noconfig.cmake
-- Installing: /home/libok/um_file/install/ackermann_steering_controller/share/ackermann_steering_controller/cmake/ament_cmake_export_dependencies-extras.cmake
-- Installing: /home/libok/um_file/install/ackermann_steering_controller/share/ackermann_steering_controller/cmake/ament_cmake_export_targets-extras.cmake
-- Installing: /home/libok/um_file/install/ackermann_steering_controller/share/ackermann_steering_controller/cmake/ackermann_steering_controllerConfig.cmake
-- Installing: /home/libok/um_file/install/ackermann_steering_controller/share/ackermann_steering_controller/cmake/ackermann_steering_controllerConfig-version.cmake
-- Installing: /home/libok/um_file/install/ackermann_steering_controller/share/ackermann_steering_controller/package.xml
