[0.181s] Invoking command in '/home/libok/um_file/build/ros2srrc_ur10': CMAKE_PREFIX_PATH=${CMAKE_PREFIX_PATH}:/opt/ros/humble /usr/local/bin/cmake /home/libok/um_file/packages/ros2srrc_ur10 -DCMAKE_INSTALL_PREFIX=/home/libok/um_file/install/ros2srrc_ur10
[4.143s] -- The C compiler identification is GNU 11.4.0
[4.143s] -- The CXX compiler identification is GNU 11.4.0
[4.144s] -- Detecting C compiler ABI info
[4.144s] -- Detecting C compiler ABI info - done
[4.144s] -- Check for working C compiler: /usr/bin/cc - skipped
[4.144s] -- Detecting C compile features
[4.157s] -- Detecting C compile features - done
[4.159s] -- Detecting CXX compiler ABI info
[4.159s] -- Detecting CXX compiler ABI info - done
[4.160s] -- Check for working CXX compiler: /usr/bin/c++ - skipped
[4.160s] -- Detecting CXX compile features
[4.160s] -- Detecting CXX compile features - done
[4.160s] -- Found ament_cmake: 1.3.12 (/opt/ros/humble/share/ament_cmake/cmake)
[4.160s] -- Found Python3: /usr/bin/python3 (found version "3.10.12") found components: Interpreter
[4.161s] -- Found ament_lint_auto: 0.12.14 (/opt/ros/humble/share/ament_lint_auto/cmake)
[4.161s] -- Added test 'copyright' to check source files copyright and LICENSE
[4.161s] -- Added test 'lint_cmake' to check CMake code style
[4.161s] -- Added test 'xmllint' to check XML markup files
[4.161s] -- Configuring done (3.8s)
[4.161s] -- Generating done (0.0s)
[4.162s] -- Build files have been written to: /home/libok/um_file/build/ros2srrc_ur10
[4.162s] [0mCMake Deprecation Warning at CMakeLists.txt:1 (cmake_minimum_required):
[4.162s]   Compatibility with CMake < 3.10 will be removed from a future version of
[4.162s]   CMake.
[4.162s] 
[4.164s]   Update the VERSION argument <min> value.  Or, use the <min>...<max> syntax
[4.164s]   to tell CMake that the project requires at least <min> but has been updated
[4.165s]   to work with policies introduced by <max> or earlier.
[4.165s] 
[4.165s] [0m
[4.189s] Invoked command in '/home/libok/um_file/build/ros2srrc_ur10' returned '0': CMAKE_PREFIX_PATH=${CMAKE_PREFIX_PATH}:/opt/ros/humble /usr/local/bin/cmake /home/libok/um_file/packages/ros2srrc_ur10 -DCMAKE_INSTALL_PREFIX=/home/libok/um_file/install/ros2srrc_ur10
[4.193s] Invoking command in '/home/libok/um_file/build/ros2srrc_ur10': CMAKE_PREFIX_PATH=${CMAKE_PREFIX_PATH}:/opt/ros/humble /usr/local/bin/cmake --build /home/libok/um_file/build/ros2srrc_ur10 -- -j18 -l18
[4.899s] Invoked command in '/home/libok/um_file/build/ros2srrc_ur10' returned '0': CMAKE_PREFIX_PATH=${CMAKE_PREFIX_PATH}:/opt/ros/humble /usr/local/bin/cmake --build /home/libok/um_file/build/ros2srrc_ur10 -- -j18 -l18
[4.903s] Invoking command in '/home/libok/um_file/build/ros2srrc_ur10': CMAKE_PREFIX_PATH=${CMAKE_PREFIX_PATH}:/opt/ros/humble /usr/local/bin/cmake --install /home/libok/um_file/build/ros2srrc_ur10
[5.302s] -- Install configuration: ""
[5.302s] -- Installing: /home/libok/um_file/install/ros2srrc_ur10/share/ros2srrc_ur10/config
[5.303s] -- Installing: /home/libok/um_file/install/ros2srrc_ur10/share/ros2srrc_ur10/config/configurations.yaml
[5.303s] -- Installing: /home/libok/um_file/install/ros2srrc_ur10/share/ros2srrc_ur10/urdf
[5.303s] -- Installing: /home/libok/um_file/install/ros2srrc_ur10/share/ros2srrc_ur10/urdf/ur10_robotiq_hande.urdf.xacro
[5.303s] -- Installing: /home/libok/um_file/install/ros2srrc_ur10/share/ros2srrc_ur10/urdf/ur10.urdf.xacro
[5.303s] -- Installing: /home/libok/um_file/install/ros2srrc_ur10/share/ros2srrc_ur10/urdf/ur10_robotiq_2f85.urdf.xacro
[5.303s] -- Installing: /home/libok/um_file/install/ros2srrc_ur10/share/ament_index/resource_index/package_run_dependencies/ros2srrc_ur10
[5.303s] -- Installing: /home/libok/um_file/install/ros2srrc_ur10/share/ament_index/resource_index/parent_prefix_path/ros2srrc_ur10
[5.303s] -- Installing: /home/libok/um_file/install/ros2srrc_ur10/share/ros2srrc_ur10/environment/ament_prefix_path.sh
[5.303s] -- Installing: /home/libok/um_file/install/ros2srrc_ur10/share/ros2srrc_ur10/environment/ament_prefix_path.dsv
[5.303s] -- Installing: /home/libok/um_file/install/ros2srrc_ur10/share/ros2srrc_ur10/environment/path.sh
[5.304s] -- Installing: /home/libok/um_file/install/ros2srrc_ur10/share/ros2srrc_ur10/environment/path.dsv
[5.304s] -- Installing: /home/libok/um_file/install/ros2srrc_ur10/share/ros2srrc_ur10/local_setup.bash
[5.304s] -- Installing: /home/libok/um_file/install/ros2srrc_ur10/share/ros2srrc_ur10/local_setup.sh
[5.304s] -- Installing: /home/libok/um_file/install/ros2srrc_ur10/share/ros2srrc_ur10/local_setup.zsh
[5.304s] -- Installing: /home/libok/um_file/install/ros2srrc_ur10/share/ros2srrc_ur10/local_setup.dsv
[5.304s] -- Installing: /home/libok/um_file/install/ros2srrc_ur10/share/ros2srrc_ur10/package.dsv
[5.304s] -- Installing: /home/libok/um_file/install/ros2srrc_ur10/share/ament_index/resource_index/packages/ros2srrc_ur10
[5.304s] -- Installing: /home/libok/um_file/install/ros2srrc_ur10/share/ros2srrc_ur10/cmake/ros2srrc_ur10Config.cmake
[5.304s] -- Installing: /home/libok/um_file/install/ros2srrc_ur10/share/ros2srrc_ur10/cmake/ros2srrc_ur10Config-version.cmake
[5.304s] -- Installing: /home/libok/um_file/install/ros2srrc_ur10/share/ros2srrc_ur10/package.xml
[5.406s] Invoked command in '/home/libok/um_file/build/ros2srrc_ur10' returned '0': CMAKE_PREFIX_PATH=${CMAKE_PREFIX_PATH}:/opt/ros/humble /usr/local/bin/cmake --install /home/libok/um_file/build/ros2srrc_ur10
