-- The CXX compiler identification is GNU 11.4.0
-- Detecting CXX compiler ABI info
-- Detecting CXX compiler ABI info - done
-- Check for working CXX compiler: /usr/bin/c++ - skipped
-- Detecting CXX compile features
-- Detecting CXX compile features - done
-- Found ament_cmake: 1.3.12 (/opt/ros/humble/share/ament_cmake/cmake)
-- Found Python3: /usr/bin/python3 (found version "3.10.12") found components: Interpreter
-- Found hardware_interface: 2.53.0 (/opt/ros/humble/share/hardware_interface/cmake)
-- Found rosidl_generator_c: 3.1.8 (/opt/ros/humble/share/rosidl_generator_c/cmake)
-- Found rosidl_adapter: 3.1.8 (/opt/ros/humble/share/rosidl_adapter/cmake)
-- Found rosidl_generator_cpp: 3.1.8 (/opt/ros/humble/share/rosidl_generator_cpp/cmake)
-- Using all available rosidl_typesupport_c: rosidl_typesupport_fastrtps_c;rosidl_typesupport_introspection_c
-- Using all available rosidl_typesupport_cpp: rosidl_typesupport_fastrtps_cpp;rosidl_typesupport_introspection_cpp
-- Found rmw_implementation_cmake: 6.1.2 (/opt/ros/humble/share/rmw_implementation_cmake/cmake)
-- Found rmw_fastrtps_cpp: 6.2.9 (/opt/ros/humble/share/rmw_fastrtps_cpp/cmake)
-- Found TinyXML2 via Config file: TinyXML2_DIR-NOTFOUND
-- Found OpenSSL: /usr/lib/x86_64-linux-gnu/libcrypto.so (found version "3.0.2")
-- Found TinyXML2 via Config file: TinyXML2_DIR-NOTFOUND
-- Found FastRTPS: /opt/ros/humble/include
-- Found TinyXML2 via Config file: TinyXML2_DIR-NOTFOUND
-- Found TinyXML2 via Config file: TinyXML2_DIR-NOTFOUND
-- Using RMW implementation 'rmw_fastrtps_cpp' as default
-- Performing Test CMAKE_HAVE_LIBC_PTHREAD
-- Performing Test CMAKE_HAVE_LIBC_PTHREAD - Success
-- Found Threads: TRUE
-- Found serial: 1.2.1 (/home/libok/um_file/install/serial/share/serial/cmake)
-- Found ament_cmake_gtest: 1.3.12 (/opt/ros/humble/share/ament_cmake_gtest/cmake)
-- Found ament_cmake_gmock: 1.3.12 (/opt/ros/humble/share/ament_cmake_gmock/cmake)
-- Found ament_lint_auto: 0.12.14 (/opt/ros/humble/share/ament_lint_auto/cmake)
-- Found ros2_control_test_assets: 2.53.0 (/opt/ros/humble/share/ros2_control_test_assets/cmake)
-- Found gmock sources under '/opt/ros/humble/src/gmock_vendor': C++ tests using 'Google Mock' will be built
-- The C compiler identification is GNU 11.4.0
-- Detecting C compiler ABI info
-- Detecting C compiler ABI info - done
-- Check for working C compiler: /usr/bin/cc - skipped
-- Detecting C compile features
-- Detecting C compile features - done
-- Found gtest sources under '/opt/ros/humble/src/gtest_vendor': C++ tests using 'Google Test' will be built
-- Configuring done (15.0s)
-- Generating done (0.5s)
-- Build files have been written to: /home/libok/um_file/build/robotiq_driver
[0mCMake Deprecation Warning at CMakeLists.txt:3 (cmake_minimum_required):
  Compatibility with CMake < 3.10 will be removed from a future version of
  CMake.

  Update the VERSION argument <min> value.  Or, use the <min>...<max> syntax
  to tell CMake that the project requires at least <min> but has been updated
  to work with policies introduced by <max> or earlier.

[0m
[0mCMake Deprecation Warning at /opt/ros/humble/src/gmock_vendor/CMakeLists.txt:2 (cmake_minimum_required):
  Compatibility with CMake < 3.10 will be removed from a future version of
  CMake.

  Update the VERSION argument <min> value.  Or, use the <min>...<max> syntax
  to tell CMake that the project requires at least <min> but has been updated
  to work with policies introduced by <max> or earlier.

[0m
[0mCMake Deprecation Warning at /opt/ros/humble/src/gtest_vendor/CMakeLists.txt:2 (cmake_minimum_required):
  Compatibility with CMake < 3.10 will be removed from a future version of
  CMake.

  Update the VERSION argument <min> value.  Or, use the <min>...<max> syntax
  to tell CMake that the project requires at least <min> but has been updated
  to work with policies introduced by <max> or earlier.

[0m
[  4%] [32mBuilding CXX object CMakeFiles/robotiq_driver.dir/src/crc_utils.cpp.o[0m
[  8%] [32mBuilding CXX object CMakeFiles/robotiq_driver.dir/src/default_serial_factory.cpp.o[0m
[ 12%] [32mBuilding CXX object CMakeFiles/robotiq_driver.dir/src/default_serial.cpp.o[0m
[ 16%] [32mBuilding CXX object CMakeFiles/robotiq_driver.dir/src/fake/fake_driver.cpp.o[0m
[ 20%] [32mBuilding CXX object CMakeFiles/robotiq_driver.dir/src/default_driver_factory.cpp.o[0m
[ 25%] [32mBuilding CXX object CMakeFiles/robotiq_driver.dir/src/default_driver.cpp.o[0m
[ 29%] [32mBuilding CXX object CMakeFiles/robotiq_driver.dir/src/hardware_interface.cpp.o[0m
In file included from [01m[K/opt/ros/humble/include/rclcpp/rclcpp/logging.hpp:24[m[K,
                 from [01m[K/opt/ros/humble/include/rclcpp/rclcpp/client.hpp:40[m[K,
                 from [01m[K/opt/ros/humble/include/rclcpp/rclcpp/callback_group.hpp:24[m[K,
                 from [01m[K/opt/ros/humble/include/rclcpp/rclcpp/any_executable.hpp:20[m[K,
                 from [01m[K/opt/ros/humble/include/rclcpp/rclcpp/memory_strategy.hpp:25[m[K,
                 from [01m[K/opt/ros/humble/include/rclcpp/rclcpp/memory_strategies.hpp:18[m[K,
                 from [01m[K/opt/ros/humble/include/rclcpp/rclcpp/executor_options.hpp:20[m[K,
                 from [01m[K/opt/ros/humble/include/rclcpp/rclcpp/executor.hpp:37[m[K,
                 from [01m[K/opt/ros/humble/include/rclcpp/rclcpp/executors/multi_threaded_executor.hpp:25[m[K,
                 from [01m[K/opt/ros/humble/include/rclcpp/rclcpp/executors.hpp:21[m[K,
                 from [01m[K/opt/ros/humble/include/rclcpp/rclcpp/rclcpp.hpp:155[m[K,
                 from [01m[K/home/libok/um_file/ros2_robotiq_gripper/robotiq_driver/include/robotiq_driver/hardware_interface.hpp:48[m[K,
                 from [01m[K/home/libok/um_file/ros2_robotiq_gripper/robotiq_driver/src/hardware_interface.cpp:36[m[K:
[01m[K/home/libok/um_file/ros2_robotiq_gripper/robotiq_driver/src/hardware_interface.cpp:[m[K In member function ‘[01m[Kvirtual hardware_interface::CallbackReturn robotiq_driver::RobotiqGripperHardwareInterface::on_init(const hardware_interface::HardwareInfo&)[m[K’:
[01m[K/home/libok/um_file/ros2_robotiq_gripper/robotiq_driver/src/hardware_interface.cpp:108:27:[m[K [01;35m[Kwarning: [m[Ktoo many arguments for format [[01;35m[K]8;;https://gcc.gnu.org/onlinedocs/gcc/Warning-Options.html#index-Wformat-extra-args-Wformat-extra-args]8;;[m[K]
  108 |     RCLCPP_FATAL(kLogger, [01;35m[K"Joint '%s' has does not have expected '%s' interface."[m[K, joint.name.c_str(),
      |                           [01;35m[K^~~~~~~~~~~~~~~~~~~~~~~~~~~~~~~~~~~~~~~~~~~~~~~~~~~~~~~[m[K
[ 33%] [32mBuilding CXX object CMakeFiles/robotiq_driver.dir/src/data_utils.cpp.o[0m
[ 37%] [32m[1mLinking CXX shared library librobotiq_driver.so[0m
[ 37%] Built target robotiq_driver
[ 41%] [32mBuilding CXX object gmock/CMakeFiles/gmock.dir/opt/ros/humble/src/gtest_vendor/src/gtest-all.cc.o[0m
[ 45%] [32mBuilding CXX object gmock/CMakeFiles/gmock.dir/src/gmock-all.cc.o[0m
[ 50%] [32m[1mLinking CXX static library libgmock.a[0m
[ 50%] Built target gmock
[ 54%] [32mBuilding CXX object gmock/CMakeFiles/gmock_main.dir/src/gmock_main.cc.o[0m
[ 58%] [32m[1mLinking CXX static library libgmock_main.a[0m
[ 58%] Built target gmock_main
[ 62%] [32mBuilding CXX object tests/CMakeFiles/test_robotiq_gripper_hardware_interface.dir/test_robotiq_gripper_hardware_interface.cpp.o[0m
[ 66%] [32m[1mLinking CXX executable test_robotiq_gripper_hardware_interface[0m
[ 66%] Built target test_robotiq_gripper_hardware_interface
[ 70%] [32mBuilding CXX object tests/CMakeFiles/test_data_utils.dir/test_data_utils.cpp.o[0m
[ 75%] [32m[1mLinking CXX executable test_data_utils[0m
[ 75%] Built target test_data_utils
[ 79%] [32mBuilding CXX object tests/CMakeFiles/test_crc_utils.dir/test_crc_utils.cpp.o[0m
[ 83%] [32m[1mLinking CXX executable test_crc_utils[0m
[ 83%] Built target test_crc_utils
[ 87%] [32mBuilding CXX object tests/CMakeFiles/test_default_driver_factory.dir/test_default_driver_factory.cpp.o[0m
[ 91%] [32m[1mLinking CXX executable test_default_driver_factory[0m
[ 91%] Built target test_default_driver_factory
[ 95%] [32mBuilding CXX object tests/CMakeFiles/test_default_serial_factory.dir/test_default_serial_factory.cpp.o[0m
[100%] [32m[1mLinking CXX executable test_default_serial_factory[0m
[100%] Built target test_default_serial_factory
-- Install configuration: ""
-- Installing: /home/libok/um_file/install/robotiq_driver/share/robotiq_driver/hardware_interface_plugin.xml
-- Installing: /home/libok/um_file/install/robotiq_driver/share/robotiq_driver/environment/library_path.sh
-- Installing: /home/libok/um_file/install/robotiq_driver/share/robotiq_driver/environment/library_path.dsv
-- Installing: /home/libok/um_file/install/robotiq_driver/include
-- Installing: /home/libok/um_file/install/robotiq_driver/include/robotiq_driver
-- Installing: /home/libok/um_file/install/robotiq_driver/include/robotiq_driver/driver_exception.hpp
-- Installing: /home/libok/um_file/install/robotiq_driver/include/robotiq_driver/fake
-- Installing: /home/libok/um_file/install/robotiq_driver/include/robotiq_driver/fake/fake_driver.hpp
-- Installing: /home/libok/um_file/install/robotiq_driver/include/robotiq_driver/hardware_interface.hpp
-- Installing: /home/libok/um_file/install/robotiq_driver/include/robotiq_driver/default_driver.hpp
-- Installing: /home/libok/um_file/install/robotiq_driver/include/robotiq_driver/serial.hpp
-- Installing: /home/libok/um_file/install/robotiq_driver/include/robotiq_driver/default_serial_factory.hpp
-- Installing: /home/libok/um_file/install/robotiq_driver/include/robotiq_driver/default_serial.hpp
-- Installing: /home/libok/um_file/install/robotiq_driver/include/robotiq_driver/serial_factory.hpp
-- Installing: /home/libok/um_file/install/robotiq_driver/include/robotiq_driver/crc_utils.hpp
-- Installing: /home/libok/um_file/install/robotiq_driver/include/robotiq_driver/default_driver_factory.hpp
-- Installing: /home/libok/um_file/install/robotiq_driver/include/robotiq_driver/data_utils.hpp
-- Installing: /home/libok/um_file/install/robotiq_driver/include/robotiq_driver/driver.hpp
-- Installing: /home/libok/um_file/install/robotiq_driver/include/robotiq_driver/visibility_control.hpp
-- Installing: /home/libok/um_file/install/robotiq_driver/include/robotiq_driver/driver_factory.hpp
-- Installing: /home/libok/um_file/install/robotiq_driver/lib/librobotiq_driver.so
-- Set non-toolchain portion of runtime path of "/home/libok/um_file/install/robotiq_driver/lib/librobotiq_driver.so" to ""
-- Installing: /home/libok/um_file/install/robotiq_driver/share/ament_index/resource_index/package_run_dependencies/robotiq_driver
-- Installing: /home/libok/um_file/install/robotiq_driver/share/ament_index/resource_index/parent_prefix_path/robotiq_driver
-- Installing: /home/libok/um_file/install/robotiq_driver/share/robotiq_driver/environment/ament_prefix_path.sh
-- Installing: /home/libok/um_file/install/robotiq_driver/share/robotiq_driver/environment/ament_prefix_path.dsv
-- Installing: /home/libok/um_file/install/robotiq_driver/share/robotiq_driver/environment/path.sh
-- Installing: /home/libok/um_file/install/robotiq_driver/share/robotiq_driver/environment/path.dsv
-- Installing: /home/libok/um_file/install/robotiq_driver/share/robotiq_driver/local_setup.bash
-- Installing: /home/libok/um_file/install/robotiq_driver/share/robotiq_driver/local_setup.sh
-- Installing: /home/libok/um_file/install/robotiq_driver/share/robotiq_driver/local_setup.zsh
-- Installing: /home/libok/um_file/install/robotiq_driver/share/robotiq_driver/local_setup.dsv
-- Installing: /home/libok/um_file/install/robotiq_driver/share/robotiq_driver/package.dsv
-- Installing: /home/libok/um_file/install/robotiq_driver/share/ament_index/resource_index/packages/robotiq_driver
-- Installing: /home/libok/um_file/install/robotiq_driver/share/ament_index/resource_index/hardware_interface__pluginlib__plugin/robotiq_driver
-- Installing: /home/libok/um_file/install/robotiq_driver/share/robotiq_driver/cmake/robotiq_driver_targetsExport.cmake
-- Installing: /home/libok/um_file/install/robotiq_driver/share/robotiq_driver/cmake/robotiq_driver_targetsExport-noconfig.cmake
-- Installing: /home/libok/um_file/install/robotiq_driver/share/robotiq_driver/cmake/ament_cmake_export_targets-extras.cmake
-- Installing: /home/libok/um_file/install/robotiq_driver/share/robotiq_driver/cmake/ament_cmake_export_dependencies-extras.cmake
-- Installing: /home/libok/um_file/install/robotiq_driver/share/robotiq_driver/cmake/ament_cmake_export_include_directories-extras.cmake
-- Installing: /home/libok/um_file/install/robotiq_driver/share/robotiq_driver/cmake/ament_cmake_export_libraries-extras.cmake
-- Installing: /home/libok/um_file/install/robotiq_driver/share/robotiq_driver/cmake/robotiq_driverConfig.cmake
-- Installing: /home/libok/um_file/install/robotiq_driver/share/robotiq_driver/cmake/robotiq_driverConfig-version.cmake
-- Installing: /home/libok/um_file/install/robotiq_driver/share/robotiq_driver/package.xml
