[0.143s] Invoking command in '/home/libok/um_file/build/ros2srrc_irb1600': CMAKE_PREFIX_PATH=${CMAKE_PREFIX_PATH}:/opt/ros/humble /usr/local/bin/cmake /home/libok/um_file/packages/ros2srrc_irb1600 -DCMAKE_INSTALL_PREFIX=/home/libok/um_file/install/ros2srrc_irb1600
[7.864s] -- The C compiler identification is GNU 11.4.0
[7.865s] -- The CXX compiler identification is GNU 11.4.0
[7.865s] -- Detecting C compiler ABI info
[7.865s] -- Detecting C compiler ABI info - done
[7.865s] -- Check for working C compiler: /usr/bin/cc - skipped
[7.865s] -- Detecting C compile features
[7.865s] -- Detecting C compile features - done
[7.866s] -- Detecting CXX compiler ABI info
[7.866s] -- Detecting CXX compiler ABI info - done
[7.866s] -- Check for working CXX compiler: /usr/bin/c++ - skipped
[7.866s] -- Detecting CXX compile features
[7.866s] -- Detecting CXX compile features - done
[7.867s] -- Found ament_cmake: 1.3.12 (/opt/ros/humble/share/ament_cmake/cmake)
[7.867s] -- Found Python3: /usr/bin/python3 (found version "3.10.12") found components: Interpreter
[7.867s] -- Found ament_lint_auto: 0.12.14 (/opt/ros/humble/share/ament_lint_auto/cmake)
[7.867s] -- Added test 'copyright' to check source files copyright and LICENSE
[7.867s] -- Added test 'lint_cmake' to check CMake code style
[7.867s] -- Added test 'xmllint' to check XML markup files
[7.867s] -- Configuring done (4.8s)
[7.868s] -- Generating done (0.0s)
[7.868s] -- Build files have been written to: /home/libok/um_file/build/ros2srrc_irb1600
[7.876s] [0mCMake Deprecation Warning at CMakeLists.txt:1 (cmake_minimum_required):
[7.876s]   Compatibility with CMake < 3.10 will be removed from a future version of
[7.876s]   CMake.
[7.876s] 
[7.876s]   Update the VERSION argument <min> value.  Or, use the <min>...<max> syntax
[7.877s]   to tell CMake that the project requires at least <min> but has been updated
[7.877s]   to work with policies introduced by <max> or earlier.
[7.877s] 
[7.877s] [0m
[7.922s] Invoked command in '/home/libok/um_file/build/ros2srrc_irb1600' returned '0': CMAKE_PREFIX_PATH=${CMAKE_PREFIX_PATH}:/opt/ros/humble /usr/local/bin/cmake /home/libok/um_file/packages/ros2srrc_irb1600 -DCMAKE_INSTALL_PREFIX=/home/libok/um_file/install/ros2srrc_irb1600
[7.927s] Invoking command in '/home/libok/um_file/build/ros2srrc_irb1600': CMAKE_PREFIX_PATH=${CMAKE_PREFIX_PATH}:/opt/ros/humble /usr/local/bin/cmake --build /home/libok/um_file/build/ros2srrc_irb1600 -- -j18 -l18
[9.875s] Invoked command in '/home/libok/um_file/build/ros2srrc_irb1600' returned '0': CMAKE_PREFIX_PATH=${CMAKE_PREFIX_PATH}:/opt/ros/humble /usr/local/bin/cmake --build /home/libok/um_file/build/ros2srrc_irb1600 -- -j18 -l18
[9.879s] Invoking command in '/home/libok/um_file/build/ros2srrc_irb1600': CMAKE_PREFIX_PATH=${CMAKE_PREFIX_PATH}:/opt/ros/humble /usr/local/bin/cmake --install /home/libok/um_file/build/ros2srrc_irb1600
[10.504s] -- Install configuration: ""
[10.504s] -- Installing: /home/libok/um_file/install/ros2srrc_irb1600/share/ros2srrc_irb1600/config
[10.504s] -- Installing: /home/libok/um_file/install/ros2srrc_irb1600/share/ros2srrc_irb1600/config/configurations.yaml
[10.505s] -- Installing: /home/libok/um_file/install/ros2srrc_irb1600/share/ros2srrc_irb1600/urdf
[10.505s] -- Installing: /home/libok/um_file/install/ros2srrc_irb1600/share/ros2srrc_irb1600/urdf/irb1600.urdf.xacro
[10.505s] -- Installing: /home/libok/um_file/install/ros2srrc_irb1600/share/ament_index/resource_index/package_run_dependencies/ros2srrc_irb1600
[10.505s] -- Installing: /home/libok/um_file/install/ros2srrc_irb1600/share/ament_index/resource_index/parent_prefix_path/ros2srrc_irb1600
[10.507s] -- Installing: /home/libok/um_file/install/ros2srrc_irb1600/share/ros2srrc_irb1600/environment/ament_prefix_path.sh
[10.507s] -- Installing: /home/libok/um_file/install/ros2srrc_irb1600/share/ros2srrc_irb1600/environment/ament_prefix_path.dsv
[10.507s] -- Installing: /home/libok/um_file/install/ros2srrc_irb1600/share/ros2srrc_irb1600/environment/path.sh
[10.507s] -- Installing: /home/libok/um_file/install/ros2srrc_irb1600/share/ros2srrc_irb1600/environment/path.dsv
[10.507s] -- Installing: /home/libok/um_file/install/ros2srrc_irb1600/share/ros2srrc_irb1600/local_setup.bash
[10.507s] -- Installing: /home/libok/um_file/install/ros2srrc_irb1600/share/ros2srrc_irb1600/local_setup.sh
[10.507s] -- Installing: /home/libok/um_file/install/ros2srrc_irb1600/share/ros2srrc_irb1600/local_setup.zsh
[10.508s] -- Installing: /home/libok/um_file/install/ros2srrc_irb1600/share/ros2srrc_irb1600/local_setup.dsv
[10.508s] -- Installing: /home/libok/um_file/install/ros2srrc_irb1600/share/ros2srrc_irb1600/package.dsv
[10.508s] -- Installing: /home/libok/um_file/install/ros2srrc_irb1600/share/ament_index/resource_index/packages/ros2srrc_irb1600
[10.508s] -- Installing: /home/libok/um_file/install/ros2srrc_irb1600/share/ros2srrc_irb1600/cmake/ros2srrc_irb1600Config.cmake
[10.508s] -- Installing: /home/libok/um_file/install/ros2srrc_irb1600/share/ros2srrc_irb1600/cmake/ros2srrc_irb1600Config-version.cmake
[10.508s] -- Installing: /home/libok/um_file/install/ros2srrc_irb1600/share/ros2srrc_irb1600/package.xml
[10.724s] Invoked command in '/home/libok/um_file/build/ros2srrc_irb1600' returned '0': CMAKE_PREFIX_PATH=${CMAKE_PREFIX_PATH}:/opt/ros/humble /usr/local/bin/cmake --install /home/libok/um_file/build/ros2srrc_irb1600
