[0.364s] Invoking command in '/home/libok/um_file/build/position_controllers': CMAKE_PREFIX_PATH=/home/libok/um_file/install/forward_command_controller:/home/libok/um_file/install/ur:/home/libok/um_file/install/ur_calibration:/home/libok/um_file/install/ur_robot_driver:/home/libok/um_file/install/ur_bringup:/home/libok/um_file/install/robotiq_description:/home/libok/um_file/install/ros2_controllers:/home/libok/um_file/install/velocity_controllers:/home/libok/um_file/install/ur_controllers:/home/libok/um_file/install/ur_msgs:/home/libok/um_file/install/ur_moveit_config:/home/libok/um_file/install/ur_dashboard_msgs:/home/libok/um_file/install/tricycle_steering_controller:/home/libok/um_file/install/tricycle_controller:/home/libok/um_file/install/bicycle_steering_controller:/home/libok/um_file/install/ackermann_steering_controller:/home/libok/um_file/install/steering_controllers_library:/home/libok/um_file/install/robotiq_hardware_tests:/home/libok/um_file/install/robotiq_driver:/home/libok/um_file/install/serial:/home/libok/um_file/install/ros2srrc_robots:/home/libok/um_file/install/ros2srrc_moveit:/home/libok/um_file/install/ros2srrc_launch:/home/libok/um_file/install/ros2srrc_gazebo:/home/libok/um_file/install/ros2srrc_endeffectors:/home/libok/um_file/install/ros2srrc_data:/home/libok/um_file/install/robotiq_controllers:/home/libok/um_file/install/range_sensor_broadcaster:/home/libok/um_file/install/position_controllers:/home/libok/um_file/install/pose_broadcaster:/home/libok/um_file/install/pid_controller:/home/libok/um_file/install/mecanum_drive_controller:/home/libok/um_file/install/joint_trajectory_controller:/home/libok/um_file/install/joint_state_broadcaster:/home/libok/um_file/install/imu_sensor_broadcaster:/home/libok/um_file/install/gripper_controllers:/home/libok/um_file/install/gpio_controllers:/home/libok/um_file/install/effort_controllers:/home/libok/um_file/install/force_torque_sensor_broadcaster:/home/libok/um_file/install/diff_drive_controller:/home/libok/um_file/install/admittance_controller:/opt/ros/humble LD_LIBRARY_PATH=/home/libok/um_file/install/forward_command_controller/lib:/home/libok/um_file/install/ur_robot_driver/lib:/home/libok/um_file/install/velocity_controllers/lib:/home/libok/um_file/install/ur_controllers/lib:/home/libok/um_file/install/ur_msgs/lib:/home/libok/um_file/install/ur_dashboard_msgs/lib:/home/libok/um_file/install/tricycle_steering_controller/lib:/home/libok/um_file/install/tricycle_controller/lib:/home/libok/um_file/install/bicycle_steering_controller/lib:/home/libok/um_file/install/ackermann_steering_controller/lib:/home/libok/um_file/install/steering_controllers_library/lib:/home/libok/um_file/install/robotiq_driver/lib:/home/libok/um_file/install/serial/lib:/home/libok/um_file/install/ros2srrc_data/lib:/home/libok/um_file/install/robotiq_controllers/lib:/home/libok/um_file/install/range_sensor_broadcaster/lib:/home/libok/um_file/install/position_controllers/lib:/home/libok/um_file/install/pose_broadcaster/lib:/home/libok/um_file/install/pid_controller/lib:/home/libok/um_file/install/mecanum_drive_controller/lib:/home/libok/um_file/install/joint_trajectory_controller/lib:/home/libok/um_file/install/joint_state_broadcaster/lib:/home/libok/um_file/install/imu_sensor_broadcaster/lib:/home/libok/um_file/install/gripper_controllers/lib:/home/libok/um_file/install/gpio_controllers/lib:/home/libok/um_file/install/effort_controllers/lib:/home/libok/um_file/install/force_torque_sensor_broadcaster/lib:/home/libok/um_file/install/diff_drive_controller/lib:/home/libok/um_file/install/admittance_controller/lib:/usr/lib/x86_64-linux-gnu/gazebo-11/plugins:/opt/ros/humble/opt/rviz_ogre_vendor/lib:/opt/ros/humble/lib/x86_64-linux-gnu:/opt/ros/humble/lib:/home/libok/.mujoco/mujoco210/bin:/usr/lib/nvidia:/home/libok/.mujoco/mujoco210/bin:/usr/lib/nvidia /usr/local/bin/cmake /home/libok/um_file/ros2_controllers/position_controllers -DCMAKE_INSTALL_PREFIX=/home/libok/um_file/install/position_controllers
[1.015s] -- The CXX compiler identification is GNU 11.4.0
[1.015s] -- Detecting CXX compiler ABI info
[1.231s] -- Detecting CXX compiler ABI info - done
[1.365s] -- Check for working CXX compiler: /usr/bin/c++ - skipped
[1.370s] -- Detecting CXX compile features
[1.371s] -- Detecting CXX compile features - done
[1.419s] -- Found ament_cmake: 1.3.12 (/opt/ros/humble/share/ament_cmake/cmake)
[2.531s] -- Found Python3: /usr/bin/python3 (found version "3.10.12") found components: Interpreter
[3.328s] -- Found forward_command_controller: 2.52.0 (/home/libok/um_file/install/forward_command_controller/share/forward_command_controller/cmake)
[3.648s] -- Found rosidl_generator_c: 3.1.8 (/opt/ros/humble/share/rosidl_generator_c/cmake)
[3.688s] -- Found rosidl_adapter: 3.1.8 (/opt/ros/humble/share/rosidl_adapter/cmake)
[3.747s] -- Found rosidl_generator_cpp: 3.1.8 (/opt/ros/humble/share/rosidl_generator_cpp/cmake)
[3.835s] -- Using all available rosidl_typesupport_c: rosidl_typesupport_fastrtps_c;rosidl_typesupport_introspection_c
[3.955s] -- Using all available rosidl_typesupport_cpp: rosidl_typesupport_fastrtps_cpp;rosidl_typesupport_introspection_cpp
[4.285s] -- Found rmw_implementation_cmake: 6.1.2 (/opt/ros/humble/share/rmw_implementation_cmake/cmake)
[4.310s] -- Found rmw_fastrtps_cpp: 6.2.9 (/opt/ros/humble/share/rmw_fastrtps_cpp/cmake)
[5.139s] -- Found OpenSSL: /usr/lib/x86_64-linux-gnu/libcrypto.so (found version "3.0.2")
[5.369s] -- Found FastRTPS: /opt/ros/humble/include
[5.661s] -- Using RMW implementation 'rmw_fastrtps_cpp' as default
[5.724s] -- Performing Test CMAKE_HAVE_LIBC_PTHREAD
[6.162s] -- Performing Test CMAKE_HAVE_LIBC_PTHREAD - Success
[6.178s] -- Found Threads: TRUE
[7.225s] -- Found ament_cmake_gmock: 1.3.12 (/opt/ros/humble/share/ament_cmake_gmock/cmake)
[7.237s] -- Found controller_manager: 2.53.0 (/opt/ros/humble/share/controller_manager/cmake)
[7.304s] -- Found ros2_control_test_assets: 2.53.0 (/opt/ros/humble/share/ros2_control_test_assets/cmake)
[7.313s] -- Found gmock sources under '/opt/ros/humble/src/gmock_vendor': C++ tests using 'Google Mock' will be built
[7.430s] -- The C compiler identification is GNU 11.4.0
[7.456s] -- Detecting C compiler ABI info
[7.706s] -- Detecting C compiler ABI info - done
[7.765s] -- Check for working C compiler: /usr/bin/cc - skipped
[7.766s] -- Detecting C compile features
[7.768s] -- Detecting C compile features - done
[7.792s] [0mCMake Deprecation Warning at /opt/ros/humble/src/gmock_vendor/CMakeLists.txt:2 (cmake_minimum_required):
[7.792s]   Compatibility with CMake < 3.10 will be removed from a future version of
[7.792s]   CMake.
[7.793s] 
[7.793s]   Update the VERSION argument <min> value.  Or, use the <min>...<max> syntax
[7.793s]   to tell CMake that the project requires at least <min> but has been updated
[7.793s]   to work with policies introduced by <max> or earlier.
[7.793s] 
[7.793s] [0m
[7.823s] -- Found ament_cmake_gtest: 1.3.12 (/opt/ros/humble/share/ament_cmake_gtest/cmake)
[7.830s] -- Found gtest sources under '/opt/ros/humble/src/gtest_vendor': C++ tests using 'Google Test' will be built
[7.853s] [0mCMake Deprecation Warning at /opt/ros/humble/src/gtest_vendor/CMakeLists.txt:2 (cmake_minimum_required):
[7.853s]   Compatibility with CMake < 3.10 will be removed from a future version of
[7.853s]   CMake.
[7.854s] 
[7.854s]   Update the VERSION argument <min> value.  Or, use the <min>...<max> syntax
[7.854s]   to tell CMake that the project requires at least <min> but has been updated
[7.854s]   to work with policies introduced by <max> or earlier.
[7.854s] 
[7.854s] [0m
[8.311s] -- Configuring done (7.9s)
[8.388s] -- Generating done (0.1s)
[8.405s] -- Build files have been written to: /home/libok/um_file/build/position_controllers
[8.453s] Invoked command in '/home/libok/um_file/build/position_controllers' returned '0': CMAKE_PREFIX_PATH=/home/libok/um_file/install/forward_command_controller:/home/libok/um_file/install/ur:/home/libok/um_file/install/ur_calibration:/home/libok/um_file/install/ur_robot_driver:/home/libok/um_file/install/ur_bringup:/home/libok/um_file/install/robotiq_description:/home/libok/um_file/install/ros2_controllers:/home/libok/um_file/install/velocity_controllers:/home/libok/um_file/install/ur_controllers:/home/libok/um_file/install/ur_msgs:/home/libok/um_file/install/ur_moveit_config:/home/libok/um_file/install/ur_dashboard_msgs:/home/libok/um_file/install/tricycle_steering_controller:/home/libok/um_file/install/tricycle_controller:/home/libok/um_file/install/bicycle_steering_controller:/home/libok/um_file/install/ackermann_steering_controller:/home/libok/um_file/install/steering_controllers_library:/home/libok/um_file/install/robotiq_hardware_tests:/home/libok/um_file/install/robotiq_driver:/home/libok/um_file/install/serial:/home/libok/um_file/install/ros2srrc_robots:/home/libok/um_file/install/ros2srrc_moveit:/home/libok/um_file/install/ros2srrc_launch:/home/libok/um_file/install/ros2srrc_gazebo:/home/libok/um_file/install/ros2srrc_endeffectors:/home/libok/um_file/install/ros2srrc_data:/home/libok/um_file/install/robotiq_controllers:/home/libok/um_file/install/range_sensor_broadcaster:/home/libok/um_file/install/position_controllers:/home/libok/um_file/install/pose_broadcaster:/home/libok/um_file/install/pid_controller:/home/libok/um_file/install/mecanum_drive_controller:/home/libok/um_file/install/joint_trajectory_controller:/home/libok/um_file/install/joint_state_broadcaster:/home/libok/um_file/install/imu_sensor_broadcaster:/home/libok/um_file/install/gripper_controllers:/home/libok/um_file/install/gpio_controllers:/home/libok/um_file/install/effort_controllers:/home/libok/um_file/install/force_torque_sensor_broadcaster:/home/libok/um_file/install/diff_drive_controller:/home/libok/um_file/install/admittance_controller:/opt/ros/humble LD_LIBRARY_PATH=/home/libok/um_file/install/forward_command_controller/lib:/home/libok/um_file/install/ur_robot_driver/lib:/home/libok/um_file/install/velocity_controllers/lib:/home/libok/um_file/install/ur_controllers/lib:/home/libok/um_file/install/ur_msgs/lib:/home/libok/um_file/install/ur_dashboard_msgs/lib:/home/libok/um_file/install/tricycle_steering_controller/lib:/home/libok/um_file/install/tricycle_controller/lib:/home/libok/um_file/install/bicycle_steering_controller/lib:/home/libok/um_file/install/ackermann_steering_controller/lib:/home/libok/um_file/install/steering_controllers_library/lib:/home/libok/um_file/install/robotiq_driver/lib:/home/libok/um_file/install/serial/lib:/home/libok/um_file/install/ros2srrc_data/lib:/home/libok/um_file/install/robotiq_controllers/lib:/home/libok/um_file/install/range_sensor_broadcaster/lib:/home/libok/um_file/install/position_controllers/lib:/home/libok/um_file/install/pose_broadcaster/lib:/home/libok/um_file/install/pid_controller/lib:/home/libok/um_file/install/mecanum_drive_controller/lib:/home/libok/um_file/install/joint_trajectory_controller/lib:/home/libok/um_file/install/joint_state_broadcaster/lib:/home/libok/um_file/install/imu_sensor_broadcaster/lib:/home/libok/um_file/install/gripper_controllers/lib:/home/libok/um_file/install/gpio_controllers/lib:/home/libok/um_file/install/effort_controllers/lib:/home/libok/um_file/install/force_torque_sensor_broadcaster/lib:/home/libok/um_file/install/diff_drive_controller/lib:/home/libok/um_file/install/admittance_controller/lib:/usr/lib/x86_64-linux-gnu/gazebo-11/plugins:/opt/ros/humble/opt/rviz_ogre_vendor/lib:/opt/ros/humble/lib/x86_64-linux-gnu:/opt/ros/humble/lib:/home/libok/.mujoco/mujoco210/bin:/usr/lib/nvidia:/home/libok/.mujoco/mujoco210/bin:/usr/lib/nvidia /usr/local/bin/cmake /home/libok/um_file/ros2_controllers/position_controllers -DCMAKE_INSTALL_PREFIX=/home/libok/um_file/install/position_controllers
[8.466s] Invoking command in '/home/libok/um_file/build/position_controllers': CMAKE_PREFIX_PATH=/home/libok/um_file/install/forward_command_controller:/home/libok/um_file/install/ur:/home/libok/um_file/install/ur_calibration:/home/libok/um_file/install/ur_robot_driver:/home/libok/um_file/install/ur_bringup:/home/libok/um_file/install/robotiq_description:/home/libok/um_file/install/ros2_controllers:/home/libok/um_file/install/velocity_controllers:/home/libok/um_file/install/ur_controllers:/home/libok/um_file/install/ur_msgs:/home/libok/um_file/install/ur_moveit_config:/home/libok/um_file/install/ur_dashboard_msgs:/home/libok/um_file/install/tricycle_steering_controller:/home/libok/um_file/install/tricycle_controller:/home/libok/um_file/install/bicycle_steering_controller:/home/libok/um_file/install/ackermann_steering_controller:/home/libok/um_file/install/steering_controllers_library:/home/libok/um_file/install/robotiq_hardware_tests:/home/libok/um_file/install/robotiq_driver:/home/libok/um_file/install/serial:/home/libok/um_file/install/ros2srrc_robots:/home/libok/um_file/install/ros2srrc_moveit:/home/libok/um_file/install/ros2srrc_launch:/home/libok/um_file/install/ros2srrc_gazebo:/home/libok/um_file/install/ros2srrc_endeffectors:/home/libok/um_file/install/ros2srrc_data:/home/libok/um_file/install/robotiq_controllers:/home/libok/um_file/install/range_sensor_broadcaster:/home/libok/um_file/install/position_controllers:/home/libok/um_file/install/pose_broadcaster:/home/libok/um_file/install/pid_controller:/home/libok/um_file/install/mecanum_drive_controller:/home/libok/um_file/install/joint_trajectory_controller:/home/libok/um_file/install/joint_state_broadcaster:/home/libok/um_file/install/imu_sensor_broadcaster:/home/libok/um_file/install/gripper_controllers:/home/libok/um_file/install/gpio_controllers:/home/libok/um_file/install/effort_controllers:/home/libok/um_file/install/force_torque_sensor_broadcaster:/home/libok/um_file/install/diff_drive_controller:/home/libok/um_file/install/admittance_controller:/opt/ros/humble LD_LIBRARY_PATH=/home/libok/um_file/install/forward_command_controller/lib:/home/libok/um_file/install/ur_robot_driver/lib:/home/libok/um_file/install/velocity_controllers/lib:/home/libok/um_file/install/ur_controllers/lib:/home/libok/um_file/install/ur_msgs/lib:/home/libok/um_file/install/ur_dashboard_msgs/lib:/home/libok/um_file/install/tricycle_steering_controller/lib:/home/libok/um_file/install/tricycle_controller/lib:/home/libok/um_file/install/bicycle_steering_controller/lib:/home/libok/um_file/install/ackermann_steering_controller/lib:/home/libok/um_file/install/steering_controllers_library/lib:/home/libok/um_file/install/robotiq_driver/lib:/home/libok/um_file/install/serial/lib:/home/libok/um_file/install/ros2srrc_data/lib:/home/libok/um_file/install/robotiq_controllers/lib:/home/libok/um_file/install/range_sensor_broadcaster/lib:/home/libok/um_file/install/position_controllers/lib:/home/libok/um_file/install/pose_broadcaster/lib:/home/libok/um_file/install/pid_controller/lib:/home/libok/um_file/install/mecanum_drive_controller/lib:/home/libok/um_file/install/joint_trajectory_controller/lib:/home/libok/um_file/install/joint_state_broadcaster/lib:/home/libok/um_file/install/imu_sensor_broadcaster/lib:/home/libok/um_file/install/gripper_controllers/lib:/home/libok/um_file/install/gpio_controllers/lib:/home/libok/um_file/install/effort_controllers/lib:/home/libok/um_file/install/force_torque_sensor_broadcaster/lib:/home/libok/um_file/install/diff_drive_controller/lib:/home/libok/um_file/install/admittance_controller/lib:/usr/lib/x86_64-linux-gnu/gazebo-11/plugins:/opt/ros/humble/opt/rviz_ogre_vendor/lib:/opt/ros/humble/lib/x86_64-linux-gnu:/opt/ros/humble/lib:/home/libok/.mujoco/mujoco210/bin:/usr/lib/nvidia:/home/libok/.mujoco/mujoco210/bin:/usr/lib/nvidia /usr/local/bin/cmake --build /home/libok/um_file/build/position_controllers -- -j18 -l18
[8.612s] [  9%] [32mBuilding CXX object CMakeFiles/position_controllers.dir/src/joint_group_position_controller.cpp.o[0m
[17.168s] [ 18%] [32m[1mLinking CXX shared library libposition_controllers.so[0m
[17.601s] [ 18%] Built target position_controllers
[17.634s] [ 27%] [32mBuilding CXX object gmock/CMakeFiles/gmock.dir/opt/ros/humble/src/gtest_vendor/src/gtest-all.cc.o[0m
[32.679s] [ 36%] [32mBuilding CXX object gmock/CMakeFiles/gmock.dir/src/gmock-all.cc.o[0m
[39.873s] [ 45%] [32m[1mLinking CXX static library libgmock.a[0m
[40.063s] [ 45%] Built target gmock
[40.098s] [ 54%] [32mBuilding CXX object gmock/CMakeFiles/gmock_main.dir/src/gmock_main.cc.o[0m
[43.960s] [ 63%] [32m[1mLinking CXX static library libgmock_main.a[0m
[44.072s] [ 63%] Built target gmock_main
[44.096s] [ 72%] [32mBuilding CXX object CMakeFiles/test_load_joint_group_position_controller.dir/test/test_load_joint_group_position_controller.cpp.o[0m
[56.735s] [ 81%] [32m[1mLinking CXX executable test_load_joint_group_position_controller[0m
[57.228s] [ 81%] Built target test_load_joint_group_position_controller
[57.254s] [ 90%] [32mBuilding CXX object CMakeFiles/test_joint_group_position_controller.dir/test/test_joint_group_position_controller.cpp.o[0m
[81.300s] [100%] [32m[1mLinking CXX executable test_joint_group_position_controller[0m
[82.066s] [100%] Built target test_joint_group_position_controller
