[0.178s] Invoking command in '/home/libok/um_file/build/ros2srrc_ur10e': CMAKE_PREFIX_PATH=${CMAKE_PREFIX_PATH}:/opt/ros/humble /usr/local/bin/cmake /home/libok/um_file/packages/ros2srrc_ur10e -DCMAKE_INSTALL_PREFIX=/home/libok/um_file/install/ros2srrc_ur10e
[4.159s] -- The C compiler identification is GNU 11.4.0
[4.160s] -- The CXX compiler identification is GNU 11.4.0
[4.160s] -- Detecting C compiler ABI info
[4.160s] -- Detecting C compiler ABI info - done
[4.160s] -- Check for working C compiler: /usr/bin/cc - skipped
[4.160s] -- Detecting C compile features
[4.161s] -- Detecting C compile features - done
[4.161s] -- Detecting CXX compiler ABI info
[4.161s] -- Detecting CXX compiler ABI info - done
[4.161s] -- Check for working CXX compiler: /usr/bin/c++ - skipped
[4.161s] -- Detecting CXX compile features
[4.161s] -- Detecting CXX compile features - done
[4.161s] -- Found ament_cmake: 1.3.12 (/opt/ros/humble/share/ament_cmake/cmake)
[4.162s] -- Found Python3: /usr/bin/python3 (found version "3.10.12") found components: Interpreter
[4.162s] -- Found ament_lint_auto: 0.12.14 (/opt/ros/humble/share/ament_lint_auto/cmake)
[4.162s] [0mCMake Deprecation Warning at CMakeLists.txt:1 (cmake_minimum_required):
[4.162s]   Compatibility with CMake < 3.10 will be removed from a future version of
[4.162s]   CMake.
[4.162s] 
[4.163s]   Update the VERSION argument <min> value.  Or, use the <min>...<max> syntax
[4.163s]   to tell CMake that the project requires at least <min> but has been updated
[4.163s]   to work with policies introduced by <max> or earlier.
[4.163s] 
[4.163s] [0m
[4.464s] -- Added test 'copyright' to check source files copyright and LICENSE
[4.469s] -- Added test 'lint_cmake' to check CMake code style
[4.473s] -- Added test 'xmllint' to check XML markup files
[4.477s] -- Configuring done (4.3s)
[4.486s] -- Generating done (0.0s)
[4.488s] -- Build files have been written to: /home/libok/um_file/build/ros2srrc_ur10e
[4.513s] Invoked command in '/home/libok/um_file/build/ros2srrc_ur10e' returned '0': CMAKE_PREFIX_PATH=${CMAKE_PREFIX_PATH}:/opt/ros/humble /usr/local/bin/cmake /home/libok/um_file/packages/ros2srrc_ur10e -DCMAKE_INSTALL_PREFIX=/home/libok/um_file/install/ros2srrc_ur10e
[4.531s] Invoking command in '/home/libok/um_file/build/ros2srrc_ur10e': CMAKE_PREFIX_PATH=${CMAKE_PREFIX_PATH}:/opt/ros/humble /usr/local/bin/cmake --build /home/libok/um_file/build/ros2srrc_ur10e -- -j18 -l18
[4.892s] Invoked command in '/home/libok/um_file/build/ros2srrc_ur10e' returned '0': CMAKE_PREFIX_PATH=${CMAKE_PREFIX_PATH}:/opt/ros/humble /usr/local/bin/cmake --build /home/libok/um_file/build/ros2srrc_ur10e -- -j18 -l18
[4.894s] Invoking command in '/home/libok/um_file/build/ros2srrc_ur10e': CMAKE_PREFIX_PATH=${CMAKE_PREFIX_PATH}:/opt/ros/humble /usr/local/bin/cmake --install /home/libok/um_file/build/ros2srrc_ur10e
[5.289s] -- Install configuration: ""
[5.289s] -- Installing: /home/libok/um_file/install/ros2srrc_ur10e/share/ros2srrc_ur10e/config
[5.289s] -- Installing: /home/libok/um_file/install/ros2srrc_ur10e/share/ros2srrc_ur10e/config/configurations.yaml
[5.289s] -- Installing: /home/libok/um_file/install/ros2srrc_ur10e/share/ros2srrc_ur10e/urdf
[5.289s] -- Installing: /home/libok/um_file/install/ros2srrc_ur10e/share/ros2srrc_ur10e/urdf/ur10e.urdf.xacro
[5.289s] -- Installing: /home/libok/um_file/install/ros2srrc_ur10e/share/ros2srrc_ur10e/urdf/ur10e_robotiq_2f85.urdf.xacro
[5.290s] -- Installing: /home/libok/um_file/install/ros2srrc_ur10e/share/ros2srrc_ur10e/urdf/ur10e_robotiq_hande.urdf.xacro
[5.290s] -- Installing: /home/libok/um_file/install/ros2srrc_ur10e/share/ament_index/resource_index/package_run_dependencies/ros2srrc_ur10e
[5.290s] -- Installing: /home/libok/um_file/install/ros2srrc_ur10e/share/ament_index/resource_index/parent_prefix_path/ros2srrc_ur10e
[5.290s] -- Installing: /home/libok/um_file/install/ros2srrc_ur10e/share/ros2srrc_ur10e/environment/ament_prefix_path.sh
[5.290s] -- Installing: /home/libok/um_file/install/ros2srrc_ur10e/share/ros2srrc_ur10e/environment/ament_prefix_path.dsv
[5.290s] -- Installing: /home/libok/um_file/install/ros2srrc_ur10e/share/ros2srrc_ur10e/environment/path.sh
[5.290s] -- Installing: /home/libok/um_file/install/ros2srrc_ur10e/share/ros2srrc_ur10e/environment/path.dsv
[5.290s] -- Installing: /home/libok/um_file/install/ros2srrc_ur10e/share/ros2srrc_ur10e/local_setup.bash
[5.290s] -- Installing: /home/libok/um_file/install/ros2srrc_ur10e/share/ros2srrc_ur10e/local_setup.sh
[5.290s] -- Installing: /home/libok/um_file/install/ros2srrc_ur10e/share/ros2srrc_ur10e/local_setup.zsh
[5.290s] -- Installing: /home/libok/um_file/install/ros2srrc_ur10e/share/ros2srrc_ur10e/local_setup.dsv
[5.290s] -- Installing: /home/libok/um_file/install/ros2srrc_ur10e/share/ros2srrc_ur10e/package.dsv
[5.291s] -- Installing: /home/libok/um_file/install/ros2srrc_ur10e/share/ament_index/resource_index/packages/ros2srrc_ur10e
[5.291s] -- Installing: /home/libok/um_file/install/ros2srrc_ur10e/share/ros2srrc_ur10e/cmake/ros2srrc_ur10eConfig.cmake
[5.291s] -- Installing: /home/libok/um_file/install/ros2srrc_ur10e/share/ros2srrc_ur10e/cmake/ros2srrc_ur10eConfig-version.cmake
[5.291s] -- Installing: /home/libok/um_file/install/ros2srrc_ur10e/share/ros2srrc_ur10e/package.xml
[5.429s] Invoked command in '/home/libok/um_file/build/ros2srrc_ur10e' returned '0': CMAKE_PREFIX_PATH=${CMAKE_PREFIX_PATH}:/opt/ros/humble /usr/local/bin/cmake --install /home/libok/um_file/build/ros2srrc_ur10e
