[0.049s] Invoking command in '/home/libok/um_file/build/pid_controller': CMAKE_PREFIX_PATH=${CMAKE_PREFIX_PATH}:/opt/ros/humble /usr/local/bin/cmake /home/libok/um_file/ros2_controllers/pid_controller -DCMAKE_INSTALL_PREFIX=/home/libok/um_file/install/pid_controller
[2.704s] -- The CXX compiler identification is GNU 11.4.0
[2.704s] -- Detecting CXX compiler ABI info
[2.704s] -- Detecting CXX compiler ABI info - done
[2.704s] -- Check for working CXX compiler: /usr/bin/c++ - skipped
[2.704s] -- Detecting CXX compile features
[2.704s] -- Detecting CXX compile features - done
[2.704s] -- Found ament_cmake: 1.3.12 (/opt/ros/humble/share/ament_cmake/cmake)
[2.705s] -- Found Python3: /usr/bin/python3 (found version "3.10.12") found components: Interpreter
[2.705s] -- Found angles: 1.15.0 (/opt/ros/humble/share/angles/cmake)
[2.705s] -- Found control_msgs: 4.8.0 (/opt/ros/humble/share/control_msgs/cmake)
[2.705s] -- Found rosidl_generator_c: 3.1.8 (/opt/ros/humble/share/rosidl_generator_c/cmake)
[2.705s] -- Found rosidl_adapter: 3.1.8 (/opt/ros/humble/share/rosidl_adapter/cmake)
[2.705s] -- Found rosidl_generator_cpp: 3.1.8 (/opt/ros/humble/share/rosidl_generator_cpp/cmake)
[2.705s] -- Using all available rosidl_typesupport_c: rosidl_typesupport_fastrtps_c;rosidl_typesupport_introspection_c
[2.705s] -- Using all available rosidl_typesupport_cpp: rosidl_typesupport_fastrtps_cpp;rosidl_typesupport_introspection_cpp
[2.705s] -- Found control_toolbox: 3.6.3 (/opt/ros/humble/share/control_toolbox/cmake)
[2.705s] -- Found rmw_implementation_cmake: 6.1.2 (/opt/ros/humble/share/rmw_implementation_cmake/cmake)
[2.706s] -- Found rmw_fastrtps_cpp: 6.2.9 (/opt/ros/humble/share/rmw_fastrtps_cpp/cmake)
[2.706s] -- Found OpenSSL: /usr/lib/x86_64-linux-gnu/libcrypto.so (found version "3.0.2")
[2.706s] -- Found FastRTPS: /opt/ros/humble/include
[2.706s] -- Using RMW implementation 'rmw_fastrtps_cpp' as default
[2.706s] -- Performing Test CMAKE_HAVE_LIBC_PTHREAD
[2.706s] -- Performing Test CMAKE_HAVE_LIBC_PTHREAD - Success
[2.708s] -- Found Threads: TRUE
[2.708s] -- Found controller_interface: 2.53.0 (/opt/ros/humble/share/controller_interface/cmake)
[2.708s] -- Found std_srvs: 4.9.0 (/opt/ros/humble/share/std_srvs/cmake)
[2.708s] -- Found ament_cmake_gmock: 1.3.12 (/opt/ros/humble/share/ament_cmake_gmock/cmake)
[2.708s] -- Found controller_manager: 2.53.0 (/opt/ros/humble/share/controller_manager/cmake)
[2.708s] -- Found ros2_control_test_assets: 2.53.0 (/opt/ros/humble/share/ros2_control_test_assets/cmake)
[2.708s] -- Found gmock sources under '/opt/ros/humble/src/gmock_vendor': C++ tests using 'Google Mock' will be built
[2.708s] -- The C compiler identification is GNU 11.4.0
[2.713s] -- Detecting C compiler ABI info
[2.713s] -- Detecting C compiler ABI info - done
[2.713s] -- Check for working C compiler: /usr/bin/cc - skipped
[2.714s] -- Detecting C compile features
[2.714s] -- Detecting C compile features - done
[2.714s] -- Found ament_cmake_gtest: 1.3.12 (/opt/ros/humble/share/ament_cmake_gtest/cmake)
[2.714s] -- Found gtest sources under '/opt/ros/humble/src/gtest_vendor': C++ tests using 'Google Test' will be built
[2.714s] -- Found gmock sources under '/opt/ros/humble/src/gmock_vendor': C++ tests using 'Google Mock' will be built
[2.714s] -- Found ament_cmake_gtest: 1.3.12 (/opt/ros/humble/share/ament_cmake_gtest/cmake)
[2.714s] -- Found gtest sources under '/opt/ros/humble/src/gtest_vendor': C++ tests using 'Google Test' will be built
[2.714s] -- Found gmock sources under '/opt/ros/humble/src/gmock_vendor': C++ tests using 'Google Mock' will be built
[2.714s] -- Found ament_cmake_gtest: 1.3.12 (/opt/ros/humble/share/ament_cmake_gtest/cmake)
[2.714s] -- Found gtest sources under '/opt/ros/humble/src/gtest_vendor': C++ tests using 'Google Test' will be built
[2.714s] -- Found gmock sources under '/opt/ros/humble/src/gmock_vendor': C++ tests using 'Google Mock' will be built
[2.714s] -- Found ament_cmake_gtest: 1.3.12 (/opt/ros/humble/share/ament_cmake_gtest/cmake)
[2.714s] -- Found gtest sources under '/opt/ros/humble/src/gtest_vendor': C++ tests using 'Google Test' will be built
[2.714s] -- Configuring done (2.5s)
[2.714s] -- Generating done (0.1s)
[2.715s] -- Build files have been written to: /home/libok/um_file/build/pid_controller
[2.715s] [33mCMake Warning (dev) at /opt/ros/humble/share/filters/cmake/ament_cmake_export_dependencies-extras.cmake:21 (find_package):
[2.715s]   Policy CMP0167 is not set: The FindBoost module is removed.  Run "cmake
[2.715s]   --help-policy CMP0167" for policy details.  Use the cmake_policy command to
[2.715s]   set the policy and suppress this warning.
[2.715s] 
[2.715s] Call Stack (most recent call first):
[2.715s]   /opt/ros/humble/share/filters/cmake/filtersConfig.cmake:41 (include)
[2.715s]   /opt/ros/humble/share/control_toolbox/cmake/ament_cmake_export_dependencies-extras.cmake:21 (find_package)
[2.715s]   /opt/ros/humble/share/control_toolbox/cmake/control_toolboxConfig.cmake:41 (include)
[2.715s]   CMakeLists.txt:35 (find_package)
[2.715s] This warning is for project developers.  Use -Wno-dev to suppress it.
[2.715s] [0m
[2.715s] [0mCMake Deprecation Warning at /opt/ros/humble/src/gmock_vendor/CMakeLists.txt:2 (cmake_minimum_required):
[2.715s]   Compatibility with CMake < 3.10 will be removed from a future version of
[2.715s]   CMake.
[2.716s] 
[2.716s]   Update the VERSION argument <min> value.  Or, use the <min>...<max> syntax
[2.716s]   to tell CMake that the project requires at least <min> but has been updated
[2.716s]   to work with policies introduced by <max> or earlier.
[2.716s] 
[2.716s] [0m
[2.716s] [0mCMake Deprecation Warning at /opt/ros/humble/src/gtest_vendor/CMakeLists.txt:2 (cmake_minimum_required):
[2.716s]   Compatibility with CMake < 3.10 will be removed from a future version of
[2.716s]   CMake.
[2.716s] 
[2.716s]   Update the VERSION argument <min> value.  Or, use the <min>...<max> syntax
[2.716s]   to tell CMake that the project requires at least <min> but has been updated
[2.716s]   to work with policies introduced by <max> or earlier.
[2.716s] 
[2.716s] [0m
[2.725s] Invoked command in '/home/libok/um_file/build/pid_controller' returned '0': CMAKE_PREFIX_PATH=${CMAKE_PREFIX_PATH}:/opt/ros/humble /usr/local/bin/cmake /home/libok/um_file/ros2_controllers/pid_controller -DCMAKE_INSTALL_PREFIX=/home/libok/um_file/install/pid_controller
[2.725s] Invoking command in '/home/libok/um_file/build/pid_controller': CMAKE_PREFIX_PATH=${CMAKE_PREFIX_PATH}:/opt/ros/humble /usr/local/bin/cmake --build /home/libok/um_file/build/pid_controller -- -j18 -l18
[3.388s] [  5%] [34m[1mRunning `/opt/ros/humble/bin/generate_parameter_library_cpp /home/libok/um_file/build/pid_controller/include/pid_controller/pid_controller_parameters.hpp /home/libok/um_file/ros2_controllers/pid_controller/src/pid_controller.yaml `[0m
[3.389s] [ 11%] [32mBuilding CXX object gmock/CMakeFiles/gmock_main.dir/src/gmock_main.cc.o[0m
[3.389s] [ 17%] [32mBuilding CXX object gmock/CMakeFiles/gmock.dir/src/gmock-all.cc.o[0m
[3.390s] [ 23%] [32mBuilding CXX object gmock/CMakeFiles/gmock.dir/opt/ros/humble/src/gtest_vendor/src/gtest-all.cc.o[0m
[11.119s] [ 29%] [32m[1mLinking CXX static library libgmock_main.a[0m
[11.395s] [ 29%] Built target gmock_main
[13.224s] [ 35%] [34m[1mCreating deprecated header file /home/libok/um_file/build/pid_controller/include/pid_controller_parameters.hpp[0m
[13.331s] [ 35%] Built target pid_controller_parameters
[13.479s] [ 41%] [32mBuilding CXX object CMakeFiles/pid_controller.dir/src/pid_controller.cpp.o[0m
[51.224s] [ 47%] [32m[1mLinking CXX static library libgmock.a[0m
[51.568s] [ 47%] Built target gmock
[71.801s] [ 52%] [32m[1mLinking CXX shared library libpid_controller.so[0m
[73.930s] [ 52%] Built target pid_controller
[74.006s] [ 58%] [32mBuilding CXX object CMakeFiles/test_load_pid_controller.dir/test/test_load_pid_controller.cpp.o[0m
[94.076s] [ 64%] [32m[1mLinking CXX executable test_load_pid_controller[0m
[98.070s] [ 64%] Built target test_load_pid_controller
[98.375s] [ 70%] [32mBuilding CXX object CMakeFiles/test_pid_controller_dual_interface.dir/test/test_pid_controller_dual_interface.cpp.o[0m
[128.798s] [ 76%] [32m[1mLinking CXX executable test_pid_controller_dual_interface[0m
[129.953s] [ 76%] Built target test_pid_controller_dual_interface
[129.982s] [ 82%] [32mBuilding CXX object CMakeFiles/test_pid_controller_preceding.dir/test/test_pid_controller_preceding.cpp.o[0m
[162.257s] [ 88%] [32m[1mLinking CXX executable test_pid_controller_preceding[0m
[163.870s] [ 88%] Built target test_pid_controller_preceding
[163.927s] [ 94%] [32mBuilding CXX object CMakeFiles/test_pid_controller.dir/test/test_pid_controller.cpp.o[0m
[209.717s] [100%] [32m[1mLinking CXX executable test_pid_controller[0m
[212.024s] [100%] Built target test_pid_controller
[212.042s] Invoked command in '/home/libok/um_file/build/pid_controller' returned '0': CMAKE_PREFIX_PATH=${CMAKE_PREFIX_PATH}:/opt/ros/humble /usr/local/bin/cmake --build /home/libok/um_file/build/pid_controller -- -j18 -l18
[212.053s] Invoking command in '/home/libok/um_file/build/pid_controller': CMAKE_PREFIX_PATH=${CMAKE_PREFIX_PATH}:/opt/ros/humble /usr/local/bin/cmake --install /home/libok/um_file/build/pid_controller
[212.677s] -- Install configuration: ""
[212.678s] -- Installing: /home/libok/um_file/install/pid_controller/include/pid_controller
[212.678s] -- Installing: /home/libok/um_file/install/pid_controller/include/pid_controller/pid_controller_parameters.hpp
[212.679s] -- Installing: /home/libok/um_file/install/pid_controller/share/pid_controller/pid_controller.xml
[212.679s] -- Up-to-date: /home/libok/um_file/install/pid_controller/include/pid_controller
[212.679s] -- Installing: /home/libok/um_file/install/pid_controller/include/pid_controller/pid_controller
[212.679s] -- Installing: /home/libok/um_file/install/pid_controller/include/pid_controller/pid_controller/pid_controller.hpp
[212.679s] -- Installing: /home/libok/um_file/install/pid_controller/include/pid_controller/pid_controller/visibility_control.h
[212.679s] -- Installing: /home/libok/um_file/install/pid_controller/lib/libpid_controller.so
[212.680s] -- Set non-toolchain portion of runtime path of "/home/libok/um_file/install/pid_controller/lib/libpid_controller.so" to ""
[212.680s] -- Installing: /home/libok/um_file/install/pid_controller/share/pid_controller/environment/library_path.sh
[212.680s] -- Installing: /home/libok/um_file/install/pid_controller/share/pid_controller/environment/library_path.dsv
[212.680s] -- Installing: /home/libok/um_file/install/pid_controller/share/ament_index/resource_index/package_run_dependencies/pid_controller
[212.680s] -- Installing: /home/libok/um_file/install/pid_controller/share/ament_index/resource_index/parent_prefix_path/pid_controller
[212.681s] -- Installing: /home/libok/um_file/install/pid_controller/share/pid_controller/environment/ament_prefix_path.sh
[212.681s] -- Installing: /home/libok/um_file/install/pid_controller/share/pid_controller/environment/ament_prefix_path.dsv
[212.681s] -- Installing: /home/libok/um_file/install/pid_controller/share/pid_controller/environment/path.sh
[212.681s] -- Installing: /home/libok/um_file/install/pid_controller/share/pid_controller/environment/path.dsv
[212.682s] -- Installing: /home/libok/um_file/install/pid_controller/share/pid_controller/local_setup.bash
[212.685s] -- Installing: /home/libok/um_file/install/pid_controller/share/pid_controller/local_setup.sh
[212.686s] -- Installing: /home/libok/um_file/install/pid_controller/share/pid_controller/local_setup.zsh
[212.686s] -- Installing: /home/libok/um_file/install/pid_controller/share/pid_controller/local_setup.dsv
[212.687s] -- Installing: /home/libok/um_file/install/pid_controller/share/pid_controller/package.dsv
[212.687s] -- Installing: /home/libok/um_file/install/pid_controller/share/ament_index/resource_index/packages/pid_controller
[212.687s] -- Installing: /home/libok/um_file/install/pid_controller/share/ament_index/resource_index/controller_interface__pluginlib__plugin/pid_controller
[212.687s] -- Installing: /home/libok/um_file/install/pid_controller/share/pid_controller/cmake/export_pid_controllerExport.cmake
[212.688s] -- Installing: /home/libok/um_file/install/pid_controller/share/pid_controller/cmake/export_pid_controllerExport-noconfig.cmake
[212.688s] -- Installing: /home/libok/um_file/install/pid_controller/share/pid_controller/cmake/ament_cmake_export_dependencies-extras.cmake
[212.688s] -- Installing: /home/libok/um_file/install/pid_controller/share/pid_controller/cmake/ament_cmake_export_targets-extras.cmake
[212.689s] -- Installing: /home/libok/um_file/install/pid_controller/share/pid_controller/cmake/pid_controllerConfig.cmake
[212.689s] -- Installing: /home/libok/um_file/install/pid_controller/share/pid_controller/cmake/pid_controllerConfig-version.cmake
[212.690s] -- Installing: /home/libok/um_file/install/pid_controller/share/pid_controller/package.xml
[212.849s] Invoked command in '/home/libok/um_file/build/pid_controller' returned '0': CMAKE_PREFIX_PATH=${CMAKE_PREFIX_PATH}:/opt/ros/humble /usr/local/bin/cmake --install /home/libok/um_file/build/pid_controller
