[0.339s] Invoking command in '/home/libok/um_file/build/effort_controllers': CMAKE_PREFIX_PATH=/home/libok/um_file/install/forward_command_controller:/home/libok/um_file/install/ur:/home/libok/um_file/install/ur_calibration:/home/libok/um_file/install/ur_robot_driver:/home/libok/um_file/install/ur_bringup:/home/libok/um_file/install/robotiq_description:/home/libok/um_file/install/ros2_controllers:/home/libok/um_file/install/velocity_controllers:/home/libok/um_file/install/ur_controllers:/home/libok/um_file/install/ur_msgs:/home/libok/um_file/install/ur_moveit_config:/home/libok/um_file/install/ur_dashboard_msgs:/home/libok/um_file/install/tricycle_steering_controller:/home/libok/um_file/install/tricycle_controller:/home/libok/um_file/install/bicycle_steering_controller:/home/libok/um_file/install/ackermann_steering_controller:/home/libok/um_file/install/steering_controllers_library:/home/libok/um_file/install/robotiq_hardware_tests:/home/libok/um_file/install/robotiq_driver:/home/libok/um_file/install/serial:/home/libok/um_file/install/ros2srrc_robots:/home/libok/um_file/install/ros2srrc_moveit:/home/libok/um_file/install/ros2srrc_launch:/home/libok/um_file/install/ros2srrc_gazebo:/home/libok/um_file/install/ros2srrc_endeffectors:/home/libok/um_file/install/ros2srrc_data:/home/libok/um_file/install/robotiq_controllers:/home/libok/um_file/install/range_sensor_broadcaster:/home/libok/um_file/install/position_controllers:/home/libok/um_file/install/pose_broadcaster:/home/libok/um_file/install/pid_controller:/home/libok/um_file/install/mecanum_drive_controller:/home/libok/um_file/install/joint_trajectory_controller:/home/libok/um_file/install/joint_state_broadcaster:/home/libok/um_file/install/imu_sensor_broadcaster:/home/libok/um_file/install/gripper_controllers:/home/libok/um_file/install/gpio_controllers:/home/libok/um_file/install/effort_controllers:/home/libok/um_file/install/force_torque_sensor_broadcaster:/home/libok/um_file/install/diff_drive_controller:/home/libok/um_file/install/admittance_controller:/opt/ros/humble LD_LIBRARY_PATH=/home/libok/um_file/install/forward_command_controller/lib:/home/libok/um_file/install/ur_robot_driver/lib:/home/libok/um_file/install/velocity_controllers/lib:/home/libok/um_file/install/ur_controllers/lib:/home/libok/um_file/install/ur_msgs/lib:/home/libok/um_file/install/ur_dashboard_msgs/lib:/home/libok/um_file/install/tricycle_steering_controller/lib:/home/libok/um_file/install/tricycle_controller/lib:/home/libok/um_file/install/bicycle_steering_controller/lib:/home/libok/um_file/install/ackermann_steering_controller/lib:/home/libok/um_file/install/steering_controllers_library/lib:/home/libok/um_file/install/robotiq_driver/lib:/home/libok/um_file/install/serial/lib:/home/libok/um_file/install/ros2srrc_data/lib:/home/libok/um_file/install/robotiq_controllers/lib:/home/libok/um_file/install/range_sensor_broadcaster/lib:/home/libok/um_file/install/position_controllers/lib:/home/libok/um_file/install/pose_broadcaster/lib:/home/libok/um_file/install/pid_controller/lib:/home/libok/um_file/install/mecanum_drive_controller/lib:/home/libok/um_file/install/joint_trajectory_controller/lib:/home/libok/um_file/install/joint_state_broadcaster/lib:/home/libok/um_file/install/imu_sensor_broadcaster/lib:/home/libok/um_file/install/gripper_controllers/lib:/home/libok/um_file/install/gpio_controllers/lib:/home/libok/um_file/install/effort_controllers/lib:/home/libok/um_file/install/force_torque_sensor_broadcaster/lib:/home/libok/um_file/install/diff_drive_controller/lib:/home/libok/um_file/install/admittance_controller/lib:/usr/lib/x86_64-linux-gnu/gazebo-11/plugins:/opt/ros/humble/opt/rviz_ogre_vendor/lib:/opt/ros/humble/lib/x86_64-linux-gnu:/opt/ros/humble/lib:/home/libok/.mujoco/mujoco210/bin:/usr/lib/nvidia:/home/libok/.mujoco/mujoco210/bin:/usr/lib/nvidia /usr/local/bin/cmake /home/libok/um_file/ros2_controllers/effort_controllers -DCMAKE_INSTALL_PREFIX=/home/libok/um_file/install/effort_controllers
[8.063s] -- The CXX compiler identification is GNU 11.4.0
[8.063s] -- Detecting CXX compiler ABI info
[8.064s] -- Detecting CXX compiler ABI info - done
[8.064s] -- Check for working CXX compiler: /usr/bin/c++ - skipped
[8.064s] -- Detecting CXX compile features
[8.069s] -- Detecting CXX compile features - done
[8.069s] -- Found ament_cmake: 1.3.12 (/opt/ros/humble/share/ament_cmake/cmake)
[8.070s] -- Found Python3: /usr/bin/python3 (found version "3.10.12") found components: Interpreter
[8.070s] -- Found forward_command_controller: 2.52.0 (/home/libok/um_file/install/forward_command_controller/share/forward_command_controller/cmake)
[8.070s] -- Found rosidl_generator_c: 3.1.8 (/opt/ros/humble/share/rosidl_generator_c/cmake)
[8.070s] -- Found rosidl_adapter: 3.1.8 (/opt/ros/humble/share/rosidl_adapter/cmake)
[8.071s] -- Found rosidl_generator_cpp: 3.1.8 (/opt/ros/humble/share/rosidl_generator_cpp/cmake)
[8.071s] -- Using all available rosidl_typesupport_c: rosidl_typesupport_fastrtps_c;rosidl_typesupport_introspection_c
[8.071s] -- Using all available rosidl_typesupport_cpp: rosidl_typesupport_fastrtps_cpp;rosidl_typesupport_introspection_cpp
[8.071s] -- Found rmw_implementation_cmake: 6.1.2 (/opt/ros/humble/share/rmw_implementation_cmake/cmake)
[8.072s] -- Found rmw_fastrtps_cpp: 6.2.9 (/opt/ros/humble/share/rmw_fastrtps_cpp/cmake)
[8.074s] -- Found OpenSSL: /usr/lib/x86_64-linux-gnu/libcrypto.so (found version "3.0.2")
[8.077s] -- Found FastRTPS: /opt/ros/humble/include
[8.077s] -- Using RMW implementation 'rmw_fastrtps_cpp' as default
[8.077s] -- Performing Test CMAKE_HAVE_LIBC_PTHREAD
[8.078s] -- Performing Test CMAKE_HAVE_LIBC_PTHREAD - Success
[8.078s] -- Found Threads: TRUE
[8.078s] -- Found ament_cmake_gmock: 1.3.12 (/opt/ros/humble/share/ament_cmake_gmock/cmake)
[8.078s] -- Found controller_manager: 2.53.0 (/opt/ros/humble/share/controller_manager/cmake)
[8.078s] -- Found ros2_control_test_assets: 2.53.0 (/opt/ros/humble/share/ros2_control_test_assets/cmake)
[8.078s] -- Found gmock sources under '/opt/ros/humble/src/gmock_vendor': C++ tests using 'Google Mock' will be built
[8.079s] -- The C compiler identification is GNU 11.4.0
[8.079s] -- Detecting C compiler ABI info
[8.079s] -- Detecting C compiler ABI info - done
[8.079s] -- Check for working C compiler: /usr/bin/cc - skipped
[8.079s] -- Detecting C compile features
[8.079s] -- Detecting C compile features - done
[8.079s] -- Found ament_cmake_gtest: 1.3.12 (/opt/ros/humble/share/ament_cmake_gtest/cmake)
[8.080s] -- Found gtest sources under '/opt/ros/humble/src/gtest_vendor': C++ tests using 'Google Test' will be built
[8.080s] [0mCMake Deprecation Warning at /opt/ros/humble/src/gmock_vendor/CMakeLists.txt:2 (cmake_minimum_required):
[8.085s]   Compatibility with CMake < 3.10 will be removed from a future version of
[8.085s]   CMake.
[8.086s] 
[8.086s]   Update the VERSION argument <min> value.  Or, use the <min>...<max> syntax
[8.086s]   to tell CMake that the project requires at least <min> but has been updated
[8.086s]   to work with policies introduced by <max> or earlier.
[8.086s] 
[8.086s] [0m
[8.087s] [0mCMake Deprecation Warning at /opt/ros/humble/src/gtest_vendor/CMakeLists.txt:2 (cmake_minimum_required):
[8.087s]   Compatibility with CMake < 3.10 will be removed from a future version of
[8.087s]   CMake.
[8.087s] 
[8.087s]   Update the VERSION argument <min> value.  Or, use the <min>...<max> syntax
[8.087s]   to tell CMake that the project requires at least <min> but has been updated
[8.087s]   to work with policies introduced by <max> or earlier.
[8.088s] 
[8.088s] [0m
[8.306s] -- Configuring done (8.0s)
[8.441s] -- Generating done (0.1s)
[8.466s] -- Build files have been written to: /home/libok/um_file/build/effort_controllers
[8.519s] Invoked command in '/home/libok/um_file/build/effort_controllers' returned '0': CMAKE_PREFIX_PATH=/home/libok/um_file/install/forward_command_controller:/home/libok/um_file/install/ur:/home/libok/um_file/install/ur_calibration:/home/libok/um_file/install/ur_robot_driver:/home/libok/um_file/install/ur_bringup:/home/libok/um_file/install/robotiq_description:/home/libok/um_file/install/ros2_controllers:/home/libok/um_file/install/velocity_controllers:/home/libok/um_file/install/ur_controllers:/home/libok/um_file/install/ur_msgs:/home/libok/um_file/install/ur_moveit_config:/home/libok/um_file/install/ur_dashboard_msgs:/home/libok/um_file/install/tricycle_steering_controller:/home/libok/um_file/install/tricycle_controller:/home/libok/um_file/install/bicycle_steering_controller:/home/libok/um_file/install/ackermann_steering_controller:/home/libok/um_file/install/steering_controllers_library:/home/libok/um_file/install/robotiq_hardware_tests:/home/libok/um_file/install/robotiq_driver:/home/libok/um_file/install/serial:/home/libok/um_file/install/ros2srrc_robots:/home/libok/um_file/install/ros2srrc_moveit:/home/libok/um_file/install/ros2srrc_launch:/home/libok/um_file/install/ros2srrc_gazebo:/home/libok/um_file/install/ros2srrc_endeffectors:/home/libok/um_file/install/ros2srrc_data:/home/libok/um_file/install/robotiq_controllers:/home/libok/um_file/install/range_sensor_broadcaster:/home/libok/um_file/install/position_controllers:/home/libok/um_file/install/pose_broadcaster:/home/libok/um_file/install/pid_controller:/home/libok/um_file/install/mecanum_drive_controller:/home/libok/um_file/install/joint_trajectory_controller:/home/libok/um_file/install/joint_state_broadcaster:/home/libok/um_file/install/imu_sensor_broadcaster:/home/libok/um_file/install/gripper_controllers:/home/libok/um_file/install/gpio_controllers:/home/libok/um_file/install/effort_controllers:/home/libok/um_file/install/force_torque_sensor_broadcaster:/home/libok/um_file/install/diff_drive_controller:/home/libok/um_file/install/admittance_controller:/opt/ros/humble LD_LIBRARY_PATH=/home/libok/um_file/install/forward_command_controller/lib:/home/libok/um_file/install/ur_robot_driver/lib:/home/libok/um_file/install/velocity_controllers/lib:/home/libok/um_file/install/ur_controllers/lib:/home/libok/um_file/install/ur_msgs/lib:/home/libok/um_file/install/ur_dashboard_msgs/lib:/home/libok/um_file/install/tricycle_steering_controller/lib:/home/libok/um_file/install/tricycle_controller/lib:/home/libok/um_file/install/bicycle_steering_controller/lib:/home/libok/um_file/install/ackermann_steering_controller/lib:/home/libok/um_file/install/steering_controllers_library/lib:/home/libok/um_file/install/robotiq_driver/lib:/home/libok/um_file/install/serial/lib:/home/libok/um_file/install/ros2srrc_data/lib:/home/libok/um_file/install/robotiq_controllers/lib:/home/libok/um_file/install/range_sensor_broadcaster/lib:/home/libok/um_file/install/position_controllers/lib:/home/libok/um_file/install/pose_broadcaster/lib:/home/libok/um_file/install/pid_controller/lib:/home/libok/um_file/install/mecanum_drive_controller/lib:/home/libok/um_file/install/joint_trajectory_controller/lib:/home/libok/um_file/install/joint_state_broadcaster/lib:/home/libok/um_file/install/imu_sensor_broadcaster/lib:/home/libok/um_file/install/gripper_controllers/lib:/home/libok/um_file/install/gpio_controllers/lib:/home/libok/um_file/install/effort_controllers/lib:/home/libok/um_file/install/force_torque_sensor_broadcaster/lib:/home/libok/um_file/install/diff_drive_controller/lib:/home/libok/um_file/install/admittance_controller/lib:/usr/lib/x86_64-linux-gnu/gazebo-11/plugins:/opt/ros/humble/opt/rviz_ogre_vendor/lib:/opt/ros/humble/lib/x86_64-linux-gnu:/opt/ros/humble/lib:/home/libok/.mujoco/mujoco210/bin:/usr/lib/nvidia:/home/libok/.mujoco/mujoco210/bin:/usr/lib/nvidia /usr/local/bin/cmake /home/libok/um_file/ros2_controllers/effort_controllers -DCMAKE_INSTALL_PREFIX=/home/libok/um_file/install/effort_controllers
[8.523s] Invoking command in '/home/libok/um_file/build/effort_controllers': CMAKE_PREFIX_PATH=/home/libok/um_file/install/forward_command_controller:/home/libok/um_file/install/ur:/home/libok/um_file/install/ur_calibration:/home/libok/um_file/install/ur_robot_driver:/home/libok/um_file/install/ur_bringup:/home/libok/um_file/install/robotiq_description:/home/libok/um_file/install/ros2_controllers:/home/libok/um_file/install/velocity_controllers:/home/libok/um_file/install/ur_controllers:/home/libok/um_file/install/ur_msgs:/home/libok/um_file/install/ur_moveit_config:/home/libok/um_file/install/ur_dashboard_msgs:/home/libok/um_file/install/tricycle_steering_controller:/home/libok/um_file/install/tricycle_controller:/home/libok/um_file/install/bicycle_steering_controller:/home/libok/um_file/install/ackermann_steering_controller:/home/libok/um_file/install/steering_controllers_library:/home/libok/um_file/install/robotiq_hardware_tests:/home/libok/um_file/install/robotiq_driver:/home/libok/um_file/install/serial:/home/libok/um_file/install/ros2srrc_robots:/home/libok/um_file/install/ros2srrc_moveit:/home/libok/um_file/install/ros2srrc_launch:/home/libok/um_file/install/ros2srrc_gazebo:/home/libok/um_file/install/ros2srrc_endeffectors:/home/libok/um_file/install/ros2srrc_data:/home/libok/um_file/install/robotiq_controllers:/home/libok/um_file/install/range_sensor_broadcaster:/home/libok/um_file/install/position_controllers:/home/libok/um_file/install/pose_broadcaster:/home/libok/um_file/install/pid_controller:/home/libok/um_file/install/mecanum_drive_controller:/home/libok/um_file/install/joint_trajectory_controller:/home/libok/um_file/install/joint_state_broadcaster:/home/libok/um_file/install/imu_sensor_broadcaster:/home/libok/um_file/install/gripper_controllers:/home/libok/um_file/install/gpio_controllers:/home/libok/um_file/install/effort_controllers:/home/libok/um_file/install/force_torque_sensor_broadcaster:/home/libok/um_file/install/diff_drive_controller:/home/libok/um_file/install/admittance_controller:/opt/ros/humble LD_LIBRARY_PATH=/home/libok/um_file/install/forward_command_controller/lib:/home/libok/um_file/install/ur_robot_driver/lib:/home/libok/um_file/install/velocity_controllers/lib:/home/libok/um_file/install/ur_controllers/lib:/home/libok/um_file/install/ur_msgs/lib:/home/libok/um_file/install/ur_dashboard_msgs/lib:/home/libok/um_file/install/tricycle_steering_controller/lib:/home/libok/um_file/install/tricycle_controller/lib:/home/libok/um_file/install/bicycle_steering_controller/lib:/home/libok/um_file/install/ackermann_steering_controller/lib:/home/libok/um_file/install/steering_controllers_library/lib:/home/libok/um_file/install/robotiq_driver/lib:/home/libok/um_file/install/serial/lib:/home/libok/um_file/install/ros2srrc_data/lib:/home/libok/um_file/install/robotiq_controllers/lib:/home/libok/um_file/install/range_sensor_broadcaster/lib:/home/libok/um_file/install/position_controllers/lib:/home/libok/um_file/install/pose_broadcaster/lib:/home/libok/um_file/install/pid_controller/lib:/home/libok/um_file/install/mecanum_drive_controller/lib:/home/libok/um_file/install/joint_trajectory_controller/lib:/home/libok/um_file/install/joint_state_broadcaster/lib:/home/libok/um_file/install/imu_sensor_broadcaster/lib:/home/libok/um_file/install/gripper_controllers/lib:/home/libok/um_file/install/gpio_controllers/lib:/home/libok/um_file/install/effort_controllers/lib:/home/libok/um_file/install/force_torque_sensor_broadcaster/lib:/home/libok/um_file/install/diff_drive_controller/lib:/home/libok/um_file/install/admittance_controller/lib:/usr/lib/x86_64-linux-gnu/gazebo-11/plugins:/opt/ros/humble/opt/rviz_ogre_vendor/lib:/opt/ros/humble/lib/x86_64-linux-gnu:/opt/ros/humble/lib:/home/libok/.mujoco/mujoco210/bin:/usr/lib/nvidia:/home/libok/.mujoco/mujoco210/bin:/usr/lib/nvidia /usr/local/bin/cmake --build /home/libok/um_file/build/effort_controllers -- -j18 -l18
[10.684s] [  9%] [32mBuilding CXX object CMakeFiles/effort_controllers.dir/src/joint_group_effort_controller.cpp.o[0m
[18.403s] [ 18%] [32m[1mLinking CXX shared library libeffort_controllers.so[0m
[19.022s] [ 18%] Built target effort_controllers
[19.082s] [ 27%] [32mBuilding CXX object gmock/CMakeFiles/gmock.dir/opt/ros/humble/src/gtest_vendor/src/gtest-all.cc.o[0m
[34.913s] [ 36%] [32mBuilding CXX object gmock/CMakeFiles/gmock.dir/src/gmock-all.cc.o[0m
[41.524s] [ 45%] [32m[1mLinking CXX static library libgmock.a[0m
[41.721s] [ 45%] Built target gmock
[41.758s] [ 54%] [32mBuilding CXX object gmock/CMakeFiles/gmock_main.dir/src/gmock_main.cc.o[0m
[44.943s] [ 63%] [32m[1mLinking CXX static library libgmock_main.a[0m
[45.049s] [ 63%] Built target gmock_main
[45.081s] [ 72%] [32mBuilding CXX object CMakeFiles/test_load_joint_group_effort_controller.dir/test/test_load_joint_group_effort_controller.cpp.o[0m
[58.249s] [ 81%] [32m[1mLinking CXX executable test_load_joint_group_effort_controller[0m
[58.719s] [ 81%] Built target test_load_joint_group_effort_controller
[58.746s] [ 90%] [32mBuilding CXX object CMakeFiles/test_joint_group_effort_controller.dir/test/test_joint_group_effort_controller.cpp.o[0m
[80.389s] [100%] [32m[1mLinking CXX executable test_joint_group_effort_controller[0m
[81.462s] [100%] Built target test_joint_group_effort_controller
