-- The CXX compiler identification is GNU 11.4.0
-- Detecting CXX compiler ABI info
-- Detecting CXX compiler ABI info - done
-- Check for working CXX compiler: /usr/bin/c++ - skipped
-- Detecting CXX compile features
-- Detecting CXX compile features - done
-- Found ament_cmake: 1.3.12 (/opt/ros/humble/share/ament_cmake/cmake)
-- Found Python3: /usr/bin/python3 (found version "3.10.12") found components: Interpreter
-- Found control_msgs: 4.8.0 (/opt/ros/humble/share/control_msgs/cmake)
-- Found rosidl_generator_c: 3.1.8 (/opt/ros/humble/share/rosidl_generator_c/cmake)
-- Found rosidl_adapter: 3.1.8 (/opt/ros/humble/share/rosidl_adapter/cmake)
-- Found rosidl_generator_cpp: 3.1.8 (/opt/ros/humble/share/rosidl_generator_cpp/cmake)
-- Using all available rosidl_typesupport_c: rosidl_typesupport_fastrtps_c;rosidl_typesupport_introspection_c
-- Using all available rosidl_typesupport_cpp: rosidl_typesupport_fastrtps_cpp;rosidl_typesupport_introspection_cpp
-- Found control_toolbox: 3.6.3 (/opt/ros/humble/share/control_toolbox/cmake)
-- Found rmw_implementation_cmake: 6.1.2 (/opt/ros/humble/share/rmw_implementation_cmake/cmake)
-- Found rmw_fastrtps_cpp: 6.2.9 (/opt/ros/humble/share/rmw_fastrtps_cpp/cmake)
-- Found OpenSSL: /usr/lib/x86_64-linux-gnu/libcrypto.so (found version "3.0.2")
-- Found FastRTPS: /opt/ros/humble/include
-- Using RMW implementation 'rmw_fastrtps_cpp' as default
-- Performing Test CMAKE_HAVE_LIBC_PTHREAD
-- Performing Test CMAKE_HAVE_LIBC_PTHREAD - Success
-- Found Threads: TRUE
-- Found controller_interface: 2.53.0 (/opt/ros/humble/share/controller_interface/cmake)
-- Found ament_cmake_gmock: 1.3.12 (/opt/ros/humble/share/ament_cmake_gmock/cmake)
-- Found controller_manager: 2.53.0 (/opt/ros/humble/share/controller_manager/cmake)
-- Found ros2_control_test_assets: 2.53.0 (/opt/ros/humble/share/ros2_control_test_assets/cmake)
-- Found gmock sources under '/opt/ros/humble/src/gmock_vendor': C++ tests using 'Google Mock' will be built
-- The C compiler identification is GNU 11.4.0
-- Detecting C compiler ABI info
[33mCMake Warning (dev) at /opt/ros/humble/share/filters/cmake/ament_cmake_export_dependencies-extras.cmake:21 (find_package):
  Policy CMP0167 is not set: The FindBoost module is removed.  Run "cmake
  --help-policy CMP0167" for policy details.  Use the cmake_policy command to
  set the policy and suppress this warning.

Call Stack (most recent call first):
  /opt/ros/humble/share/filters/cmake/filtersConfig.cmake:41 (include)
  /opt/ros/humble/share/control_toolbox/cmake/ament_cmake_export_dependencies-extras.cmake:21 (find_package)
  /opt/ros/humble/share/control_toolbox/cmake/control_toolboxConfig.cmake:41 (include)
  CMakeLists.txt:28 (find_package)
This warning is for project developers.  Use -Wno-dev to suppress it.
[0m
-- Detecting C compiler ABI info - done
-- Check for working C compiler: /usr/bin/cc - skipped
-- Detecting C compile features
-- Detecting C compile features - done
[0mCMake Deprecation Warning at /opt/ros/humble/src/gmock_vendor/CMakeLists.txt:2 (cmake_minimum_required):
  Compatibility with CMake < 3.10 will be removed from a future version of
  CMake.

  Update the VERSION argument <min> value.  Or, use the <min>...<max> syntax
  to tell CMake that the project requires at least <min> but has been updated
  to work with policies introduced by <max> or earlier.

[0m
-- Found ament_cmake_gtest: 1.3.12 (/opt/ros/humble/share/ament_cmake_gtest/cmake)
-- Found gtest sources under '/opt/ros/humble/src/gtest_vendor': C++ tests using 'Google Test' will be built
[0mCMake Deprecation Warning at /opt/ros/humble/src/gtest_vendor/CMakeLists.txt:2 (cmake_minimum_required):
  Compatibility with CMake < 3.10 will be removed from a future version of
  CMake.

  Update the VERSION argument <min> value.  Or, use the <min>...<max> syntax
  to tell CMake that the project requires at least <min> but has been updated
  to work with policies introduced by <max> or earlier.

[0m
-- Configuring done (3.0s)
-- Generating done (0.2s)
-- Build files have been written to: /home/libok/um_file/build/gripper_controllers
[  7%] [32mBuilding CXX object gmock/CMakeFiles/gmock_main.dir/src/gmock_main.cc.o[0m
[ 15%] [34m[1mRunning `/opt/ros/humble/bin/generate_parameter_library_cpp /home/libok/um_file/build/gripper_controllers/include/gripper_controllers/gripper_action_controller_parameters.hpp /home/libok/um_file/ros2_controllers/gripper_controllers/src/gripper_action_controller_parameters.yaml `[0m
[ 23%] [32mBuilding CXX object gmock/CMakeFiles/gmock.dir/src/gmock-all.cc.o[0m
[ 30%] [32mBuilding CXX object gmock/CMakeFiles/gmock.dir/opt/ros/humble/src/gtest_vendor/src/gtest-all.cc.o[0m
[ 38%] [34m[1mCreating deprecated header file /home/libok/um_file/build/gripper_controllers/include/gripper_action_controller_parameters.hpp[0m
[ 38%] Built target gripper_action_controller_parameters
[ 46%] [32mBuilding CXX object CMakeFiles/gripper_action_controller.dir/src/gripper_action_controller.cpp.o[0m
[ 53%] [32m[1mLinking CXX static library libgmock_main.a[0m
[ 53%] Built target gmock_main
[ 61%] [32m[1mLinking CXX static library libgmock.a[0m
[ 61%] Built target gmock
[ 69%] [32m[1mLinking CXX shared library libgripper_action_controller.so[0m
[ 69%] Built target gripper_action_controller
[ 76%] [32mBuilding CXX object CMakeFiles/test_load_gripper_action_controllers.dir/test/test_load_gripper_action_controllers.cpp.o[0m
[ 84%] [32m[1mLinking CXX executable test_load_gripper_action_controllers[0m
[ 84%] Built target test_load_gripper_action_controllers
[ 92%] [32mBuilding CXX object CMakeFiles/test_gripper_controllers.dir/test/test_gripper_controllers.cpp.o[0m
[100%] [32m[1mLinking CXX executable test_gripper_controllers[0m
[100%] Built target test_gripper_controllers
-- Install configuration: ""
-- Installing: /home/libok/um_file/install/gripper_controllers/include/gripper_controllers
-- Installing: /home/libok/um_file/install/gripper_controllers/include/gripper_controllers/gripper_action_controller_parameters.hpp
-- Installing: /home/libok/um_file/install/gripper_controllers/share/gripper_controllers/ros_control_plugins.xml
-- Installing: /home/libok/um_file/install/gripper_controllers/include/gripper_action_controller
-- Installing: /home/libok/um_file/install/gripper_controllers/include/gripper_action_controller/gripper_controllers
-- Installing: /home/libok/um_file/install/gripper_controllers/include/gripper_action_controller/gripper_controllers/gripper_action_controller_impl.hpp
-- Installing: /home/libok/um_file/install/gripper_controllers/include/gripper_action_controller/gripper_controllers/hardware_interface_adapter.hpp
-- Installing: /home/libok/um_file/install/gripper_controllers/include/gripper_action_controller/gripper_controllers/gripper_action_controller.hpp
-- Installing: /home/libok/um_file/install/gripper_controllers/include/gripper_action_controller/gripper_controllers/visibility_control.hpp
-- Installing: /home/libok/um_file/install/gripper_controllers/lib/libgripper_action_controller.so
-- Set non-toolchain portion of runtime path of "/home/libok/um_file/install/gripper_controllers/lib/libgripper_action_controller.so" to ""
-- Installing: /home/libok/um_file/install/gripper_controllers/share/gripper_controllers/environment/library_path.sh
-- Installing: /home/libok/um_file/install/gripper_controllers/share/gripper_controllers/environment/library_path.dsv
-- Installing: /home/libok/um_file/install/gripper_controllers/share/ament_index/resource_index/package_run_dependencies/gripper_controllers
-- Installing: /home/libok/um_file/install/gripper_controllers/share/ament_index/resource_index/parent_prefix_path/gripper_controllers
-- Installing: /home/libok/um_file/install/gripper_controllers/share/gripper_controllers/environment/ament_prefix_path.sh
-- Installing: /home/libok/um_file/install/gripper_controllers/share/gripper_controllers/environment/ament_prefix_path.dsv
-- Installing: /home/libok/um_file/install/gripper_controllers/share/gripper_controllers/environment/path.sh
-- Installing: /home/libok/um_file/install/gripper_controllers/share/gripper_controllers/environment/path.dsv
-- Installing: /home/libok/um_file/install/gripper_controllers/share/gripper_controllers/local_setup.bash
-- Installing: /home/libok/um_file/install/gripper_controllers/share/gripper_controllers/local_setup.sh
-- Installing: /home/libok/um_file/install/gripper_controllers/share/gripper_controllers/local_setup.zsh
-- Installing: /home/libok/um_file/install/gripper_controllers/share/gripper_controllers/local_setup.dsv
-- Installing: /home/libok/um_file/install/gripper_controllers/share/gripper_controllers/package.dsv
-- Installing: /home/libok/um_file/install/gripper_controllers/share/ament_index/resource_index/packages/gripper_controllers
-- Installing: /home/libok/um_file/install/gripper_controllers/share/ament_index/resource_index/controller_interface__pluginlib__plugin/gripper_controllers
-- Installing: /home/libok/um_file/install/gripper_controllers/share/gripper_controllers/cmake/export_gripper_action_controllerExport.cmake
-- Installing: /home/libok/um_file/install/gripper_controllers/share/gripper_controllers/cmake/export_gripper_action_controllerExport-noconfig.cmake
-- Installing: /home/libok/um_file/install/gripper_controllers/share/gripper_controllers/cmake/ament_cmake_export_dependencies-extras.cmake
-- Installing: /home/libok/um_file/install/gripper_controllers/share/gripper_controllers/cmake/ament_cmake_export_targets-extras.cmake
-- Installing: /home/libok/um_file/install/gripper_controllers/share/gripper_controllers/cmake/gripper_controllersConfig.cmake
-- Installing: /home/libok/um_file/install/gripper_controllers/share/gripper_controllers/cmake/gripper_controllersConfig-version.cmake
-- Installing: /home/libok/um_file/install/gripper_controllers/share/gripper_controllers/package.xml
