[0.043s] Invoking command in '/home/libok/um_file/build/gripper_controllers': CMAKE_PREFIX_PATH=${CMAKE_PREFIX_PATH}:/opt/ros/humble /usr/local/bin/cmake /home/libok/um_file/ros2_controllers/gripper_controllers -DCMAKE_INSTALL_PREFIX=/home/libok/um_file/install/gripper_controllers
[2.594s] -- The CXX compiler identification is GNU 11.4.0
[2.594s] -- Detecting CXX compiler ABI info
[2.594s] -- Detecting CXX compiler ABI info - done
[2.594s] -- Check for working CXX compiler: /usr/bin/c++ - skipped
[2.595s] -- Detecting CXX compile features
[2.595s] -- Detecting CXX compile features - done
[2.595s] -- Found ament_cmake: 1.3.12 (/opt/ros/humble/share/ament_cmake/cmake)
[2.595s] -- Found Python3: /usr/bin/python3 (found version "3.10.12") found components: Interpreter
[2.595s] -- Found control_msgs: 4.8.0 (/opt/ros/humble/share/control_msgs/cmake)
[2.595s] -- Found rosidl_generator_c: 3.1.8 (/opt/ros/humble/share/rosidl_generator_c/cmake)
[2.596s] -- Found rosidl_adapter: 3.1.8 (/opt/ros/humble/share/rosidl_adapter/cmake)
[2.596s] -- Found rosidl_generator_cpp: 3.1.8 (/opt/ros/humble/share/rosidl_generator_cpp/cmake)
[2.596s] -- Using all available rosidl_typesupport_c: rosidl_typesupport_fastrtps_c;rosidl_typesupport_introspection_c
[2.596s] -- Using all available rosidl_typesupport_cpp: rosidl_typesupport_fastrtps_cpp;rosidl_typesupport_introspection_cpp
[2.596s] -- Found control_toolbox: 3.6.3 (/opt/ros/humble/share/control_toolbox/cmake)
[2.596s] -- Found rmw_implementation_cmake: 6.1.2 (/opt/ros/humble/share/rmw_implementation_cmake/cmake)
[2.596s] -- Found rmw_fastrtps_cpp: 6.2.9 (/opt/ros/humble/share/rmw_fastrtps_cpp/cmake)
[2.596s] -- Found OpenSSL: /usr/lib/x86_64-linux-gnu/libcrypto.so (found version "3.0.2")
[2.596s] -- Found FastRTPS: /opt/ros/humble/include
[2.596s] -- Using RMW implementation 'rmw_fastrtps_cpp' as default
[2.597s] -- Performing Test CMAKE_HAVE_LIBC_PTHREAD
[2.597s] -- Performing Test CMAKE_HAVE_LIBC_PTHREAD - Success
[2.597s] -- Found Threads: TRUE
[2.597s] -- Found controller_interface: 2.53.0 (/opt/ros/humble/share/controller_interface/cmake)
[2.597s] -- Found ament_cmake_gmock: 1.3.12 (/opt/ros/humble/share/ament_cmake_gmock/cmake)
[2.597s] -- Found controller_manager: 2.53.0 (/opt/ros/humble/share/controller_manager/cmake)
[2.597s] -- Found ros2_control_test_assets: 2.53.0 (/opt/ros/humble/share/ros2_control_test_assets/cmake)
[2.601s] -- Found gmock sources under '/opt/ros/humble/src/gmock_vendor': C++ tests using 'Google Mock' will be built
[2.602s] -- The C compiler identification is GNU 11.4.0
[2.602s] -- Detecting C compiler ABI info
[2.602s] [33mCMake Warning (dev) at /opt/ros/humble/share/filters/cmake/ament_cmake_export_dependencies-extras.cmake:21 (find_package):
[2.605s]   Policy CMP0167 is not set: The FindBoost module is removed.  Run "cmake
[2.606s]   --help-policy CMP0167" for policy details.  Use the cmake_policy command to
[2.606s]   set the policy and suppress this warning.
[2.606s] 
[2.606s] Call Stack (most recent call first):
[2.606s]   /opt/ros/humble/share/filters/cmake/filtersConfig.cmake:41 (include)
[2.606s]   /opt/ros/humble/share/control_toolbox/cmake/ament_cmake_export_dependencies-extras.cmake:21 (find_package)
[2.606s]   /opt/ros/humble/share/control_toolbox/cmake/control_toolboxConfig.cmake:41 (include)
[2.606s]   CMakeLists.txt:28 (find_package)
[2.607s] This warning is for project developers.  Use -Wno-dev to suppress it.
[2.607s] [0m
[2.733s] -- Detecting C compiler ABI info - done
[2.739s] -- Check for working C compiler: /usr/bin/cc - skipped
[2.739s] -- Detecting C compile features
[2.739s] -- Detecting C compile features - done
[2.760s] [0mCMake Deprecation Warning at /opt/ros/humble/src/gmock_vendor/CMakeLists.txt:2 (cmake_minimum_required):
[2.760s]   Compatibility with CMake < 3.10 will be removed from a future version of
[2.760s]   CMake.
[2.760s] 
[2.760s]   Update the VERSION argument <min> value.  Or, use the <min>...<max> syntax
[2.760s]   to tell CMake that the project requires at least <min> but has been updated
[2.762s]   to work with policies introduced by <max> or earlier.
[2.762s] 
[2.762s] [0m
[2.763s] -- Found ament_cmake_gtest: 1.3.12 (/opt/ros/humble/share/ament_cmake_gtest/cmake)
[2.765s] -- Found gtest sources under '/opt/ros/humble/src/gtest_vendor': C++ tests using 'Google Test' will be built
[2.778s] [0mCMake Deprecation Warning at /opt/ros/humble/src/gtest_vendor/CMakeLists.txt:2 (cmake_minimum_required):
[2.778s]   Compatibility with CMake < 3.10 will be removed from a future version of
[2.783s]   CMake.
[2.783s] 
[2.784s]   Update the VERSION argument <min> value.  Or, use the <min>...<max> syntax
[2.784s]   to tell CMake that the project requires at least <min> but has been updated
[2.784s]   to work with policies introduced by <max> or earlier.
[2.784s] 
[2.786s] [0m
[3.020s] -- Configuring done (3.0s)
[3.256s] -- Generating done (0.2s)
[3.295s] -- Build files have been written to: /home/libok/um_file/build/gripper_controllers
[3.396s] Invoked command in '/home/libok/um_file/build/gripper_controllers' returned '0': CMAKE_PREFIX_PATH=${CMAKE_PREFIX_PATH}:/opt/ros/humble /usr/local/bin/cmake /home/libok/um_file/ros2_controllers/gripper_controllers -DCMAKE_INSTALL_PREFIX=/home/libok/um_file/install/gripper_controllers
[3.397s] Invoking command in '/home/libok/um_file/build/gripper_controllers': CMAKE_PREFIX_PATH=${CMAKE_PREFIX_PATH}:/opt/ros/humble /usr/local/bin/cmake --build /home/libok/um_file/build/gripper_controllers -- -j18 -l18
[14.295s] [  7%] [32mBuilding CXX object gmock/CMakeFiles/gmock_main.dir/src/gmock_main.cc.o[0m
[14.296s] [ 15%] [34m[1mRunning `/opt/ros/humble/bin/generate_parameter_library_cpp /home/libok/um_file/build/gripper_controllers/include/gripper_controllers/gripper_action_controller_parameters.hpp /home/libok/um_file/ros2_controllers/gripper_controllers/src/gripper_action_controller_parameters.yaml `[0m
[14.296s] [ 23%] [32mBuilding CXX object gmock/CMakeFiles/gmock.dir/src/gmock-all.cc.o[0m
[14.296s] [ 30%] [32mBuilding CXX object gmock/CMakeFiles/gmock.dir/opt/ros/humble/src/gtest_vendor/src/gtest-all.cc.o[0m
[14.296s] [ 38%] [34m[1mCreating deprecated header file /home/libok/um_file/build/gripper_controllers/include/gripper_action_controller_parameters.hpp[0m
[14.296s] [ 38%] Built target gripper_action_controller_parameters
[14.296s] [ 46%] [32mBuilding CXX object CMakeFiles/gripper_action_controller.dir/src/gripper_action_controller.cpp.o[0m
[14.297s] [ 53%] [32m[1mLinking CXX static library libgmock_main.a[0m
[14.297s] [ 53%] Built target gmock_main
[20.018s] [ 61%] [32m[1mLinking CXX static library libgmock.a[0m
[21.813s] [ 61%] Built target gmock
[50.580s] [ 69%] [32m[1mLinking CXX shared library libgripper_action_controller.so[0m
[52.082s] [ 69%] Built target gripper_action_controller
[52.156s] [ 76%] [32mBuilding CXX object CMakeFiles/test_load_gripper_action_controllers.dir/test/test_load_gripper_action_controllers.cpp.o[0m
[72.291s] [ 84%] [32m[1mLinking CXX executable test_load_gripper_action_controllers[0m
[73.769s] [ 84%] Built target test_load_gripper_action_controllers
[73.822s] [ 92%] [32mBuilding CXX object CMakeFiles/test_gripper_controllers.dir/test/test_gripper_controllers.cpp.o[0m
[106.314s] [100%] [32m[1mLinking CXX executable test_gripper_controllers[0m
[110.122s] [100%] Built target test_gripper_controllers
[110.245s] Invoked command in '/home/libok/um_file/build/gripper_controllers' returned '0': CMAKE_PREFIX_PATH=${CMAKE_PREFIX_PATH}:/opt/ros/humble /usr/local/bin/cmake --build /home/libok/um_file/build/gripper_controllers -- -j18 -l18
[110.249s] Invoking command in '/home/libok/um_file/build/gripper_controllers': CMAKE_PREFIX_PATH=${CMAKE_PREFIX_PATH}:/opt/ros/humble /usr/local/bin/cmake --install /home/libok/um_file/build/gripper_controllers
[137.159s] -- Install configuration: ""
[137.159s] -- Installing: /home/libok/um_file/install/gripper_controllers/include/gripper_controllers
[137.160s] -- Installing: /home/libok/um_file/install/gripper_controllers/include/gripper_controllers/gripper_action_controller_parameters.hpp
[137.160s] -- Installing: /home/libok/um_file/install/gripper_controllers/share/gripper_controllers/ros_control_plugins.xml
[137.160s] -- Installing: /home/libok/um_file/install/gripper_controllers/include/gripper_action_controller
[137.160s] -- Installing: /home/libok/um_file/install/gripper_controllers/include/gripper_action_controller/gripper_controllers
[137.160s] -- Installing: /home/libok/um_file/install/gripper_controllers/include/gripper_action_controller/gripper_controllers/gripper_action_controller_impl.hpp
[137.160s] -- Installing: /home/libok/um_file/install/gripper_controllers/include/gripper_action_controller/gripper_controllers/hardware_interface_adapter.hpp
[137.160s] -- Installing: /home/libok/um_file/install/gripper_controllers/include/gripper_action_controller/gripper_controllers/gripper_action_controller.hpp
[137.160s] -- Installing: /home/libok/um_file/install/gripper_controllers/include/gripper_action_controller/gripper_controllers/visibility_control.hpp
[137.161s] -- Installing: /home/libok/um_file/install/gripper_controllers/lib/libgripper_action_controller.so
[137.163s] -- Set non-toolchain portion of runtime path of "/home/libok/um_file/install/gripper_controllers/lib/libgripper_action_controller.so" to ""
[137.164s] -- Installing: /home/libok/um_file/install/gripper_controllers/share/gripper_controllers/environment/library_path.sh
[137.165s] -- Installing: /home/libok/um_file/install/gripper_controllers/share/gripper_controllers/environment/library_path.dsv
[137.165s] -- Installing: /home/libok/um_file/install/gripper_controllers/share/ament_index/resource_index/package_run_dependencies/gripper_controllers
[137.166s] -- Installing: /home/libok/um_file/install/gripper_controllers/share/ament_index/resource_index/parent_prefix_path/gripper_controllers
[137.166s] -- Installing: /home/libok/um_file/install/gripper_controllers/share/gripper_controllers/environment/ament_prefix_path.sh
[137.166s] -- Installing: /home/libok/um_file/install/gripper_controllers/share/gripper_controllers/environment/ament_prefix_path.dsv
[137.166s] -- Installing: /home/libok/um_file/install/gripper_controllers/share/gripper_controllers/environment/path.sh
[137.167s] -- Installing: /home/libok/um_file/install/gripper_controllers/share/gripper_controllers/environment/path.dsv
[137.169s] -- Installing: /home/libok/um_file/install/gripper_controllers/share/gripper_controllers/local_setup.bash
[137.169s] -- Installing: /home/libok/um_file/install/gripper_controllers/share/gripper_controllers/local_setup.sh
[137.171s] -- Installing: /home/libok/um_file/install/gripper_controllers/share/gripper_controllers/local_setup.zsh
[137.174s] -- Installing: /home/libok/um_file/install/gripper_controllers/share/gripper_controllers/local_setup.dsv
[137.176s] -- Installing: /home/libok/um_file/install/gripper_controllers/share/gripper_controllers/package.dsv
[137.176s] -- Installing: /home/libok/um_file/install/gripper_controllers/share/ament_index/resource_index/packages/gripper_controllers
[137.177s] -- Installing: /home/libok/um_file/install/gripper_controllers/share/ament_index/resource_index/controller_interface__pluginlib__plugin/gripper_controllers
[137.177s] -- Installing: /home/libok/um_file/install/gripper_controllers/share/gripper_controllers/cmake/export_gripper_action_controllerExport.cmake
[137.177s] -- Installing: /home/libok/um_file/install/gripper_controllers/share/gripper_controllers/cmake/export_gripper_action_controllerExport-noconfig.cmake
[137.177s] -- Installing: /home/libok/um_file/install/gripper_controllers/share/gripper_controllers/cmake/ament_cmake_export_dependencies-extras.cmake
[137.178s] -- Installing: /home/libok/um_file/install/gripper_controllers/share/gripper_controllers/cmake/ament_cmake_export_targets-extras.cmake
[137.178s] -- Installing: /home/libok/um_file/install/gripper_controllers/share/gripper_controllers/cmake/gripper_controllersConfig.cmake
[137.178s] -- Installing: /home/libok/um_file/install/gripper_controllers/share/gripper_controllers/cmake/gripper_controllersConfig-version.cmake
[137.178s] -- Installing: /home/libok/um_file/install/gripper_controllers/share/gripper_controllers/package.xml
[137.281s] Invoked command in '/home/libok/um_file/build/gripper_controllers' returned '0': CMAKE_PREFIX_PATH=${CMAKE_PREFIX_PATH}:/opt/ros/humble /usr/local/bin/cmake --install /home/libok/um_file/build/gripper_controllers
