[0.081s] Invoking command in '/home/libok/um_file/build/tricycle_controller': CMAKE_PREFIX_PATH=${CMAKE_PREFIX_PATH}:/opt/ros/humble /usr/local/bin/cmake /home/libok/um_file/ros2_controllers/tricycle_controller -DCMAKE_INSTALL_PREFIX=/home/libok/um_file/install/tricycle_controller
[2.776s] -- The CXX compiler identification is GNU 11.4.0
[2.776s] -- Detecting CXX compiler ABI info
[2.776s] -- Detecting CXX compiler ABI info - done
[2.776s] -- Check for working CXX compiler: /usr/bin/c++ - skipped
[2.776s] -- Detecting CXX compile features
[2.778s] -- Detecting CXX compile features - done
[2.778s] -- Found ament_cmake: 1.3.12 (/opt/ros/humble/share/ament_cmake/cmake)
[2.778s] -- Found Python3: /usr/bin/python3 (found version "3.10.12") found components: Interpreter
[2.778s] -- Found ackermann_msgs: 2.0.2 (/opt/ros/humble/share/ackermann_msgs/cmake)
[2.779s] -- Found rosidl_generator_c: 3.1.8 (/opt/ros/humble/share/rosidl_generator_c/cmake)
[2.779s] -- Found rosidl_adapter: 3.1.8 (/opt/ros/humble/share/rosidl_adapter/cmake)
[2.779s] -- Found rosidl_generator_cpp: 3.1.8 (/opt/ros/humble/share/rosidl_generator_cpp/cmake)
[2.779s] -- Using all available rosidl_typesupport_c: rosidl_typesupport_fastrtps_c;rosidl_typesupport_introspection_c
[2.779s] -- Using all available rosidl_typesupport_cpp: rosidl_typesupport_fastrtps_cpp;rosidl_typesupport_introspection_cpp
[2.779s] -- Found controller_interface: 2.53.0 (/opt/ros/humble/share/controller_interface/cmake)
[2.780s] -- Found rmw_implementation_cmake: 6.1.2 (/opt/ros/humble/share/rmw_implementation_cmake/cmake)
[2.780s] -- Found rmw_fastrtps_cpp: 6.2.9 (/opt/ros/humble/share/rmw_fastrtps_cpp/cmake)
[2.780s] -- Found TinyXML2 via Config file: TinyXML2_DIR-NOTFOUND
[2.780s] -- Found OpenSSL: /usr/lib/x86_64-linux-gnu/libcrypto.so (found version "3.0.2")
[2.780s] -- Found TinyXML2 via Config file: TinyXML2_DIR-NOTFOUND
[2.780s] -- Found FastRTPS: /opt/ros/humble/include
[2.780s] -- Found TinyXML2 via Config file: TinyXML2_DIR-NOTFOUND
[2.780s] -- Found TinyXML2 via Config file: TinyXML2_DIR-NOTFOUND
[2.780s] -- Using RMW implementation 'rmw_fastrtps_cpp' as default
[2.780s] -- Performing Test CMAKE_HAVE_LIBC_PTHREAD
[2.780s] -- Performing Test CMAKE_HAVE_LIBC_PTHREAD - Success
[2.780s] -- Found Threads: TRUE
[2.780s] -- Found nav_msgs: 4.9.0 (/opt/ros/humble/share/nav_msgs/cmake)
[2.780s] -- Found realtime_tools: 2.15.0 (/opt/ros/humble/share/realtime_tools/cmake)
[2.780s] -- Found std_srvs: 4.9.0 (/opt/ros/humble/share/std_srvs/cmake)
[2.780s] -- Found tf2: 0.25.18 (/opt/ros/humble/share/tf2/cmake)
[2.780s] -- Found tf2_msgs: 0.25.18 (/opt/ros/humble/share/tf2_msgs/cmake)
[2.780s] -- Found ament_cmake_gmock: 1.3.12 (/opt/ros/humble/share/ament_cmake_gmock/cmake)
[2.781s] -- Found controller_manager: 2.53.0 (/opt/ros/humble/share/controller_manager/cmake)
[2.781s] -- Found ros2_control_test_assets: 2.53.0 (/opt/ros/humble/share/ros2_control_test_assets/cmake)
[2.781s] -- Found gmock sources under '/opt/ros/humble/src/gmock_vendor': C++ tests using 'Google Mock' will be built
[2.781s] -- The C compiler identification is GNU 11.4.0
[2.781s] -- Detecting C compiler ABI info
[2.904s] -- Detecting C compiler ABI info - done
[2.959s] -- Check for working C compiler: /usr/bin/cc - skipped
[2.959s] -- Detecting C compile features
[2.965s] -- Detecting C compile features - done
[2.992s] [0mCMake Deprecation Warning at /opt/ros/humble/src/gmock_vendor/CMakeLists.txt:2 (cmake_minimum_required):
[2.992s]   Compatibility with CMake < 3.10 will be removed from a future version of
[2.993s]   CMake.
[2.993s] 
[2.993s]   Update the VERSION argument <min> value.  Or, use the <min>...<max> syntax
[2.993s]   to tell CMake that the project requires at least <min> but has been updated
[2.993s]   to work with policies introduced by <max> or earlier.
[2.993s] 
[2.993s] [0m
[3.000s] -- Found ament_cmake_gtest: 1.3.12 (/opt/ros/humble/share/ament_cmake_gtest/cmake)
[3.006s] -- Found gtest sources under '/opt/ros/humble/src/gtest_vendor': C++ tests using 'Google Test' will be built
[3.020s] [0mCMake Deprecation Warning at /opt/ros/humble/src/gtest_vendor/CMakeLists.txt:2 (cmake_minimum_required):
[3.020s]   Compatibility with CMake < 3.10 will be removed from a future version of
[3.020s]   CMake.
[3.026s] 
[3.026s]   Update the VERSION argument <min> value.  Or, use the <min>...<max> syntax
[3.026s]   to tell CMake that the project requires at least <min> but has been updated
[3.027s]   to work with policies introduced by <max> or earlier.
[3.027s] 
[3.027s] [0m
[3.295s] -- Configuring done (3.2s)
[3.392s] -- Generating done (0.1s)
[3.405s] -- Build files have been written to: /home/libok/um_file/build/tricycle_controller
[3.435s] Invoked command in '/home/libok/um_file/build/tricycle_controller' returned '0': CMAKE_PREFIX_PATH=${CMAKE_PREFIX_PATH}:/opt/ros/humble /usr/local/bin/cmake /home/libok/um_file/ros2_controllers/tricycle_controller -DCMAKE_INSTALL_PREFIX=/home/libok/um_file/install/tricycle_controller
[3.436s] Invoking command in '/home/libok/um_file/build/tricycle_controller': CMAKE_PREFIX_PATH=${CMAKE_PREFIX_PATH}:/opt/ros/humble /usr/local/bin/cmake --build /home/libok/um_file/build/tricycle_controller -- -j18 -l18
[110.213s] [  6%] [32mBuilding CXX object gmock/CMakeFiles/gmock.dir/opt/ros/humble/src/gtest_vendor/src/gtest-all.cc.o[0m
[110.217s] [ 12%] [32mBuilding CXX object CMakeFiles/tricycle_controller.dir/src/tricycle_controller.cpp.o[0m
[110.218s] [ 18%] [32mBuilding CXX object CMakeFiles/tricycle_controller.dir/src/odometry.cpp.o[0m
[110.218s] [ 25%] [32mBuilding CXX object gmock/CMakeFiles/gmock.dir/src/gmock-all.cc.o[0m
[110.219s] [ 31%] [32mBuilding CXX object CMakeFiles/tricycle_controller.dir/src/traction_limiter.cpp.o[0m
[110.219s] [ 37%] [32mBuilding CXX object CMakeFiles/tricycle_controller.dir/src/steering_limiter.cpp.o[0m
[110.219s] [ 43%] [32mBuilding CXX object gmock/CMakeFiles/gmock_main.dir/src/gmock_main.cc.o[0m
[110.219s] [ 50%] [32m[1mLinking CXX static library libgmock_main.a[0m
[110.220s] [ 50%] Built target gmock_main
[110.220s] [ 56%] [32m[1mLinking CXX static library libgmock.a[0m
[110.223s] [ 56%] Built target gmock
[110.224s] [ 62%] [32m[1mLinking CXX shared library libtricycle_controller.so[0m
[110.224s] [ 62%] Built target tricycle_controller
[110.225s] [ 68%] [32mBuilding CXX object CMakeFiles/test_tricycle_controller.dir/test/test_tricycle_controller.cpp.o[0m
[115.485s] [ 75%] [32m[1mLinking CXX executable test_tricycle_controller[0m
[118.000s] [ 75%] Built target test_tricycle_controller
[118.050s] [ 81%] [32mBuilding CXX object CMakeFiles/test_traction_limiter.dir/test/test_traction_limiter.cpp.o[0m
[122.595s] [ 87%] [32m[1mLinking CXX executable test_traction_limiter[0m
[124.289s] [ 87%] Built target test_traction_limiter
[124.328s] [ 93%] [32mBuilding CXX object CMakeFiles/test_load_tricycle_controller.dir/test/test_load_tricycle_controller.cpp.o[0m
[142.910s] [100%] [32m[1mLinking CXX executable test_load_tricycle_controller[0m
[145.438s] [100%] Built target test_load_tricycle_controller
[145.529s] Invoked command in '/home/libok/um_file/build/tricycle_controller' returned '0': CMAKE_PREFIX_PATH=${CMAKE_PREFIX_PATH}:/opt/ros/humble /usr/local/bin/cmake --build /home/libok/um_file/build/tricycle_controller -- -j18 -l18
[145.535s] Invoking command in '/home/libok/um_file/build/tricycle_controller': CMAKE_PREFIX_PATH=${CMAKE_PREFIX_PATH}:/opt/ros/humble /usr/local/bin/cmake --install /home/libok/um_file/build/tricycle_controller
[155.109s] -- Install configuration: ""
[155.109s] -- Installing: /home/libok/um_file/install/tricycle_controller/share/tricycle_controller/tricycle_controller.xml
[155.110s] -- Installing: /home/libok/um_file/install/tricycle_controller/include/tricycle_controller
[155.110s] -- Installing: /home/libok/um_file/install/tricycle_controller/include/tricycle_controller/tricycle_controller
[155.113s] -- Installing: /home/libok/um_file/install/tricycle_controller/include/tricycle_controller/tricycle_controller/tricycle_controller.hpp
[155.113s] -- Installing: /home/libok/um_file/install/tricycle_controller/include/tricycle_controller/tricycle_controller/visibility_control.h
[155.115s] -- Installing: /home/libok/um_file/install/tricycle_controller/include/tricycle_controller/tricycle_controller/odometry.hpp
[155.115s] -- Installing: /home/libok/um_file/install/tricycle_controller/include/tricycle_controller/tricycle_controller/traction_limiter.hpp
[155.117s] -- Installing: /home/libok/um_file/install/tricycle_controller/include/tricycle_controller/tricycle_controller/steering_limiter.hpp
[155.118s] -- Installing: /home/libok/um_file/install/tricycle_controller/lib/libtricycle_controller.so
[155.118s] -- Set non-toolchain portion of runtime path of "/home/libok/um_file/install/tricycle_controller/lib/libtricycle_controller.so" to ""
[155.118s] -- Installing: /home/libok/um_file/install/tricycle_controller/share/tricycle_controller/environment/library_path.sh
[155.118s] -- Installing: /home/libok/um_file/install/tricycle_controller/share/tricycle_controller/environment/library_path.dsv
[155.119s] -- Installing: /home/libok/um_file/install/tricycle_controller/share/ament_index/resource_index/package_run_dependencies/tricycle_controller
[155.119s] -- Installing: /home/libok/um_file/install/tricycle_controller/share/ament_index/resource_index/parent_prefix_path/tricycle_controller
[155.119s] -- Installing: /home/libok/um_file/install/tricycle_controller/share/tricycle_controller/environment/ament_prefix_path.sh
[155.119s] -- Installing: /home/libok/um_file/install/tricycle_controller/share/tricycle_controller/environment/ament_prefix_path.dsv
[155.120s] -- Installing: /home/libok/um_file/install/tricycle_controller/share/tricycle_controller/environment/path.sh
[155.120s] -- Installing: /home/libok/um_file/install/tricycle_controller/share/tricycle_controller/environment/path.dsv
[155.122s] -- Installing: /home/libok/um_file/install/tricycle_controller/share/tricycle_controller/local_setup.bash
[155.122s] -- Installing: /home/libok/um_file/install/tricycle_controller/share/tricycle_controller/local_setup.sh
[155.122s] -- Installing: /home/libok/um_file/install/tricycle_controller/share/tricycle_controller/local_setup.zsh
[155.124s] -- Installing: /home/libok/um_file/install/tricycle_controller/share/tricycle_controller/local_setup.dsv
[155.124s] -- Installing: /home/libok/um_file/install/tricycle_controller/share/tricycle_controller/package.dsv
[155.126s] -- Installing: /home/libok/um_file/install/tricycle_controller/share/ament_index/resource_index/packages/tricycle_controller
[155.127s] -- Installing: /home/libok/um_file/install/tricycle_controller/share/ament_index/resource_index/controller_interface__pluginlib__plugin/tricycle_controller
[155.127s] -- Installing: /home/libok/um_file/install/tricycle_controller/share/tricycle_controller/cmake/export_tricycle_controllerExport.cmake
[155.127s] -- Installing: /home/libok/um_file/install/tricycle_controller/share/tricycle_controller/cmake/export_tricycle_controllerExport-noconfig.cmake
[155.127s] -- Installing: /home/libok/um_file/install/tricycle_controller/share/tricycle_controller/cmake/ament_cmake_export_targets-extras.cmake
[155.128s] -- Installing: /home/libok/um_file/install/tricycle_controller/share/tricycle_controller/cmake/ament_cmake_export_dependencies-extras.cmake
[155.128s] -- Installing: /home/libok/um_file/install/tricycle_controller/share/tricycle_controller/cmake/tricycle_controllerConfig.cmake
[155.129s] -- Installing: /home/libok/um_file/install/tricycle_controller/share/tricycle_controller/cmake/tricycle_controllerConfig-version.cmake
[155.129s] -- Installing: /home/libok/um_file/install/tricycle_controller/share/tricycle_controller/package.xml
[155.170s] Invoked command in '/home/libok/um_file/build/tricycle_controller' returned '0': CMAKE_PREFIX_PATH=${CMAKE_PREFIX_PATH}:/opt/ros/humble /usr/local/bin/cmake --install /home/libok/um_file/build/tricycle_controller
