[0.041s] Invoking command in '/home/libok/um_file/build/ur_msgs': CMAKE_PREFIX_PATH=${CMAKE_PREFIX_PATH}:/opt/ros/humble /usr/local/bin/cmake /home/libok/um_file/ur_msgs -DCMAKE_INSTALL_PREFIX=/home/libok/um_file/install/ur_msgs
[0.095s] [0mCMake Deprecation Warning at CMakeLists.txt:1 (cmake_minimum_required):
[0.095s]   Compatibility with CMake < 3.10 will be removed from a future version of
[0.095s]   CMake.
[0.095s] 
[0.095s]   Update the VERSION argument <min> value.  Or, use the <min>...<max> syntax
[0.095s]   to tell CMake that the project requires at least <min> but has been updated
[0.095s]   to work with policies introduced by <max> or earlier.
[0.095s] 
[0.096s] [0m
[0.096s] -- The C compiler identification is GNU 11.4.0
[0.202s] -- The CXX compiler identification is GNU 11.4.0
[0.213s] -- Detecting C compiler ABI info
[0.328s] -- Detecting C compiler ABI info - done
[0.365s] -- Check for working C compiler: /usr/bin/cc - skipped
[0.366s] -- Detecting C compile features
[0.366s] -- Detecting C compile features - done
[0.385s] -- Detecting CXX compiler ABI info
[0.551s] -- Detecting CXX compiler ABI info - done
[0.576s] -- Check for working CXX compiler: /usr/bin/c++ - skipped
[0.577s] -- Detecting CXX compile features
[0.579s] -- Detecting CXX compile features - done
[0.590s] -- Found ament_cmake: 1.3.12 (/opt/ros/humble/share/ament_cmake/cmake)
[0.786s] -- Found Python3: /usr/bin/python3 (found version "3.10.12") found components: Interpreter
[0.962s] -- Found builtin_interfaces: 1.2.2 (/opt/ros/humble/share/builtin_interfaces/cmake)
[1.017s] -- Found rosidl_generator_c: 3.1.8 (/opt/ros/humble/share/rosidl_generator_c/cmake)
[1.025s] -- Found rosidl_adapter: 3.1.8 (/opt/ros/humble/share/rosidl_adapter/cmake)
[1.038s] -- Found rosidl_generator_cpp: 3.1.8 (/opt/ros/humble/share/rosidl_generator_cpp/cmake)
[1.059s] -- Using all available rosidl_typesupport_c: rosidl_typesupport_fastrtps_c;rosidl_typesupport_introspection_c
[1.088s] -- Using all available rosidl_typesupport_cpp: rosidl_typesupport_fastrtps_cpp;rosidl_typesupport_introspection_cpp
[1.120s] -- Found rosidl_default_generators: 1.2.0 (/opt/ros/humble/share/rosidl_default_generators/cmake)
[1.134s] -- Found geometry_msgs: 4.9.0 (/opt/ros/humble/share/geometry_msgs/cmake)
[1.185s] -- Found control_msgs: 4.8.0 (/opt/ros/humble/share/control_msgs/cmake)
[1.357s] -- Found ament_lint_auto: 0.12.14 (/opt/ros/humble/share/ament_lint_auto/cmake)
[2.353s] -- Found ament_cmake_ros: 0.10.0 (/opt/ros/humble/share/ament_cmake_ros/cmake)
[7.201s] -- Using all available rosidl_typesupport_c: rosidl_typesupport_fastrtps_c;rosidl_typesupport_introspection_c
[12.001s] -- Using all available rosidl_typesupport_cpp: rosidl_typesupport_fastrtps_cpp;rosidl_typesupport_introspection_cpp
[12.014s] [33mCMake Warning (dev) at /opt/ros/humble/share/rosidl_generator_py/cmake/rosidl_generator_py_generate_interfaces.cmake:20 (find_package):
[12.014s]   Policy CMP0148 is not set: The FindPythonInterp and FindPythonLibs modules
[12.014s]   are removed.  Run "cmake --help-policy CMP0148" for policy details.  Use
[12.014s]   the cmake_policy command to set the policy and suppress this warning.
[12.014s] 
[12.014s] Call Stack (most recent call first):
[12.014s]   /opt/ros/humble/share/ament_cmake_core/cmake/core/ament_execute_extensions.cmake:48 (include)
[12.014s]   /opt/ros/humble/share/rosidl_cmake/cmake/rosidl_generate_interfaces.cmake:286 (ament_execute_extensions)
[12.014s]   CMakeLists.txt:41 (rosidl_generate_interfaces)
[12.014s] This warning is for project developers.  Use -Wno-dev to suppress it.
[12.014s] [0m
[12.618s] -- Found PythonInterp: /usr/bin/python3 (found suitable version "3.10.12", minimum required is "3.6")
[12.658s] -- Found python_cmake_module: 0.10.0 (/opt/ros/humble/share/python_cmake_module/cmake)
[12.708s] [33mCMake Warning (dev) at /opt/ros/humble/share/python_cmake_module/cmake/Modules/FindPythonExtra.cmake:52 (find_package):
[12.708s]   Policy CMP0148 is not set: The FindPythonInterp and FindPythonLibs modules
[12.708s]   are removed.  Run "cmake --help-policy CMP0148" for policy details.  Use
[12.708s]   the cmake_policy command to set the policy and suppress this warning.
[12.708s] 
[12.708s] Call Stack (most recent call first):
[12.708s]   /opt/ros/humble/share/rosidl_generator_py/cmake/rosidl_generator_py_generate_interfaces.cmake:23 (find_package)
[12.708s]   /opt/ros/humble/share/ament_cmake_core/cmake/core/ament_execute_extensions.cmake:48 (include)
[12.708s]   /opt/ros/humble/share/rosidl_cmake/cmake/rosidl_generate_interfaces.cmake:286 (ament_execute_extensions)
[12.708s]   CMakeLists.txt:41 (rosidl_generate_interfaces)
[12.709s] This warning is for project developers.  Use -Wno-dev to suppress it.
[12.709s] [0m
[13.247s] [33mCMake Warning (dev) at /opt/ros/humble/share/python_cmake_module/cmake/Modules/FindPythonExtra.cmake:140 (find_package):
[13.247s]   Policy CMP0148 is not set: The FindPythonInterp and FindPythonLibs modules
[13.247s]   are removed.  Run "cmake --help-policy CMP0148" for policy details.  Use
[13.247s]   the cmake_policy command to set the policy and suppress this warning.
[13.247s] 
[13.247s] Call Stack (most recent call first):
[13.247s]   /opt/ros/humble/share/rosidl_generator_py/cmake/rosidl_generator_py_generate_interfaces.cmake:23 (find_package)
[13.247s]   /opt/ros/humble/share/ament_cmake_core/cmake/core/ament_execute_extensions.cmake:48 (include)
[13.247s]   /opt/ros/humble/share/rosidl_cmake/cmake/rosidl_generate_interfaces.cmake:286 (ament_execute_extensions)
[13.247s]   CMakeLists.txt:41 (rosidl_generate_interfaces)
[13.247s] This warning is for project developers.  Use -Wno-dev to suppress it.
[13.247s] [0m
[13.326s] -- Found PythonLibs: /usr/lib/x86_64-linux-gnu/libpython3.10.so (found suitable version "3.10.12", minimum required is "3.5")
[13.326s] -- Using PYTHON_EXECUTABLE: /usr/bin/python3
[13.326s] -- Using PYTHON_INCLUDE_DIRS: /usr/include/python3.10
[13.326s] -- Using PYTHON_LIBRARIES: /usr/lib/x86_64-linux-gnu/libpython3.10.so
[13.727s] -- Found PythonExtra: .so
[15.220s] -- Added test 'copyright' to check source files copyright and LICENSE
[15.230s] -- Added test 'lint_cmake' to check CMake code style
[15.236s] -- Added test 'xmllint' to check XML markup files
[15.249s] -- Configuring done (15.2s)
[15.711s] -- Generating done (0.4s)
[15.781s] -- Build files have been written to: /home/libok/um_file/build/ur_msgs
[15.856s] Invoked command in '/home/libok/um_file/build/ur_msgs' returned '0': CMAKE_PREFIX_PATH=${CMAKE_PREFIX_PATH}:/opt/ros/humble /usr/local/bin/cmake /home/libok/um_file/ur_msgs -DCMAKE_INSTALL_PREFIX=/home/libok/um_file/install/ur_msgs
[15.864s] Invoking command in '/home/libok/um_file/build/ur_msgs': CMAKE_PREFIX_PATH=${CMAKE_PREFIX_PATH}:/opt/ros/humble /usr/local/bin/cmake --build /home/libok/um_file/build/ur_msgs -- -j18 -l18
[135.198s] [  1%] [34m[1mGenerating C code for ROS interfaces[0m
[135.199s] [  1%] Built target ament_cmake_python_copy_ur_msgs
[135.199s] [  1%] [34m[1mGenerating C++ code for ROS interfaces[0m
[135.199s] running egg_info
[135.200s] creating ur_msgs.egg-info
[135.200s] writing ur_msgs.egg-info/PKG-INFO
[135.200s] writing dependency_links to ur_msgs.egg-info/dependency_links.txt
[135.200s] writing top-level names to ur_msgs.egg-info/top_level.txt
[135.200s] writing manifest file 'ur_msgs.egg-info/SOURCES.txt'
[135.200s] reading manifest file 'ur_msgs.egg-info/SOURCES.txt'
[135.200s] writing manifest file 'ur_msgs.egg-info/SOURCES.txt'
[135.201s] [  1%] Built target ament_cmake_python_build_ur_msgs_egg
[135.201s] [  1%] [32mBuilding C object CMakeFiles/ur_msgs__rosidl_generator_c.dir/rosidl_generator_c/ur_msgs/msg/detail/analog__functions.c.o[0m
[135.201s] [  2%] [32mBuilding C object CMakeFiles/ur_msgs__rosidl_generator_c.dir/rosidl_generator_c/ur_msgs/msg/detail/robot_mode_data_msg__functions.c.o[0m
[135.201s] [  3%] [32mBuilding C object CMakeFiles/ur_msgs__rosidl_generator_c.dir/rosidl_generator_c/ur_msgs/srv/detail/get_robot_software_version__functions.c.o[0m
[135.201s] [  3%] Built target ur_msgs__cpp
[135.201s] [  4%] [32mBuilding C object CMakeFiles/ur_msgs__rosidl_generator_c.dir/rosidl_generator_c/ur_msgs/action/detail/follow_joint_trajectory_until__functions.c.o[0m
[135.203s] [  4%] [32mBuilding C object CMakeFiles/ur_msgs__rosidl_generator_c.dir/rosidl_generator_c/ur_msgs/action/detail/tool_contact__functions.c.o[0m
[135.203s] [  5%] [32mBuilding C object CMakeFiles/ur_msgs__rosidl_generator_c.dir/rosidl_generator_c/ur_msgs/srv/detail/set_force_mode__functions.c.o[0m
[135.203s] [  5%] [32mBuilding C object CMakeFiles/ur_msgs__rosidl_generator_c.dir/rosidl_generator_c/ur_msgs/srv/detail/set_io__functions.c.o[0m
[135.203s] [  6%] [32mBuilding C object CMakeFiles/ur_msgs__rosidl_generator_c.dir/rosidl_generator_c/ur_msgs/srv/detail/set_speed_slider_fraction__functions.c.o[0m
[135.204s] [  7%] [32mBuilding C object CMakeFiles/ur_msgs__rosidl_generator_c.dir/rosidl_generator_c/ur_msgs/srv/detail/set_payload__functions.c.o[0m
[135.204s] [  8%] [32mBuilding C object CMakeFiles/ur_msgs__rosidl_generator_c.dir/rosidl_generator_c/ur_msgs/srv/detail/set_analog_output__functions.c.o[0m
[135.204s] [  8%] [32mBuilding C object CMakeFiles/ur_msgs__rosidl_generator_c.dir/rosidl_generator_c/ur_msgs/msg/detail/tool_data_msg__functions.c.o[0m
[135.204s] [  9%] [32mBuilding C object CMakeFiles/ur_msgs__rosidl_generator_c.dir/rosidl_generator_c/ur_msgs/msg/detail/masterboard_data_msg__functions.c.o[0m
[135.204s] [  9%] [32mBuilding C object CMakeFiles/ur_msgs__rosidl_generator_c.dir/rosidl_generator_c/ur_msgs/msg/detail/robot_state_rt_msg__functions.c.o[0m
[135.204s] [ 10%] [32mBuilding C object CMakeFiles/ur_msgs__rosidl_generator_c.dir/rosidl_generator_c/ur_msgs/msg/detail/io_states__functions.c.o[0m
[135.205s] [ 11%] [32mBuilding C object CMakeFiles/ur_msgs__rosidl_generator_c.dir/rosidl_generator_c/ur_msgs/msg/detail/digital__functions.c.o[0m
[135.206s] [ 12%] [32m[1mLinking C shared library libur_msgs__rosidl_generator_c.so[0m
[135.207s] [ 12%] Built target ur_msgs__rosidl_generator_c
[135.207s] [ 12%] [34m[1mGenerating C++ introspection for ROS interfaces[0m
[135.207s] [ 13%] [32mBuilding CXX object CMakeFiles/ur_msgs__rosidl_typesupport_introspection_cpp.dir/rosidl_typesupport_introspection_cpp/ur_msgs/msg/detail/analog__type_support.cpp.o[0m
[135.208s] [ 13%] [32mBuilding CXX object CMakeFiles/ur_msgs__rosidl_typesupport_introspection_cpp.dir/rosidl_typesupport_introspection_cpp/ur_msgs/srv/detail/set_force_mode__type_support.cpp.o[0m
[135.209s] [ 14%] [32mBuilding CXX object CMakeFiles/ur_msgs__rosidl_typesupport_introspection_cpp.dir/rosidl_typesupport_introspection_cpp/ur_msgs/action/detail/tool_contact__type_support.cpp.o[0m
[135.210s] [ 15%] [32mBuilding CXX object CMakeFiles/ur_msgs__rosidl_typesupport_introspection_cpp.dir/rosidl_typesupport_introspection_cpp/ur_msgs/action/detail/follow_joint_trajectory_until__type_support.cpp.o[0m
[135.211s] [ 16%] [32mBuilding CXX object CMakeFiles/ur_msgs__rosidl_typesupport_introspection_cpp.dir/rosidl_typesupport_introspection_cpp/ur_msgs/srv/detail/get_robot_software_version__type_support.cpp.o[0m
[135.211s] [ 17%] [32mBuilding CXX object CMakeFiles/ur_msgs__rosidl_typesupport_introspection_cpp.dir/rosidl_typesupport_introspection_cpp/ur_msgs/srv/detail/set_io__type_support.cpp.o[0m
[135.212s] [ 17%] [32mBuilding CXX object CMakeFiles/ur_msgs__rosidl_typesupport_introspection_cpp.dir/rosidl_typesupport_introspection_cpp/ur_msgs/srv/detail/set_speed_slider_fraction__type_support.cpp.o[0m
[135.212s] [ 18%] [32mBuilding CXX object CMakeFiles/ur_msgs__rosidl_typesupport_introspection_cpp.dir/rosidl_typesupport_introspection_cpp/ur_msgs/srv/detail/set_payload__type_support.cpp.o[0m
[135.213s] [ 19%] [32mBuilding CXX object CMakeFiles/ur_msgs__rosidl_typesupport_introspection_cpp.dir/rosidl_typesupport_introspection_cpp/ur_msgs/srv/detail/set_analog_output__type_support.cpp.o[0m
[135.213s] [ 19%] [32mBuilding CXX object CMakeFiles/ur_msgs__rosidl_typesupport_introspection_cpp.dir/rosidl_typesupport_introspection_cpp/ur_msgs/msg/detail/tool_data_msg__type_support.cpp.o[0m
[135.214s] [ 20%] [32mBuilding CXX object CMakeFiles/ur_msgs__rosidl_typesupport_introspection_cpp.dir/rosidl_typesupport_introspection_cpp/ur_msgs/msg/detail/robot_mode_data_msg__type_support.cpp.o[0m
[135.214s] [ 21%] [32mBuilding CXX object CMakeFiles/ur_msgs__rosidl_typesupport_introspection_cpp.dir/rosidl_typesupport_introspection_cpp/ur_msgs/msg/detail/masterboard_data_msg__type_support.cpp.o[0m
[135.214s] [ 22%] [32mBuilding CXX object CMakeFiles/ur_msgs__rosidl_typesupport_introspection_cpp.dir/rosidl_typesupport_introspection_cpp/ur_msgs/msg/detail/robot_state_rt_msg__type_support.cpp.o[0m
[135.215s] [ 22%] [32mBuilding CXX object CMakeFiles/ur_msgs__rosidl_typesupport_introspection_cpp.dir/rosidl_typesupport_introspection_cpp/ur_msgs/msg/detail/io_states__type_support.cpp.o[0m
[135.215s] [ 23%] [32mBuilding CXX object CMakeFiles/ur_msgs__rosidl_typesupport_introspection_cpp.dir/rosidl_typesupport_introspection_cpp/ur_msgs/msg/detail/digital__type_support.cpp.o[0m
[135.216s] [ 24%] [32m[1mLinking CXX shared library libur_msgs__rosidl_typesupport_introspection_cpp.so[0m
[135.216s] [ 24%] Built target ur_msgs__rosidl_typesupport_introspection_cpp
[135.217s] [ 25%] [34m[1mGenerating C type support dispatch for ROS interfaces[0m
[135.217s] [ 25%] [32mBuilding CXX object CMakeFiles/ur_msgs__rosidl_typesupport_c.dir/rosidl_typesupport_c/ur_msgs/msg/analog__type_support.cpp.o[0m
[135.218s] [ 25%] [32mBuilding CXX object CMakeFiles/ur_msgs__rosidl_typesupport_c.dir/rosidl_typesupport_c/ur_msgs/action/tool_contact__type_support.cpp.o[0m
[135.218s] [ 26%] [32mBuilding CXX object CMakeFiles/ur_msgs__rosidl_typesupport_c.dir/rosidl_typesupport_c/ur_msgs/action/follow_joint_trajectory_until__type_support.cpp.o[0m
[135.218s] [ 27%] [32mBuilding CXX object CMakeFiles/ur_msgs__rosidl_typesupport_c.dir/rosidl_typesupport_c/ur_msgs/srv/set_force_mode__type_support.cpp.o[0m
[135.218s] [ 28%] [32mBuilding CXX object CMakeFiles/ur_msgs__rosidl_typesupport_c.dir/rosidl_typesupport_c/ur_msgs/srv/get_robot_software_version__type_support.cpp.o[0m
[135.219s] [ 28%] [32mBuilding CXX object CMakeFiles/ur_msgs__rosidl_typesupport_c.dir/rosidl_typesupport_c/ur_msgs/srv/set_io__type_support.cpp.o[0m
[135.219s] [ 29%] [32mBuilding CXX object CMakeFiles/ur_msgs__rosidl_typesupport_c.dir/rosidl_typesupport_c/ur_msgs/srv/set_speed_slider_fraction__type_support.cpp.o[0m
[135.223s] [ 30%] [32mBuilding CXX object CMakeFiles/ur_msgs__rosidl_typesupport_c.dir/rosidl_typesupport_c/ur_msgs/srv/set_payload__type_support.cpp.o[0m
[135.224s] [ 30%] [32mBuilding CXX object CMakeFiles/ur_msgs__rosidl_typesupport_c.dir/rosidl_typesupport_c/ur_msgs/srv/set_analog_output__type_support.cpp.o[0m
[135.224s] [ 31%] [32mBuilding CXX object CMakeFiles/ur_msgs__rosidl_typesupport_c.dir/rosidl_typesupport_c/ur_msgs/msg/tool_data_msg__type_support.cpp.o[0m
[135.225s] [ 32%] [32mBuilding CXX object CMakeFiles/ur_msgs__rosidl_typesupport_c.dir/rosidl_typesupport_c/ur_msgs/msg/robot_mode_data_msg__type_support.cpp.o[0m
[135.225s] [ 33%] [32mBuilding CXX object CMakeFiles/ur_msgs__rosidl_typesupport_c.dir/rosidl_typesupport_c/ur_msgs/msg/masterboard_data_msg__type_support.cpp.o[0m
[135.225s] [ 33%] [32mBuilding CXX object CMakeFiles/ur_msgs__rosidl_typesupport_c.dir/rosidl_typesupport_c/ur_msgs/msg/robot_state_rt_msg__type_support.cpp.o[0m
[135.225s] [ 34%] [32mBuilding CXX object CMakeFiles/ur_msgs__rosidl_typesupport_c.dir/rosidl_typesupport_c/ur_msgs/msg/io_states__type_support.cpp.o[0m
[135.226s] [ 35%] [32mBuilding CXX object CMakeFiles/ur_msgs__rosidl_typesupport_c.dir/rosidl_typesupport_c/ur_msgs/msg/digital__type_support.cpp.o[0m
[135.226s] [ 36%] [32m[1mLinking CXX shared library libur_msgs__rosidl_typesupport_c.so[0m
[135.226s] [ 36%] Built target ur_msgs__rosidl_typesupport_c
[135.227s] [ 37%] [34m[1mGenerating C introspection for ROS interfaces[0m
[135.227s] [ 38%] [32mBuilding C object CMakeFiles/ur_msgs__rosidl_typesupport_introspection_c.dir/rosidl_typesupport_introspection_c/ur_msgs/msg/detail/analog__type_support.c.o[0m
[135.227s] [ 39%] [32mBuilding C object CMakeFiles/ur_msgs__rosidl_typesupport_introspection_c.dir/rosidl_typesupport_introspection_c/ur_msgs/action/detail/follow_joint_trajectory_until__type_support.c.o[0m
[135.227s] [ 40%] [32mBuilding C object CMakeFiles/ur_msgs__rosidl_typesupport_introspection_c.dir/rosidl_typesupport_introspection_c/ur_msgs/action/detail/tool_contact__type_support.c.o[0m
[135.227s] [ 41%] [32mBuilding C object CMakeFiles/ur_msgs__rosidl_typesupport_introspection_c.dir/rosidl_typesupport_introspection_c/ur_msgs/srv/detail/set_force_mode__type_support.c.o[0m
[135.227s] [ 41%] [32mBuilding C object CMakeFiles/ur_msgs__rosidl_typesupport_introspection_c.dir/rosidl_typesupport_introspection_c/ur_msgs/srv/detail/get_robot_software_version__type_support.c.o[0m
[135.227s] [ 42%] [32mBuilding C object CMakeFiles/ur_msgs__rosidl_typesupport_introspection_c.dir/rosidl_typesupport_introspection_c/ur_msgs/srv/detail/set_io__type_support.c.o[0m
[135.228s] [ 43%] [32mBuilding C object CMakeFiles/ur_msgs__rosidl_typesupport_introspection_c.dir/rosidl_typesupport_introspection_c/ur_msgs/srv/detail/set_speed_slider_fraction__type_support.c.o[0m
[135.228s] [ 43%] [32mBuilding C object CMakeFiles/ur_msgs__rosidl_typesupport_introspection_c.dir/rosidl_typesupport_introspection_c/ur_msgs/srv/detail/set_payload__type_support.c.o[0m
[135.228s] [ 44%] [32mBuilding C object CMakeFiles/ur_msgs__rosidl_typesupport_introspection_c.dir/rosidl_typesupport_introspection_c/ur_msgs/srv/detail/set_analog_output__type_support.c.o[0m
[135.228s] [ 45%] [32mBuilding C object CMakeFiles/ur_msgs__rosidl_typesupport_introspection_c.dir/rosidl_typesupport_introspection_c/ur_msgs/msg/detail/tool_data_msg__type_support.c.o[0m
[135.228s] [ 45%] [32mBuilding C object CMakeFiles/ur_msgs__rosidl_typesupport_introspection_c.dir/rosidl_typesupport_introspection_c/ur_msgs/msg/detail/robot_mode_data_msg__type_support.c.o[0m
[135.228s] [ 46%] [32mBuilding C object CMakeFiles/ur_msgs__rosidl_typesupport_introspection_c.dir/rosidl_typesupport_introspection_c/ur_msgs/msg/detail/masterboard_data_msg__type_support.c.o[0m
[135.229s] [ 47%] [32mBuilding C object CMakeFiles/ur_msgs__rosidl_typesupport_introspection_c.dir/rosidl_typesupport_introspection_c/ur_msgs/msg/detail/robot_state_rt_msg__type_support.c.o[0m
[135.229s] [ 48%] [32mBuilding C object CMakeFiles/ur_msgs__rosidl_typesupport_introspection_c.dir/rosidl_typesupport_introspection_c/ur_msgs/msg/detail/io_states__type_support.c.o[0m
[135.229s] [ 48%] [32mBuilding C object CMakeFiles/ur_msgs__rosidl_typesupport_introspection_c.dir/rosidl_typesupport_introspection_c/ur_msgs/msg/detail/digital__type_support.c.o[0m
[135.229s] [ 48%] [32m[1mLinking C shared library libur_msgs__rosidl_typesupport_introspection_c.so[0m
[135.229s] [ 48%] Built target ur_msgs__rosidl_typesupport_introspection_c
[135.229s] [ 49%] [34m[1mGenerating C type support for eProsima Fast-RTPS[0m
[135.230s] [ 50%] [32mBuilding CXX object CMakeFiles/ur_msgs__rosidl_typesupport_fastrtps_c.dir/rosidl_typesupport_fastrtps_c/ur_msgs/msg/detail/analog__type_support_c.cpp.o[0m
[135.230s] [ 50%] [32mBuilding CXX object CMakeFiles/ur_msgs__rosidl_typesupport_fastrtps_c.dir/rosidl_typesupport_fastrtps_c/ur_msgs/action/detail/follow_joint_trajectory_until__type_support_c.cpp.o[0m
[135.230s] [ 51%] [32mBuilding CXX object CMakeFiles/ur_msgs__rosidl_typesupport_fastrtps_c.dir/rosidl_typesupport_fastrtps_c/ur_msgs/action/detail/tool_contact__type_support_c.cpp.o[0m
[135.230s] [ 52%] [32mBuilding CXX object CMakeFiles/ur_msgs__rosidl_typesupport_fastrtps_c.dir/rosidl_typesupport_fastrtps_c/ur_msgs/srv/detail/set_force_mode__type_support_c.cpp.o[0m
[135.230s] [ 52%] [32mBuilding CXX object CMakeFiles/ur_msgs__rosidl_typesupport_fastrtps_c.dir/rosidl_typesupport_fastrtps_c/ur_msgs/srv/detail/get_robot_software_version__type_support_c.cpp.o[0m
[135.230s] [ 53%] [32mBuilding CXX object CMakeFiles/ur_msgs__rosidl_typesupport_fastrtps_c.dir/rosidl_typesupport_fastrtps_c/ur_msgs/srv/detail/set_io__type_support_c.cpp.o[0m
[135.231s] [ 54%] [32mBuilding CXX object CMakeFiles/ur_msgs__rosidl_typesupport_fastrtps_c.dir/rosidl_typesupport_fastrtps_c/ur_msgs/srv/detail/set_speed_slider_fraction__type_support_c.cpp.o[0m
[135.231s] [ 55%] [32mBuilding CXX object CMakeFiles/ur_msgs__rosidl_typesupport_fastrtps_c.dir/rosidl_typesupport_fastrtps_c/ur_msgs/srv/detail/set_payload__type_support_c.cpp.o[0m
[135.231s] [ 55%] [32mBuilding CXX object CMakeFiles/ur_msgs__rosidl_typesupport_fastrtps_c.dir/rosidl_typesupport_fastrtps_c/ur_msgs/srv/detail/set_analog_output__type_support_c.cpp.o[0m
[135.542s] [ 56%] [32mBuilding CXX object CMakeFiles/ur_msgs__rosidl_typesupport_fastrtps_c.dir/rosidl_typesupport_fastrtps_c/ur_msgs/msg/detail/tool_data_msg__type_support_c.cpp.o[0m
[136.309s] [ 57%] [32mBuilding CXX object CMakeFiles/ur_msgs__rosidl_typesupport_fastrtps_c.dir/rosidl_typesupport_fastrtps_c/ur_msgs/msg/detail/robot_mode_data_msg__type_support_c.cpp.o[0m
[137.114s] [ 57%] [32mBuilding CXX object CMakeFiles/ur_msgs__rosidl_typesupport_fastrtps_c.dir/rosidl_typesupport_fastrtps_c/ur_msgs/msg/detail/masterboard_data_msg__type_support_c.cpp.o[0m
[137.751s] [ 58%] [32mBuilding CXX object CMakeFiles/ur_msgs__rosidl_typesupport_fastrtps_c.dir/rosidl_typesupport_fastrtps_c/ur_msgs/msg/detail/robot_state_rt_msg__type_support_c.cpp.o[0m
[138.729s] [ 59%] [32mBuilding CXX object CMakeFiles/ur_msgs__rosidl_typesupport_fastrtps_c.dir/rosidl_typesupport_fastrtps_c/ur_msgs/msg/detail/io_states__type_support_c.cpp.o[0m
[141.366s] [ 59%] [32mBuilding CXX object CMakeFiles/ur_msgs__rosidl_typesupport_fastrtps_c.dir/rosidl_typesupport_fastrtps_c/ur_msgs/msg/detail/digital__type_support_c.cpp.o[0m
[144.812s] [ 60%] [32m[1mLinking CXX shared library libur_msgs__rosidl_typesupport_fastrtps_c.so[0m
[145.613s] [ 60%] Built target ur_msgs__rosidl_typesupport_fastrtps_c
[145.684s] [ 61%] [34m[1mGenerating C++ type support for eProsima Fast-RTPS[0m
[160.648s] [ 62%] [32mBuilding CXX object CMakeFiles/ur_msgs__rosidl_typesupport_fastrtps_cpp.dir/rosidl_typesupport_fastrtps_cpp/ur_msgs/msg/detail/dds_fastrtps/analog__type_support.cpp.o[0m
[162.177s] [ 63%] [32mBuilding CXX object CMakeFiles/ur_msgs__rosidl_typesupport_fastrtps_cpp.dir/rosidl_typesupport_fastrtps_cpp/ur_msgs/action/detail/dds_fastrtps/follow_joint_trajectory_until__type_support.cpp.o[0m
[164.546s] [ 64%] [32mBuilding CXX object CMakeFiles/ur_msgs__rosidl_typesupport_fastrtps_cpp.dir/rosidl_typesupport_fastrtps_cpp/ur_msgs/action/detail/dds_fastrtps/tool_contact__type_support.cpp.o[0m
[166.255s] [ 64%] [32mBuilding CXX object CMakeFiles/ur_msgs__rosidl_typesupport_fastrtps_cpp.dir/rosidl_typesupport_fastrtps_cpp/ur_msgs/srv/detail/dds_fastrtps/set_force_mode__type_support.cpp.o[0m
[167.150s] [ 65%] [32mBuilding CXX object CMakeFiles/ur_msgs__rosidl_typesupport_fastrtps_cpp.dir/rosidl_typesupport_fastrtps_cpp/ur_msgs/srv/detail/dds_fastrtps/get_robot_software_version__type_support.cpp.o[0m
[168.007s] [ 66%] [32mBuilding CXX object CMakeFiles/ur_msgs__rosidl_typesupport_fastrtps_cpp.dir/rosidl_typesupport_fastrtps_cpp/ur_msgs/srv/detail/dds_fastrtps/set_io__type_support.cpp.o[0m
[169.199s] [ 67%] [32mBuilding CXX object CMakeFiles/ur_msgs__rosidl_typesupport_fastrtps_cpp.dir/rosidl_typesupport_fastrtps_cpp/ur_msgs/srv/detail/dds_fastrtps/set_speed_slider_fraction__type_support.cpp.o[0m
[170.304s] [ 67%] [32mBuilding CXX object CMakeFiles/ur_msgs__rosidl_typesupport_fastrtps_cpp.dir/rosidl_typesupport_fastrtps_cpp/ur_msgs/srv/detail/dds_fastrtps/set_payload__type_support.cpp.o[0m
[171.515s] [ 68%] [32mBuilding CXX object CMakeFiles/ur_msgs__rosidl_typesupport_fastrtps_cpp.dir/rosidl_typesupport_fastrtps_cpp/ur_msgs/srv/detail/dds_fastrtps/set_analog_output__type_support.cpp.o[0m
[172.351s] [ 69%] [32mBuilding CXX object CMakeFiles/ur_msgs__rosidl_typesupport_fastrtps_cpp.dir/rosidl_typesupport_fastrtps_cpp/ur_msgs/msg/detail/dds_fastrtps/tool_data_msg__type_support.cpp.o[0m
[173.148s] [ 69%] [32mBuilding CXX object CMakeFiles/ur_msgs__rosidl_typesupport_fastrtps_cpp.dir/rosidl_typesupport_fastrtps_cpp/ur_msgs/msg/detail/dds_fastrtps/robot_mode_data_msg__type_support.cpp.o[0m
[174.029s] [ 70%] [32mBuilding CXX object CMakeFiles/ur_msgs__rosidl_typesupport_fastrtps_cpp.dir/rosidl_typesupport_fastrtps_cpp/ur_msgs/msg/detail/dds_fastrtps/masterboard_data_msg__type_support.cpp.o[0m
[175.002s] [ 71%] [32mBuilding CXX object CMakeFiles/ur_msgs__rosidl_typesupport_fastrtps_cpp.dir/rosidl_typesupport_fastrtps_cpp/ur_msgs/msg/detail/dds_fastrtps/robot_state_rt_msg__type_support.cpp.o[0m
[176.148s] [ 71%] [32mBuilding CXX object CMakeFiles/ur_msgs__rosidl_typesupport_fastrtps_cpp.dir/rosidl_typesupport_fastrtps_cpp/ur_msgs/msg/detail/dds_fastrtps/io_states__type_support.cpp.o[0m
[177.401s] [ 72%] [32mBuilding CXX object CMakeFiles/ur_msgs__rosidl_typesupport_fastrtps_cpp.dir/rosidl_typesupport_fastrtps_cpp/ur_msgs/msg/detail/dds_fastrtps/digital__type_support.cpp.o[0m
[178.467s] [ 72%] [32m[1mLinking CXX shared library libur_msgs__rosidl_typesupport_fastrtps_cpp.so[0m
[178.690s] [ 72%] Built target ur_msgs__rosidl_typesupport_fastrtps_cpp
[178.723s] [ 73%] [34m[1mGenerating C++ type support dispatch for ROS interfaces[0m
[183.497s] [ 74%] [32mBuilding CXX object CMakeFiles/ur_msgs__rosidl_typesupport_cpp.dir/rosidl_typesupport_cpp/ur_msgs/msg/analog__type_support.cpp.o[0m
[185.388s] [ 74%] [32mBuilding CXX object CMakeFiles/ur_msgs__rosidl_typesupport_cpp.dir/rosidl_typesupport_cpp/ur_msgs/action/follow_joint_trajectory_until__type_support.cpp.o[0m
[189.196s] [ 75%] [32mBuilding CXX object CMakeFiles/ur_msgs__rosidl_typesupport_cpp.dir/rosidl_typesupport_cpp/ur_msgs/action/tool_contact__type_support.cpp.o[0m
[192.666s] [ 76%] [32mBuilding CXX object CMakeFiles/ur_msgs__rosidl_typesupport_cpp.dir/rosidl_typesupport_cpp/ur_msgs/srv/set_force_mode__type_support.cpp.o[0m
[194.754s] [ 76%] [32mBuilding CXX object CMakeFiles/ur_msgs__rosidl_typesupport_cpp.dir/rosidl_typesupport_cpp/ur_msgs/srv/get_robot_software_version__type_support.cpp.o[0m
[196.181s] [ 77%] [32mBuilding CXX object CMakeFiles/ur_msgs__rosidl_typesupport_cpp.dir/rosidl_typesupport_cpp/ur_msgs/srv/set_io__type_support.cpp.o[0m
[197.657s] [ 78%] [32mBuilding CXX object CMakeFiles/ur_msgs__rosidl_typesupport_cpp.dir/rosidl_typesupport_cpp/ur_msgs/srv/set_speed_slider_fraction__type_support.cpp.o[0m
[199.162s] [ 78%] [32mBuilding CXX object CMakeFiles/ur_msgs__rosidl_typesupport_cpp.dir/rosidl_typesupport_cpp/ur_msgs/srv/set_payload__type_support.cpp.o[0m
[200.399s] [ 79%] [32mBuilding CXX object CMakeFiles/ur_msgs__rosidl_typesupport_cpp.dir/rosidl_typesupport_cpp/ur_msgs/srv/set_analog_output__type_support.cpp.o[0m
[201.532s] [ 80%] [32mBuilding CXX object CMakeFiles/ur_msgs__rosidl_typesupport_cpp.dir/rosidl_typesupport_cpp/ur_msgs/msg/tool_data_msg__type_support.cpp.o[0m
[202.643s] [ 81%] [32mBuilding CXX object CMakeFiles/ur_msgs__rosidl_typesupport_cpp.dir/rosidl_typesupport_cpp/ur_msgs/msg/robot_mode_data_msg__type_support.cpp.o[0m
[204.137s] [ 81%] [32mBuilding CXX object CMakeFiles/ur_msgs__rosidl_typesupport_cpp.dir/rosidl_typesupport_cpp/ur_msgs/msg/masterboard_data_msg__type_support.cpp.o[0m
[205.453s] [ 82%] [32mBuilding CXX object CMakeFiles/ur_msgs__rosidl_typesupport_cpp.dir/rosidl_typesupport_cpp/ur_msgs/msg/robot_state_rt_msg__type_support.cpp.o[0m
[206.445s] [ 83%] [32mBuilding CXX object CMakeFiles/ur_msgs__rosidl_typesupport_cpp.dir/rosidl_typesupport_cpp/ur_msgs/msg/io_states__type_support.cpp.o[0m
[207.359s] [ 83%] [32mBuilding CXX object CMakeFiles/ur_msgs__rosidl_typesupport_cpp.dir/rosidl_typesupport_cpp/ur_msgs/msg/digital__type_support.cpp.o[0m
[208.160s] [ 84%] [32m[1mLinking CXX shared library libur_msgs__rosidl_typesupport_cpp.so[0m
[208.255s] [ 84%] Built target ur_msgs__rosidl_typesupport_cpp
[208.321s] [ 84%] Built target ur_msgs
[208.375s] [ 85%] [34m[1mGenerating Python code for ROS interfaces[0m
[221.307s] [ 85%] Built target ur_msgs__py
[221.351s] [ 85%] [32mBuilding C object CMakeFiles/ur_msgs__rosidl_generator_py.dir/rosidl_generator_py/ur_msgs/msg/_analog_s.c.o[0m
[221.577s] [ 85%] [32mBuilding C object CMakeFiles/ur_msgs__rosidl_generator_py.dir/rosidl_generator_py/ur_msgs/action/_follow_joint_trajectory_until_s.c.o[0m
[221.877s] [ 86%] [32mBuilding C object CMakeFiles/ur_msgs__rosidl_generator_py.dir/rosidl_generator_py/ur_msgs/action/_tool_contact_s.c.o[0m
[222.148s] [ 87%] [32mBuilding C object CMakeFiles/ur_msgs__rosidl_generator_py.dir/rosidl_generator_py/ur_msgs/srv/_set_force_mode_s.c.o[0m
[222.409s] [ 88%] [32mBuilding C object CMakeFiles/ur_msgs__rosidl_generator_py.dir/rosidl_generator_py/ur_msgs/srv/_get_robot_software_version_s.c.o[0m
[222.606s] [ 88%] [32mBuilding C object CMakeFiles/ur_msgs__rosidl_generator_py.dir/rosidl_generator_py/ur_msgs/srv/_set_io_s.c.o[0m
[222.790s] [ 89%] [32mBuilding C object CMakeFiles/ur_msgs__rosidl_generator_py.dir/rosidl_generator_py/ur_msgs/srv/_set_speed_slider_fraction_s.c.o[0m
[222.966s] [ 90%] [32mBuilding C object CMakeFiles/ur_msgs__rosidl_generator_py.dir/rosidl_generator_py/ur_msgs/srv/_set_payload_s.c.o[0m
[223.171s] [ 90%] [32mBuilding C object CMakeFiles/ur_msgs__rosidl_generator_py.dir/rosidl_generator_py/ur_msgs/srv/_set_analog_output_s.c.o[0m
[223.377s] [ 91%] [32mBuilding C object CMakeFiles/ur_msgs__rosidl_generator_py.dir/rosidl_generator_py/ur_msgs/msg/_tool_data_msg_s.c.o[0m
[223.701s] [ 92%] [32mBuilding C object CMakeFiles/ur_msgs__rosidl_generator_py.dir/rosidl_generator_py/ur_msgs/msg/_robot_mode_data_msg_s.c.o[0m
[224.288s] [ 92%] [32mBuilding C object CMakeFiles/ur_msgs__rosidl_generator_py.dir/rosidl_generator_py/ur_msgs/msg/_masterboard_data_msg_s.c.o[0m
[224.991s] [ 93%] [32mBuilding C object CMakeFiles/ur_msgs__rosidl_generator_py.dir/rosidl_generator_py/ur_msgs/msg/_robot_state_rt_msg_s.c.o[0m
[226.256s] [ 94%] [32mBuilding C object CMakeFiles/ur_msgs__rosidl_generator_py.dir/rosidl_generator_py/ur_msgs/msg/_io_states_s.c.o[0m
[227.047s] [ 95%] [32mBuilding C object CMakeFiles/ur_msgs__rosidl_generator_py.dir/rosidl_generator_py/ur_msgs/msg/_digital_s.c.o[0m
[227.700s] [ 96%] [32m[1mLinking C shared library rosidl_generator_py/ur_msgs/libur_msgs__rosidl_generator_py.so[0m
[228.053s] [ 96%] Built target ur_msgs__rosidl_generator_py
[228.175s] [ 97%] [32mBuilding C object CMakeFiles/ur_msgs__rosidl_typesupport_fastrtps_c__pyext.dir/rosidl_generator_py/ur_msgs/_ur_msgs_s.ep.rosidl_typesupport_fastrtps_c.c.o[0m
[229.777s] [ 97%] [32m[1mLinking C shared library rosidl_generator_py/ur_msgs/ur_msgs_s__rosidl_typesupport_fastrtps_c.cpython-310-x86_64-linux-gnu.so[0m
[230.153s] [ 97%] Built target ur_msgs__rosidl_typesupport_fastrtps_c__pyext
[230.275s] [ 98%] [32mBuilding C object CMakeFiles/ur_msgs__rosidl_typesupport_c__pyext.dir/rosidl_generator_py/ur_msgs/_ur_msgs_s.ep.rosidl_typesupport_c.c.o[0m
[231.852s] [ 98%] [32m[1mLinking C shared library rosidl_generator_py/ur_msgs/ur_msgs_s__rosidl_typesupport_c.cpython-310-x86_64-linux-gnu.so[0m
[232.063s] [ 98%] Built target ur_msgs__rosidl_typesupport_c__pyext
[232.125s] [ 99%] [32mBuilding C object CMakeFiles/ur_msgs__rosidl_typesupport_introspection_c__pyext.dir/rosidl_generator_py/ur_msgs/_ur_msgs_s.ep.rosidl_typesupport_introspection_c.c.o[0m
[233.592s] [100%] [32m[1mLinking C shared library rosidl_generator_py/ur_msgs/ur_msgs_s__rosidl_typesupport_introspection_c.cpython-310-x86_64-linux-gnu.so[0m
[233.895s] [100%] Built target ur_msgs__rosidl_typesupport_introspection_c__pyext
[233.957s] Invoked command in '/home/libok/um_file/build/ur_msgs' returned '0': CMAKE_PREFIX_PATH=${CMAKE_PREFIX_PATH}:/opt/ros/humble /usr/local/bin/cmake --build /home/libok/um_file/build/ur_msgs -- -j18 -l18
[233.966s] Invoking command in '/home/libok/um_file/build/ur_msgs': CMAKE_PREFIX_PATH=${CMAKE_PREFIX_PATH}:/opt/ros/humble /usr/local/bin/cmake --install /home/libok/um_file/build/ur_msgs
[233.999s] -- Install configuration: ""
[234.000s] -- Installing: /home/libok/um_file/install/ur_msgs/share/ament_index/resource_index/rosidl_interfaces/ur_msgs
[234.005s] -- Installing: /home/libok/um_file/install/ur_msgs/include/ur_msgs/ur_msgs
[234.009s] -- Installing: /home/libok/um_file/install/ur_msgs/include/ur_msgs/ur_msgs/srv
[234.009s] -- Installing: /home/libok/um_file/install/ur_msgs/include/ur_msgs/ur_msgs/srv/set_speed_slider_fraction.h
[234.010s] -- Installing: /home/libok/um_file/install/ur_msgs/include/ur_msgs/ur_msgs/srv/set_io.h
[234.011s] -- Installing: /home/libok/um_file/install/ur_msgs/include/ur_msgs/ur_msgs/srv/get_robot_software_version.h
[234.011s] -- Installing: /home/libok/um_file/install/ur_msgs/include/ur_msgs/ur_msgs/srv/set_payload.h
[234.012s] -- Installing: /home/libok/um_file/install/ur_msgs/include/ur_msgs/ur_msgs/srv/set_analog_output.h
[234.012s] -- Installing: /home/libok/um_file/install/ur_msgs/include/ur_msgs/ur_msgs/srv/detail
[234.013s] -- Installing: /home/libok/um_file/install/ur_msgs/include/ur_msgs/ur_msgs/srv/detail/get_robot_software_version__struct.h
[234.014s] -- Installing: /home/libok/um_file/install/ur_msgs/include/ur_msgs/ur_msgs/srv/detail/set_speed_slider_fraction__struct.h
[234.014s] -- Installing: /home/libok/um_file/install/ur_msgs/include/ur_msgs/ur_msgs/srv/detail/get_robot_software_version__type_support.h
[234.015s] -- Installing: /home/libok/um_file/install/ur_msgs/include/ur_msgs/ur_msgs/srv/detail/set_payload__functions.h
[234.017s] -- Installing: /home/libok/um_file/install/ur_msgs/include/ur_msgs/ur_msgs/srv/detail/set_force_mode__functions.h
[234.018s] -- Installing: /home/libok/um_file/install/ur_msgs/include/ur_msgs/ur_msgs/srv/detail/set_io__functions.h
[234.018s] -- Installing: /home/libok/um_file/install/ur_msgs/include/ur_msgs/ur_msgs/srv/detail/set_force_mode__struct.h
[234.019s] -- Installing: /home/libok/um_file/install/ur_msgs/include/ur_msgs/ur_msgs/srv/detail/set_speed_slider_fraction__functions.c
[234.023s] -- Installing: /home/libok/um_file/install/ur_msgs/include/ur_msgs/ur_msgs/srv/detail/set_analog_output__type_support.h
[234.025s] -- Installing: /home/libok/um_file/install/ur_msgs/include/ur_msgs/ur_msgs/srv/detail/set_analog_output__struct.h
[234.026s] -- Installing: /home/libok/um_file/install/ur_msgs/include/ur_msgs/ur_msgs/srv/detail/set_analog_output__functions.h
[234.027s] -- Installing: /home/libok/um_file/install/ur_msgs/include/ur_msgs/ur_msgs/srv/detail/set_speed_slider_fraction__type_support.h
[234.028s] -- Installing: /home/libok/um_file/install/ur_msgs/include/ur_msgs/ur_msgs/srv/detail/set_speed_slider_fraction__functions.h
[234.029s] -- Installing: /home/libok/um_file/install/ur_msgs/include/ur_msgs/ur_msgs/srv/detail/set_force_mode__type_support.h
[234.030s] -- Installing: /home/libok/um_file/install/ur_msgs/include/ur_msgs/ur_msgs/srv/detail/get_robot_software_version__functions.c
[234.030s] -- Installing: /home/libok/um_file/install/ur_msgs/include/ur_msgs/ur_msgs/srv/detail/get_robot_software_version__functions.h
[234.031s] -- Installing: /home/libok/um_file/install/ur_msgs/include/ur_msgs/ur_msgs/srv/detail/set_io__struct.h
[234.031s] -- Installing: /home/libok/um_file/install/ur_msgs/include/ur_msgs/ur_msgs/srv/detail/set_io__functions.c
[234.036s] -- Installing: /home/libok/um_file/install/ur_msgs/include/ur_msgs/ur_msgs/srv/detail/set_analog_output__functions.c
[234.036s] -- Installing: /home/libok/um_file/install/ur_msgs/include/ur_msgs/ur_msgs/srv/detail/set_payload__struct.h
[234.037s] -- Installing: /home/libok/um_file/install/ur_msgs/include/ur_msgs/ur_msgs/srv/detail/set_io__type_support.h
[234.037s] -- Installing: /home/libok/um_file/install/ur_msgs/include/ur_msgs/ur_msgs/srv/detail/set_payload__functions.c
[234.037s] -- Installing: /home/libok/um_file/install/ur_msgs/include/ur_msgs/ur_msgs/srv/detail/set_payload__type_support.h
[234.037s] -- Installing: /home/libok/um_file/install/ur_msgs/include/ur_msgs/ur_msgs/srv/detail/set_force_mode__functions.c
[234.038s] -- Installing: /home/libok/um_file/install/ur_msgs/include/ur_msgs/ur_msgs/srv/set_force_mode.h
[234.038s] -- Installing: /home/libok/um_file/install/ur_msgs/include/ur_msgs/ur_msgs/action
[234.039s] -- Installing: /home/libok/um_file/install/ur_msgs/include/ur_msgs/ur_msgs/action/detail
[234.039s] -- Installing: /home/libok/um_file/install/ur_msgs/include/ur_msgs/ur_msgs/action/detail/tool_contact__type_support.h
[234.039s] -- Installing: /home/libok/um_file/install/ur_msgs/include/ur_msgs/ur_msgs/action/detail/follow_joint_trajectory_until__type_support.h
[234.040s] -- Installing: /home/libok/um_file/install/ur_msgs/include/ur_msgs/ur_msgs/action/detail/tool_contact__struct.h
[234.040s] -- Installing: /home/libok/um_file/install/ur_msgs/include/ur_msgs/ur_msgs/action/detail/follow_joint_trajectory_until__functions.h
[234.040s] -- Installing: /home/libok/um_file/install/ur_msgs/include/ur_msgs/ur_msgs/action/detail/tool_contact__functions.c
[234.041s] -- Installing: /home/libok/um_file/install/ur_msgs/include/ur_msgs/ur_msgs/action/detail/tool_contact__functions.h
[234.041s] -- Installing: /home/libok/um_file/install/ur_msgs/include/ur_msgs/ur_msgs/action/detail/follow_joint_trajectory_until__functions.c
[234.042s] -- Installing: /home/libok/um_file/install/ur_msgs/include/ur_msgs/ur_msgs/action/detail/follow_joint_trajectory_until__struct.h
[234.043s] -- Installing: /home/libok/um_file/install/ur_msgs/include/ur_msgs/ur_msgs/action/tool_contact.h
[234.043s] -- Installing: /home/libok/um_file/install/ur_msgs/include/ur_msgs/ur_msgs/action/follow_joint_trajectory_until.h
[234.044s] -- Installing: /home/libok/um_file/install/ur_msgs/include/ur_msgs/ur_msgs/msg
[234.045s] -- Installing: /home/libok/um_file/install/ur_msgs/include/ur_msgs/ur_msgs/msg/analog.h
[234.045s] -- Installing: /home/libok/um_file/install/ur_msgs/include/ur_msgs/ur_msgs/msg/rosidl_generator_c__visibility_control.h
[234.045s] -- Installing: /home/libok/um_file/install/ur_msgs/include/ur_msgs/ur_msgs/msg/robot_state_rt_msg.h
[234.046s] -- Installing: /home/libok/um_file/install/ur_msgs/include/ur_msgs/ur_msgs/msg/digital.h
[234.046s] -- Installing: /home/libok/um_file/install/ur_msgs/include/ur_msgs/ur_msgs/msg/masterboard_data_msg.h
[234.046s] -- Installing: /home/libok/um_file/install/ur_msgs/include/ur_msgs/ur_msgs/msg/io_states.h
[234.047s] -- Installing: /home/libok/um_file/install/ur_msgs/include/ur_msgs/ur_msgs/msg/detail
[234.048s] -- Installing: /home/libok/um_file/install/ur_msgs/include/ur_msgs/ur_msgs/msg/detail/robot_mode_data_msg__functions.c
[234.048s] -- Installing: /home/libok/um_file/install/ur_msgs/include/ur_msgs/ur_msgs/msg/detail/digital__functions.c
[234.049s] -- Installing: /home/libok/um_file/install/ur_msgs/include/ur_msgs/ur_msgs/msg/detail/masterboard_data_msg__type_support.h
[234.051s] -- Installing: /home/libok/um_file/install/ur_msgs/include/ur_msgs/ur_msgs/msg/detail/masterboard_data_msg__struct.h
[234.052s] -- Installing: /home/libok/um_file/install/ur_msgs/include/ur_msgs/ur_msgs/msg/detail/robot_state_rt_msg__functions.c
[234.052s] -- Installing: /home/libok/um_file/install/ur_msgs/include/ur_msgs/ur_msgs/msg/detail/robot_mode_data_msg__struct.h
[234.053s] -- Installing: /home/libok/um_file/install/ur_msgs/include/ur_msgs/ur_msgs/msg/detail/robot_state_rt_msg__struct.h
[234.053s] -- Installing: /home/libok/um_file/install/ur_msgs/include/ur_msgs/ur_msgs/msg/detail/digital__functions.h
[234.054s] -- Installing: /home/libok/um_file/install/ur_msgs/include/ur_msgs/ur_msgs/msg/detail/robot_mode_data_msg__functions.h
[234.054s] -- Installing: /home/libok/um_file/install/ur_msgs/include/ur_msgs/ur_msgs/msg/detail/io_states__functions.c
[234.055s] -- Installing: /home/libok/um_file/install/ur_msgs/include/ur_msgs/ur_msgs/msg/detail/tool_data_msg__functions.h
[234.055s] -- Installing: /home/libok/um_file/install/ur_msgs/include/ur_msgs/ur_msgs/msg/detail/digital__struct.h
[234.055s] -- Installing: /home/libok/um_file/install/ur_msgs/include/ur_msgs/ur_msgs/msg/detail/analog__functions.h
[234.056s] -- Installing: /home/libok/um_file/install/ur_msgs/include/ur_msgs/ur_msgs/msg/detail/io_states__struct.h
[234.057s] -- Installing: /home/libok/um_file/install/ur_msgs/include/ur_msgs/ur_msgs/msg/detail/analog__struct.h
[234.057s] -- Installing: /home/libok/um_file/install/ur_msgs/include/ur_msgs/ur_msgs/msg/detail/robot_state_rt_msg__functions.h
[234.060s] -- Installing: /home/libok/um_file/install/ur_msgs/include/ur_msgs/ur_msgs/msg/detail/masterboard_data_msg__functions.h
[234.061s] -- Installing: /home/libok/um_file/install/ur_msgs/include/ur_msgs/ur_msgs/msg/detail/tool_data_msg__type_support.h
[234.061s] -- Installing: /home/libok/um_file/install/ur_msgs/include/ur_msgs/ur_msgs/msg/detail/io_states__type_support.h
[234.062s] -- Installing: /home/libok/um_file/install/ur_msgs/include/ur_msgs/ur_msgs/msg/detail/robot_mode_data_msg__type_support.h
[234.062s] -- Installing: /home/libok/um_file/install/ur_msgs/include/ur_msgs/ur_msgs/msg/detail/digital__type_support.h
[234.062s] -- Installing: /home/libok/um_file/install/ur_msgs/include/ur_msgs/ur_msgs/msg/detail/tool_data_msg__functions.c
[234.063s] -- Installing: /home/libok/um_file/install/ur_msgs/include/ur_msgs/ur_msgs/msg/detail/analog__type_support.h
[234.064s] -- Installing: /home/libok/um_file/install/ur_msgs/include/ur_msgs/ur_msgs/msg/detail/tool_data_msg__struct.h
[234.064s] -- Installing: /home/libok/um_file/install/ur_msgs/include/ur_msgs/ur_msgs/msg/detail/io_states__functions.h
[234.065s] -- Installing: /home/libok/um_file/install/ur_msgs/include/ur_msgs/ur_msgs/msg/detail/robot_state_rt_msg__type_support.h
[234.066s] -- Installing: /home/libok/um_file/install/ur_msgs/include/ur_msgs/ur_msgs/msg/detail/analog__functions.c
[234.067s] -- Installing: /home/libok/um_file/install/ur_msgs/include/ur_msgs/ur_msgs/msg/detail/masterboard_data_msg__functions.c
[234.067s] -- Installing: /home/libok/um_file/install/ur_msgs/include/ur_msgs/ur_msgs/msg/robot_mode_data_msg.h
[234.069s] -- Installing: /home/libok/um_file/install/ur_msgs/include/ur_msgs/ur_msgs/msg/tool_data_msg.h
[234.071s] -- Installing: /home/libok/um_file/install/ur_msgs/share/ur_msgs/environment/library_path.sh
[234.072s] -- Installing: /home/libok/um_file/install/ur_msgs/share/ur_msgs/environment/library_path.dsv
[234.076s] -- Installing: /home/libok/um_file/install/ur_msgs/lib/libur_msgs__rosidl_generator_c.so
[234.080s] -- Set non-toolchain portion of runtime path of "/home/libok/um_file/install/ur_msgs/lib/libur_msgs__rosidl_generator_c.so" to ""
[234.081s] -- Up-to-date: /home/libok/um_file/install/ur_msgs/include/ur_msgs/ur_msgs
[234.082s] -- Up-to-date: /home/libok/um_file/install/ur_msgs/include/ur_msgs/ur_msgs/srv
[234.083s] -- Up-to-date: /home/libok/um_file/install/ur_msgs/include/ur_msgs/ur_msgs/srv/detail
[234.084s] -- Installing: /home/libok/um_file/install/ur_msgs/include/ur_msgs/ur_msgs/srv/detail/set_force_mode__rosidl_typesupport_fastrtps_c.h
[234.085s] -- Installing: /home/libok/um_file/install/ur_msgs/include/ur_msgs/ur_msgs/srv/detail/set_analog_output__rosidl_typesupport_fastrtps_c.h
[234.086s] -- Installing: /home/libok/um_file/install/ur_msgs/include/ur_msgs/ur_msgs/srv/detail/get_robot_software_version__rosidl_typesupport_fastrtps_c.h
[234.086s] -- Installing: /home/libok/um_file/install/ur_msgs/include/ur_msgs/ur_msgs/srv/detail/set_payload__rosidl_typesupport_fastrtps_c.h
[234.086s] -- Installing: /home/libok/um_file/install/ur_msgs/include/ur_msgs/ur_msgs/srv/detail/set_speed_slider_fraction__rosidl_typesupport_fastrtps_c.h
[234.087s] -- Installing: /home/libok/um_file/install/ur_msgs/include/ur_msgs/ur_msgs/srv/detail/set_io__rosidl_typesupport_fastrtps_c.h
[234.087s] -- Up-to-date: /home/libok/um_file/install/ur_msgs/include/ur_msgs/ur_msgs/action
[234.088s] -- Up-to-date: /home/libok/um_file/install/ur_msgs/include/ur_msgs/ur_msgs/action/detail
[234.089s] -- Installing: /home/libok/um_file/install/ur_msgs/include/ur_msgs/ur_msgs/action/detail/tool_contact__rosidl_typesupport_fastrtps_c.h
[234.089s] -- Installing: /home/libok/um_file/install/ur_msgs/include/ur_msgs/ur_msgs/action/detail/follow_joint_trajectory_until__rosidl_typesupport_fastrtps_c.h
[234.090s] -- Up-to-date: /home/libok/um_file/install/ur_msgs/include/ur_msgs/ur_msgs/msg
[234.091s] -- Installing: /home/libok/um_file/install/ur_msgs/include/ur_msgs/ur_msgs/msg/rosidl_typesupport_fastrtps_c__visibility_control.h
[234.091s] -- Up-to-date: /home/libok/um_file/install/ur_msgs/include/ur_msgs/ur_msgs/msg/detail
[234.092s] -- Installing: /home/libok/um_file/install/ur_msgs/include/ur_msgs/ur_msgs/msg/detail/io_states__rosidl_typesupport_fastrtps_c.h
[234.092s] -- Installing: /home/libok/um_file/install/ur_msgs/include/ur_msgs/ur_msgs/msg/detail/masterboard_data_msg__rosidl_typesupport_fastrtps_c.h
[234.093s] -- Installing: /home/libok/um_file/install/ur_msgs/include/ur_msgs/ur_msgs/msg/detail/analog__rosidl_typesupport_fastrtps_c.h
[234.093s] -- Installing: /home/libok/um_file/install/ur_msgs/include/ur_msgs/ur_msgs/msg/detail/digital__rosidl_typesupport_fastrtps_c.h
[234.093s] -- Installing: /home/libok/um_file/install/ur_msgs/include/ur_msgs/ur_msgs/msg/detail/robot_state_rt_msg__rosidl_typesupport_fastrtps_c.h
[234.094s] -- Installing: /home/libok/um_file/install/ur_msgs/include/ur_msgs/ur_msgs/msg/detail/robot_mode_data_msg__rosidl_typesupport_fastrtps_c.h
[234.094s] -- Installing: /home/libok/um_file/install/ur_msgs/include/ur_msgs/ur_msgs/msg/detail/tool_data_msg__rosidl_typesupport_fastrtps_c.h
[234.094s] -- Installing: /home/libok/um_file/install/ur_msgs/lib/libur_msgs__rosidl_typesupport_fastrtps_c.so
[234.101s] -- Set non-toolchain portion of runtime path of "/home/libok/um_file/install/ur_msgs/lib/libur_msgs__rosidl_typesupport_fastrtps_c.so" to ""
[234.102s] -- Up-to-date: /home/libok/um_file/install/ur_msgs/include/ur_msgs/ur_msgs
[234.102s] -- Up-to-date: /home/libok/um_file/install/ur_msgs/include/ur_msgs/ur_msgs/srv
[234.106s] -- Installing: /home/libok/um_file/install/ur_msgs/include/ur_msgs/ur_msgs/srv/set_speed_slider_fraction.hpp
[234.106s] -- Installing: /home/libok/um_file/install/ur_msgs/include/ur_msgs/ur_msgs/srv/get_robot_software_version.hpp
[234.109s] -- Installing: /home/libok/um_file/install/ur_msgs/include/ur_msgs/ur_msgs/srv/set_analog_output.hpp
[234.110s] -- Installing: /home/libok/um_file/install/ur_msgs/include/ur_msgs/ur_msgs/srv/set_io.hpp
[234.111s] -- Up-to-date: /home/libok/um_file/install/ur_msgs/include/ur_msgs/ur_msgs/srv/detail
[234.111s] -- Installing: /home/libok/um_file/install/ur_msgs/include/ur_msgs/ur_msgs/srv/detail/set_payload__builder.hpp
[234.112s] -- Installing: /home/libok/um_file/install/ur_msgs/include/ur_msgs/ur_msgs/srv/detail/set_force_mode__builder.hpp
[234.113s] -- Installing: /home/libok/um_file/install/ur_msgs/include/ur_msgs/ur_msgs/srv/detail/set_force_mode__struct.hpp
[234.115s] -- Installing: /home/libok/um_file/install/ur_msgs/include/ur_msgs/ur_msgs/srv/detail/set_analog_output__builder.hpp
[234.115s] -- Installing: /home/libok/um_file/install/ur_msgs/include/ur_msgs/ur_msgs/srv/detail/get_robot_software_version__type_support.hpp
[234.115s] -- Installing: /home/libok/um_file/install/ur_msgs/include/ur_msgs/ur_msgs/srv/detail/set_payload__type_support.hpp
[234.116s] -- Installing: /home/libok/um_file/install/ur_msgs/include/ur_msgs/ur_msgs/srv/detail/set_io__struct.hpp
[234.117s] -- Installing: /home/libok/um_file/install/ur_msgs/include/ur_msgs/ur_msgs/srv/detail/set_speed_slider_fraction__builder.hpp
[234.117s] -- Installing: /home/libok/um_file/install/ur_msgs/include/ur_msgs/ur_msgs/srv/detail/set_io__builder.hpp
[234.118s] -- Installing: /home/libok/um_file/install/ur_msgs/include/ur_msgs/ur_msgs/srv/detail/get_robot_software_version__builder.hpp
[234.118s] -- Installing: /home/libok/um_file/install/ur_msgs/include/ur_msgs/ur_msgs/srv/detail/set_speed_slider_fraction__type_support.hpp
[234.119s] -- Installing: /home/libok/um_file/install/ur_msgs/include/ur_msgs/ur_msgs/srv/detail/set_speed_slider_fraction__struct.hpp
[234.119s] -- Installing: /home/libok/um_file/install/ur_msgs/include/ur_msgs/ur_msgs/srv/detail/set_analog_output__traits.hpp
[234.119s] -- Installing: /home/libok/um_file/install/ur_msgs/include/ur_msgs/ur_msgs/srv/detail/get_robot_software_version__traits.hpp
[234.124s] -- Installing: /home/libok/um_file/install/ur_msgs/include/ur_msgs/ur_msgs/srv/detail/set_force_mode__type_support.hpp
[234.126s] -- Installing: /home/libok/um_file/install/ur_msgs/include/ur_msgs/ur_msgs/srv/detail/set_io__type_support.hpp
[234.128s] -- Installing: /home/libok/um_file/install/ur_msgs/include/ur_msgs/ur_msgs/srv/detail/set_analog_output__struct.hpp
[234.129s] -- Installing: /home/libok/um_file/install/ur_msgs/include/ur_msgs/ur_msgs/srv/detail/set_speed_slider_fraction__traits.hpp
[234.130s] -- Installing: /home/libok/um_file/install/ur_msgs/include/ur_msgs/ur_msgs/srv/detail/set_force_mode__traits.hpp
[234.130s] -- Installing: /home/libok/um_file/install/ur_msgs/include/ur_msgs/ur_msgs/srv/detail/set_analog_output__type_support.hpp
[234.131s] -- Installing: /home/libok/um_file/install/ur_msgs/include/ur_msgs/ur_msgs/srv/detail/get_robot_software_version__struct.hpp
[234.132s] -- Installing: /home/libok/um_file/install/ur_msgs/include/ur_msgs/ur_msgs/srv/detail/set_io__traits.hpp
[234.132s] -- Installing: /home/libok/um_file/install/ur_msgs/include/ur_msgs/ur_msgs/srv/detail/set_payload__struct.hpp
[234.132s] -- Installing: /home/libok/um_file/install/ur_msgs/include/ur_msgs/ur_msgs/srv/detail/set_payload__traits.hpp
[234.133s] -- Installing: /home/libok/um_file/install/ur_msgs/include/ur_msgs/ur_msgs/srv/set_force_mode.hpp
[234.133s] -- Installing: /home/libok/um_file/install/ur_msgs/include/ur_msgs/ur_msgs/srv/set_payload.hpp
[234.133s] -- Up-to-date: /home/libok/um_file/install/ur_msgs/include/ur_msgs/ur_msgs/action
[234.134s] -- Installing: /home/libok/um_file/install/ur_msgs/include/ur_msgs/ur_msgs/action/follow_joint_trajectory_until.hpp
[234.134s] -- Up-to-date: /home/libok/um_file/install/ur_msgs/include/ur_msgs/ur_msgs/action/detail
[234.135s] -- Installing: /home/libok/um_file/install/ur_msgs/include/ur_msgs/ur_msgs/action/detail/follow_joint_trajectory_until__builder.hpp
[234.135s] -- Installing: /home/libok/um_file/install/ur_msgs/include/ur_msgs/ur_msgs/action/detail/tool_contact__traits.hpp
[234.136s] -- Installing: /home/libok/um_file/install/ur_msgs/include/ur_msgs/ur_msgs/action/detail/follow_joint_trajectory_until__struct.hpp
[234.136s] -- Installing: /home/libok/um_file/install/ur_msgs/include/ur_msgs/ur_msgs/action/detail/tool_contact__builder.hpp
[234.137s] -- Installing: /home/libok/um_file/install/ur_msgs/include/ur_msgs/ur_msgs/action/detail/tool_contact__struct.hpp
[234.137s] -- Installing: /home/libok/um_file/install/ur_msgs/include/ur_msgs/ur_msgs/action/detail/follow_joint_trajectory_until__traits.hpp
[234.138s] -- Installing: /home/libok/um_file/install/ur_msgs/include/ur_msgs/ur_msgs/action/detail/tool_contact__type_support.hpp
[234.138s] -- Installing: /home/libok/um_file/install/ur_msgs/include/ur_msgs/ur_msgs/action/detail/follow_joint_trajectory_until__type_support.hpp
[234.138s] -- Installing: /home/libok/um_file/install/ur_msgs/include/ur_msgs/ur_msgs/action/tool_contact.hpp
[234.139s] -- Up-to-date: /home/libok/um_file/install/ur_msgs/include/ur_msgs/ur_msgs/msg
[234.139s] -- Installing: /home/libok/um_file/install/ur_msgs/include/ur_msgs/ur_msgs/msg/digital.hpp
[234.140s] -- Installing: /home/libok/um_file/install/ur_msgs/include/ur_msgs/ur_msgs/msg/tool_data_msg.hpp
[234.140s] -- Installing: /home/libok/um_file/install/ur_msgs/include/ur_msgs/ur_msgs/msg/rosidl_generator_cpp__visibility_control.hpp
[234.140s] -- Installing: /home/libok/um_file/install/ur_msgs/include/ur_msgs/ur_msgs/msg/robot_mode_data_msg.hpp
[234.141s] -- Installing: /home/libok/um_file/install/ur_msgs/include/ur_msgs/ur_msgs/msg/io_states.hpp
[234.141s] -- Installing: /home/libok/um_file/install/ur_msgs/include/ur_msgs/ur_msgs/msg/analog.hpp
[234.143s] -- Up-to-date: /home/libok/um_file/install/ur_msgs/include/ur_msgs/ur_msgs/msg/detail
[234.144s] -- Installing: /home/libok/um_file/install/ur_msgs/include/ur_msgs/ur_msgs/msg/detail/tool_data_msg__type_support.hpp
[234.145s] -- Installing: /home/libok/um_file/install/ur_msgs/include/ur_msgs/ur_msgs/msg/detail/robot_mode_data_msg__type_support.hpp
[234.149s] -- Installing: /home/libok/um_file/install/ur_msgs/include/ur_msgs/ur_msgs/msg/detail/io_states__traits.hpp
[234.150s] -- Installing: /home/libok/um_file/install/ur_msgs/include/ur_msgs/ur_msgs/msg/detail/io_states__builder.hpp
[234.151s] -- Installing: /home/libok/um_file/install/ur_msgs/include/ur_msgs/ur_msgs/msg/detail/analog__traits.hpp
[234.152s] -- Installing: /home/libok/um_file/install/ur_msgs/include/ur_msgs/ur_msgs/msg/detail/masterboard_data_msg__struct.hpp
[234.154s] -- Installing: /home/libok/um_file/install/ur_msgs/include/ur_msgs/ur_msgs/msg/detail/analog__type_support.hpp
[234.156s] -- Installing: /home/libok/um_file/install/ur_msgs/include/ur_msgs/ur_msgs/msg/detail/digital__type_support.hpp
[234.158s] -- Installing: /home/libok/um_file/install/ur_msgs/include/ur_msgs/ur_msgs/msg/detail/masterboard_data_msg__builder.hpp
[234.159s] -- Installing: /home/libok/um_file/install/ur_msgs/include/ur_msgs/ur_msgs/msg/detail/robot_mode_data_msg__traits.hpp
[234.162s] -- Installing: /home/libok/um_file/install/ur_msgs/include/ur_msgs/ur_msgs/msg/detail/tool_data_msg__traits.hpp
[234.163s] -- Installing: /home/libok/um_file/install/ur_msgs/include/ur_msgs/ur_msgs/msg/detail/tool_data_msg__builder.hpp
[234.164s] -- Installing: /home/libok/um_file/install/ur_msgs/include/ur_msgs/ur_msgs/msg/detail/digital__builder.hpp
[234.166s] -- Installing: /home/libok/um_file/install/ur_msgs/include/ur_msgs/ur_msgs/msg/detail/robot_mode_data_msg__struct.hpp
[234.167s] -- Installing: /home/libok/um_file/install/ur_msgs/include/ur_msgs/ur_msgs/msg/detail/analog__struct.hpp
[234.167s] -- Installing: /home/libok/um_file/install/ur_msgs/include/ur_msgs/ur_msgs/msg/detail/digital__traits.hpp
[234.168s] -- Installing: /home/libok/um_file/install/ur_msgs/include/ur_msgs/ur_msgs/msg/detail/robot_mode_data_msg__builder.hpp
[234.169s] -- Installing: /home/libok/um_file/install/ur_msgs/include/ur_msgs/ur_msgs/msg/detail/robot_state_rt_msg__struct.hpp
[234.170s] -- Installing: /home/libok/um_file/install/ur_msgs/include/ur_msgs/ur_msgs/msg/detail/robot_state_rt_msg__type_support.hpp
[234.171s] -- Installing: /home/libok/um_file/install/ur_msgs/include/ur_msgs/ur_msgs/msg/detail/io_states__type_support.hpp
[234.172s] -- Installing: /home/libok/um_file/install/ur_msgs/include/ur_msgs/ur_msgs/msg/detail/digital__struct.hpp
[234.173s] -- Installing: /home/libok/um_file/install/ur_msgs/include/ur_msgs/ur_msgs/msg/detail/masterboard_data_msg__traits.hpp
[234.174s] -- Installing: /home/libok/um_file/install/ur_msgs/include/ur_msgs/ur_msgs/msg/detail/analog__builder.hpp
[234.177s] -- Installing: /home/libok/um_file/install/ur_msgs/include/ur_msgs/ur_msgs/msg/detail/robot_state_rt_msg__builder.hpp
[234.178s] -- Installing: /home/libok/um_file/install/ur_msgs/include/ur_msgs/ur_msgs/msg/detail/tool_data_msg__struct.hpp
[234.179s] -- Installing: /home/libok/um_file/install/ur_msgs/include/ur_msgs/ur_msgs/msg/detail/io_states__struct.hpp
[234.179s] -- Installing: /home/libok/um_file/install/ur_msgs/include/ur_msgs/ur_msgs/msg/detail/masterboard_data_msg__type_support.hpp
[234.180s] -- Installing: /home/libok/um_file/install/ur_msgs/include/ur_msgs/ur_msgs/msg/detail/robot_state_rt_msg__traits.hpp
[234.180s] -- Installing: /home/libok/um_file/install/ur_msgs/include/ur_msgs/ur_msgs/msg/robot_state_rt_msg.hpp
[234.181s] -- Installing: /home/libok/um_file/install/ur_msgs/include/ur_msgs/ur_msgs/msg/masterboard_data_msg.hpp
[234.183s] -- Up-to-date: /home/libok/um_file/install/ur_msgs/include/ur_msgs/ur_msgs
[234.183s] -- Up-to-date: /home/libok/um_file/install/ur_msgs/include/ur_msgs/ur_msgs/srv
[234.184s] -- Up-to-date: /home/libok/um_file/install/ur_msgs/include/ur_msgs/ur_msgs/srv/detail
[234.184s] -- Installing: /home/libok/um_file/install/ur_msgs/include/ur_msgs/ur_msgs/srv/detail/set_speed_slider_fraction__rosidl_typesupport_fastrtps_cpp.hpp
[234.185s] -- Installing: /home/libok/um_file/install/ur_msgs/include/ur_msgs/ur_msgs/srv/detail/set_io__rosidl_typesupport_fastrtps_cpp.hpp
[234.186s] -- Installing: /home/libok/um_file/install/ur_msgs/include/ur_msgs/ur_msgs/srv/detail/set_analog_output__rosidl_typesupport_fastrtps_cpp.hpp
[234.186s] -- Installing: /home/libok/um_file/install/ur_msgs/include/ur_msgs/ur_msgs/srv/detail/set_force_mode__rosidl_typesupport_fastrtps_cpp.hpp
[234.187s] -- Installing: /home/libok/um_file/install/ur_msgs/include/ur_msgs/ur_msgs/srv/detail/get_robot_software_version__rosidl_typesupport_fastrtps_cpp.hpp
[234.187s] -- Installing: /home/libok/um_file/install/ur_msgs/include/ur_msgs/ur_msgs/srv/detail/set_payload__rosidl_typesupport_fastrtps_cpp.hpp
[234.188s] -- Installing: /home/libok/um_file/install/ur_msgs/include/ur_msgs/ur_msgs/srv/detail/dds_fastrtps
[234.189s] -- Up-to-date: /home/libok/um_file/install/ur_msgs/include/ur_msgs/ur_msgs/action
[234.189s] -- Up-to-date: /home/libok/um_file/install/ur_msgs/include/ur_msgs/ur_msgs/action/detail
[234.189s] -- Installing: /home/libok/um_file/install/ur_msgs/include/ur_msgs/ur_msgs/action/detail/follow_joint_trajectory_until__rosidl_typesupport_fastrtps_cpp.hpp
[234.190s] -- Installing: /home/libok/um_file/install/ur_msgs/include/ur_msgs/ur_msgs/action/detail/dds_fastrtps
[234.191s] -- Installing: /home/libok/um_file/install/ur_msgs/include/ur_msgs/ur_msgs/action/detail/tool_contact__rosidl_typesupport_fastrtps_cpp.hpp
[234.191s] -- Up-to-date: /home/libok/um_file/install/ur_msgs/include/ur_msgs/ur_msgs/msg
[234.192s] -- Up-to-date: /home/libok/um_file/install/ur_msgs/include/ur_msgs/ur_msgs/msg/detail
[234.192s] -- Installing: /home/libok/um_file/install/ur_msgs/include/ur_msgs/ur_msgs/msg/detail/robot_state_rt_msg__rosidl_typesupport_fastrtps_cpp.hpp
[234.193s] -- Installing: /home/libok/um_file/install/ur_msgs/include/ur_msgs/ur_msgs/msg/detail/analog__rosidl_typesupport_fastrtps_cpp.hpp
[234.193s] -- Installing: /home/libok/um_file/install/ur_msgs/include/ur_msgs/ur_msgs/msg/detail/io_states__rosidl_typesupport_fastrtps_cpp.hpp
[234.193s] -- Installing: /home/libok/um_file/install/ur_msgs/include/ur_msgs/ur_msgs/msg/detail/masterboard_data_msg__rosidl_typesupport_fastrtps_cpp.hpp
[234.194s] -- Installing: /home/libok/um_file/install/ur_msgs/include/ur_msgs/ur_msgs/msg/detail/digital__rosidl_typesupport_fastrtps_cpp.hpp
[234.195s] -- Installing: /home/libok/um_file/install/ur_msgs/include/ur_msgs/ur_msgs/msg/detail/robot_mode_data_msg__rosidl_typesupport_fastrtps_cpp.hpp
[234.195s] -- Installing: /home/libok/um_file/install/ur_msgs/include/ur_msgs/ur_msgs/msg/detail/tool_data_msg__rosidl_typesupport_fastrtps_cpp.hpp
[234.196s] -- Installing: /home/libok/um_file/install/ur_msgs/include/ur_msgs/ur_msgs/msg/detail/dds_fastrtps
[234.196s] -- Installing: /home/libok/um_file/install/ur_msgs/include/ur_msgs/ur_msgs/msg/rosidl_typesupport_fastrtps_cpp__visibility_control.h
[234.197s] -- Installing: /home/libok/um_file/install/ur_msgs/lib/libur_msgs__rosidl_typesupport_fastrtps_cpp.so
[234.204s] -- Set non-toolchain portion of runtime path of "/home/libok/um_file/install/ur_msgs/lib/libur_msgs__rosidl_typesupport_fastrtps_cpp.so" to ""
[234.204s] -- Up-to-date: /home/libok/um_file/install/ur_msgs/include/ur_msgs/ur_msgs
[234.205s] -- Up-to-date: /home/libok/um_file/install/ur_msgs/include/ur_msgs/ur_msgs/srv
[234.206s] -- Up-to-date: /home/libok/um_file/install/ur_msgs/include/ur_msgs/ur_msgs/srv/detail
[234.207s] -- Installing: /home/libok/um_file/install/ur_msgs/include/ur_msgs/ur_msgs/srv/detail/set_speed_slider_fraction__rosidl_typesupport_introspection_c.h
[234.208s] -- Installing: /home/libok/um_file/install/ur_msgs/include/ur_msgs/ur_msgs/srv/detail/set_analog_output__rosidl_typesupport_introspection_c.h
[234.209s] -- Installing: /home/libok/um_file/install/ur_msgs/include/ur_msgs/ur_msgs/srv/detail/get_robot_software_version__rosidl_typesupport_introspection_c.h
[234.210s] -- Installing: /home/libok/um_file/install/ur_msgs/include/ur_msgs/ur_msgs/srv/detail/set_payload__type_support.c
[234.210s] -- Installing: /home/libok/um_file/install/ur_msgs/include/ur_msgs/ur_msgs/srv/detail/set_force_mode__rosidl_typesupport_introspection_c.h
[234.211s] -- Installing: /home/libok/um_file/install/ur_msgs/include/ur_msgs/ur_msgs/srv/detail/set_payload__rosidl_typesupport_introspection_c.h
[234.211s] -- Installing: /home/libok/um_file/install/ur_msgs/include/ur_msgs/ur_msgs/srv/detail/set_speed_slider_fraction__type_support.c
[234.212s] -- Installing: /home/libok/um_file/install/ur_msgs/include/ur_msgs/ur_msgs/srv/detail/set_io__type_support.c
[234.213s] -- Installing: /home/libok/um_file/install/ur_msgs/include/ur_msgs/ur_msgs/srv/detail/set_io__rosidl_typesupport_introspection_c.h
[234.213s] -- Installing: /home/libok/um_file/install/ur_msgs/include/ur_msgs/ur_msgs/srv/detail/set_analog_output__type_support.c
[234.214s] -- Installing: /home/libok/um_file/install/ur_msgs/include/ur_msgs/ur_msgs/srv/detail/get_robot_software_version__type_support.c
[234.214s] -- Installing: /home/libok/um_file/install/ur_msgs/include/ur_msgs/ur_msgs/srv/detail/set_force_mode__type_support.c
[234.215s] -- Up-to-date: /home/libok/um_file/install/ur_msgs/include/ur_msgs/ur_msgs/action
[234.216s] -- Up-to-date: /home/libok/um_file/install/ur_msgs/include/ur_msgs/ur_msgs/action/detail
[234.216s] -- Installing: /home/libok/um_file/install/ur_msgs/include/ur_msgs/ur_msgs/action/detail/follow_joint_trajectory_until__rosidl_typesupport_introspection_c.h
[234.217s] -- Installing: /home/libok/um_file/install/ur_msgs/include/ur_msgs/ur_msgs/action/detail/tool_contact__type_support.c
[234.217s] -- Installing: /home/libok/um_file/install/ur_msgs/include/ur_msgs/ur_msgs/action/detail/tool_contact__rosidl_typesupport_introspection_c.h
[234.218s] -- Installing: /home/libok/um_file/install/ur_msgs/include/ur_msgs/ur_msgs/action/detail/follow_joint_trajectory_until__type_support.c
[234.222s] -- Up-to-date: /home/libok/um_file/install/ur_msgs/include/ur_msgs/ur_msgs/msg
[234.223s] -- Installing: /home/libok/um_file/install/ur_msgs/include/ur_msgs/ur_msgs/msg/rosidl_typesupport_introspection_c__visibility_control.h
[234.224s] -- Up-to-date: /home/libok/um_file/install/ur_msgs/include/ur_msgs/ur_msgs/msg/detail
[234.226s] -- Installing: /home/libok/um_file/install/ur_msgs/include/ur_msgs/ur_msgs/msg/detail/analog__rosidl_typesupport_introspection_c.h
[234.227s] -- Installing: /home/libok/um_file/install/ur_msgs/include/ur_msgs/ur_msgs/msg/detail/digital__rosidl_typesupport_introspection_c.h
[234.228s] -- Installing: /home/libok/um_file/install/ur_msgs/include/ur_msgs/ur_msgs/msg/detail/io_states__rosidl_typesupport_introspection_c.h
[234.228s] -- Installing: /home/libok/um_file/install/ur_msgs/include/ur_msgs/ur_msgs/msg/detail/robot_state_rt_msg__type_support.c
[234.229s] -- Installing: /home/libok/um_file/install/ur_msgs/include/ur_msgs/ur_msgs/msg/detail/tool_data_msg__rosidl_typesupport_introspection_c.h
[234.229s] -- Installing: /home/libok/um_file/install/ur_msgs/include/ur_msgs/ur_msgs/msg/detail/tool_data_msg__type_support.c
[234.230s] -- Installing: /home/libok/um_file/install/ur_msgs/include/ur_msgs/ur_msgs/msg/detail/digital__type_support.c
[234.231s] -- Installing: /home/libok/um_file/install/ur_msgs/include/ur_msgs/ur_msgs/msg/detail/masterboard_data_msg__rosidl_typesupport_introspection_c.h
[234.231s] -- Installing: /home/libok/um_file/install/ur_msgs/include/ur_msgs/ur_msgs/msg/detail/robot_state_rt_msg__rosidl_typesupport_introspection_c.h
[234.232s] -- Installing: /home/libok/um_file/install/ur_msgs/include/ur_msgs/ur_msgs/msg/detail/robot_mode_data_msg__type_support.c
[234.232s] -- Installing: /home/libok/um_file/install/ur_msgs/include/ur_msgs/ur_msgs/msg/detail/analog__type_support.c
[234.232s] -- Installing: /home/libok/um_file/install/ur_msgs/include/ur_msgs/ur_msgs/msg/detail/masterboard_data_msg__type_support.c
[234.233s] -- Installing: /home/libok/um_file/install/ur_msgs/include/ur_msgs/ur_msgs/msg/detail/robot_mode_data_msg__rosidl_typesupport_introspection_c.h
[234.234s] -- Installing: /home/libok/um_file/install/ur_msgs/include/ur_msgs/ur_msgs/msg/detail/io_states__type_support.c
[234.234s] -- Installing: /home/libok/um_file/install/ur_msgs/lib/libur_msgs__rosidl_typesupport_introspection_c.so
[234.235s] -- Set non-toolchain portion of runtime path of "/home/libok/um_file/install/ur_msgs/lib/libur_msgs__rosidl_typesupport_introspection_c.so" to ""
[234.235s] -- Installing: /home/libok/um_file/install/ur_msgs/lib/libur_msgs__rosidl_typesupport_c.so
[234.238s] -- Set non-toolchain portion of runtime path of "/home/libok/um_file/install/ur_msgs/lib/libur_msgs__rosidl_typesupport_c.so" to ""
[234.240s] -- Up-to-date: /home/libok/um_file/install/ur_msgs/include/ur_msgs/ur_msgs
[234.242s] -- Up-to-date: /home/libok/um_file/install/ur_msgs/include/ur_msgs/ur_msgs/srv
[234.245s] -- Up-to-date: /home/libok/um_file/install/ur_msgs/include/ur_msgs/ur_msgs/srv/detail
[234.247s] -- Installing: /home/libok/um_file/install/ur_msgs/include/ur_msgs/ur_msgs/srv/detail/set_speed_slider_fraction__rosidl_typesupport_introspection_cpp.hpp
[234.249s] -- Installing: /home/libok/um_file/install/ur_msgs/include/ur_msgs/ur_msgs/srv/detail/set_payload__type_support.cpp
[234.251s] -- Installing: /home/libok/um_file/install/ur_msgs/include/ur_msgs/ur_msgs/srv/detail/set_speed_slider_fraction__type_support.cpp
[234.252s] -- Installing: /home/libok/um_file/install/ur_msgs/include/ur_msgs/ur_msgs/srv/detail/set_io__rosidl_typesupport_introspection_cpp.hpp
[234.253s] -- Installing: /home/libok/um_file/install/ur_msgs/include/ur_msgs/ur_msgs/srv/detail/set_force_mode__rosidl_typesupport_introspection_cpp.hpp
[234.254s] -- Installing: /home/libok/um_file/install/ur_msgs/include/ur_msgs/ur_msgs/srv/detail/set_analog_output__type_support.cpp
[234.254s] -- Installing: /home/libok/um_file/install/ur_msgs/include/ur_msgs/ur_msgs/srv/detail/get_robot_software_version__rosidl_typesupport_introspection_cpp.hpp
[234.255s] -- Installing: /home/libok/um_file/install/ur_msgs/include/ur_msgs/ur_msgs/srv/detail/set_io__type_support.cpp
[234.256s] -- Installing: /home/libok/um_file/install/ur_msgs/include/ur_msgs/ur_msgs/srv/detail/set_analog_output__rosidl_typesupport_introspection_cpp.hpp
[234.256s] -- Installing: /home/libok/um_file/install/ur_msgs/include/ur_msgs/ur_msgs/srv/detail/get_robot_software_version__type_support.cpp
[234.257s] -- Installing: /home/libok/um_file/install/ur_msgs/include/ur_msgs/ur_msgs/srv/detail/set_force_mode__type_support.cpp
[234.257s] -- Installing: /home/libok/um_file/install/ur_msgs/include/ur_msgs/ur_msgs/srv/detail/set_payload__rosidl_typesupport_introspection_cpp.hpp
[234.258s] -- Up-to-date: /home/libok/um_file/install/ur_msgs/include/ur_msgs/ur_msgs/action
[234.259s] -- Up-to-date: /home/libok/um_file/install/ur_msgs/include/ur_msgs/ur_msgs/action/detail
[234.260s] -- Installing: /home/libok/um_file/install/ur_msgs/include/ur_msgs/ur_msgs/action/detail/follow_joint_trajectory_until__rosidl_typesupport_introspection_cpp.hpp
[234.261s] -- Installing: /home/libok/um_file/install/ur_msgs/include/ur_msgs/ur_msgs/action/detail/tool_contact__type_support.cpp
[234.261s] -- Installing: /home/libok/um_file/install/ur_msgs/include/ur_msgs/ur_msgs/action/detail/tool_contact__rosidl_typesupport_introspection_cpp.hpp
[234.262s] -- Installing: /home/libok/um_file/install/ur_msgs/include/ur_msgs/ur_msgs/action/detail/follow_joint_trajectory_until__type_support.cpp
[234.262s] -- Up-to-date: /home/libok/um_file/install/ur_msgs/include/ur_msgs/ur_msgs/msg
[234.263s] -- Up-to-date: /home/libok/um_file/install/ur_msgs/include/ur_msgs/ur_msgs/msg/detail
[234.263s] -- Installing: /home/libok/um_file/install/ur_msgs/include/ur_msgs/ur_msgs/msg/detail/robot_mode_data_msg__rosidl_typesupport_introspection_cpp.hpp
[234.263s] -- Installing: /home/libok/um_file/install/ur_msgs/include/ur_msgs/ur_msgs/msg/detail/tool_data_msg__type_support.cpp
[234.264s] -- Installing: /home/libok/um_file/install/ur_msgs/include/ur_msgs/ur_msgs/msg/detail/robot_mode_data_msg__type_support.cpp
[234.264s] -- Installing: /home/libok/um_file/install/ur_msgs/include/ur_msgs/ur_msgs/msg/detail/analog__type_support.cpp
[234.265s] -- Installing: /home/libok/um_file/install/ur_msgs/include/ur_msgs/ur_msgs/msg/detail/masterboard_data_msg__rosidl_typesupport_introspection_cpp.hpp
[234.265s] -- Installing: /home/libok/um_file/install/ur_msgs/include/ur_msgs/ur_msgs/msg/detail/masterboard_data_msg__type_support.cpp
[234.265s] -- Installing: /home/libok/um_file/install/ur_msgs/include/ur_msgs/ur_msgs/msg/detail/io_states__rosidl_typesupport_introspection_cpp.hpp
[234.266s] -- Installing: /home/libok/um_file/install/ur_msgs/include/ur_msgs/ur_msgs/msg/detail/digital__rosidl_typesupport_introspection_cpp.hpp
[234.267s] -- Installing: /home/libok/um_file/install/ur_msgs/include/ur_msgs/ur_msgs/msg/detail/io_states__type_support.cpp
[234.267s] -- Installing: /home/libok/um_file/install/ur_msgs/include/ur_msgs/ur_msgs/msg/detail/digital__type_support.cpp
[234.268s] -- Installing: /home/libok/um_file/install/ur_msgs/include/ur_msgs/ur_msgs/msg/detail/analog__rosidl_typesupport_introspection_cpp.hpp
[234.268s] -- Installing: /home/libok/um_file/install/ur_msgs/include/ur_msgs/ur_msgs/msg/detail/tool_data_msg__rosidl_typesupport_introspection_cpp.hpp
[234.269s] -- Installing: /home/libok/um_file/install/ur_msgs/include/ur_msgs/ur_msgs/msg/detail/robot_state_rt_msg__rosidl_typesupport_introspection_cpp.hpp
[234.269s] -- Installing: /home/libok/um_file/install/ur_msgs/include/ur_msgs/ur_msgs/msg/detail/robot_state_rt_msg__type_support.cpp
[234.270s] -- Installing: /home/libok/um_file/install/ur_msgs/lib/libur_msgs__rosidl_typesupport_introspection_cpp.so
[234.270s] -- Set non-toolchain portion of runtime path of "/home/libok/um_file/install/ur_msgs/lib/libur_msgs__rosidl_typesupport_introspection_cpp.so" to ""
[234.272s] -- Installing: /home/libok/um_file/install/ur_msgs/lib/libur_msgs__rosidl_typesupport_cpp.so
[234.273s] -- Set non-toolchain portion of runtime path of "/home/libok/um_file/install/ur_msgs/lib/libur_msgs__rosidl_typesupport_cpp.so" to ""
[234.273s] -- Installing: /home/libok/um_file/install/ur_msgs/share/ur_msgs/environment/pythonpath.sh
[234.274s] -- Installing: /home/libok/um_file/install/ur_msgs/share/ur_msgs/environment/pythonpath.dsv
[234.278s] -- Installing: /home/libok/um_file/install/ur_msgs/local/lib/python3.10/dist-packages/ur_msgs-2.3.0-py3.10.egg-info
[234.279s] -- Installing: /home/libok/um_file/install/ur_msgs/local/lib/python3.10/dist-packages/ur_msgs-2.3.0-py3.10.egg-info/top_level.txt
[234.283s] -- Installing: /home/libok/um_file/install/ur_msgs/local/lib/python3.10/dist-packages/ur_msgs-2.3.0-py3.10.egg-info/PKG-INFO
[234.285s] -- Installing: /home/libok/um_file/install/ur_msgs/local/lib/python3.10/dist-packages/ur_msgs-2.3.0-py3.10.egg-info/dependency_links.txt
[234.288s] -- Installing: /home/libok/um_file/install/ur_msgs/local/lib/python3.10/dist-packages/ur_msgs-2.3.0-py3.10.egg-info/SOURCES.txt
[234.290s] -- Installing: /home/libok/um_file/install/ur_msgs/local/lib/python3.10/dist-packages/ur_msgs
[234.290s] -- Installing: /home/libok/um_file/install/ur_msgs/local/lib/python3.10/dist-packages/ur_msgs/srv
[234.290s] -- Installing: /home/libok/um_file/install/ur_msgs/local/lib/python3.10/dist-packages/ur_msgs/srv/_set_speed_slider_fraction_s.c
[234.291s] -- Installing: /home/libok/um_file/install/ur_msgs/local/lib/python3.10/dist-packages/ur_msgs/srv/__init__.py
[234.291s] -- Installing: /home/libok/um_file/install/ur_msgs/local/lib/python3.10/dist-packages/ur_msgs/srv/_get_robot_software_version_s.c
[234.293s] -- Installing: /home/libok/um_file/install/ur_msgs/local/lib/python3.10/dist-packages/ur_msgs/srv/_set_payload_s.c
[234.294s] -- Installing: /home/libok/um_file/install/ur_msgs/local/lib/python3.10/dist-packages/ur_msgs/srv/_set_speed_slider_fraction.py
[234.295s] -- Installing: /home/libok/um_file/install/ur_msgs/local/lib/python3.10/dist-packages/ur_msgs/srv/_set_payload.py
[234.295s] -- Installing: /home/libok/um_file/install/ur_msgs/local/lib/python3.10/dist-packages/ur_msgs/srv/_set_analog_output_s.c
[234.296s] -- Installing: /home/libok/um_file/install/ur_msgs/local/lib/python3.10/dist-packages/ur_msgs/srv/_get_robot_software_version.py
[234.300s] -- Installing: /home/libok/um_file/install/ur_msgs/local/lib/python3.10/dist-packages/ur_msgs/srv/_set_io_s.c
[234.301s] -- Installing: /home/libok/um_file/install/ur_msgs/local/lib/python3.10/dist-packages/ur_msgs/srv/_set_io.py
[234.302s] -- Installing: /home/libok/um_file/install/ur_msgs/local/lib/python3.10/dist-packages/ur_msgs/srv/_set_force_mode_s.c
[234.303s] -- Installing: /home/libok/um_file/install/ur_msgs/local/lib/python3.10/dist-packages/ur_msgs/srv/_set_force_mode.py
[234.304s] -- Installing: /home/libok/um_file/install/ur_msgs/local/lib/python3.10/dist-packages/ur_msgs/srv/_set_analog_output.py
[234.306s] -- Installing: /home/libok/um_file/install/ur_msgs/local/lib/python3.10/dist-packages/ur_msgs/action
[234.307s] -- Installing: /home/libok/um_file/install/ur_msgs/local/lib/python3.10/dist-packages/ur_msgs/action/_follow_joint_trajectory_until_s.c
[234.308s] -- Installing: /home/libok/um_file/install/ur_msgs/local/lib/python3.10/dist-packages/ur_msgs/action/__init__.py
[234.309s] -- Installing: /home/libok/um_file/install/ur_msgs/local/lib/python3.10/dist-packages/ur_msgs/action/_tool_contact_s.c
[234.309s] -- Installing: /home/libok/um_file/install/ur_msgs/local/lib/python3.10/dist-packages/ur_msgs/action/_follow_joint_trajectory_until.py
[234.309s] -- Installing: /home/libok/um_file/install/ur_msgs/local/lib/python3.10/dist-packages/ur_msgs/action/_tool_contact.py
[234.311s] -- Installing: /home/libok/um_file/install/ur_msgs/local/lib/python3.10/dist-packages/ur_msgs/_ur_msgs_s.ep.rosidl_typesupport_fastrtps_c.c
[234.312s] -- Installing: /home/libok/um_file/install/ur_msgs/local/lib/python3.10/dist-packages/ur_msgs/__init__.py
[234.314s] -- Installing: /home/libok/um_file/install/ur_msgs/local/lib/python3.10/dist-packages/ur_msgs/msg
[234.314s] -- Installing: /home/libok/um_file/install/ur_msgs/local/lib/python3.10/dist-packages/ur_msgs/msg/__init__.py
[234.315s] -- Installing: /home/libok/um_file/install/ur_msgs/local/lib/python3.10/dist-packages/ur_msgs/msg/_analog_s.c
[234.316s] -- Installing: /home/libok/um_file/install/ur_msgs/local/lib/python3.10/dist-packages/ur_msgs/msg/_masterboard_data_msg.py
[234.320s] -- Installing: /home/libok/um_file/install/ur_msgs/local/lib/python3.10/dist-packages/ur_msgs/msg/_digital.py
[234.321s] -- Installing: /home/libok/um_file/install/ur_msgs/local/lib/python3.10/dist-packages/ur_msgs/msg/_tool_data_msg_s.c
[234.323s] -- Installing: /home/libok/um_file/install/ur_msgs/local/lib/python3.10/dist-packages/ur_msgs/msg/_robot_state_rt_msg.py
[234.324s] -- Installing: /home/libok/um_file/install/ur_msgs/local/lib/python3.10/dist-packages/ur_msgs/msg/_io_states_s.c
[234.327s] -- Installing: /home/libok/um_file/install/ur_msgs/local/lib/python3.10/dist-packages/ur_msgs/msg/_robot_mode_data_msg_s.c
[234.328s] -- Installing: /home/libok/um_file/install/ur_msgs/local/lib/python3.10/dist-packages/ur_msgs/msg/_io_states.py
[234.329s] -- Installing: /home/libok/um_file/install/ur_msgs/local/lib/python3.10/dist-packages/ur_msgs/msg/_digital_s.c
[234.330s] -- Installing: /home/libok/um_file/install/ur_msgs/local/lib/python3.10/dist-packages/ur_msgs/msg/_robot_state_rt_msg_s.c
[234.330s] -- Installing: /home/libok/um_file/install/ur_msgs/local/lib/python3.10/dist-packages/ur_msgs/msg/_robot_mode_data_msg.py
[234.331s] -- Installing: /home/libok/um_file/install/ur_msgs/local/lib/python3.10/dist-packages/ur_msgs/msg/_masterboard_data_msg_s.c
[234.332s] -- Installing: /home/libok/um_file/install/ur_msgs/local/lib/python3.10/dist-packages/ur_msgs/msg/_tool_data_msg.py
[234.332s] -- Installing: /home/libok/um_file/install/ur_msgs/local/lib/python3.10/dist-packages/ur_msgs/msg/_analog.py
[234.333s] -- Installing: /home/libok/um_file/install/ur_msgs/local/lib/python3.10/dist-packages/ur_msgs/ur_msgs_s__rosidl_typesupport_introspection_c.cpython-310-x86_64-linux-gnu.so
[234.334s] -- Installing: /home/libok/um_file/install/ur_msgs/local/lib/python3.10/dist-packages/ur_msgs/ur_msgs_s__rosidl_typesupport_c.cpython-310-x86_64-linux-gnu.so
[234.334s] -- Installing: /home/libok/um_file/install/ur_msgs/local/lib/python3.10/dist-packages/ur_msgs/ur_msgs_s__rosidl_typesupport_fastrtps_c.cpython-310-x86_64-linux-gnu.so
[234.335s] -- Installing: /home/libok/um_file/install/ur_msgs/local/lib/python3.10/dist-packages/ur_msgs/libur_msgs__rosidl_generator_py.so
[234.337s] -- Installing: /home/libok/um_file/install/ur_msgs/local/lib/python3.10/dist-packages/ur_msgs/_ur_msgs_s.ep.rosidl_typesupport_introspection_c.c
[234.338s] -- Installing: /home/libok/um_file/install/ur_msgs/local/lib/python3.10/dist-packages/ur_msgs/_ur_msgs_s.ep.rosidl_typesupport_c.c
[234.897s] Listing '/home/libok/um_file/install/ur_msgs/local/lib/python3.10/dist-packages/ur_msgs'...
[234.898s] Compiling '/home/libok/um_file/install/ur_msgs/local/lib/python3.10/dist-packages/ur_msgs/__init__.py'...
[234.898s] Listing '/home/libok/um_file/install/ur_msgs/local/lib/python3.10/dist-packages/ur_msgs/action'...
[234.900s] Compiling '/home/libok/um_file/install/ur_msgs/local/lib/python3.10/dist-packages/ur_msgs/action/__init__.py'...
[234.900s] Compiling '/home/libok/um_file/install/ur_msgs/local/lib/python3.10/dist-packages/ur_msgs/action/_follow_joint_trajectory_until.py'...
[234.901s] Compiling '/home/libok/um_file/install/ur_msgs/local/lib/python3.10/dist-packages/ur_msgs/action/_tool_contact.py'...
[234.902s] Listing '/home/libok/um_file/install/ur_msgs/local/lib/python3.10/dist-packages/ur_msgs/msg'...
[234.902s] Compiling '/home/libok/um_file/install/ur_msgs/local/lib/python3.10/dist-packages/ur_msgs/msg/__init__.py'...
[234.906s] Compiling '/home/libok/um_file/install/ur_msgs/local/lib/python3.10/dist-packages/ur_msgs/msg/_analog.py'...
[234.907s] Compiling '/home/libok/um_file/install/ur_msgs/local/lib/python3.10/dist-packages/ur_msgs/msg/_digital.py'...
[234.907s] Compiling '/home/libok/um_file/install/ur_msgs/local/lib/python3.10/dist-packages/ur_msgs/msg/_io_states.py'...
[234.908s] Compiling '/home/libok/um_file/install/ur_msgs/local/lib/python3.10/dist-packages/ur_msgs/msg/_masterboard_data_msg.py'...
[234.908s] Compiling '/home/libok/um_file/install/ur_msgs/local/lib/python3.10/dist-packages/ur_msgs/msg/_robot_mode_data_msg.py'...
[234.909s] Compiling '/home/libok/um_file/install/ur_msgs/local/lib/python3.10/dist-packages/ur_msgs/msg/_robot_state_rt_msg.py'...
[234.911s] Compiling '/home/libok/um_file/install/ur_msgs/local/lib/python3.10/dist-packages/ur_msgs/msg/_tool_data_msg.py'...
[234.911s] Listing '/home/libok/um_file/install/ur_msgs/local/lib/python3.10/dist-packages/ur_msgs/srv'...
[234.912s] Compiling '/home/libok/um_file/install/ur_msgs/local/lib/python3.10/dist-packages/ur_msgs/srv/__init__.py'...
[234.913s] Compiling '/home/libok/um_file/install/ur_msgs/local/lib/python3.10/dist-packages/ur_msgs/srv/_get_robot_software_version.py'...
[234.913s] Compiling '/home/libok/um_file/install/ur_msgs/local/lib/python3.10/dist-packages/ur_msgs/srv/_set_analog_output.py'...
[234.914s] Compiling '/home/libok/um_file/install/ur_msgs/local/lib/python3.10/dist-packages/ur_msgs/srv/_set_force_mode.py'...
[234.914s] Compiling '/home/libok/um_file/install/ur_msgs/local/lib/python3.10/dist-packages/ur_msgs/srv/_set_io.py'...
[234.914s] Compiling '/home/libok/um_file/install/ur_msgs/local/lib/python3.10/dist-packages/ur_msgs/srv/_set_payload.py'...
[234.915s] Compiling '/home/libok/um_file/install/ur_msgs/local/lib/python3.10/dist-packages/ur_msgs/srv/_set_speed_slider_fraction.py'...
[234.941s] -- Installing: /home/libok/um_file/install/ur_msgs/local/lib/python3.10/dist-packages/ur_msgs/ur_msgs_s__rosidl_typesupport_fastrtps_c.cpython-310-x86_64-linux-gnu.so
[234.943s] -- Set non-toolchain portion of runtime path of "/home/libok/um_file/install/ur_msgs/local/lib/python3.10/dist-packages/ur_msgs/ur_msgs_s__rosidl_typesupport_fastrtps_c.cpython-310-x86_64-linux-gnu.so" to ""
[234.945s] -- Installing: /home/libok/um_file/install/ur_msgs/local/lib/python3.10/dist-packages/ur_msgs/ur_msgs_s__rosidl_typesupport_introspection_c.cpython-310-x86_64-linux-gnu.so
[234.948s] -- Set non-toolchain portion of runtime path of "/home/libok/um_file/install/ur_msgs/local/lib/python3.10/dist-packages/ur_msgs/ur_msgs_s__rosidl_typesupport_introspection_c.cpython-310-x86_64-linux-gnu.so" to ""
[234.949s] -- Installing: /home/libok/um_file/install/ur_msgs/local/lib/python3.10/dist-packages/ur_msgs/ur_msgs_s__rosidl_typesupport_c.cpython-310-x86_64-linux-gnu.so
[234.952s] -- Set non-toolchain portion of runtime path of "/home/libok/um_file/install/ur_msgs/local/lib/python3.10/dist-packages/ur_msgs/ur_msgs_s__rosidl_typesupport_c.cpython-310-x86_64-linux-gnu.so" to ""
[234.956s] -- Installing: /home/libok/um_file/install/ur_msgs/lib/libur_msgs__rosidl_generator_py.so
[234.957s] -- Set non-toolchain portion of runtime path of "/home/libok/um_file/install/ur_msgs/lib/libur_msgs__rosidl_generator_py.so" to ""
[234.958s] -- Installing: /home/libok/um_file/install/ur_msgs/share/ur_msgs/msg/Analog.idl
[234.959s] -- Installing: /home/libok/um_file/install/ur_msgs/share/ur_msgs/msg/Digital.idl
[234.960s] -- Installing: /home/libok/um_file/install/ur_msgs/share/ur_msgs/msg/IOStates.idl
[234.961s] -- Installing: /home/libok/um_file/install/ur_msgs/share/ur_msgs/msg/RobotStateRTMsg.idl
[234.963s] -- Installing: /home/libok/um_file/install/ur_msgs/share/ur_msgs/msg/MasterboardDataMsg.idl
[234.963s] -- Installing: /home/libok/um_file/install/ur_msgs/share/ur_msgs/msg/RobotModeDataMsg.idl
[234.964s] -- Installing: /home/libok/um_file/install/ur_msgs/share/ur_msgs/msg/ToolDataMsg.idl
[234.965s] -- Installing: /home/libok/um_file/install/ur_msgs/share/ur_msgs/srv/SetAnalogOutput.idl
[234.966s] -- Installing: /home/libok/um_file/install/ur_msgs/share/ur_msgs/srv/SetPayload.idl
[234.967s] -- Installing: /home/libok/um_file/install/ur_msgs/share/ur_msgs/srv/SetSpeedSliderFraction.idl
[234.968s] -- Installing: /home/libok/um_file/install/ur_msgs/share/ur_msgs/srv/SetIO.idl
[234.969s] -- Installing: /home/libok/um_file/install/ur_msgs/share/ur_msgs/srv/GetRobotSoftwareVersion.idl
[234.970s] -- Installing: /home/libok/um_file/install/ur_msgs/share/ur_msgs/srv/SetForceMode.idl
[234.971s] -- Installing: /home/libok/um_file/install/ur_msgs/share/ur_msgs/action/ToolContact.idl
[234.972s] -- Installing: /home/libok/um_file/install/ur_msgs/share/ur_msgs/action/FollowJointTrajectoryUntil.idl
[234.974s] -- Installing: /home/libok/um_file/install/ur_msgs/share/ur_msgs/msg/Analog.msg
[234.976s] -- Installing: /home/libok/um_file/install/ur_msgs/share/ur_msgs/msg/Digital.msg
[234.978s] -- Installing: /home/libok/um_file/install/ur_msgs/share/ur_msgs/msg/IOStates.msg
[234.979s] -- Installing: /home/libok/um_file/install/ur_msgs/share/ur_msgs/msg/RobotStateRTMsg.msg
[234.980s] -- Installing: /home/libok/um_file/install/ur_msgs/share/ur_msgs/msg/MasterboardDataMsg.msg
[234.981s] -- Installing: /home/libok/um_file/install/ur_msgs/share/ur_msgs/msg/RobotModeDataMsg.msg
[234.981s] -- Installing: /home/libok/um_file/install/ur_msgs/share/ur_msgs/msg/ToolDataMsg.msg
[234.982s] -- Installing: /home/libok/um_file/install/ur_msgs/share/ur_msgs/srv/SetAnalogOutput.srv
[234.984s] -- Installing: /home/libok/um_file/install/ur_msgs/share/ur_msgs/srv/SetAnalogOutput_Request.msg
[234.985s] -- Installing: /home/libok/um_file/install/ur_msgs/share/ur_msgs/srv/SetAnalogOutput_Response.msg
[234.986s] -- Installing: /home/libok/um_file/install/ur_msgs/share/ur_msgs/srv/SetPayload.srv
[234.986s] -- Installing: /home/libok/um_file/install/ur_msgs/share/ur_msgs/srv/SetPayload_Request.msg
[234.988s] -- Installing: /home/libok/um_file/install/ur_msgs/share/ur_msgs/srv/SetPayload_Response.msg
[234.989s] -- Installing: /home/libok/um_file/install/ur_msgs/share/ur_msgs/srv/SetSpeedSliderFraction.srv
[234.989s] -- Installing: /home/libok/um_file/install/ur_msgs/share/ur_msgs/srv/SetSpeedSliderFraction_Request.msg
[234.990s] -- Installing: /home/libok/um_file/install/ur_msgs/share/ur_msgs/srv/SetSpeedSliderFraction_Response.msg
[234.991s] -- Installing: /home/libok/um_file/install/ur_msgs/share/ur_msgs/srv/SetIO.srv
[234.993s] -- Installing: /home/libok/um_file/install/ur_msgs/share/ur_msgs/srv/SetIO_Request.msg
[234.995s] -- Installing: /home/libok/um_file/install/ur_msgs/share/ur_msgs/srv/SetIO_Response.msg
[234.996s] -- Installing: /home/libok/um_file/install/ur_msgs/share/ur_msgs/srv/GetRobotSoftwareVersion.srv
[234.997s] -- Installing: /home/libok/um_file/install/ur_msgs/share/ur_msgs/srv/GetRobotSoftwareVersion_Request.msg
[234.999s] -- Installing: /home/libok/um_file/install/ur_msgs/share/ur_msgs/srv/GetRobotSoftwareVersion_Response.msg
[235.001s] -- Installing: /home/libok/um_file/install/ur_msgs/share/ur_msgs/srv/SetForceMode.srv
[235.004s] -- Installing: /home/libok/um_file/install/ur_msgs/share/ur_msgs/srv/SetForceMode_Request.msg
[235.008s] -- Installing: /home/libok/um_file/install/ur_msgs/share/ur_msgs/srv/SetForceMode_Response.msg
[235.010s] -- Installing: /home/libok/um_file/install/ur_msgs/share/ur_msgs/action/ToolContact.action
[235.012s] -- Installing: /home/libok/um_file/install/ur_msgs/share/ur_msgs/action/FollowJointTrajectoryUntil.action
[235.014s] -- Installing: /home/libok/um_file/install/ur_msgs/share/ament_index/resource_index/package_run_dependencies/ur_msgs
[235.016s] -- Installing: /home/libok/um_file/install/ur_msgs/share/ament_index/resource_index/parent_prefix_path/ur_msgs
[235.017s] -- Installing: /home/libok/um_file/install/ur_msgs/share/ur_msgs/environment/ament_prefix_path.sh
[235.018s] -- Installing: /home/libok/um_file/install/ur_msgs/share/ur_msgs/environment/ament_prefix_path.dsv
[235.020s] -- Installing: /home/libok/um_file/install/ur_msgs/share/ur_msgs/environment/path.sh
[235.022s] -- Installing: /home/libok/um_file/install/ur_msgs/share/ur_msgs/environment/path.dsv
[235.024s] -- Installing: /home/libok/um_file/install/ur_msgs/share/ur_msgs/local_setup.bash
[235.027s] -- Installing: /home/libok/um_file/install/ur_msgs/share/ur_msgs/local_setup.sh
[235.029s] -- Installing: /home/libok/um_file/install/ur_msgs/share/ur_msgs/local_setup.zsh
[235.031s] -- Installing: /home/libok/um_file/install/ur_msgs/share/ur_msgs/local_setup.dsv
[235.034s] -- Installing: /home/libok/um_file/install/ur_msgs/share/ur_msgs/package.dsv
[235.036s] -- Installing: /home/libok/um_file/install/ur_msgs/share/ament_index/resource_index/packages/ur_msgs
[235.038s] -- Installing: /home/libok/um_file/install/ur_msgs/share/ur_msgs/cmake/export_ur_msgs__rosidl_generator_cExport.cmake
[235.040s] -- Installing: /home/libok/um_file/install/ur_msgs/share/ur_msgs/cmake/export_ur_msgs__rosidl_generator_cExport-noconfig.cmake
[235.042s] -- Installing: /home/libok/um_file/install/ur_msgs/share/ur_msgs/cmake/export_ur_msgs__rosidl_typesupport_fastrtps_cExport.cmake
[235.044s] -- Installing: /home/libok/um_file/install/ur_msgs/share/ur_msgs/cmake/export_ur_msgs__rosidl_typesupport_fastrtps_cExport-noconfig.cmake
[235.046s] -- Installing: /home/libok/um_file/install/ur_msgs/share/ur_msgs/cmake/export_ur_msgs__rosidl_generator_cppExport.cmake
[235.049s] -- Installing: /home/libok/um_file/install/ur_msgs/share/ur_msgs/cmake/export_ur_msgs__rosidl_typesupport_fastrtps_cppExport.cmake
[235.051s] -- Installing: /home/libok/um_file/install/ur_msgs/share/ur_msgs/cmake/export_ur_msgs__rosidl_typesupport_fastrtps_cppExport-noconfig.cmake
[235.053s] -- Installing: /home/libok/um_file/install/ur_msgs/share/ur_msgs/cmake/ur_msgs__rosidl_typesupport_introspection_cExport.cmake
[235.055s] -- Installing: /home/libok/um_file/install/ur_msgs/share/ur_msgs/cmake/ur_msgs__rosidl_typesupport_introspection_cExport-noconfig.cmake
[235.057s] -- Installing: /home/libok/um_file/install/ur_msgs/share/ur_msgs/cmake/ur_msgs__rosidl_typesupport_cExport.cmake
[235.059s] -- Installing: /home/libok/um_file/install/ur_msgs/share/ur_msgs/cmake/ur_msgs__rosidl_typesupport_cExport-noconfig.cmake
[235.060s] -- Installing: /home/libok/um_file/install/ur_msgs/share/ur_msgs/cmake/ur_msgs__rosidl_typesupport_introspection_cppExport.cmake
[235.062s] -- Installing: /home/libok/um_file/install/ur_msgs/share/ur_msgs/cmake/ur_msgs__rosidl_typesupport_introspection_cppExport-noconfig.cmake
[235.063s] -- Installing: /home/libok/um_file/install/ur_msgs/share/ur_msgs/cmake/ur_msgs__rosidl_typesupport_cppExport.cmake
[235.064s] -- Installing: /home/libok/um_file/install/ur_msgs/share/ur_msgs/cmake/ur_msgs__rosidl_typesupport_cppExport-noconfig.cmake
[235.066s] -- Installing: /home/libok/um_file/install/ur_msgs/share/ur_msgs/cmake/export_ur_msgs__rosidl_generator_pyExport.cmake
[235.068s] -- Installing: /home/libok/um_file/install/ur_msgs/share/ur_msgs/cmake/export_ur_msgs__rosidl_generator_pyExport-noconfig.cmake
[235.069s] -- Installing: /home/libok/um_file/install/ur_msgs/share/ur_msgs/cmake/rosidl_cmake-extras.cmake
[235.070s] -- Installing: /home/libok/um_file/install/ur_msgs/share/ur_msgs/cmake/ament_cmake_export_dependencies-extras.cmake
[235.072s] -- Installing: /home/libok/um_file/install/ur_msgs/share/ur_msgs/cmake/ament_cmake_export_include_directories-extras.cmake
[235.073s] -- Installing: /home/libok/um_file/install/ur_msgs/share/ur_msgs/cmake/ament_cmake_export_libraries-extras.cmake
[235.075s] -- Installing: /home/libok/um_file/install/ur_msgs/share/ur_msgs/cmake/ament_cmake_export_targets-extras.cmake
[235.077s] -- Installing: /home/libok/um_file/install/ur_msgs/share/ur_msgs/cmake/rosidl_cmake_export_typesupport_targets-extras.cmake
[235.079s] -- Installing: /home/libok/um_file/install/ur_msgs/share/ur_msgs/cmake/rosidl_cmake_export_typesupport_libraries-extras.cmake
[235.082s] -- Installing: /home/libok/um_file/install/ur_msgs/share/ur_msgs/cmake/ur_msgsConfig.cmake
[235.083s] -- Installing: /home/libok/um_file/install/ur_msgs/share/ur_msgs/cmake/ur_msgsConfig-version.cmake
[235.085s] -- Installing: /home/libok/um_file/install/ur_msgs/share/ur_msgs/package.xml
[235.104s] Invoked command in '/home/libok/um_file/build/ur_msgs' returned '0': CMAKE_PREFIX_PATH=${CMAKE_PREFIX_PATH}:/opt/ros/humble /usr/local/bin/cmake --install /home/libok/um_file/build/ur_msgs
