[0.041s] Invoking command in '/home/libok/um_file/build/admittance_controller': CMAKE_PREFIX_PATH=${CMAKE_PREFIX_PATH}:/opt/ros/humble /usr/local/bin/cmake /home/libok/um_file/ros2_controllers/admittance_controller -DCMAKE_INSTALL_PREFIX=/home/libok/um_file/install/admittance_controller
[0.142s] -- The CXX compiler identification is GNU 11.4.0
[0.153s] -- Detecting CXX compiler ABI info
[0.304s] -- Detecting CXX compiler ABI info - done
[0.336s] -- Check for working CXX compiler: /usr/bin/c++ - skipped
[0.336s] -- Detecting CXX compile features
[0.340s] -- Detecting CXX compile features - done
[0.361s] -- Found ament_cmake: 1.3.12 (/opt/ros/humble/share/ament_cmake/cmake)
[0.721s] -- Found Python3: /usr/bin/python3 (found version "3.10.12") found components: Interpreter
[1.304s] -- Found angles: 1.15.0 (/opt/ros/humble/share/angles/cmake)
[1.322s] -- Found control_msgs: 4.8.0 (/opt/ros/humble/share/control_msgs/cmake)
[1.376s] -- Found rosidl_generator_c: 3.1.8 (/opt/ros/humble/share/rosidl_generator_c/cmake)
[1.384s] -- Found rosidl_adapter: 3.1.8 (/opt/ros/humble/share/rosidl_adapter/cmake)
[1.397s] -- Found rosidl_generator_cpp: 3.1.8 (/opt/ros/humble/share/rosidl_generator_cpp/cmake)
[1.416s] -- Using all available rosidl_typesupport_c: rosidl_typesupport_fastrtps_c;rosidl_typesupport_introspection_c
[1.441s] -- Using all available rosidl_typesupport_cpp: rosidl_typesupport_fastrtps_cpp;rosidl_typesupport_introspection_cpp
[1.695s] -- Found control_toolbox: 3.6.3 (/opt/ros/humble/share/control_toolbox/cmake)
[1.766s] -- Found rmw_implementation_cmake: 6.1.2 (/opt/ros/humble/share/rmw_implementation_cmake/cmake)
[1.773s] -- Found rmw_fastrtps_cpp: 6.2.9 (/opt/ros/humble/share/rmw_fastrtps_cpp/cmake)
[1.926s] -- Found OpenSSL: /usr/lib/x86_64-linux-gnu/libcrypto.so (found version "3.0.2")
[1.992s] -- Found FastRTPS: /opt/ros/humble/include
[2.083s] -- Using RMW implementation 'rmw_fastrtps_cpp' as default
[2.095s] -- Performing Test CMAKE_HAVE_LIBC_PTHREAD
[2.293s] -- Performing Test CMAKE_HAVE_LIBC_PTHREAD - Success
[2.294s] -- Found Threads: TRUE
[2.491s] [33mCMake Warning (dev) at /opt/ros/humble/share/filters/cmake/ament_cmake_export_dependencies-extras.cmake:21 (find_package):
[2.492s]   Policy CMP0167 is not set: The FindBoost module is removed.  Run "cmake
[2.492s]   --help-policy CMP0167" for policy details.  Use the cmake_policy command to
[2.492s]   set the policy and suppress this warning.
[2.492s] 
[2.492s] Call Stack (most recent call first):
[2.492s]   /opt/ros/humble/share/filters/cmake/filtersConfig.cmake:41 (include)
[2.492s]   /opt/ros/humble/share/control_toolbox/cmake/ament_cmake_export_dependencies-extras.cmake:21 (find_package)
[2.492s]   /opt/ros/humble/share/control_toolbox/cmake/control_toolboxConfig.cmake:41 (include)
[2.492s]   CMakeLists.txt:32 (find_package)
[2.492s] This warning is for project developers.  Use -Wno-dev to suppress it.
[2.492s] [0m
[2.558s] -- Found controller_interface: 2.53.0 (/opt/ros/humble/share/controller_interface/cmake)
[2.581s] -- Found kinematics_interface: 0.4.1 (/opt/ros/humble/share/kinematics_interface/cmake)
[2.586s] -- Found tf2: 0.25.18 (/opt/ros/humble/share/tf2/cmake)
[2.594s] -- Found tf2_eigen: 0.25.18 (/opt/ros/humble/share/tf2_eigen/cmake)
[2.758s] -- Found tf2_geometry_msgs: 0.25.18 (/opt/ros/humble/share/tf2_geometry_msgs/cmake)
[2.773s] -- Found eigen3_cmake_module: 0.1.1 (/opt/ros/humble/share/eigen3_cmake_module/cmake)
[2.784s] -- Found Eigen3: TRUE (found version "3.4.0")
[2.784s] -- Ensuring Eigen3 include directory is part of orocos-kdl CMake target
[2.806s] -- Found tf2_kdl: 0.25.18 (/opt/ros/humble/share/tf2_kdl/cmake)
[2.833s] -- Found ament_cmake_gmock: 1.3.12 (/opt/ros/humble/share/ament_cmake_gmock/cmake)
[2.839s] -- Found controller_manager: 2.53.0 (/opt/ros/humble/share/controller_manager/cmake)
[2.930s] -- Found ros2_control_test_assets: 2.53.0 (/opt/ros/humble/share/ros2_control_test_assets/cmake)
[2.936s] -- Found kinematics_interface_kdl: 0.4.1 (/opt/ros/humble/share/kinematics_interface_kdl/cmake)
[2.972s] -- Found gmock sources under '/opt/ros/humble/src/gmock_vendor': C++ tests using 'Google Mock' will be built
[3.112s] -- The C compiler identification is GNU 11.4.0
[3.142s] -- Detecting C compiler ABI info
[4.102s] -- Detecting C compiler ABI info - done
[4.243s] -- Check for working C compiler: /usr/bin/cc - skipped
[4.250s] -- Detecting C compile features
[4.250s] -- Detecting C compile features - done
[4.285s] [0mCMake Deprecation Warning at /opt/ros/humble/src/gmock_vendor/CMakeLists.txt:2 (cmake_minimum_required):
[4.285s]   Compatibility with CMake < 3.10 will be removed from a future version of
[4.285s]   CMake.
[4.285s] 
[4.285s]   Update the VERSION argument <min> value.  Or, use the <min>...<max> syntax
[4.285s]   to tell CMake that the project requires at least <min> but has been updated
[4.285s]   to work with policies introduced by <max> or earlier.
[4.285s] 
[4.285s] [0m
[4.298s] -- Found ament_cmake_gtest: 1.3.12 (/opt/ros/humble/share/ament_cmake_gtest/cmake)
[4.305s] -- Found gtest sources under '/opt/ros/humble/src/gtest_vendor': C++ tests using 'Google Test' will be built
[4.336s] [0mCMake Deprecation Warning at /opt/ros/humble/src/gtest_vendor/CMakeLists.txt:2 (cmake_minimum_required):
[4.337s]   Compatibility with CMake < 3.10 will be removed from a future version of
[4.337s]   CMake.
[4.337s] 
[4.337s]   Update the VERSION argument <min> value.  Or, use the <min>...<max> syntax
[4.337s]   to tell CMake that the project requires at least <min> but has been updated
[4.337s]   to work with policies introduced by <max> or earlier.
[4.337s] 
[4.337s] [0m
[4.362s] -- Found gmock sources under '/opt/ros/humble/src/gmock_vendor': C++ tests using 'Google Mock' will be built
[4.362s] -- Found ament_cmake_gtest: 1.3.12 (/opt/ros/humble/share/ament_cmake_gtest/cmake)
[4.365s] -- Found gtest sources under '/opt/ros/humble/src/gtest_vendor': C++ tests using 'Google Test' will be built
[5.868s] -- Configuring done (5.8s)
[6.208s] -- Generating done (0.3s)
[6.280s] -- Build files have been written to: /home/libok/um_file/build/admittance_controller
[6.442s] Invoked command in '/home/libok/um_file/build/admittance_controller' returned '0': CMAKE_PREFIX_PATH=${CMAKE_PREFIX_PATH}:/opt/ros/humble /usr/local/bin/cmake /home/libok/um_file/ros2_controllers/admittance_controller -DCMAKE_INSTALL_PREFIX=/home/libok/um_file/install/admittance_controller
[6.445s] Invoking command in '/home/libok/um_file/build/admittance_controller': CMAKE_PREFIX_PATH=${CMAKE_PREFIX_PATH}:/opt/ros/humble /usr/local/bin/cmake --build /home/libok/um_file/build/admittance_controller -- -j18 -l18
[125.097s] [  9%] [34m[1mRunning `/opt/ros/humble/bin/generate_parameter_library_cpp /home/libok/um_file/build/admittance_controller/include/admittance_controller/admittance_controller_parameters.hpp /home/libok/um_file/ros2_controllers/admittance_controller/src/admittance_controller_parameters.yaml `[0m
[125.101s] [ 18%] [32mBuilding CXX object gmock/CMakeFiles/gmock.dir/opt/ros/humble/src/gtest_vendor/src/gtest-all.cc.o[0m
[125.101s] [ 27%] [32mBuilding CXX object gmock/CMakeFiles/gmock.dir/src/gmock-all.cc.o[0m
[125.101s] [ 36%] [34m[1mCreating deprecated header file /home/libok/um_file/build/admittance_controller/include/admittance_controller_parameters.hpp[0m
[125.101s] [ 36%] Built target admittance_controller_parameters
[125.101s] [ 45%] [32mBuilding CXX object CMakeFiles/admittance_controller.dir/src/admittance_controller.cpp.o[0m
[125.101s] [ 54%] [32m[1mLinking CXX static library libgmock.a[0m
[125.102s] [ 54%] Built target gmock
[125.102s] [ 63%] [32m[1mLinking CXX shared library libadmittance_controller.so[0m
[125.102s] [ 63%] Built target admittance_controller
[125.102s] [ 72%] [32mBuilding CXX object CMakeFiles/test_load_admittance_controller.dir/test/test_load_admittance_controller.cpp.o[0m
[133.721s] [ 81%] [32m[1mLinking CXX executable test_load_admittance_controller[0m
[134.398s] [ 81%] Built target test_load_admittance_controller
[134.440s] [ 90%] [32mBuilding CXX object CMakeFiles/test_admittance_controller.dir/test/test_admittance_controller.cpp.o[0m
[204.019s] [100%] [32m[1mLinking CXX executable test_admittance_controller[0m
[208.263s] [100%] Built target test_admittance_controller
[208.302s] Invoked command in '/home/libok/um_file/build/admittance_controller' returned '0': CMAKE_PREFIX_PATH=${CMAKE_PREFIX_PATH}:/opt/ros/humble /usr/local/bin/cmake --build /home/libok/um_file/build/admittance_controller -- -j18 -l18
[208.313s] Invoking command in '/home/libok/um_file/build/admittance_controller': CMAKE_PREFIX_PATH=${CMAKE_PREFIX_PATH}:/opt/ros/humble /usr/local/bin/cmake --install /home/libok/um_file/build/admittance_controller
[210.101s] -- Install configuration: ""
[210.104s] -- Installing: /home/libok/um_file/install/admittance_controller/include/admittance_controller
[210.105s] -- Installing: /home/libok/um_file/install/admittance_controller/include/admittance_controller/admittance_controller_parameters.hpp
[210.105s] -- Installing: /home/libok/um_file/install/admittance_controller/share/admittance_controller/admittance_controller.xml
[210.105s] -- Up-to-date: /home/libok/um_file/install/admittance_controller/include/admittance_controller
[210.105s] -- Installing: /home/libok/um_file/install/admittance_controller/include/admittance_controller/admittance_controller
[210.105s] -- Installing: /home/libok/um_file/install/admittance_controller/include/admittance_controller/admittance_controller/admittance_controller.hpp
[210.105s] -- Installing: /home/libok/um_file/install/admittance_controller/include/admittance_controller/admittance_controller/admittance_rule_impl.hpp
[210.105s] -- Installing: /home/libok/um_file/install/admittance_controller/include/admittance_controller/admittance_controller/visibility_control.h
[210.106s] -- Installing: /home/libok/um_file/install/admittance_controller/include/admittance_controller/admittance_controller/admittance_rule.hpp
[210.106s] -- Installing: /home/libok/um_file/install/admittance_controller/lib/libadmittance_controller.so
[210.106s] -- Set non-toolchain portion of runtime path of "/home/libok/um_file/install/admittance_controller/lib/libadmittance_controller.so" to ""
[210.106s] -- Installing: /home/libok/um_file/install/admittance_controller/share/admittance_controller/environment/library_path.sh
[210.106s] -- Installing: /home/libok/um_file/install/admittance_controller/share/admittance_controller/environment/library_path.dsv
[210.106s] -- Installing: /home/libok/um_file/install/admittance_controller/share/ament_index/resource_index/package_run_dependencies/admittance_controller
[210.106s] -- Installing: /home/libok/um_file/install/admittance_controller/share/ament_index/resource_index/parent_prefix_path/admittance_controller
[210.107s] -- Installing: /home/libok/um_file/install/admittance_controller/share/admittance_controller/environment/ament_prefix_path.sh
[210.107s] -- Installing: /home/libok/um_file/install/admittance_controller/share/admittance_controller/environment/ament_prefix_path.dsv
[210.107s] -- Installing: /home/libok/um_file/install/admittance_controller/share/admittance_controller/environment/path.sh
[210.107s] -- Installing: /home/libok/um_file/install/admittance_controller/share/admittance_controller/environment/path.dsv
[210.107s] -- Installing: /home/libok/um_file/install/admittance_controller/share/admittance_controller/local_setup.bash
[210.107s] -- Installing: /home/libok/um_file/install/admittance_controller/share/admittance_controller/local_setup.sh
[210.109s] -- Installing: /home/libok/um_file/install/admittance_controller/share/admittance_controller/local_setup.zsh
[210.110s] -- Installing: /home/libok/um_file/install/admittance_controller/share/admittance_controller/local_setup.dsv
[210.110s] -- Installing: /home/libok/um_file/install/admittance_controller/share/admittance_controller/package.dsv
[210.110s] -- Installing: /home/libok/um_file/install/admittance_controller/share/ament_index/resource_index/packages/admittance_controller
[210.110s] -- Installing: /home/libok/um_file/install/admittance_controller/share/ament_index/resource_index/controller_interface__pluginlib__plugin/admittance_controller
[210.111s] -- Installing: /home/libok/um_file/install/admittance_controller/share/admittance_controller/cmake/export_admittance_controllerExport.cmake
[210.111s] -- Installing: /home/libok/um_file/install/admittance_controller/share/admittance_controller/cmake/export_admittance_controllerExport-noconfig.cmake
[210.111s] -- Installing: /home/libok/um_file/install/admittance_controller/share/admittance_controller/cmake/ament_cmake_export_dependencies-extras.cmake
[210.111s] -- Installing: /home/libok/um_file/install/admittance_controller/share/admittance_controller/cmake/ament_cmake_export_targets-extras.cmake
[210.111s] -- Installing: /home/libok/um_file/install/admittance_controller/share/admittance_controller/cmake/admittance_controllerConfig.cmake
[210.112s] -- Installing: /home/libok/um_file/install/admittance_controller/share/admittance_controller/cmake/admittance_controllerConfig-version.cmake
[210.119s] -- Installing: /home/libok/um_file/install/admittance_controller/share/admittance_controller/package.xml
[210.136s] Invoked command in '/home/libok/um_file/build/admittance_controller' returned '0': CMAKE_PREFIX_PATH=${CMAKE_PREFIX_PATH}:/opt/ros/humble /usr/local/bin/cmake --install /home/libok/um_file/build/admittance_controller
