[0.061s] Invoking command in '/home/libok/um_file/build/ros2srrc_ur3': CMAKE_PREFIX_PATH=${CMAKE_PREFIX_PATH}:/opt/ros/humble /usr/local/bin/cmake /home/libok/um_file/packages/ros2srrc_ur3 -DCMAKE_INSTALL_PREFIX=/home/libok/um_file/install/ros2srrc_ur3
[4.348s] [0mCMake Deprecation Warning at CMakeLists.txt:1 (cmake_minimum_required):
[4.348s]   Compatibility with CMake < 3.10 will be removed from a future version of
[4.348s]   CMake.
[4.348s] 
[4.349s]   Update the VERSION argument <min> value.  Or, use the <min>...<max> syntax
[4.349s]   to tell CMake that the project requires at least <min> but has been updated
[4.349s]   to work with policies introduced by <max> or earlier.
[4.349s] 
[4.349s] [0m
[4.350s] -- The C compiler identification is GNU 11.4.0
[4.350s] -- The CXX compiler identification is GNU 11.4.0
[4.350s] -- Detecting C compiler ABI info
[4.350s] -- Detecting C compiler ABI info - done
[4.350s] -- Check for working C compiler: /usr/bin/cc - skipped
[4.351s] -- Detecting C compile features
[4.352s] -- Detecting C compile features - done
[4.352s] -- Detecting CXX compiler ABI info
[4.352s] -- Detecting CXX compiler ABI info - done
[4.352s] -- Check for working CXX compiler: /usr/bin/c++ - skipped
[4.352s] -- Detecting CXX compile features
[4.353s] -- Detecting CXX compile features - done
[4.353s] -- Found ament_cmake: 1.3.12 (/opt/ros/humble/share/ament_cmake/cmake)
[4.353s] -- Found Python3: /usr/bin/python3 (found version "3.10.12") found components: Interpreter
[4.353s] -- Found ament_lint_auto: 0.12.14 (/opt/ros/humble/share/ament_lint_auto/cmake)
[4.353s] -- Added test 'copyright' to check source files copyright and LICENSE
[4.354s] -- Added test 'lint_cmake' to check CMake code style
[4.354s] -- Added test 'xmllint' to check XML markup files
[4.354s] -- Configuring done (3.9s)
[4.354s] -- Generating done (0.0s)
[4.354s] -- Build files have been written to: /home/libok/um_file/build/ros2srrc_ur3
[4.376s] Invoked command in '/home/libok/um_file/build/ros2srrc_ur3' returned '0': CMAKE_PREFIX_PATH=${CMAKE_PREFIX_PATH}:/opt/ros/humble /usr/local/bin/cmake /home/libok/um_file/packages/ros2srrc_ur3 -DCMAKE_INSTALL_PREFIX=/home/libok/um_file/install/ros2srrc_ur3
[4.381s] Invoking command in '/home/libok/um_file/build/ros2srrc_ur3': CMAKE_PREFIX_PATH=${CMAKE_PREFIX_PATH}:/opt/ros/humble /usr/local/bin/cmake --build /home/libok/um_file/build/ros2srrc_ur3 -- -j18 -l18
[4.723s] Invoked command in '/home/libok/um_file/build/ros2srrc_ur3' returned '0': CMAKE_PREFIX_PATH=${CMAKE_PREFIX_PATH}:/opt/ros/humble /usr/local/bin/cmake --build /home/libok/um_file/build/ros2srrc_ur3 -- -j18 -l18
[4.727s] Invoking command in '/home/libok/um_file/build/ros2srrc_ur3': CMAKE_PREFIX_PATH=${CMAKE_PREFIX_PATH}:/opt/ros/humble /usr/local/bin/cmake --install /home/libok/um_file/build/ros2srrc_ur3
[5.111s] -- Install configuration: ""
[5.111s] -- Installing: /home/libok/um_file/install/ros2srrc_ur3/share/ros2srrc_ur3/config
[5.111s] -- Installing: /home/libok/um_file/install/ros2srrc_ur3/share/ros2srrc_ur3/config/configurations.yaml
[5.111s] -- Installing: /home/libok/um_file/install/ros2srrc_ur3/share/ros2srrc_ur3/urdf
[5.111s] -- Installing: /home/libok/um_file/install/ros2srrc_ur3/share/ros2srrc_ur3/urdf/ur3_robotiq_2f85.urdf.xacro
[5.112s] -- Installing: /home/libok/um_file/install/ros2srrc_ur3/share/ros2srrc_ur3/urdf/ur3.urdf.xacro
[5.112s] -- Installing: /home/libok/um_file/install/ros2srrc_ur3/share/ros2srrc_ur3/urdf/ur3_robotiq_hande.urdf.xacro
[5.112s] -- Installing: /home/libok/um_file/install/ros2srrc_ur3/share/ament_index/resource_index/package_run_dependencies/ros2srrc_ur3
[5.112s] -- Installing: /home/libok/um_file/install/ros2srrc_ur3/share/ament_index/resource_index/parent_prefix_path/ros2srrc_ur3
[5.112s] -- Installing: /home/libok/um_file/install/ros2srrc_ur3/share/ros2srrc_ur3/environment/ament_prefix_path.sh
[5.112s] -- Installing: /home/libok/um_file/install/ros2srrc_ur3/share/ros2srrc_ur3/environment/ament_prefix_path.dsv
[5.113s] -- Installing: /home/libok/um_file/install/ros2srrc_ur3/share/ros2srrc_ur3/environment/path.sh
[5.113s] -- Installing: /home/libok/um_file/install/ros2srrc_ur3/share/ros2srrc_ur3/environment/path.dsv
[5.113s] -- Installing: /home/libok/um_file/install/ros2srrc_ur3/share/ros2srrc_ur3/local_setup.bash
[5.113s] -- Installing: /home/libok/um_file/install/ros2srrc_ur3/share/ros2srrc_ur3/local_setup.sh
[5.113s] -- Installing: /home/libok/um_file/install/ros2srrc_ur3/share/ros2srrc_ur3/local_setup.zsh
[5.113s] -- Installing: /home/libok/um_file/install/ros2srrc_ur3/share/ros2srrc_ur3/local_setup.dsv
[5.114s] -- Installing: /home/libok/um_file/install/ros2srrc_ur3/share/ros2srrc_ur3/package.dsv
[5.114s] -- Installing: /home/libok/um_file/install/ros2srrc_ur3/share/ament_index/resource_index/packages/ros2srrc_ur3
[5.114s] -- Installing: /home/libok/um_file/install/ros2srrc_ur3/share/ros2srrc_ur3/cmake/ros2srrc_ur3Config.cmake
[5.114s] -- Installing: /home/libok/um_file/install/ros2srrc_ur3/share/ros2srrc_ur3/cmake/ros2srrc_ur3Config-version.cmake
[5.114s] -- Installing: /home/libok/um_file/install/ros2srrc_ur3/share/ros2srrc_ur3/package.xml
[5.361s] Invoked command in '/home/libok/um_file/build/ros2srrc_ur3' returned '0': CMAKE_PREFIX_PATH=${CMAKE_PREFIX_PATH}:/opt/ros/humble /usr/local/bin/cmake --install /home/libok/um_file/build/ros2srrc_ur3
