-- The CXX compiler identification is GNU 11.4.0
-- Detecting CXX compiler ABI info
-- Detecting CXX compiler ABI info - done
-- Check for working CXX compiler: /usr/bin/c++ - skipped
-- Detecting CXX compile features
-- Detecting CXX compile features - done
-- Found ament_cmake: 1.3.12 (/opt/ros/humble/share/ament_cmake/cmake)
-- Found Python3: /usr/bin/python3 (found version "3.10.12") found components: Interpreter
-- Found controller_interface: 2.53.0 (/opt/ros/humble/share/controller_interface/cmake)
-- Found rosidl_generator_c: 3.1.8 (/opt/ros/humble/share/rosidl_generator_c/cmake)
-- Found rosidl_adapter: 3.1.8 (/opt/ros/humble/share/rosidl_adapter/cmake)
-- Found rosidl_generator_cpp: 3.1.8 (/opt/ros/humble/share/rosidl_generator_cpp/cmake)
-- Using all available rosidl_typesupport_c: rosidl_typesupport_fastrtps_c;rosidl_typesupport_introspection_c
-- Using all available rosidl_typesupport_cpp: rosidl_typesupport_fastrtps_cpp;rosidl_typesupport_introspection_cpp
-- Found rmw_implementation_cmake: 6.1.2 (/opt/ros/humble/share/rmw_implementation_cmake/cmake)
-- Found rmw_fastrtps_cpp: 6.2.9 (/opt/ros/humble/share/rmw_fastrtps_cpp/cmake)
-- Found TinyXML2 via Config file: TinyXML2_DIR-NOTFOUND
-- Found OpenSSL: /usr/lib/x86_64-linux-gnu/libcrypto.so (found version "3.0.2")
-- Found TinyXML2 via Config file: TinyXML2_DIR-NOTFOUND
-- Found FastRTPS: /opt/ros/humble/include
-- Found TinyXML2 via Config file: TinyXML2_DIR-NOTFOUND
-- Found TinyXML2 via Config file: TinyXML2_DIR-NOTFOUND
-- Using RMW implementation 'rmw_fastrtps_cpp' as default
-- Performing Test CMAKE_HAVE_LIBC_PTHREAD
-- Performing Test CMAKE_HAVE_LIBC_PTHREAD - Success
-- Found Threads: TRUE
-- Found generate_parameter_library: 0.6.0 (/opt/ros/humble/share/generate_parameter_library/cmake)
-- Found parameter_traits: 0.6.0 (/opt/ros/humble/share/parameter_traits/cmake)
-- Found realtime_tools: 2.15.0 (/opt/ros/humble/share/realtime_tools/cmake)
-- Found tf2: 0.25.18 (/opt/ros/humble/share/tf2/cmake)
-- Found tf2_ros: 0.25.18 (/opt/ros/humble/share/tf2_ros/cmake)
-- Found tf2_geometry_msgs: 0.25.18 (/opt/ros/humble/share/tf2_geometry_msgs/cmake)
-- Found eigen3_cmake_module: 0.1.1 (/opt/ros/humble/share/eigen3_cmake_module/cmake)
-- Found Eigen3: TRUE (found version "3.4.0")
-- Ensuring Eigen3 include directory is part of orocos-kdl CMake target
-- Found ament_cmake_gmock: 1.3.12 (/opt/ros/humble/share/ament_cmake_gmock/cmake)
-- Found controller_manager: 2.53.0 (/opt/ros/humble/share/controller_manager/cmake)
-- Found ros2_control_test_assets: 2.53.0 (/opt/ros/humble/share/ros2_control_test_assets/cmake)
-- Found gmock sources under '/opt/ros/humble/src/gmock_vendor': C++ tests using 'Google Mock' will be built
-- The C compiler identification is GNU 11.4.0
-- Detecting C compiler ABI info
-- Detecting C compiler ABI info - done
-- Check for working C compiler: /usr/bin/cc - skipped
-- Detecting C compile features
-- Detecting C compile features - done
-- Found ament_cmake_gtest: 1.3.12 (/opt/ros/humble/share/ament_cmake_gtest/cmake)
-- Found gtest sources under '/opt/ros/humble/src/gtest_vendor': C++ tests using 'Google Test' will be built
-- Found gmock sources under '/opt/ros/humble/src/gmock_vendor': C++ tests using 'Google Mock' will be built
-- Found ament_cmake_gtest: 1.3.12 (/opt/ros/humble/share/ament_cmake_gtest/cmake)
-- Found gtest sources under '/opt/ros/humble/src/gtest_vendor': C++ tests using 'Google Test' will be built
-- Found gmock sources under '/opt/ros/humble/src/gmock_vendor': C++ tests using 'Google Mock' will be built
-- Found ament_cmake_gtest: 1.3.12 (/opt/ros/humble/share/ament_cmake_gtest/cmake)
-- Found gtest sources under '/opt/ros/humble/src/gtest_vendor': C++ tests using 'Google Test' will be built
-- Configuring done (2.9s)
-- Generating done (0.3s)
-- Build files have been written to: /home/libok/um_file/build/force_torque_sensor_broadcaster
[  4%] [34m[1mRunning `/opt/ros/humble/bin/generate_parameter_library_cpp /home/libok/um_file/build/force_torque_sensor_broadcaster/include/force_torque_sensor_broadcaster/force_torque_sensor_broadcaster_parameters.hpp /home/libok/um_file/ros2_controllers/force_torque_sensor_broadcaster/src/force_torque_sensor_broadcaster_parameters.yaml `[0m
[  9%] [32mBuilding CXX object gmock/CMakeFiles/gmock.dir/src/gmock-all.cc.o[0m
[ 14%] [32mBuilding CXX object gmock/CMakeFiles/gmock.dir/opt/ros/humble/src/gtest_vendor/src/gtest-all.cc.o[0m
[ 19%] [34m[1mRunning `/opt/ros/humble/bin/generate_parameter_library_cpp /home/libok/um_file/build/force_torque_sensor_broadcaster/include/force_torque_sensor_broadcaster/wrench_transformer_parameters.hpp /home/libok/um_file/ros2_controllers/force_torque_sensor_broadcaster/src/wrench_transformer_parameters.yaml `[0m
[ 23%] [32mBuilding CXX object gmock/CMakeFiles/gmock_main.dir/src/gmock_main.cc.o[0m
[ 28%] [34m[1mCreating deprecated header file /home/libok/um_file/build/force_torque_sensor_broadcaster/include/force_torque_sensor_broadcaster_parameters.hpp[0m
[ 28%] Built target force_torque_sensor_broadcaster_parameters
[ 33%] [32mBuilding CXX object CMakeFiles/force_torque_sensor_broadcaster.dir/src/force_torque_sensor_broadcaster.cpp.o[0m
[ 38%] [34m[1mCreating deprecated header file /home/libok/um_file/build/force_torque_sensor_broadcaster/include/wrench_transformer_parameters.hpp[0m
[ 38%] Built target wrench_transformer_parameters
[ 42%] [32mBuilding CXX object CMakeFiles/wrench_transformer.dir/src/wrench_transformer.cpp.o[0m
[ 47%] [32m[1mLinking CXX static library libgmock_main.a[0m
[ 47%] Built target gmock_main
[ 52%] [32m[1mLinking CXX static library libgmock.a[0m
[ 52%] Built target gmock
[ 57%] [32m[1mLinking CXX shared library libforce_torque_sensor_broadcaster.so[0m
[ 57%] Built target force_torque_sensor_broadcaster
[ 61%] [32m[1mLinking CXX shared library libwrench_transformer.so[0m
[ 61%] Built target wrench_transformer
[ 66%] [32mBuilding CXX object CMakeFiles/test_force_torque_sensor_broadcaster.dir/test/test_force_torque_sensor_broadcaster.cpp.o[0m
[ 71%] [32m[1mLinking CXX executable test_force_torque_sensor_broadcaster[0m
[ 71%] Built target test_force_torque_sensor_broadcaster
[ 76%] [32mBuilding CXX object CMakeFiles/test_wrench_transformer.dir/test/test_wrench_transformer.cpp.o[0m
[ 80%] [32m[1mLinking CXX executable test_wrench_transformer[0m
[ 80%] Built target test_wrench_transformer
[ 85%] [32mBuilding CXX object CMakeFiles/wrench_transformer_node.dir/src/wrench_transformer_main.cpp.o[0m
[ 90%] [32m[1mLinking CXX executable wrench_transformer_node[0m
[ 90%] Built target wrench_transformer_node
[ 95%] [32mBuilding CXX object CMakeFiles/test_load_force_torque_sensor_broadcaster.dir/test/test_load_force_torque_sensor_broadcaster.cpp.o[0m
[100%] [32m[1mLinking CXX executable test_load_force_torque_sensor_broadcaster[0m
[100%] Built target test_load_force_torque_sensor_broadcaster
-- Install configuration: ""
-- Installing: /home/libok/um_file/install/force_torque_sensor_broadcaster/include/force_torque_sensor_broadcaster
-- Installing: /home/libok/um_file/install/force_torque_sensor_broadcaster/include/force_torque_sensor_broadcaster/wrench_transformer_parameters.hpp
-- Installing: /home/libok/um_file/install/force_torque_sensor_broadcaster/include/force_torque_sensor_broadcaster/force_torque_sensor_broadcaster_parameters.hpp
-- Up-to-date: /home/libok/um_file/install/force_torque_sensor_broadcaster/include/force_torque_sensor_broadcaster
-- Up-to-date: /home/libok/um_file/install/force_torque_sensor_broadcaster/include/force_torque_sensor_broadcaster/wrench_transformer_parameters.hpp
-- Up-to-date: /home/libok/um_file/install/force_torque_sensor_broadcaster/include/force_torque_sensor_broadcaster/force_torque_sensor_broadcaster_parameters.hpp
-- Installing: /home/libok/um_file/install/force_torque_sensor_broadcaster/share/force_torque_sensor_broadcaster/force_torque_sensor_broadcaster.xml
-- Up-to-date: /home/libok/um_file/install/force_torque_sensor_broadcaster/include/force_torque_sensor_broadcaster
-- Installing: /home/libok/um_file/install/force_torque_sensor_broadcaster/include/force_torque_sensor_broadcaster/force_torque_sensor_broadcaster
-- Installing: /home/libok/um_file/install/force_torque_sensor_broadcaster/include/force_torque_sensor_broadcaster/force_torque_sensor_broadcaster/wrench_transformer.hpp
-- Installing: /home/libok/um_file/install/force_torque_sensor_broadcaster/include/force_torque_sensor_broadcaster/force_torque_sensor_broadcaster/force_torque_sensor_broadcaster.hpp
-- Installing: /home/libok/um_file/install/force_torque_sensor_broadcaster/include/force_torque_sensor_broadcaster/force_torque_sensor_broadcaster/visibility_control.h
-- Installing: /home/libok/um_file/install/force_torque_sensor_broadcaster/lib/libforce_torque_sensor_broadcaster.so
-- Set non-toolchain portion of runtime path of "/home/libok/um_file/install/force_torque_sensor_broadcaster/lib/libforce_torque_sensor_broadcaster.so" to ""
-- Installing: /home/libok/um_file/install/force_torque_sensor_broadcaster/lib/libwrench_transformer.so
-- Set non-toolchain portion of runtime path of "/home/libok/um_file/install/force_torque_sensor_broadcaster/lib/libwrench_transformer.so" to ""
-- Installing: /home/libok/um_file/install/force_torque_sensor_broadcaster/lib/force_torque_sensor_broadcaster/wrench_transformer_node
-- Set non-toolchain portion of runtime path of "/home/libok/um_file/install/force_torque_sensor_broadcaster/lib/force_torque_sensor_broadcaster/wrench_transformer_node" to ""
-- Installing: /home/libok/um_file/install/force_torque_sensor_broadcaster/share/force_torque_sensor_broadcaster/environment/library_path.sh
-- Installing: /home/libok/um_file/install/force_torque_sensor_broadcaster/share/force_torque_sensor_broadcaster/environment/library_path.dsv
-- Installing: /home/libok/um_file/install/force_torque_sensor_broadcaster/share/ament_index/resource_index/package_run_dependencies/force_torque_sensor_broadcaster
-- Installing: /home/libok/um_file/install/force_torque_sensor_broadcaster/share/ament_index/resource_index/parent_prefix_path/force_torque_sensor_broadcaster
-- Installing: /home/libok/um_file/install/force_torque_sensor_broadcaster/share/force_torque_sensor_broadcaster/environment/ament_prefix_path.sh
-- Installing: /home/libok/um_file/install/force_torque_sensor_broadcaster/share/force_torque_sensor_broadcaster/environment/ament_prefix_path.dsv
-- Installing: /home/libok/um_file/install/force_torque_sensor_broadcaster/share/force_torque_sensor_broadcaster/environment/path.sh
-- Installing: /home/libok/um_file/install/force_torque_sensor_broadcaster/share/force_torque_sensor_broadcaster/environment/path.dsv
-- Installing: /home/libok/um_file/install/force_torque_sensor_broadcaster/share/force_torque_sensor_broadcaster/local_setup.bash
-- Installing: /home/libok/um_file/install/force_torque_sensor_broadcaster/share/force_torque_sensor_broadcaster/local_setup.sh
-- Installing: /home/libok/um_file/install/force_torque_sensor_broadcaster/share/force_torque_sensor_broadcaster/local_setup.zsh
-- Installing: /home/libok/um_file/install/force_torque_sensor_broadcaster/share/force_torque_sensor_broadcaster/local_setup.dsv
-- Installing: /home/libok/um_file/install/force_torque_sensor_broadcaster/share/force_torque_sensor_broadcaster/package.dsv
-- Installing: /home/libok/um_file/install/force_torque_sensor_broadcaster/share/ament_index/resource_index/packages/force_torque_sensor_broadcaster
-- Installing: /home/libok/um_file/install/force_torque_sensor_broadcaster/share/ament_index/resource_index/controller_interface__pluginlib__plugin/force_torque_sensor_broadcaster
-- Installing: /home/libok/um_file/install/force_torque_sensor_broadcaster/share/force_torque_sensor_broadcaster/cmake/export_force_torque_sensor_broadcasterExport.cmake
-- Installing: /home/libok/um_file/install/force_torque_sensor_broadcaster/share/force_torque_sensor_broadcaster/cmake/export_force_torque_sensor_broadcasterExport-noconfig.cmake
-- Installing: /home/libok/um_file/install/force_torque_sensor_broadcaster/share/force_torque_sensor_broadcaster/cmake/ament_cmake_export_dependencies-extras.cmake
-- Installing: /home/libok/um_file/install/force_torque_sensor_broadcaster/share/force_torque_sensor_broadcaster/cmake/ament_cmake_export_targets-extras.cmake
-- Installing: /home/libok/um_file/install/force_torque_sensor_broadcaster/share/force_torque_sensor_broadcaster/cmake/force_torque_sensor_broadcasterConfig.cmake
-- Installing: /home/libok/um_file/install/force_torque_sensor_broadcaster/share/force_torque_sensor_broadcaster/cmake/force_torque_sensor_broadcasterConfig-version.cmake
-- Installing: /home/libok/um_file/install/force_torque_sensor_broadcaster/share/force_torque_sensor_broadcaster/package.xml
