[0.044s] Invoking command in '/home/libok/um_file/build/force_torque_sensor_broadcaster': CMAKE_PREFIX_PATH=${CMAKE_PREFIX_PATH}:/opt/ros/humble /usr/local/bin/cmake /home/libok/um_file/ros2_controllers/force_torque_sensor_broadcaster -DCMAKE_INSTALL_PREFIX=/home/libok/um_file/install/force_torque_sensor_broadcaster
[0.141s] -- The CXX compiler identification is GNU 11.4.0
[0.157s] -- Detecting CXX compiler ABI info
[0.288s] -- Detecting CXX compiler ABI info - done
[0.311s] -- Check for working CXX compiler: /usr/bin/c++ - skipped
[0.313s] -- Detecting CXX compile features
[0.313s] -- Detecting CXX compile features - done
[0.337s] -- Found ament_cmake: 1.3.12 (/opt/ros/humble/share/ament_cmake/cmake)
[0.579s] -- Found Python3: /usr/bin/python3 (found version "3.10.12") found components: Interpreter
[0.768s] -- Found controller_interface: 2.53.0 (/opt/ros/humble/share/controller_interface/cmake)
[0.885s] -- Found rosidl_generator_c: 3.1.8 (/opt/ros/humble/share/rosidl_generator_c/cmake)
[0.895s] -- Found rosidl_adapter: 3.1.8 (/opt/ros/humble/share/rosidl_adapter/cmake)
[0.909s] -- Found rosidl_generator_cpp: 3.1.8 (/opt/ros/humble/share/rosidl_generator_cpp/cmake)
[0.928s] -- Using all available rosidl_typesupport_c: rosidl_typesupport_fastrtps_c;rosidl_typesupport_introspection_c
[0.952s] -- Using all available rosidl_typesupport_cpp: rosidl_typesupport_fastrtps_cpp;rosidl_typesupport_introspection_cpp
[1.316s] -- Found rmw_implementation_cmake: 6.1.2 (/opt/ros/humble/share/rmw_implementation_cmake/cmake)
[1.322s] -- Found rmw_fastrtps_cpp: 6.2.9 (/opt/ros/humble/share/rmw_fastrtps_cpp/cmake)
[1.393s] -- Found TinyXML2 via Config file: TinyXML2_DIR-NOTFOUND
[1.601s] -- Found OpenSSL: /usr/lib/x86_64-linux-gnu/libcrypto.so (found version "3.0.2")
[1.604s] -- Found TinyXML2 via Config file: TinyXML2_DIR-NOTFOUND
[1.631s] -- Found FastRTPS: /opt/ros/humble/include
[1.637s] -- Found TinyXML2 via Config file: TinyXML2_DIR-NOTFOUND
[1.648s] -- Found TinyXML2 via Config file: TinyXML2_DIR-NOTFOUND
[1.671s] -- Using RMW implementation 'rmw_fastrtps_cpp' as default
[1.683s] -- Performing Test CMAKE_HAVE_LIBC_PTHREAD
[1.875s] -- Performing Test CMAKE_HAVE_LIBC_PTHREAD - Success
[1.876s] -- Found Threads: TRUE
[1.995s] -- Found generate_parameter_library: 0.6.0 (/opt/ros/humble/share/generate_parameter_library/cmake)
[1.998s] -- Found parameter_traits: 0.6.0 (/opt/ros/humble/share/parameter_traits/cmake)
[2.025s] -- Found realtime_tools: 2.15.0 (/opt/ros/humble/share/realtime_tools/cmake)
[2.051s] -- Found tf2: 0.25.18 (/opt/ros/humble/share/tf2/cmake)
[2.059s] -- Found tf2_ros: 0.25.18 (/opt/ros/humble/share/tf2_ros/cmake)
[2.159s] -- Found tf2_geometry_msgs: 0.25.18 (/opt/ros/humble/share/tf2_geometry_msgs/cmake)
[2.175s] -- Found eigen3_cmake_module: 0.1.1 (/opt/ros/humble/share/eigen3_cmake_module/cmake)
[2.176s] -- Found Eigen3: TRUE (found version "3.4.0")
[2.176s] -- Ensuring Eigen3 include directory is part of orocos-kdl CMake target
[2.200s] -- Found ament_cmake_gmock: 1.3.12 (/opt/ros/humble/share/ament_cmake_gmock/cmake)
[2.202s] -- Found controller_manager: 2.53.0 (/opt/ros/humble/share/controller_manager/cmake)
[2.248s] -- Found ros2_control_test_assets: 2.53.0 (/opt/ros/humble/share/ros2_control_test_assets/cmake)
[2.251s] -- Found gmock sources under '/opt/ros/humble/src/gmock_vendor': C++ tests using 'Google Mock' will be built
[2.323s] -- The C compiler identification is GNU 11.4.0
[2.342s] -- Detecting C compiler ABI info
[2.500s] -- Detecting C compiler ABI info - done
[2.527s] -- Check for working C compiler: /usr/bin/cc - skipped
[2.527s] -- Detecting C compile features
[2.527s] -- Detecting C compile features - done
[2.541s] [0mCMake Deprecation Warning at /opt/ros/humble/src/gmock_vendor/CMakeLists.txt:2 (cmake_minimum_required):
[2.541s]   Compatibility with CMake < 3.10 will be removed from a future version of
[2.541s]   CMake.
[2.541s] 
[2.541s]   Update the VERSION argument <min> value.  Or, use the <min>...<max> syntax
[2.541s]   to tell CMake that the project requires at least <min> but has been updated
[2.542s]   to work with policies introduced by <max> or earlier.
[2.542s] 
[2.542s] [0m
[2.553s] -- Found ament_cmake_gtest: 1.3.12 (/opt/ros/humble/share/ament_cmake_gtest/cmake)
[2.553s] -- Found gtest sources under '/opt/ros/humble/src/gtest_vendor': C++ tests using 'Google Test' will be built
[2.563s] [0mCMake Deprecation Warning at /opt/ros/humble/src/gtest_vendor/CMakeLists.txt:2 (cmake_minimum_required):
[2.563s]   Compatibility with CMake < 3.10 will be removed from a future version of
[2.563s]   CMake.
[2.563s] 
[2.563s]   Update the VERSION argument <min> value.  Or, use the <min>...<max> syntax
[2.563s]   to tell CMake that the project requires at least <min> but has been updated
[2.563s]   to work with policies introduced by <max> or earlier.
[2.563s] 
[2.563s] [0m
[2.570s] -- Found gmock sources under '/opt/ros/humble/src/gmock_vendor': C++ tests using 'Google Mock' will be built
[2.571s] -- Found ament_cmake_gtest: 1.3.12 (/opt/ros/humble/share/ament_cmake_gtest/cmake)
[2.578s] -- Found gtest sources under '/opt/ros/humble/src/gtest_vendor': C++ tests using 'Google Test' will be built
[2.578s] -- Found gmock sources under '/opt/ros/humble/src/gmock_vendor': C++ tests using 'Google Mock' will be built
[2.578s] -- Found ament_cmake_gtest: 1.3.12 (/opt/ros/humble/share/ament_cmake_gtest/cmake)
[2.578s] -- Found gtest sources under '/opt/ros/humble/src/gtest_vendor': C++ tests using 'Google Test' will be built
[2.984s] -- Configuring done (2.9s)
[3.299s] -- Generating done (0.3s)
[3.348s] -- Build files have been written to: /home/libok/um_file/build/force_torque_sensor_broadcaster
[3.458s] Invoked command in '/home/libok/um_file/build/force_torque_sensor_broadcaster' returned '0': CMAKE_PREFIX_PATH=${CMAKE_PREFIX_PATH}:/opt/ros/humble /usr/local/bin/cmake /home/libok/um_file/ros2_controllers/force_torque_sensor_broadcaster -DCMAKE_INSTALL_PREFIX=/home/libok/um_file/install/force_torque_sensor_broadcaster
[3.459s] Invoking command in '/home/libok/um_file/build/force_torque_sensor_broadcaster': CMAKE_PREFIX_PATH=${CMAKE_PREFIX_PATH}:/opt/ros/humble /usr/local/bin/cmake --build /home/libok/um_file/build/force_torque_sensor_broadcaster -- -j18 -l18
[15.866s] [  4%] [34m[1mRunning `/opt/ros/humble/bin/generate_parameter_library_cpp /home/libok/um_file/build/force_torque_sensor_broadcaster/include/force_torque_sensor_broadcaster/force_torque_sensor_broadcaster_parameters.hpp /home/libok/um_file/ros2_controllers/force_torque_sensor_broadcaster/src/force_torque_sensor_broadcaster_parameters.yaml `[0m
[15.866s] [  9%] [32mBuilding CXX object gmock/CMakeFiles/gmock.dir/src/gmock-all.cc.o[0m
[15.867s] [ 14%] [32mBuilding CXX object gmock/CMakeFiles/gmock.dir/opt/ros/humble/src/gtest_vendor/src/gtest-all.cc.o[0m
[15.867s] [ 19%] [34m[1mRunning `/opt/ros/humble/bin/generate_parameter_library_cpp /home/libok/um_file/build/force_torque_sensor_broadcaster/include/force_torque_sensor_broadcaster/wrench_transformer_parameters.hpp /home/libok/um_file/ros2_controllers/force_torque_sensor_broadcaster/src/wrench_transformer_parameters.yaml `[0m
[15.867s] [ 23%] [32mBuilding CXX object gmock/CMakeFiles/gmock_main.dir/src/gmock_main.cc.o[0m
[15.867s] [ 28%] [34m[1mCreating deprecated header file /home/libok/um_file/build/force_torque_sensor_broadcaster/include/force_torque_sensor_broadcaster_parameters.hpp[0m
[15.867s] [ 28%] Built target force_torque_sensor_broadcaster_parameters
[15.867s] [ 33%] [32mBuilding CXX object CMakeFiles/force_torque_sensor_broadcaster.dir/src/force_torque_sensor_broadcaster.cpp.o[0m
[15.867s] [ 38%] [34m[1mCreating deprecated header file /home/libok/um_file/build/force_torque_sensor_broadcaster/include/wrench_transformer_parameters.hpp[0m
[15.867s] [ 38%] Built target wrench_transformer_parameters
[15.867s] [ 42%] [32mBuilding CXX object CMakeFiles/wrench_transformer.dir/src/wrench_transformer.cpp.o[0m
[15.867s] [ 47%] [32m[1mLinking CXX static library libgmock_main.a[0m
[15.867s] [ 47%] Built target gmock_main
[28.876s] [ 52%] [32m[1mLinking CXX static library libgmock.a[0m
[31.063s] [ 52%] Built target gmock
[53.161s] [ 57%] [32m[1mLinking CXX shared library libforce_torque_sensor_broadcaster.so[0m
[54.115s] [ 57%] Built target force_torque_sensor_broadcaster
[66.348s] [ 61%] [32m[1mLinking CXX shared library libwrench_transformer.so[0m
[68.144s] [ 61%] Built target wrench_transformer
[68.301s] [ 66%] [32mBuilding CXX object CMakeFiles/test_force_torque_sensor_broadcaster.dir/test/test_force_torque_sensor_broadcaster.cpp.o[0m
[116.955s] [ 71%] [32m[1mLinking CXX executable test_force_torque_sensor_broadcaster[0m
[118.689s] [ 71%] Built target test_force_torque_sensor_broadcaster
[118.740s] [ 76%] [32mBuilding CXX object CMakeFiles/test_wrench_transformer.dir/test/test_wrench_transformer.cpp.o[0m
[163.280s] [ 80%] [32m[1mLinking CXX executable test_wrench_transformer[0m
[165.399s] [ 80%] Built target test_wrench_transformer
[165.446s] [ 85%] [32mBuilding CXX object CMakeFiles/wrench_transformer_node.dir/src/wrench_transformer_main.cpp.o[0m
[172.450s] [ 90%] [32m[1mLinking CXX executable wrench_transformer_node[0m
[172.848s] [ 90%] Built target wrench_transformer_node
[172.897s] [ 95%] [32mBuilding CXX object CMakeFiles/test_load_force_torque_sensor_broadcaster.dir/test/test_load_force_torque_sensor_broadcaster.cpp.o[0m
[186.560s] [100%] [32m[1mLinking CXX executable test_load_force_torque_sensor_broadcaster[0m
[188.818s] [100%] Built target test_load_force_torque_sensor_broadcaster
[188.902s] Invoked command in '/home/libok/um_file/build/force_torque_sensor_broadcaster' returned '0': CMAKE_PREFIX_PATH=${CMAKE_PREFIX_PATH}:/opt/ros/humble /usr/local/bin/cmake --build /home/libok/um_file/build/force_torque_sensor_broadcaster -- -j18 -l18
[189.058s] Invoking command in '/home/libok/um_file/build/force_torque_sensor_broadcaster': CMAKE_PREFIX_PATH=${CMAKE_PREFIX_PATH}:/opt/ros/humble /usr/local/bin/cmake --install /home/libok/um_file/build/force_torque_sensor_broadcaster
[201.231s] -- Install configuration: ""
[201.231s] -- Installing: /home/libok/um_file/install/force_torque_sensor_broadcaster/include/force_torque_sensor_broadcaster
[201.231s] -- Installing: /home/libok/um_file/install/force_torque_sensor_broadcaster/include/force_torque_sensor_broadcaster/wrench_transformer_parameters.hpp
[201.232s] -- Installing: /home/libok/um_file/install/force_torque_sensor_broadcaster/include/force_torque_sensor_broadcaster/force_torque_sensor_broadcaster_parameters.hpp
[201.232s] -- Up-to-date: /home/libok/um_file/install/force_torque_sensor_broadcaster/include/force_torque_sensor_broadcaster
[201.232s] -- Up-to-date: /home/libok/um_file/install/force_torque_sensor_broadcaster/include/force_torque_sensor_broadcaster/wrench_transformer_parameters.hpp
[201.232s] -- Up-to-date: /home/libok/um_file/install/force_torque_sensor_broadcaster/include/force_torque_sensor_broadcaster/force_torque_sensor_broadcaster_parameters.hpp
[201.232s] -- Installing: /home/libok/um_file/install/force_torque_sensor_broadcaster/share/force_torque_sensor_broadcaster/force_torque_sensor_broadcaster.xml
[201.233s] -- Up-to-date: /home/libok/um_file/install/force_torque_sensor_broadcaster/include/force_torque_sensor_broadcaster
[201.234s] -- Installing: /home/libok/um_file/install/force_torque_sensor_broadcaster/include/force_torque_sensor_broadcaster/force_torque_sensor_broadcaster
[201.234s] -- Installing: /home/libok/um_file/install/force_torque_sensor_broadcaster/include/force_torque_sensor_broadcaster/force_torque_sensor_broadcaster/wrench_transformer.hpp
[201.234s] -- Installing: /home/libok/um_file/install/force_torque_sensor_broadcaster/include/force_torque_sensor_broadcaster/force_torque_sensor_broadcaster/force_torque_sensor_broadcaster.hpp
[201.234s] -- Installing: /home/libok/um_file/install/force_torque_sensor_broadcaster/include/force_torque_sensor_broadcaster/force_torque_sensor_broadcaster/visibility_control.h
[201.235s] -- Installing: /home/libok/um_file/install/force_torque_sensor_broadcaster/lib/libforce_torque_sensor_broadcaster.so
[201.235s] -- Set non-toolchain portion of runtime path of "/home/libok/um_file/install/force_torque_sensor_broadcaster/lib/libforce_torque_sensor_broadcaster.so" to ""
[201.235s] -- Installing: /home/libok/um_file/install/force_torque_sensor_broadcaster/lib/libwrench_transformer.so
[201.236s] -- Set non-toolchain portion of runtime path of "/home/libok/um_file/install/force_torque_sensor_broadcaster/lib/libwrench_transformer.so" to ""
[201.236s] -- Installing: /home/libok/um_file/install/force_torque_sensor_broadcaster/lib/force_torque_sensor_broadcaster/wrench_transformer_node
[201.236s] -- Set non-toolchain portion of runtime path of "/home/libok/um_file/install/force_torque_sensor_broadcaster/lib/force_torque_sensor_broadcaster/wrench_transformer_node" to ""
[201.236s] -- Installing: /home/libok/um_file/install/force_torque_sensor_broadcaster/share/force_torque_sensor_broadcaster/environment/library_path.sh
[201.237s] -- Installing: /home/libok/um_file/install/force_torque_sensor_broadcaster/share/force_torque_sensor_broadcaster/environment/library_path.dsv
[201.237s] -- Installing: /home/libok/um_file/install/force_torque_sensor_broadcaster/share/ament_index/resource_index/package_run_dependencies/force_torque_sensor_broadcaster
[201.243s] -- Installing: /home/libok/um_file/install/force_torque_sensor_broadcaster/share/ament_index/resource_index/parent_prefix_path/force_torque_sensor_broadcaster
[201.243s] -- Installing: /home/libok/um_file/install/force_torque_sensor_broadcaster/share/force_torque_sensor_broadcaster/environment/ament_prefix_path.sh
[201.245s] -- Installing: /home/libok/um_file/install/force_torque_sensor_broadcaster/share/force_torque_sensor_broadcaster/environment/ament_prefix_path.dsv
[201.245s] -- Installing: /home/libok/um_file/install/force_torque_sensor_broadcaster/share/force_torque_sensor_broadcaster/environment/path.sh
[201.250s] -- Installing: /home/libok/um_file/install/force_torque_sensor_broadcaster/share/force_torque_sensor_broadcaster/environment/path.dsv
[201.252s] -- Installing: /home/libok/um_file/install/force_torque_sensor_broadcaster/share/force_torque_sensor_broadcaster/local_setup.bash
[201.252s] -- Installing: /home/libok/um_file/install/force_torque_sensor_broadcaster/share/force_torque_sensor_broadcaster/local_setup.sh
[201.253s] -- Installing: /home/libok/um_file/install/force_torque_sensor_broadcaster/share/force_torque_sensor_broadcaster/local_setup.zsh
[201.253s] -- Installing: /home/libok/um_file/install/force_torque_sensor_broadcaster/share/force_torque_sensor_broadcaster/local_setup.dsv
[201.253s] -- Installing: /home/libok/um_file/install/force_torque_sensor_broadcaster/share/force_torque_sensor_broadcaster/package.dsv
[201.253s] -- Installing: /home/libok/um_file/install/force_torque_sensor_broadcaster/share/ament_index/resource_index/packages/force_torque_sensor_broadcaster
[201.254s] -- Installing: /home/libok/um_file/install/force_torque_sensor_broadcaster/share/ament_index/resource_index/controller_interface__pluginlib__plugin/force_torque_sensor_broadcaster
[201.254s] -- Installing: /home/libok/um_file/install/force_torque_sensor_broadcaster/share/force_torque_sensor_broadcaster/cmake/export_force_torque_sensor_broadcasterExport.cmake
[201.254s] -- Installing: /home/libok/um_file/install/force_torque_sensor_broadcaster/share/force_torque_sensor_broadcaster/cmake/export_force_torque_sensor_broadcasterExport-noconfig.cmake
[201.254s] -- Installing: /home/libok/um_file/install/force_torque_sensor_broadcaster/share/force_torque_sensor_broadcaster/cmake/ament_cmake_export_dependencies-extras.cmake
[201.256s] -- Installing: /home/libok/um_file/install/force_torque_sensor_broadcaster/share/force_torque_sensor_broadcaster/cmake/ament_cmake_export_targets-extras.cmake
[201.257s] -- Installing: /home/libok/um_file/install/force_torque_sensor_broadcaster/share/force_torque_sensor_broadcaster/cmake/force_torque_sensor_broadcasterConfig.cmake
[201.258s] -- Installing: /home/libok/um_file/install/force_torque_sensor_broadcaster/share/force_torque_sensor_broadcaster/cmake/force_torque_sensor_broadcasterConfig-version.cmake
[201.259s] -- Installing: /home/libok/um_file/install/force_torque_sensor_broadcaster/share/force_torque_sensor_broadcaster/package.xml
[201.404s] Invoked command in '/home/libok/um_file/build/force_torque_sensor_broadcaster' returned '0': CMAKE_PREFIX_PATH=${CMAKE_PREFIX_PATH}:/opt/ros/humble /usr/local/bin/cmake --install /home/libok/um_file/build/force_torque_sensor_broadcaster
