[0.158s] Invoking command in '/home/libok/um_file/build/robotiq_controllers': CMAKE_PREFIX_PATH=${CMAKE_PREFIX_PATH}:/opt/ros/humble /usr/local/bin/cmake /home/libok/um_file/ros2_robotiq_gripper/robotiq_controllers -DCMAKE_INSTALL_PREFIX=/home/libok/um_file/install/robotiq_controllers
[17.351s] -- The C compiler identification is GNU 11.4.0
[17.351s] -- The CXX compiler identification is GNU 11.4.0
[17.351s] -- Detecting C compiler ABI info
[17.352s] -- Detecting C compiler ABI info - done
[17.352s] -- Check for working C compiler: /usr/bin/cc - skipped
[17.352s] -- Detecting C compile features
[17.353s] -- Detecting C compile features - done
[17.353s] -- Detecting CXX compiler ABI info
[17.353s] -- Detecting CXX compiler ABI info - done
[17.353s] -- Check for working CXX compiler: /usr/bin/c++ - skipped
[17.357s] -- Detecting CXX compile features
[17.357s] -- Detecting CXX compile features - done
[17.358s] -- Found ament_cmake: 1.3.12 (/opt/ros/humble/share/ament_cmake/cmake)
[17.358s] -- Found Python3: /usr/bin/python3 (found version "3.10.12") found components: Interpreter
[17.358s] -- Found controller_interface: 2.53.0 (/opt/ros/humble/share/controller_interface/cmake)
[17.359s] -- Found rosidl_generator_c: 3.1.8 (/opt/ros/humble/share/rosidl_generator_c/cmake)
[17.359s] -- Found rosidl_adapter: 3.1.8 (/opt/ros/humble/share/rosidl_adapter/cmake)
[17.359s] -- Found rosidl_generator_cpp: 3.1.8 (/opt/ros/humble/share/rosidl_generator_cpp/cmake)
[17.360s] -- Using all available rosidl_typesupport_c: rosidl_typesupport_fastrtps_c;rosidl_typesupport_introspection_c
[17.360s] -- Using all available rosidl_typesupport_cpp: rosidl_typesupport_fastrtps_cpp;rosidl_typesupport_introspection_cpp
[17.360s] -- Found rmw_implementation_cmake: 6.1.2 (/opt/ros/humble/share/rmw_implementation_cmake/cmake)
[17.360s] -- Found rmw_fastrtps_cpp: 6.2.9 (/opt/ros/humble/share/rmw_fastrtps_cpp/cmake)
[17.361s] -- Found TinyXML2 via Config file: TinyXML2_DIR-NOTFOUND
[17.361s] -- Found OpenSSL: /usr/lib/x86_64-linux-gnu/libcrypto.so (found version "3.0.2")
[17.361s] -- Found TinyXML2 via Config file: TinyXML2_DIR-NOTFOUND
[17.362s] -- Found FastRTPS: /opt/ros/humble/include
[17.363s] -- Found TinyXML2 via Config file: TinyXML2_DIR-NOTFOUND
[17.364s] -- Found TinyXML2 via Config file: TinyXML2_DIR-NOTFOUND
[17.365s] -- Using RMW implementation 'rmw_fastrtps_cpp' as default
[17.365s] -- Performing Test CMAKE_HAVE_LIBC_PTHREAD
[17.365s] -- Performing Test CMAKE_HAVE_LIBC_PTHREAD - Success
[17.366s] -- Found Threads: TRUE
[17.366s] -- Found std_srvs: 4.9.0 (/opt/ros/humble/share/std_srvs/cmake)
[17.366s] -- Found ament_lint_auto: 0.12.14 (/opt/ros/humble/share/ament_lint_auto/cmake)
[17.366s] -- Added test 'cppcheck' to perform static code analysis on C / C++ code
[17.367s] -- Configured cppcheck include dirs: /home/libok/um_file/ros2_robotiq_gripper/robotiq_controllers/include
[17.367s] -- Configured cppcheck exclude dirs and/or files: 
[17.367s] -- Added test 'lint_cmake' to check CMake code style
[17.367s] -- Configuring done (13.8s)
[17.368s] -- Generating done (0.2s)
[17.369s] -- Build files have been written to: /home/libok/um_file/build/robotiq_controllers
[17.370s] [0mCMake Deprecation Warning at CMakeLists.txt:1 (cmake_minimum_required):
[17.375s]   Compatibility with CMake < 3.10 will be removed from a future version of
[17.375s]   CMake.
[17.376s] 
[17.376s]   Update the VERSION argument <min> value.  Or, use the <min>...<max> syntax
[17.376s]   to tell CMake that the project requires at least <min> but has been updated
[17.377s]   to work with policies introduced by <max> or earlier.
[17.377s] 
[17.377s] [0m
[17.473s] Invoked command in '/home/libok/um_file/build/robotiq_controllers' returned '0': CMAKE_PREFIX_PATH=${CMAKE_PREFIX_PATH}:/opt/ros/humble /usr/local/bin/cmake /home/libok/um_file/ros2_robotiq_gripper/robotiq_controllers -DCMAKE_INSTALL_PREFIX=/home/libok/um_file/install/robotiq_controllers
[17.478s] Invoking command in '/home/libok/um_file/build/robotiq_controllers': CMAKE_PREFIX_PATH=${CMAKE_PREFIX_PATH}:/opt/ros/humble /usr/local/bin/cmake --build /home/libok/um_file/build/robotiq_controllers -- -j18 -l18
[51.180s] [ 50%] [32mBuilding CXX object CMakeFiles/robotiq_controllers.dir/src/robotiq_activation_controller.cpp.o[0m
[51.181s] [100%] [32m[1mLinking CXX shared library librobotiq_controllers.so[0m
[51.181s] [100%] Built target robotiq_controllers
[51.356s] Invoked command in '/home/libok/um_file/build/robotiq_controllers' returned '0': CMAKE_PREFIX_PATH=${CMAKE_PREFIX_PATH}:/opt/ros/humble /usr/local/bin/cmake --build /home/libok/um_file/build/robotiq_controllers -- -j18 -l18
[51.371s] Invoking command in '/home/libok/um_file/build/robotiq_controllers': CMAKE_PREFIX_PATH=${CMAKE_PREFIX_PATH}:/opt/ros/humble /usr/local/bin/cmake --install /home/libok/um_file/build/robotiq_controllers
[63.550s] -- Install configuration: ""
[63.551s] -- Installing: /home/libok/um_file/install/robotiq_controllers/share/robotiq_controllers/controller_plugins.xml
[63.551s] -- Installing: /home/libok/um_file/install/robotiq_controllers/lib/librobotiq_controllers.so
[63.551s] -- Set non-toolchain portion of runtime path of "/home/libok/um_file/install/robotiq_controllers/lib/librobotiq_controllers.so" to ""
[63.552s] -- Installing: /home/libok/um_file/install/robotiq_controllers/include
[63.552s] -- Installing: /home/libok/um_file/install/robotiq_controllers/include/robotiq_controllers
[63.552s] -- Installing: /home/libok/um_file/install/robotiq_controllers/include/robotiq_controllers/robotiq_activation_controller.hpp
[63.552s] -- Installing: /home/libok/um_file/install/robotiq_controllers/share/robotiq_controllers/environment/library_path.sh
[63.553s] -- Installing: /home/libok/um_file/install/robotiq_controllers/share/robotiq_controllers/environment/library_path.dsv
[63.554s] -- Installing: /home/libok/um_file/install/robotiq_controllers/share/ament_index/resource_index/package_run_dependencies/robotiq_controllers
[63.560s] -- Installing: /home/libok/um_file/install/robotiq_controllers/share/ament_index/resource_index/parent_prefix_path/robotiq_controllers
[63.561s] -- Installing: /home/libok/um_file/install/robotiq_controllers/share/robotiq_controllers/environment/ament_prefix_path.sh
[63.561s] -- Installing: /home/libok/um_file/install/robotiq_controllers/share/robotiq_controllers/environment/ament_prefix_path.dsv
[63.562s] -- Installing: /home/libok/um_file/install/robotiq_controllers/share/robotiq_controllers/environment/path.sh
[63.563s] -- Installing: /home/libok/um_file/install/robotiq_controllers/share/robotiq_controllers/environment/path.dsv
[63.563s] -- Installing: /home/libok/um_file/install/robotiq_controllers/share/robotiq_controllers/local_setup.bash
[63.563s] -- Installing: /home/libok/um_file/install/robotiq_controllers/share/robotiq_controllers/local_setup.sh
[63.564s] -- Installing: /home/libok/um_file/install/robotiq_controllers/share/robotiq_controllers/local_setup.zsh
[63.564s] -- Installing: /home/libok/um_file/install/robotiq_controllers/share/robotiq_controllers/local_setup.dsv
[63.564s] -- Installing: /home/libok/um_file/install/robotiq_controllers/share/robotiq_controllers/package.dsv
[63.565s] -- Installing: /home/libok/um_file/install/robotiq_controllers/share/ament_index/resource_index/packages/robotiq_controllers
[63.565s] -- Installing: /home/libok/um_file/install/robotiq_controllers/share/ament_index/resource_index/controller_interface__pluginlib__plugin/robotiq_controllers
[63.566s] -- Installing: /home/libok/um_file/install/robotiq_controllers/share/robotiq_controllers/cmake/export_robotiq_controllersExport.cmake
[63.566s] -- Installing: /home/libok/um_file/install/robotiq_controllers/share/robotiq_controllers/cmake/export_robotiq_controllersExport-noconfig.cmake
[63.566s] -- Installing: /home/libok/um_file/install/robotiq_controllers/share/robotiq_controllers/cmake/ament_cmake_export_include_directories-extras.cmake
[63.567s] -- Installing: /home/libok/um_file/install/robotiq_controllers/share/robotiq_controllers/cmake/ament_cmake_export_libraries-extras.cmake
[63.568s] -- Installing: /home/libok/um_file/install/robotiq_controllers/share/robotiq_controllers/cmake/ament_cmake_export_targets-extras.cmake
[63.568s] -- Installing: /home/libok/um_file/install/robotiq_controllers/share/robotiq_controllers/cmake/ament_cmake_export_dependencies-extras.cmake
[63.568s] -- Installing: /home/libok/um_file/install/robotiq_controllers/share/robotiq_controllers/cmake/robotiq_controllersConfig.cmake
[63.568s] -- Installing: /home/libok/um_file/install/robotiq_controllers/share/robotiq_controllers/cmake/robotiq_controllersConfig-version.cmake
[63.569s] -- Installing: /home/libok/um_file/install/robotiq_controllers/share/robotiq_controllers/package.xml
[63.772s] Invoked command in '/home/libok/um_file/build/robotiq_controllers' returned '0': CMAKE_PREFIX_PATH=${CMAKE_PREFIX_PATH}:/opt/ros/humble /usr/local/bin/cmake --install /home/libok/um_file/build/robotiq_controllers
