[0.043s] Invoking command in '/home/libok/um_file/build/pose_broadcaster': CMAKE_PREFIX_PATH=${CMAKE_PREFIX_PATH}:/opt/ros/humble /usr/local/bin/cmake /home/libok/um_file/ros2_controllers/pose_broadcaster -DCMAKE_INSTALL_PREFIX=/home/libok/um_file/install/pose_broadcaster
[0.153s] -- The CXX compiler identification is GNU 11.4.0
[0.161s] -- Detecting CXX compiler ABI info
[0.324s] -- Detecting CXX compiler ABI info - done
[0.369s] -- Check for working CXX compiler: /usr/bin/c++ - skipped
[0.370s] -- Detecting CXX compile features
[0.371s] -- Detecting CXX compile features - done
[0.393s] -- Found ament_cmake: 1.3.12 (/opt/ros/humble/share/ament_cmake/cmake)
[0.633s] -- Found Python3: /usr/bin/python3 (found version "3.10.12") found components: Interpreter
[0.764s] -- Found controller_interface: 2.53.0 (/opt/ros/humble/share/controller_interface/cmake)
[0.834s] -- Found rosidl_generator_c: 3.1.8 (/opt/ros/humble/share/rosidl_generator_c/cmake)
[0.843s] -- Found rosidl_adapter: 3.1.8 (/opt/ros/humble/share/rosidl_adapter/cmake)
[0.858s] -- Found rosidl_generator_cpp: 3.1.8 (/opt/ros/humble/share/rosidl_generator_cpp/cmake)
[0.882s] -- Using all available rosidl_typesupport_c: rosidl_typesupport_fastrtps_c;rosidl_typesupport_introspection_c
[0.913s] -- Using all available rosidl_typesupport_cpp: rosidl_typesupport_fastrtps_cpp;rosidl_typesupport_introspection_cpp
[1.305s] -- Found rmw_implementation_cmake: 6.1.2 (/opt/ros/humble/share/rmw_implementation_cmake/cmake)
[1.312s] -- Found rmw_fastrtps_cpp: 6.2.9 (/opt/ros/humble/share/rmw_fastrtps_cpp/cmake)
[1.354s] -- Found TinyXML2 via Config file: TinyXML2_DIR-NOTFOUND
[1.522s] -- Found OpenSSL: /usr/lib/x86_64-linux-gnu/libcrypto.so (found version "3.0.2")
[1.526s] -- Found TinyXML2 via Config file: TinyXML2_DIR-NOTFOUND
[1.572s] -- Found FastRTPS: /opt/ros/humble/include
[1.577s] -- Found TinyXML2 via Config file: TinyXML2_DIR-NOTFOUND
[1.594s] -- Found TinyXML2 via Config file: TinyXML2_DIR-NOTFOUND
[1.616s] -- Using RMW implementation 'rmw_fastrtps_cpp' as default
[1.628s] -- Performing Test CMAKE_HAVE_LIBC_PTHREAD
[1.856s] -- Performing Test CMAKE_HAVE_LIBC_PTHREAD - Success
[1.857s] -- Found Threads: TRUE
[1.938s] -- Found generate_parameter_library: 0.6.0 (/opt/ros/humble/share/generate_parameter_library/cmake)
[1.941s] -- Found parameter_traits: 0.6.0 (/opt/ros/humble/share/parameter_traits/cmake)
[1.970s] -- Found realtime_tools: 2.15.0 (/opt/ros/humble/share/realtime_tools/cmake)
[1.999s] -- Found tf2_msgs: 0.25.18 (/opt/ros/humble/share/tf2_msgs/cmake)
[2.062s] -- Found ament_cmake_gmock: 1.3.12 (/opt/ros/humble/share/ament_cmake_gmock/cmake)
[2.065s] -- Found controller_manager: 2.53.0 (/opt/ros/humble/share/controller_manager/cmake)
[2.110s] -- Found ros2_control_test_assets: 2.53.0 (/opt/ros/humble/share/ros2_control_test_assets/cmake)
[2.115s] -- Found gmock sources under '/opt/ros/humble/src/gmock_vendor': C++ tests using 'Google Mock' will be built
[2.175s] -- The C compiler identification is GNU 11.4.0
[2.199s] -- Detecting C compiler ABI info
[2.361s] -- Detecting C compiler ABI info - done
[2.382s] -- Check for working C compiler: /usr/bin/cc - skipped
[2.383s] -- Detecting C compile features
[2.384s] -- Detecting C compile features - done
[2.395s] [0mCMake Deprecation Warning at /opt/ros/humble/src/gmock_vendor/CMakeLists.txt:2 (cmake_minimum_required):
[2.395s]   Compatibility with CMake < 3.10 will be removed from a future version of
[2.395s]   CMake.
[2.395s] 
[2.396s]   Update the VERSION argument <min> value.  Or, use the <min>...<max> syntax
[2.396s]   to tell CMake that the project requires at least <min> but has been updated
[2.396s]   to work with policies introduced by <max> or earlier.
[2.396s] 
[2.396s] [0m
[2.407s] -- Found ament_cmake_gtest: 1.3.12 (/opt/ros/humble/share/ament_cmake_gtest/cmake)
[2.409s] -- Found gtest sources under '/opt/ros/humble/src/gtest_vendor': C++ tests using 'Google Test' will be built
[2.421s] [0mCMake Deprecation Warning at /opt/ros/humble/src/gtest_vendor/CMakeLists.txt:2 (cmake_minimum_required):
[2.421s]   Compatibility with CMake < 3.10 will be removed from a future version of
[2.421s]   CMake.
[2.421s] 
[2.421s]   Update the VERSION argument <min> value.  Or, use the <min>...<max> syntax
[2.421s]   to tell CMake that the project requires at least <min> but has been updated
[2.421s]   to work with policies introduced by <max> or earlier.
[2.421s] 
[2.421s] [0m
[2.585s] -- Configuring done (2.5s)
[2.651s] -- Generating done (0.1s)
[2.684s] -- Build files have been written to: /home/libok/um_file/build/pose_broadcaster
[2.751s] Invoked command in '/home/libok/um_file/build/pose_broadcaster' returned '0': CMAKE_PREFIX_PATH=${CMAKE_PREFIX_PATH}:/opt/ros/humble /usr/local/bin/cmake /home/libok/um_file/ros2_controllers/pose_broadcaster -DCMAKE_INSTALL_PREFIX=/home/libok/um_file/install/pose_broadcaster
[2.752s] Invoking command in '/home/libok/um_file/build/pose_broadcaster': CMAKE_PREFIX_PATH=${CMAKE_PREFIX_PATH}:/opt/ros/humble /usr/local/bin/cmake --build /home/libok/um_file/build/pose_broadcaster -- -j18 -l18
[3.449s] [  7%] [34m[1mRunning `/opt/ros/humble/bin/generate_parameter_library_cpp /home/libok/um_file/build/pose_broadcaster/include/pose_broadcaster/pose_broadcaster_parameters.hpp /home/libok/um_file/ros2_controllers/pose_broadcaster/src/pose_broadcaster_parameters.yaml `[0m
[3.449s] [ 23%] [32mBuilding CXX object gmock/CMakeFiles/gmock.dir/opt/ros/humble/src/gtest_vendor/src/gtest-all.cc.o[0m
[3.449s] [ 23%] [32mBuilding CXX object gmock/CMakeFiles/gmock.dir/src/gmock-all.cc.o[0m
[3.449s] [ 30%] [32mBuilding CXX object gmock/CMakeFiles/gmock_main.dir/src/gmock_main.cc.o[0m
[3.449s] [ 38%] [34m[1mCreating deprecated header file /home/libok/um_file/build/pose_broadcaster/include/pose_broadcaster_parameters.hpp[0m
[3.449s] [ 38%] Built target pose_broadcaster_parameters
[3.449s] [ 46%] [32mBuilding CXX object CMakeFiles/pose_broadcaster.dir/src/pose_broadcaster.cpp.o[0m
[11.628s] [ 53%] [32m[1mLinking CXX static library libgmock_main.a[0m
[11.762s] [ 53%] Built target gmock_main
[18.680s] [ 61%] [32m[1mLinking CXX static library libgmock.a[0m
[19.156s] [ 61%] Built target gmock
[51.473s] [ 69%] [32m[1mLinking CXX shared library libpose_broadcaster.so[0m
[53.112s] [ 69%] Built target pose_broadcaster
[53.211s] [ 76%] [32mBuilding CXX object CMakeFiles/test_load_pose_broadcaster.dir/test/test_load_pose_broadcaster.cpp.o[0m
[70.854s] [ 84%] [32m[1mLinking CXX executable test_load_pose_broadcaster[0m
[72.481s] [ 84%] Built target test_load_pose_broadcaster
[72.586s] [ 92%] [32mBuilding CXX object CMakeFiles/test_pose_broadcaster.dir/test/test_pose_broadcaster.cpp.o[0m
[127.096s] [100%] [32m[1mLinking CXX executable test_pose_broadcaster[0m
[129.574s] [100%] Built target test_pose_broadcaster
[129.593s] Invoked command in '/home/libok/um_file/build/pose_broadcaster' returned '0': CMAKE_PREFIX_PATH=${CMAKE_PREFIX_PATH}:/opt/ros/humble /usr/local/bin/cmake --build /home/libok/um_file/build/pose_broadcaster -- -j18 -l18
[129.618s] Invoking command in '/home/libok/um_file/build/pose_broadcaster': CMAKE_PREFIX_PATH=${CMAKE_PREFIX_PATH}:/opt/ros/humble /usr/local/bin/cmake --install /home/libok/um_file/build/pose_broadcaster
[137.279s] -- Install configuration: ""
[137.279s] -- Installing: /home/libok/um_file/install/pose_broadcaster/include/pose_broadcaster
[137.280s] -- Installing: /home/libok/um_file/install/pose_broadcaster/include/pose_broadcaster/pose_broadcaster_parameters.hpp
[137.280s] -- Installing: /home/libok/um_file/install/pose_broadcaster/share/pose_broadcaster/pose_broadcaster.xml
[137.280s] -- Up-to-date: /home/libok/um_file/install/pose_broadcaster/include/pose_broadcaster
[137.280s] -- Installing: /home/libok/um_file/install/pose_broadcaster/include/pose_broadcaster/pose_broadcaster
[137.280s] -- Installing: /home/libok/um_file/install/pose_broadcaster/include/pose_broadcaster/pose_broadcaster/pose_broadcaster.hpp
[137.280s] -- Installing: /home/libok/um_file/install/pose_broadcaster/include/pose_broadcaster/pose_broadcaster/visibility_control.h
[137.282s] -- Installing: /home/libok/um_file/install/pose_broadcaster/lib/libpose_broadcaster.so
[137.282s] -- Set non-toolchain portion of runtime path of "/home/libok/um_file/install/pose_broadcaster/lib/libpose_broadcaster.so" to ""
[137.283s] -- Installing: /home/libok/um_file/install/pose_broadcaster/share/pose_broadcaster/environment/library_path.sh
[137.283s] -- Installing: /home/libok/um_file/install/pose_broadcaster/share/pose_broadcaster/environment/library_path.dsv
[137.283s] -- Installing: /home/libok/um_file/install/pose_broadcaster/share/ament_index/resource_index/package_run_dependencies/pose_broadcaster
[137.283s] -- Installing: /home/libok/um_file/install/pose_broadcaster/share/ament_index/resource_index/parent_prefix_path/pose_broadcaster
[137.283s] -- Installing: /home/libok/um_file/install/pose_broadcaster/share/pose_broadcaster/environment/ament_prefix_path.sh
[137.283s] -- Installing: /home/libok/um_file/install/pose_broadcaster/share/pose_broadcaster/environment/ament_prefix_path.dsv
[137.283s] -- Installing: /home/libok/um_file/install/pose_broadcaster/share/pose_broadcaster/environment/path.sh
[137.284s] -- Installing: /home/libok/um_file/install/pose_broadcaster/share/pose_broadcaster/environment/path.dsv
[137.284s] -- Installing: /home/libok/um_file/install/pose_broadcaster/share/pose_broadcaster/local_setup.bash
[137.284s] -- Installing: /home/libok/um_file/install/pose_broadcaster/share/pose_broadcaster/local_setup.sh
[137.284s] -- Installing: /home/libok/um_file/install/pose_broadcaster/share/pose_broadcaster/local_setup.zsh
[137.284s] -- Installing: /home/libok/um_file/install/pose_broadcaster/share/pose_broadcaster/local_setup.dsv
[137.284s] -- Installing: /home/libok/um_file/install/pose_broadcaster/share/pose_broadcaster/package.dsv
[137.284s] -- Installing: /home/libok/um_file/install/pose_broadcaster/share/ament_index/resource_index/packages/pose_broadcaster
[137.285s] -- Installing: /home/libok/um_file/install/pose_broadcaster/share/ament_index/resource_index/controller_interface__pluginlib__plugin/pose_broadcaster
[137.285s] -- Installing: /home/libok/um_file/install/pose_broadcaster/share/pose_broadcaster/cmake/export_pose_broadcasterExport.cmake
[137.285s] -- Installing: /home/libok/um_file/install/pose_broadcaster/share/pose_broadcaster/cmake/export_pose_broadcasterExport-noconfig.cmake
[137.285s] -- Installing: /home/libok/um_file/install/pose_broadcaster/share/pose_broadcaster/cmake/ament_cmake_export_dependencies-extras.cmake
[137.286s] -- Installing: /home/libok/um_file/install/pose_broadcaster/share/pose_broadcaster/cmake/ament_cmake_export_targets-extras.cmake
[137.287s] -- Installing: /home/libok/um_file/install/pose_broadcaster/share/pose_broadcaster/cmake/pose_broadcasterConfig.cmake
[137.287s] -- Installing: /home/libok/um_file/install/pose_broadcaster/share/pose_broadcaster/cmake/pose_broadcasterConfig-version.cmake
[137.287s] -- Installing: /home/libok/um_file/install/pose_broadcaster/share/pose_broadcaster/package.xml
[137.484s] Invoked command in '/home/libok/um_file/build/pose_broadcaster' returned '0': CMAKE_PREFIX_PATH=${CMAKE_PREFIX_PATH}:/opt/ros/humble /usr/local/bin/cmake --install /home/libok/um_file/build/pose_broadcaster
