[0.089s] Invoking command in '/home/libok/um_file/build/ros2srrc_iiwa': CMAKE_PREFIX_PATH=${CMAKE_PREFIX_PATH}:/opt/ros/humble /usr/local/bin/cmake /home/libok/um_file/packages/ros2srrc_iiwa -DCMAKE_INSTALL_PREFIX=/home/libok/um_file/install/ros2srrc_iiwa
[12.042s] -- The C compiler identification is GNU 11.4.0
[12.042s] -- The CXX compiler identification is GNU 11.4.0
[12.045s] -- Detecting C compiler ABI info
[12.046s] -- Detecting C compiler ABI info - done
[12.046s] -- Check for working C compiler: /usr/bin/cc - skipped
[12.046s] -- Detecting C compile features
[12.046s] -- Detecting C compile features - done
[12.047s] -- Detecting CXX compiler ABI info
[12.047s] -- Detecting CXX compiler ABI info - done
[12.047s] -- Check for working CXX compiler: /usr/bin/c++ - skipped
[12.047s] -- Detecting CXX compile features
[12.048s] -- Detecting CXX compile features - done
[12.048s] -- Found ament_cmake: 1.3.12 (/opt/ros/humble/share/ament_cmake/cmake)
[12.048s] -- Found Python3: /usr/bin/python3 (found version "3.10.12") found components: Interpreter
[12.048s] -- Found ament_lint_auto: 0.12.14 (/opt/ros/humble/share/ament_lint_auto/cmake)
[12.048s] -- Added test 'copyright' to check source files copyright and LICENSE
[12.049s] -- Added test 'lint_cmake' to check CMake code style
[12.049s] -- Added test 'xmllint' to check XML markup files
[12.049s] -- Configuring done (5.9s)
[12.054s] -- Generating done (0.0s)
[12.055s] -- Build files have been written to: /home/libok/um_file/build/ros2srrc_iiwa
[12.060s] [0mCMake Deprecation Warning at CMakeLists.txt:1 (cmake_minimum_required):
[12.063s]   Compatibility with CMake < 3.10 will be removed from a future version of
[12.063s]   CMake.
[12.064s] 
[12.064s]   Update the VERSION argument <min> value.  Or, use the <min>...<max> syntax
[12.064s]   to tell CMake that the project requires at least <min> but has been updated
[12.064s]   to work with policies introduced by <max> or earlier.
[12.065s] 
[12.065s] [0m
[12.339s] Invoked command in '/home/libok/um_file/build/ros2srrc_iiwa' returned '0': CMAKE_PREFIX_PATH=${CMAKE_PREFIX_PATH}:/opt/ros/humble /usr/local/bin/cmake /home/libok/um_file/packages/ros2srrc_iiwa -DCMAKE_INSTALL_PREFIX=/home/libok/um_file/install/ros2srrc_iiwa
[12.351s] Invoking command in '/home/libok/um_file/build/ros2srrc_iiwa': CMAKE_PREFIX_PATH=${CMAKE_PREFIX_PATH}:/opt/ros/humble /usr/local/bin/cmake --build /home/libok/um_file/build/ros2srrc_iiwa -- -j18 -l18
[12.707s] Invoked command in '/home/libok/um_file/build/ros2srrc_iiwa' returned '0': CMAKE_PREFIX_PATH=${CMAKE_PREFIX_PATH}:/opt/ros/humble /usr/local/bin/cmake --build /home/libok/um_file/build/ros2srrc_iiwa -- -j18 -l18
[12.720s] Invoking command in '/home/libok/um_file/build/ros2srrc_iiwa': CMAKE_PREFIX_PATH=${CMAKE_PREFIX_PATH}:/opt/ros/humble /usr/local/bin/cmake --install /home/libok/um_file/build/ros2srrc_iiwa
[13.367s] -- Install configuration: ""
[13.368s] -- Installing: /home/libok/um_file/install/ros2srrc_iiwa/share/ros2srrc_iiwa/config
[13.368s] -- Installing: /home/libok/um_file/install/ros2srrc_iiwa/share/ros2srrc_iiwa/config/configurations.yaml
[13.368s] -- Installing: /home/libok/um_file/install/ros2srrc_iiwa/share/ros2srrc_iiwa/urdf
[13.368s] -- Installing: /home/libok/um_file/install/ros2srrc_iiwa/share/ros2srrc_iiwa/urdf/iiwa_robotiq_2f85.urdf.xacro
[13.369s] -- Installing: /home/libok/um_file/install/ros2srrc_iiwa/share/ros2srrc_iiwa/urdf/iiwa.urdf.xacro
[13.369s] -- Installing: /home/libok/um_file/install/ros2srrc_iiwa/share/ament_index/resource_index/package_run_dependencies/ros2srrc_iiwa
[13.369s] -- Installing: /home/libok/um_file/install/ros2srrc_iiwa/share/ament_index/resource_index/parent_prefix_path/ros2srrc_iiwa
[13.369s] -- Installing: /home/libok/um_file/install/ros2srrc_iiwa/share/ros2srrc_iiwa/environment/ament_prefix_path.sh
[13.370s] -- Installing: /home/libok/um_file/install/ros2srrc_iiwa/share/ros2srrc_iiwa/environment/ament_prefix_path.dsv
[13.370s] -- Installing: /home/libok/um_file/install/ros2srrc_iiwa/share/ros2srrc_iiwa/environment/path.sh
[13.370s] -- Installing: /home/libok/um_file/install/ros2srrc_iiwa/share/ros2srrc_iiwa/environment/path.dsv
[13.375s] -- Installing: /home/libok/um_file/install/ros2srrc_iiwa/share/ros2srrc_iiwa/local_setup.bash
[13.379s] -- Installing: /home/libok/um_file/install/ros2srrc_iiwa/share/ros2srrc_iiwa/local_setup.sh
[13.380s] -- Installing: /home/libok/um_file/install/ros2srrc_iiwa/share/ros2srrc_iiwa/local_setup.zsh
[13.380s] -- Installing: /home/libok/um_file/install/ros2srrc_iiwa/share/ros2srrc_iiwa/local_setup.dsv
[13.380s] -- Installing: /home/libok/um_file/install/ros2srrc_iiwa/share/ros2srrc_iiwa/package.dsv
[13.381s] -- Installing: /home/libok/um_file/install/ros2srrc_iiwa/share/ament_index/resource_index/packages/ros2srrc_iiwa
[13.381s] -- Installing: /home/libok/um_file/install/ros2srrc_iiwa/share/ros2srrc_iiwa/cmake/ros2srrc_iiwaConfig.cmake
[13.381s] -- Installing: /home/libok/um_file/install/ros2srrc_iiwa/share/ros2srrc_iiwa/cmake/ros2srrc_iiwaConfig-version.cmake
[13.381s] -- Installing: /home/libok/um_file/install/ros2srrc_iiwa/share/ros2srrc_iiwa/package.xml
[13.384s] Invoked command in '/home/libok/um_file/build/ros2srrc_iiwa' returned '0': CMAKE_PREFIX_PATH=${CMAKE_PREFIX_PATH}:/opt/ros/humble /usr/local/bin/cmake --install /home/libok/um_file/build/ros2srrc_iiwa
