[0.194s] Invoking command in '/home/libok/um_file/build/ros2srrc_irb6640': CMAKE_PREFIX_PATH=${CMAKE_PREFIX_PATH}:/opt/ros/humble /usr/local/bin/cmake /home/libok/um_file/packages/ros2srrc_irb6640 -DCMAKE_INSTALL_PREFIX=/home/libok/um_file/install/ros2srrc_irb6640
[7.399s] -- The C compiler identification is GNU 11.4.0
[7.399s] -- The CXX compiler identification is GNU 11.4.0
[7.399s] -- Detecting C compiler ABI info
[7.399s] -- Detecting C compiler ABI info - done
[7.399s] -- Check for working C compiler: /usr/bin/cc - skipped
[7.399s] -- Detecting C compile features
[7.399s] -- Detecting C compile features - done
[7.399s] -- Detecting CXX compiler ABI info
[7.400s] -- Detecting CXX compiler ABI info - done
[7.400s] -- Check for working CXX compiler: /usr/bin/c++ - skipped
[7.400s] -- Detecting CXX compile features
[7.400s] -- Detecting CXX compile features - done
[7.400s] -- Found ament_cmake: 1.3.12 (/opt/ros/humble/share/ament_cmake/cmake)
[7.400s] -- Found Python3: /usr/bin/python3 (found version "3.10.12") found components: Interpreter
[7.400s] -- Found ament_lint_auto: 0.12.14 (/opt/ros/humble/share/ament_lint_auto/cmake)
[7.400s] -- Added test 'copyright' to check source files copyright and LICENSE
[7.401s] -- Added test 'lint_cmake' to check CMake code style
[7.401s] -- Added test 'xmllint' to check XML markup files
[7.401s] -- Configuring done (5.2s)
[7.402s] -- Generating done (0.0s)
[7.402s] -- Build files have been written to: /home/libok/um_file/build/ros2srrc_irb6640
[7.408s] [0mCMake Deprecation Warning at CMakeLists.txt:1 (cmake_minimum_required):
[7.409s]   Compatibility with CMake < 3.10 will be removed from a future version of
[7.409s]   CMake.
[7.410s] 
[7.414s]   Update the VERSION argument <min> value.  Or, use the <min>...<max> syntax
[7.414s]   to tell CMake that the project requires at least <min> but has been updated
[7.415s]   to work with policies introduced by <max> or earlier.
[7.415s] 
[7.415s] [0m
[7.449s] Invoked command in '/home/libok/um_file/build/ros2srrc_irb6640' returned '0': CMAKE_PREFIX_PATH=${CMAKE_PREFIX_PATH}:/opt/ros/humble /usr/local/bin/cmake /home/libok/um_file/packages/ros2srrc_irb6640 -DCMAKE_INSTALL_PREFIX=/home/libok/um_file/install/ros2srrc_irb6640
[7.450s] Invoking command in '/home/libok/um_file/build/ros2srrc_irb6640': CMAKE_PREFIX_PATH=${CMAKE_PREFIX_PATH}:/opt/ros/humble /usr/local/bin/cmake --build /home/libok/um_file/build/ros2srrc_irb6640 -- -j18 -l18
[9.423s] Invoked command in '/home/libok/um_file/build/ros2srrc_irb6640' returned '0': CMAKE_PREFIX_PATH=${CMAKE_PREFIX_PATH}:/opt/ros/humble /usr/local/bin/cmake --build /home/libok/um_file/build/ros2srrc_irb6640 -- -j18 -l18
[9.433s] Invoking command in '/home/libok/um_file/build/ros2srrc_irb6640': CMAKE_PREFIX_PATH=${CMAKE_PREFIX_PATH}:/opt/ros/humble /usr/local/bin/cmake --install /home/libok/um_file/build/ros2srrc_irb6640
[10.037s] -- Install configuration: ""
[10.038s] -- Installing: /home/libok/um_file/install/ros2srrc_irb6640/share/ros2srrc_irb6640/config
[10.038s] -- Installing: /home/libok/um_file/install/ros2srrc_irb6640/share/ros2srrc_irb6640/config/configurations.yaml
[10.039s] -- Installing: /home/libok/um_file/install/ros2srrc_irb6640/share/ros2srrc_irb6640/urdf
[10.039s] -- Installing: /home/libok/um_file/install/ros2srrc_irb6640/share/ros2srrc_irb6640/urdf/irb6640_gpp5010nc.urdf.xacro
[10.039s] -- Installing: /home/libok/um_file/install/ros2srrc_irb6640/share/ros2srrc_irb6640/urdf/irb6640.urdf.xacro
[10.040s] -- Installing: /home/libok/um_file/install/ros2srrc_irb6640/share/ament_index/resource_index/package_run_dependencies/ros2srrc_irb6640
[10.040s] -- Installing: /home/libok/um_file/install/ros2srrc_irb6640/share/ament_index/resource_index/parent_prefix_path/ros2srrc_irb6640
[10.040s] -- Installing: /home/libok/um_file/install/ros2srrc_irb6640/share/ros2srrc_irb6640/environment/ament_prefix_path.sh
[10.040s] -- Installing: /home/libok/um_file/install/ros2srrc_irb6640/share/ros2srrc_irb6640/environment/ament_prefix_path.dsv
[10.040s] -- Installing: /home/libok/um_file/install/ros2srrc_irb6640/share/ros2srrc_irb6640/environment/path.sh
[10.040s] -- Installing: /home/libok/um_file/install/ros2srrc_irb6640/share/ros2srrc_irb6640/environment/path.dsv
[10.041s] -- Installing: /home/libok/um_file/install/ros2srrc_irb6640/share/ros2srrc_irb6640/local_setup.bash
[10.041s] -- Installing: /home/libok/um_file/install/ros2srrc_irb6640/share/ros2srrc_irb6640/local_setup.sh
[10.041s] -- Installing: /home/libok/um_file/install/ros2srrc_irb6640/share/ros2srrc_irb6640/local_setup.zsh
[10.041s] -- Installing: /home/libok/um_file/install/ros2srrc_irb6640/share/ros2srrc_irb6640/local_setup.dsv
[10.043s] -- Installing: /home/libok/um_file/install/ros2srrc_irb6640/share/ros2srrc_irb6640/package.dsv
[10.043s] -- Installing: /home/libok/um_file/install/ros2srrc_irb6640/share/ament_index/resource_index/packages/ros2srrc_irb6640
[10.044s] -- Installing: /home/libok/um_file/install/ros2srrc_irb6640/share/ros2srrc_irb6640/cmake/ros2srrc_irb6640Config.cmake
[10.044s] -- Installing: /home/libok/um_file/install/ros2srrc_irb6640/share/ros2srrc_irb6640/cmake/ros2srrc_irb6640Config-version.cmake
[10.044s] -- Installing: /home/libok/um_file/install/ros2srrc_irb6640/share/ros2srrc_irb6640/package.xml
[10.311s] Invoked command in '/home/libok/um_file/build/ros2srrc_irb6640' returned '0': CMAKE_PREFIX_PATH=${CMAKE_PREFIX_PATH}:/opt/ros/humble /usr/local/bin/cmake --install /home/libok/um_file/build/ros2srrc_irb6640
