[0.056s] Invoking command in '/home/libok/um_file/build/range_sensor_broadcaster': CMAKE_PREFIX_PATH=${CMAKE_PREFIX_PATH}:/opt/ros/humble /usr/local/bin/cmake /home/libok/um_file/ros2_controllers/range_sensor_broadcaster -DCMAKE_INSTALL_PREFIX=/home/libok/um_file/install/range_sensor_broadcaster
[2.714s] -- The C compiler identification is GNU 11.4.0
[2.714s] -- The CXX compiler identification is GNU 11.4.0
[2.714s] -- Detecting C compiler ABI info
[2.719s] -- Detecting C compiler ABI info - done
[2.719s] -- Check for working C compiler: /usr/bin/cc - skipped
[2.719s] -- Detecting C compile features
[2.720s] -- Detecting C compile features - done
[2.720s] -- Detecting CXX compiler ABI info
[2.720s] -- Detecting CXX compiler ABI info - done
[2.720s] -- Check for working CXX compiler: /usr/bin/c++ - skipped
[2.720s] -- Detecting CXX compile features
[2.720s] -- Detecting CXX compile features - done
[2.720s] -- Found ament_cmake: 1.3.12 (/opt/ros/humble/share/ament_cmake/cmake)
[2.720s] -- Found Python3: /usr/bin/python3 (found version "3.10.12") found components: Interpreter
[2.720s] -- Found controller_interface: 2.53.0 (/opt/ros/humble/share/controller_interface/cmake)
[2.720s] -- Found rosidl_generator_c: 3.1.8 (/opt/ros/humble/share/rosidl_generator_c/cmake)
[2.720s] -- Found rosidl_adapter: 3.1.8 (/opt/ros/humble/share/rosidl_adapter/cmake)
[2.720s] -- Found rosidl_generator_cpp: 3.1.8 (/opt/ros/humble/share/rosidl_generator_cpp/cmake)
[2.720s] -- Using all available rosidl_typesupport_c: rosidl_typesupport_fastrtps_c;rosidl_typesupport_introspection_c
[2.720s] -- Using all available rosidl_typesupport_cpp: rosidl_typesupport_fastrtps_cpp;rosidl_typesupport_introspection_cpp
[2.721s] -- Found rmw_implementation_cmake: 6.1.2 (/opt/ros/humble/share/rmw_implementation_cmake/cmake)
[2.721s] -- Found rmw_fastrtps_cpp: 6.2.9 (/opt/ros/humble/share/rmw_fastrtps_cpp/cmake)
[2.721s] -- Found TinyXML2 via Config file: TinyXML2_DIR-NOTFOUND
[2.721s] -- Found OpenSSL: /usr/lib/x86_64-linux-gnu/libcrypto.so (found version "3.0.2")
[2.721s] -- Found TinyXML2 via Config file: TinyXML2_DIR-NOTFOUND
[2.721s] -- Found FastRTPS: /opt/ros/humble/include
[2.721s] -- Found TinyXML2 via Config file: TinyXML2_DIR-NOTFOUND
[2.721s] -- Found TinyXML2 via Config file: TinyXML2_DIR-NOTFOUND
[2.721s] -- Using RMW implementation 'rmw_fastrtps_cpp' as default
[2.721s] -- Performing Test CMAKE_HAVE_LIBC_PTHREAD
[2.721s] -- Performing Test CMAKE_HAVE_LIBC_PTHREAD - Success
[2.722s] -- Found Threads: TRUE
[2.722s] -- Found generate_parameter_library: 0.6.0 (/opt/ros/humble/share/generate_parameter_library/cmake)
[2.722s] -- Found parameter_traits: 0.6.0 (/opt/ros/humble/share/parameter_traits/cmake)
[2.722s] -- Found realtime_tools: 2.15.0 (/opt/ros/humble/share/realtime_tools/cmake)
[2.722s] -- Found ament_cmake_gmock: 1.3.12 (/opt/ros/humble/share/ament_cmake_gmock/cmake)
[2.722s] -- Found controller_manager: 2.53.0 (/opt/ros/humble/share/controller_manager/cmake)
[2.722s] -- Found ros2_control_test_assets: 2.53.0 (/opt/ros/humble/share/ros2_control_test_assets/cmake)
[2.722s] -- Found gmock sources under '/opt/ros/humble/src/gmock_vendor': C++ tests using 'Google Mock' will be built
[2.722s] -- Found ament_cmake_gtest: 1.3.12 (/opt/ros/humble/share/ament_cmake_gtest/cmake)
[2.722s] -- Found gtest sources under '/opt/ros/humble/src/gtest_vendor': C++ tests using 'Google Test' will be built
[2.722s] -- Found gmock sources under '/opt/ros/humble/src/gmock_vendor': C++ tests using 'Google Mock' will be built
[2.722s] -- Found ament_cmake_gtest: 1.3.12 (/opt/ros/humble/share/ament_cmake_gtest/cmake)
[2.722s] -- Found gtest sources under '/opt/ros/humble/src/gtest_vendor': C++ tests using 'Google Test' will be built
[2.724s] [0mCMake Deprecation Warning at CMakeLists.txt:1 (cmake_minimum_required):
[2.725s]   Compatibility with CMake < 3.10 will be removed from a future version of
[2.725s]   CMake.
[2.725s] 
[2.725s]   Update the VERSION argument <min> value.  Or, use the <min>...<max> syntax
[2.725s]   to tell CMake that the project requires at least <min> but has been updated
[2.725s]   to work with policies introduced by <max> or earlier.
[2.725s] 
[2.725s] [0m
[2.725s] [0mCMake Deprecation Warning at /opt/ros/humble/src/gmock_vendor/CMakeLists.txt:2 (cmake_minimum_required):
[2.725s]   Compatibility with CMake < 3.10 will be removed from a future version of
[2.725s]   CMake.
[2.725s] 
[2.725s]   Update the VERSION argument <min> value.  Or, use the <min>...<max> syntax
[2.725s]   to tell CMake that the project requires at least <min> but has been updated
[2.725s]   to work with policies introduced by <max> or earlier.
[2.725s] 
[2.725s] [0m
[2.726s] [0mCMake Deprecation Warning at /opt/ros/humble/src/gtest_vendor/CMakeLists.txt:2 (cmake_minimum_required):
[2.726s]   Compatibility with CMake < 3.10 will be removed from a future version of
[2.726s]   CMake.
[2.726s] 
[2.726s]   Update the VERSION argument <min> value.  Or, use the <min>...<max> syntax
[2.726s]   to tell CMake that the project requires at least <min> but has been updated
[2.726s]   to work with policies introduced by <max> or earlier.
[2.726s] 
[2.726s] [0m
[2.891s] -- Configuring done (2.8s)
[3.099s] -- Generating done (0.2s)
[3.141s] -- Build files have been written to: /home/libok/um_file/build/range_sensor_broadcaster
[3.256s] Invoked command in '/home/libok/um_file/build/range_sensor_broadcaster' returned '0': CMAKE_PREFIX_PATH=${CMAKE_PREFIX_PATH}:/opt/ros/humble /usr/local/bin/cmake /home/libok/um_file/ros2_controllers/range_sensor_broadcaster -DCMAKE_INSTALL_PREFIX=/home/libok/um_file/install/range_sensor_broadcaster
[3.257s] Invoking command in '/home/libok/um_file/build/range_sensor_broadcaster': CMAKE_PREFIX_PATH=${CMAKE_PREFIX_PATH}:/opt/ros/humble /usr/local/bin/cmake --build /home/libok/um_file/build/range_sensor_broadcaster -- -j18 -l18
[6.063s] [ 18%] [32mBuilding CXX object gmock/CMakeFiles/gmock.dir/opt/ros/humble/src/gtest_vendor/src/gtest-all.cc.o[0m
[6.063s] [ 18%] [34m[1mRunning `/opt/ros/humble/bin/generate_parameter_library_cpp /home/libok/um_file/build/range_sensor_broadcaster/include/range_sensor_broadcaster/range_sensor_broadcaster_parameters.hpp /home/libok/um_file/ros2_controllers/range_sensor_broadcaster/src/range_sensor_broadcaster_parameters.yaml `[0m
[6.063s] [ 27%] [32mBuilding CXX object gmock/CMakeFiles/gmock.dir/src/gmock-all.cc.o[0m
[6.063s] [ 36%] [34m[1mCreating deprecated header file /home/libok/um_file/build/range_sensor_broadcaster/include/range_sensor_broadcaster_parameters.hpp[0m
[6.063s] [ 36%] Built target range_sensor_broadcaster_parameters
[6.063s] [ 45%] [32mBuilding CXX object CMakeFiles/range_sensor_broadcaster.dir/src/range_sensor_broadcaster.cpp.o[0m
[40.903s] [ 54%] [32m[1mLinking CXX static library libgmock.a[0m
[41.830s] [ 54%] Built target gmock
[53.146s] [ 63%] [32m[1mLinking CXX shared library librange_sensor_broadcaster.so[0m
[53.938s] [ 63%] Built target range_sensor_broadcaster
[54.009s] [ 72%] [32mBuilding CXX object CMakeFiles/test_load_range_sensor_broadcaster.dir/test/test_load_range_sensor_broadcaster.cpp.o[0m
[71.935s] [ 81%] [32m[1mLinking CXX executable test_load_range_sensor_broadcaster[0m
[73.137s] [ 81%] Built target test_load_range_sensor_broadcaster
[73.263s] [ 90%] [32mBuilding CXX object CMakeFiles/test_range_sensor_broadcaster.dir/test/test_range_sensor_broadcaster.cpp.o[0m
[121.037s] [100%] [32m[1mLinking CXX executable test_range_sensor_broadcaster[0m
[122.914s] [100%] Built target test_range_sensor_broadcaster
[122.955s] Invoked command in '/home/libok/um_file/build/range_sensor_broadcaster' returned '0': CMAKE_PREFIX_PATH=${CMAKE_PREFIX_PATH}:/opt/ros/humble /usr/local/bin/cmake --build /home/libok/um_file/build/range_sensor_broadcaster -- -j18 -l18
[122.958s] Invoking command in '/home/libok/um_file/build/range_sensor_broadcaster': CMAKE_PREFIX_PATH=${CMAKE_PREFIX_PATH}:/opt/ros/humble /usr/local/bin/cmake --install /home/libok/um_file/build/range_sensor_broadcaster
[137.170s] -- Install configuration: ""
[137.170s] -- Installing: /home/libok/um_file/install/range_sensor_broadcaster/include/range_sensor_broadcaster
[137.170s] -- Installing: /home/libok/um_file/install/range_sensor_broadcaster/include/range_sensor_broadcaster/range_sensor_broadcaster_parameters.hpp
[137.170s] -- Installing: /home/libok/um_file/install/range_sensor_broadcaster/share/range_sensor_broadcaster/range_sensor_broadcaster.xml
[137.171s] -- Up-to-date: /home/libok/um_file/install/range_sensor_broadcaster/include
[137.171s] -- Up-to-date: /home/libok/um_file/install/range_sensor_broadcaster/include/range_sensor_broadcaster
[137.171s] -- Installing: /home/libok/um_file/install/range_sensor_broadcaster/include/range_sensor_broadcaster/range_sensor_broadcaster.hpp
[137.171s] -- Installing: /home/libok/um_file/install/range_sensor_broadcaster/include/range_sensor_broadcaster/visibility_control.h
[137.171s] -- Installing: /home/libok/um_file/install/range_sensor_broadcaster/lib/librange_sensor_broadcaster.so
[137.171s] -- Set non-toolchain portion of runtime path of "/home/libok/um_file/install/range_sensor_broadcaster/lib/librange_sensor_broadcaster.so" to ""
[137.172s] -- Installing: /home/libok/um_file/install/range_sensor_broadcaster/share/range_sensor_broadcaster/environment/library_path.sh
[137.172s] -- Installing: /home/libok/um_file/install/range_sensor_broadcaster/share/range_sensor_broadcaster/environment/library_path.dsv
[137.172s] -- Installing: /home/libok/um_file/install/range_sensor_broadcaster/share/ament_index/resource_index/package_run_dependencies/range_sensor_broadcaster
[137.172s] -- Installing: /home/libok/um_file/install/range_sensor_broadcaster/share/ament_index/resource_index/parent_prefix_path/range_sensor_broadcaster
[137.172s] -- Installing: /home/libok/um_file/install/range_sensor_broadcaster/share/range_sensor_broadcaster/environment/ament_prefix_path.sh
[137.172s] -- Installing: /home/libok/um_file/install/range_sensor_broadcaster/share/range_sensor_broadcaster/environment/ament_prefix_path.dsv
[137.176s] -- Installing: /home/libok/um_file/install/range_sensor_broadcaster/share/range_sensor_broadcaster/environment/path.sh
[137.177s] -- Installing: /home/libok/um_file/install/range_sensor_broadcaster/share/range_sensor_broadcaster/environment/path.dsv
[137.177s] -- Installing: /home/libok/um_file/install/range_sensor_broadcaster/share/range_sensor_broadcaster/local_setup.bash
[137.177s] -- Installing: /home/libok/um_file/install/range_sensor_broadcaster/share/range_sensor_broadcaster/local_setup.sh
[137.177s] -- Installing: /home/libok/um_file/install/range_sensor_broadcaster/share/range_sensor_broadcaster/local_setup.zsh
[137.177s] -- Installing: /home/libok/um_file/install/range_sensor_broadcaster/share/range_sensor_broadcaster/local_setup.dsv
[137.177s] -- Installing: /home/libok/um_file/install/range_sensor_broadcaster/share/range_sensor_broadcaster/package.dsv
[137.178s] -- Installing: /home/libok/um_file/install/range_sensor_broadcaster/share/ament_index/resource_index/packages/range_sensor_broadcaster
[137.178s] -- Installing: /home/libok/um_file/install/range_sensor_broadcaster/share/ament_index/resource_index/controller_interface__pluginlib__plugin/range_sensor_broadcaster
[137.178s] -- Installing: /home/libok/um_file/install/range_sensor_broadcaster/share/range_sensor_broadcaster/cmake/export_range_sensor_broadcasterExport.cmake
[137.178s] -- Installing: /home/libok/um_file/install/range_sensor_broadcaster/share/range_sensor_broadcaster/cmake/export_range_sensor_broadcasterExport-noconfig.cmake
[137.182s] -- Installing: /home/libok/um_file/install/range_sensor_broadcaster/share/range_sensor_broadcaster/cmake/ament_cmake_export_dependencies-extras.cmake
[137.183s] -- Installing: /home/libok/um_file/install/range_sensor_broadcaster/share/range_sensor_broadcaster/cmake/ament_cmake_export_targets-extras.cmake
[137.183s] -- Installing: /home/libok/um_file/install/range_sensor_broadcaster/share/range_sensor_broadcaster/cmake/range_sensor_broadcasterConfig.cmake
[137.187s] -- Installing: /home/libok/um_file/install/range_sensor_broadcaster/share/range_sensor_broadcaster/cmake/range_sensor_broadcasterConfig-version.cmake
[137.188s] -- Installing: /home/libok/um_file/install/range_sensor_broadcaster/share/range_sensor_broadcaster/package.xml
[137.299s] Invoked command in '/home/libok/um_file/build/range_sensor_broadcaster' returned '0': CMAKE_PREFIX_PATH=${CMAKE_PREFIX_PATH}:/opt/ros/humble /usr/local/bin/cmake --install /home/libok/um_file/build/range_sensor_broadcaster
