[0.103s] Invoking command in '/home/libok/um_file/build/ros2srrc_ar4': CMAKE_PREFIX_PATH=${CMAKE_PREFIX_PATH}:/opt/ros/humble /usr/local/bin/cmake /home/libok/um_file/packages/ros2srrc_ar4 -DCMAKE_INSTALL_PREFIX=/home/libok/um_file/install/ros2srrc_ar4
[17.296s] -- The C compiler identification is GNU 11.4.0
[17.297s] -- The CXX compiler identification is GNU 11.4.0
[17.297s] -- Detecting C compiler ABI info
[17.297s] -- Detecting C compiler ABI info - done
[17.299s] -- Check for working C compiler: /usr/bin/cc - skipped
[17.300s] -- Detecting C compile features
[17.302s] -- Detecting C compile features - done
[17.302s] -- Detecting CXX compiler ABI info
[17.303s] -- Detecting CXX compiler ABI info - done
[17.303s] -- Check for working CXX compiler: /usr/bin/c++ - skipped
[17.305s] -- Detecting CXX compile features
[17.306s] -- Detecting CXX compile features - done
[17.306s] -- Found ament_cmake: 1.3.12 (/opt/ros/humble/share/ament_cmake/cmake)
[17.306s] -- Found Python3: /usr/bin/python3 (found version "3.10.12") found components: Interpreter
[17.307s] -- Found ament_lint_auto: 0.12.14 (/opt/ros/humble/share/ament_lint_auto/cmake)
[17.307s] -- Added test 'copyright' to check source files copyright and LICENSE
[17.307s] -- Added test 'lint_cmake' to check CMake code style
[17.311s] -- Added test 'xmllint' to check XML markup files
[17.312s] -- Configuring done (6.6s)
[17.312s] -- Generating done (0.0s)
[17.312s] -- Build files have been written to: /home/libok/um_file/build/ros2srrc_ar4
[17.341s] [0mCMake Deprecation Warning at CMakeLists.txt:1 (cmake_minimum_required):
[17.342s]   Compatibility with CMake < 3.10 will be removed from a future version of
[17.342s]   CMake.
[17.342s] 
[17.343s]   Update the VERSION argument <min> value.  Or, use the <min>...<max> syntax
[17.344s]   to tell CMake that the project requires at least <min> but has been updated
[17.344s]   to work with policies introduced by <max> or earlier.
[17.345s] 
[17.345s] [0m
[17.399s] Invoked command in '/home/libok/um_file/build/ros2srrc_ar4' returned '0': CMAKE_PREFIX_PATH=${CMAKE_PREFIX_PATH}:/opt/ros/humble /usr/local/bin/cmake /home/libok/um_file/packages/ros2srrc_ar4 -DCMAKE_INSTALL_PREFIX=/home/libok/um_file/install/ros2srrc_ar4
[17.405s] Invoking command in '/home/libok/um_file/build/ros2srrc_ar4': CMAKE_PREFIX_PATH=${CMAKE_PREFIX_PATH}:/opt/ros/humble /usr/local/bin/cmake --build /home/libok/um_file/build/ros2srrc_ar4 -- -j18 -l18
[51.313s] Invoked command in '/home/libok/um_file/build/ros2srrc_ar4' returned '0': CMAKE_PREFIX_PATH=${CMAKE_PREFIX_PATH}:/opt/ros/humble /usr/local/bin/cmake --build /home/libok/um_file/build/ros2srrc_ar4 -- -j18 -l18
[51.326s] Invoking command in '/home/libok/um_file/build/ros2srrc_ar4': CMAKE_PREFIX_PATH=${CMAKE_PREFIX_PATH}:/opt/ros/humble /usr/local/bin/cmake --install /home/libok/um_file/build/ros2srrc_ar4
[63.490s] -- Install configuration: ""
[63.490s] -- Installing: /home/libok/um_file/install/ros2srrc_ar4/share/ros2srrc_ar4/config
[63.491s] -- Installing: /home/libok/um_file/install/ros2srrc_ar4/share/ros2srrc_ar4/config/configurations.yaml
[63.491s] -- Installing: /home/libok/um_file/install/ros2srrc_ar4/share/ros2srrc_ar4/urdf
[63.491s] -- Installing: /home/libok/um_file/install/ros2srrc_ar4/share/ros2srrc_ar4/urdf/ar4_ar4gripper.urdf.xacro
[63.491s] -- Installing: /home/libok/um_file/install/ros2srrc_ar4/share/ros2srrc_ar4/urdf/ar4.urdf.xacro
[63.491s] -- Installing: /home/libok/um_file/install/ros2srrc_ar4/share/ament_index/resource_index/package_run_dependencies/ros2srrc_ar4
[63.492s] -- Installing: /home/libok/um_file/install/ros2srrc_ar4/share/ament_index/resource_index/parent_prefix_path/ros2srrc_ar4
[63.493s] -- Installing: /home/libok/um_file/install/ros2srrc_ar4/share/ros2srrc_ar4/environment/ament_prefix_path.sh
[63.495s] -- Installing: /home/libok/um_file/install/ros2srrc_ar4/share/ros2srrc_ar4/environment/ament_prefix_path.dsv
[63.500s] -- Installing: /home/libok/um_file/install/ros2srrc_ar4/share/ros2srrc_ar4/environment/path.sh
[63.501s] -- Installing: /home/libok/um_file/install/ros2srrc_ar4/share/ros2srrc_ar4/environment/path.dsv
[63.501s] -- Installing: /home/libok/um_file/install/ros2srrc_ar4/share/ros2srrc_ar4/local_setup.bash
[63.501s] -- Installing: /home/libok/um_file/install/ros2srrc_ar4/share/ros2srrc_ar4/local_setup.sh
[63.501s] -- Installing: /home/libok/um_file/install/ros2srrc_ar4/share/ros2srrc_ar4/local_setup.zsh
[63.502s] -- Installing: /home/libok/um_file/install/ros2srrc_ar4/share/ros2srrc_ar4/local_setup.dsv
[63.502s] -- Installing: /home/libok/um_file/install/ros2srrc_ar4/share/ros2srrc_ar4/package.dsv
[63.502s] -- Installing: /home/libok/um_file/install/ros2srrc_ar4/share/ament_index/resource_index/packages/ros2srrc_ar4
[63.502s] -- Installing: /home/libok/um_file/install/ros2srrc_ar4/share/ros2srrc_ar4/cmake/ros2srrc_ar4Config.cmake
[63.502s] -- Installing: /home/libok/um_file/install/ros2srrc_ar4/share/ros2srrc_ar4/cmake/ros2srrc_ar4Config-version.cmake
[63.503s] -- Installing: /home/libok/um_file/install/ros2srrc_ar4/share/ros2srrc_ar4/package.xml
[63.747s] Invoked command in '/home/libok/um_file/build/ros2srrc_ar4' returned '0': CMAKE_PREFIX_PATH=${CMAKE_PREFIX_PATH}:/opt/ros/humble /usr/local/bin/cmake --install /home/libok/um_file/build/ros2srrc_ar4
