[0.097s] Invoking command in '/home/libok/um_file/build/ros2srrc_gazebo': CMAKE_PREFIX_PATH=${CMAKE_PREFIX_PATH}:/opt/ros/humble /usr/local/bin/cmake /home/libok/um_file/ros2srrc_gazebo -DCMAKE_INSTALL_PREFIX=/home/libok/um_file/install/ros2srrc_gazebo
[45.884s] -- The C compiler identification is GNU 11.4.0
[45.889s] -- The CXX compiler identification is GNU 11.4.0
[45.895s] -- Detecting C compiler ABI info
[45.896s] -- Detecting C compiler ABI info - done
[45.899s] -- Check for working C compiler: /usr/bin/cc - skipped
[45.899s] -- Detecting C compile features
[45.900s] -- Detecting C compile features - done
[45.900s] -- Detecting CXX compiler ABI info
[45.900s] -- Detecting CXX compiler ABI info - done
[45.901s] -- Check for working CXX compiler: /usr/bin/c++ - skipped
[45.901s] -- Detecting CXX compile features
[45.901s] -- Detecting CXX compile features - done
[45.901s] -- Found ament_cmake: 1.3.12 (/opt/ros/humble/share/ament_cmake/cmake)
[45.901s] -- Found Python3: /usr/bin/python3 (found version "3.10.12") found components: Interpreter
[45.902s] -- Found ament_lint_auto: 0.12.14 (/opt/ros/humble/share/ament_lint_auto/cmake)
[45.902s] -- Added test 'copyright' to check source files copyright and LICENSE
[45.902s] -- Added test 'lint_cmake' to check CMake code style
[45.902s] -- Added test 'xmllint' to check XML markup files
[45.902s] -- Configuring done (5.4s)
[45.903s] -- Generating done (0.0s)
[45.903s] -- Build files have been written to: /home/libok/um_file/build/ros2srrc_gazebo
[45.903s] [0mCMake Deprecation Warning at CMakeLists.txt:1 (cmake_minimum_required):
[45.903s]   Compatibility with CMake < 3.10 will be removed from a future version of
[45.904s]   CMake.
[45.904s] 
[45.904s]   Update the VERSION argument <min> value.  Or, use the <min>...<max> syntax
[45.904s]   to tell CMake that the project requires at least <min> but has been updated
[45.904s]   to work with policies introduced by <max> or earlier.
[45.905s] 
[45.905s] [0m
[46.047s] Invoked command in '/home/libok/um_file/build/ros2srrc_gazebo' returned '0': CMAKE_PREFIX_PATH=${CMAKE_PREFIX_PATH}:/opt/ros/humble /usr/local/bin/cmake /home/libok/um_file/ros2srrc_gazebo -DCMAKE_INSTALL_PREFIX=/home/libok/um_file/install/ros2srrc_gazebo
[46.051s] Invoking command in '/home/libok/um_file/build/ros2srrc_gazebo': CMAKE_PREFIX_PATH=${CMAKE_PREFIX_PATH}:/opt/ros/humble /usr/local/bin/cmake --build /home/libok/um_file/build/ros2srrc_gazebo -- -j18 -l18
[46.578s] Invoked command in '/home/libok/um_file/build/ros2srrc_gazebo' returned '0': CMAKE_PREFIX_PATH=${CMAKE_PREFIX_PATH}:/opt/ros/humble /usr/local/bin/cmake --build /home/libok/um_file/build/ros2srrc_gazebo -- -j18 -l18
[46.586s] Invoking command in '/home/libok/um_file/build/ros2srrc_gazebo': CMAKE_PREFIX_PATH=${CMAKE_PREFIX_PATH}:/opt/ros/humble /usr/local/bin/cmake --install /home/libok/um_file/build/ros2srrc_gazebo
[46.630s] -- Install configuration: ""
[46.630s] -- Installing: /home/libok/um_file/install/ros2srrc_gazebo/share/ros2srrc_gazebo/worlds
[46.631s] -- Installing: /home/libok/um_file/install/ros2srrc_gazebo/share/ros2srrc_gazebo/worlds/ros2srrc_gazebo.world
[46.631s] -- Installing: /home/libok/um_file/install/ros2srrc_gazebo/share/ros2srrc_gazebo/worlds/empty.world
[46.631s] -- Installing: /home/libok/um_file/install/ros2srrc_gazebo/share/ament_index/resource_index/package_run_dependencies/ros2srrc_gazebo
[46.631s] -- Installing: /home/libok/um_file/install/ros2srrc_gazebo/share/ament_index/resource_index/parent_prefix_path/ros2srrc_gazebo
[46.636s] -- Installing: /home/libok/um_file/install/ros2srrc_gazebo/share/ros2srrc_gazebo/environment/ament_prefix_path.sh
[46.636s] -- Installing: /home/libok/um_file/install/ros2srrc_gazebo/share/ros2srrc_gazebo/environment/ament_prefix_path.dsv
[46.637s] -- Installing: /home/libok/um_file/install/ros2srrc_gazebo/share/ros2srrc_gazebo/environment/path.sh
[46.637s] -- Installing: /home/libok/um_file/install/ros2srrc_gazebo/share/ros2srrc_gazebo/environment/path.dsv
[46.637s] -- Installing: /home/libok/um_file/install/ros2srrc_gazebo/share/ros2srrc_gazebo/local_setup.bash
[46.637s] -- Installing: /home/libok/um_file/install/ros2srrc_gazebo/share/ros2srrc_gazebo/local_setup.sh
[46.638s] -- Installing: /home/libok/um_file/install/ros2srrc_gazebo/share/ros2srrc_gazebo/local_setup.zsh
[46.638s] -- Installing: /home/libok/um_file/install/ros2srrc_gazebo/share/ros2srrc_gazebo/local_setup.dsv
[46.638s] -- Installing: /home/libok/um_file/install/ros2srrc_gazebo/share/ros2srrc_gazebo/package.dsv
[46.638s] -- Installing: /home/libok/um_file/install/ros2srrc_gazebo/share/ament_index/resource_index/packages/ros2srrc_gazebo
[46.638s] -- Installing: /home/libok/um_file/install/ros2srrc_gazebo/share/ros2srrc_gazebo/cmake/ros2srrc_gazeboConfig.cmake
[46.644s] -- Installing: /home/libok/um_file/install/ros2srrc_gazebo/share/ros2srrc_gazebo/cmake/ros2srrc_gazeboConfig-version.cmake
[46.644s] -- Installing: /home/libok/um_file/install/ros2srrc_gazebo/share/ros2srrc_gazebo/package.xml
[46.773s] Invoked command in '/home/libok/um_file/build/ros2srrc_gazebo' returned '0': CMAKE_PREFIX_PATH=${CMAKE_PREFIX_PATH}:/opt/ros/humble /usr/local/bin/cmake --install /home/libok/um_file/build/ros2srrc_gazebo
