-- The C compiler identification is GNU 11.4.0
-- The CXX compiler identification is GNU 11.4.0
-- Detecting C compiler ABI info
-- Detecting C compiler ABI info - done
-- Check for working C compiler: /usr/bin/cc - skipped
-- Detecting C compile features
-- Detecting C compile features - done
-- Detecting CXX compiler ABI info
-- Detecting CXX compiler ABI info - done
-- Check for working CXX compiler: /usr/bin/c++ - skipped
-- Detecting CXX compile features
-- Detecting CXX compile features - done
-- Found ament_cmake: 1.3.12 (/opt/ros/humble/share/ament_cmake/cmake)
-- Found Python3: /usr/bin/python3 (found version "3.10.12") found components: Interpreter
-- Found ament_lint_auto: 0.12.14 (/opt/ros/humble/share/ament_lint_auto/cmake)
-- Added test 'copyright' to check source files copyright and LICENSE
-- Added test 'flake8' to check Python code syntax and style conventions
-- Added test 'lint_cmake' to check CMake code style
-- Added test 'pep257' to check Python code against some of the docstring style conventions in PEP 257
-- Added test 'xmllint' to check XML markup files
-- Configuring done (5.0s)
-- Generating done (0.0s)
-- Build files have been written to: /home/libok/um_file/build/ros2srrc_launch
[0mCMake Deprecation Warning at CMakeLists.txt:1 (cmake_minimum_required):
  Compatibility with CMake < 3.10 will be removed from a future version of
  CMake.

  Update the VERSION argument <min> value.  Or, use the <min>...<max> syntax
  to tell CMake that the project requires at least <min> but has been updated
  to work with policies introduced by <max> or earlier.

[0m
-- Install configuration: ""
-- Installing: /home/libok/um_file/install/ros2srrc_launch/share/ros2srrc_launch/gazebo
-- Installing: /home/libok/um_file/install/ros2srrc_launch/share/ros2srrc_launch/gazebo/simulation.launch.py
-- Installing: /home/libok/um_file/install/ros2srrc_launch/share/ros2srrc_launch/moveit2
-- Installing: /home/libok/um_file/install/ros2srrc_launch/share/ros2srrc_launch/moveit2/moveit2.launch.py
-- Installing: /home/libok/um_file/install/ros2srrc_launch/share/ros2srrc_launch/bringup
-- Installing: /home/libok/um_file/install/ros2srrc_launch/share/ros2srrc_launch/bringup/bringup_abb.launch.py
-- Installing: /home/libok/um_file/install/ros2srrc_launch/share/ros2srrc_launch/bringup/bringup_ur.launch.py
-- Installing: /home/libok/um_file/install/ros2srrc_launch/share/ament_index/resource_index/package_run_dependencies/ros2srrc_launch
-- Installing: /home/libok/um_file/install/ros2srrc_launch/share/ament_index/resource_index/parent_prefix_path/ros2srrc_launch
-- Installing: /home/libok/um_file/install/ros2srrc_launch/share/ros2srrc_launch/environment/ament_prefix_path.sh
-- Installing: /home/libok/um_file/install/ros2srrc_launch/share/ros2srrc_launch/environment/ament_prefix_path.dsv
-- Installing: /home/libok/um_file/install/ros2srrc_launch/share/ros2srrc_launch/environment/path.sh
-- Installing: /home/libok/um_file/install/ros2srrc_launch/share/ros2srrc_launch/environment/path.dsv
-- Installing: /home/libok/um_file/install/ros2srrc_launch/share/ros2srrc_launch/local_setup.bash
-- Installing: /home/libok/um_file/install/ros2srrc_launch/share/ros2srrc_launch/local_setup.sh
-- Installing: /home/libok/um_file/install/ros2srrc_launch/share/ros2srrc_launch/local_setup.zsh
-- Installing: /home/libok/um_file/install/ros2srrc_launch/share/ros2srrc_launch/local_setup.dsv
-- Installing: /home/libok/um_file/install/ros2srrc_launch/share/ros2srrc_launch/package.dsv
-- Installing: /home/libok/um_file/install/ros2srrc_launch/share/ament_index/resource_index/packages/ros2srrc_launch
-- Installing: /home/libok/um_file/install/ros2srrc_launch/share/ros2srrc_launch/cmake/ros2srrc_launchConfig.cmake
-- Installing: /home/libok/um_file/install/ros2srrc_launch/share/ros2srrc_launch/cmake/ros2srrc_launchConfig-version.cmake
-- Installing: /home/libok/um_file/install/ros2srrc_launch/share/ros2srrc_launch/package.xml
