[0.079s] Invoking command in '/home/libok/um_file/build/ros2srrc_launch': CMAKE_PREFIX_PATH=${CMAKE_PREFIX_PATH}:/opt/ros/humble /usr/local/bin/cmake /home/libok/um_file/ros2srrc_launch -DCMAKE_INSTALL_PREFIX=/home/libok/um_file/install/ros2srrc_launch
[7.287s] -- The C compiler identification is GNU 11.4.0
[7.287s] -- The CXX compiler identification is GNU 11.4.0
[7.287s] -- Detecting C compiler ABI info
[7.287s] -- Detecting C compiler ABI info - done
[7.288s] -- Check for working C compiler: /usr/bin/cc - skipped
[7.288s] -- Detecting C compile features
[7.288s] -- Detecting C compile features - done
[7.288s] -- Detecting CXX compiler ABI info
[7.288s] -- Detecting CXX compiler ABI info - done
[7.288s] -- Check for working CXX compiler: /usr/bin/c++ - skipped
[7.288s] -- Detecting CXX compile features
[7.289s] -- Detecting CXX compile features - done
[7.290s] -- Found ament_cmake: 1.3.12 (/opt/ros/humble/share/ament_cmake/cmake)
[7.290s] -- Found Python3: /usr/bin/python3 (found version "3.10.12") found components: Interpreter
[7.290s] -- Found ament_lint_auto: 0.12.14 (/opt/ros/humble/share/ament_lint_auto/cmake)
[7.293s] -- Added test 'copyright' to check source files copyright and LICENSE
[7.293s] -- Added test 'flake8' to check Python code syntax and style conventions
[7.293s] -- Added test 'lint_cmake' to check CMake code style
[7.293s] -- Added test 'pep257' to check Python code against some of the docstring style conventions in PEP 257
[7.293s] -- Added test 'xmllint' to check XML markup files
[7.293s] -- Configuring done (5.0s)
[7.293s] -- Generating done (0.0s)
[7.294s] -- Build files have been written to: /home/libok/um_file/build/ros2srrc_launch
[7.314s] [0mCMake Deprecation Warning at CMakeLists.txt:1 (cmake_minimum_required):
[7.314s]   Compatibility with CMake < 3.10 will be removed from a future version of
[7.314s]   CMake.
[7.314s] 
[7.314s]   Update the VERSION argument <min> value.  Or, use the <min>...<max> syntax
[7.314s]   to tell CMake that the project requires at least <min> but has been updated
[7.315s]   to work with policies introduced by <max> or earlier.
[7.315s] 
[7.315s] [0m
[7.323s] Invoked command in '/home/libok/um_file/build/ros2srrc_launch' returned '0': CMAKE_PREFIX_PATH=${CMAKE_PREFIX_PATH}:/opt/ros/humble /usr/local/bin/cmake /home/libok/um_file/ros2srrc_launch -DCMAKE_INSTALL_PREFIX=/home/libok/um_file/install/ros2srrc_launch
[7.328s] Invoking command in '/home/libok/um_file/build/ros2srrc_launch': CMAKE_PREFIX_PATH=${CMAKE_PREFIX_PATH}:/opt/ros/humble /usr/local/bin/cmake --build /home/libok/um_file/build/ros2srrc_launch -- -j18 -l18
[9.306s] Invoked command in '/home/libok/um_file/build/ros2srrc_launch' returned '0': CMAKE_PREFIX_PATH=${CMAKE_PREFIX_PATH}:/opt/ros/humble /usr/local/bin/cmake --build /home/libok/um_file/build/ros2srrc_launch -- -j18 -l18
[9.311s] Invoking command in '/home/libok/um_file/build/ros2srrc_launch': CMAKE_PREFIX_PATH=${CMAKE_PREFIX_PATH}:/opt/ros/humble /usr/local/bin/cmake --install /home/libok/um_file/build/ros2srrc_launch
[9.916s] -- Install configuration: ""
[9.916s] -- Installing: /home/libok/um_file/install/ros2srrc_launch/share/ros2srrc_launch/gazebo
[9.917s] -- Installing: /home/libok/um_file/install/ros2srrc_launch/share/ros2srrc_launch/gazebo/simulation.launch.py
[9.917s] -- Installing: /home/libok/um_file/install/ros2srrc_launch/share/ros2srrc_launch/moveit2
[9.917s] -- Installing: /home/libok/um_file/install/ros2srrc_launch/share/ros2srrc_launch/moveit2/moveit2.launch.py
[9.917s] -- Installing: /home/libok/um_file/install/ros2srrc_launch/share/ros2srrc_launch/bringup
[9.917s] -- Installing: /home/libok/um_file/install/ros2srrc_launch/share/ros2srrc_launch/bringup/bringup_abb.launch.py
[9.918s] -- Installing: /home/libok/um_file/install/ros2srrc_launch/share/ros2srrc_launch/bringup/bringup_ur.launch.py
[9.918s] -- Installing: /home/libok/um_file/install/ros2srrc_launch/share/ament_index/resource_index/package_run_dependencies/ros2srrc_launch
[9.918s] -- Installing: /home/libok/um_file/install/ros2srrc_launch/share/ament_index/resource_index/parent_prefix_path/ros2srrc_launch
[9.918s] -- Installing: /home/libok/um_file/install/ros2srrc_launch/share/ros2srrc_launch/environment/ament_prefix_path.sh
[9.918s] -- Installing: /home/libok/um_file/install/ros2srrc_launch/share/ros2srrc_launch/environment/ament_prefix_path.dsv
[9.918s] -- Installing: /home/libok/um_file/install/ros2srrc_launch/share/ros2srrc_launch/environment/path.sh
[9.919s] -- Installing: /home/libok/um_file/install/ros2srrc_launch/share/ros2srrc_launch/environment/path.dsv
[9.919s] -- Installing: /home/libok/um_file/install/ros2srrc_launch/share/ros2srrc_launch/local_setup.bash
[9.919s] -- Installing: /home/libok/um_file/install/ros2srrc_launch/share/ros2srrc_launch/local_setup.sh
[9.919s] -- Installing: /home/libok/um_file/install/ros2srrc_launch/share/ros2srrc_launch/local_setup.zsh
[9.919s] -- Installing: /home/libok/um_file/install/ros2srrc_launch/share/ros2srrc_launch/local_setup.dsv
[9.919s] -- Installing: /home/libok/um_file/install/ros2srrc_launch/share/ros2srrc_launch/package.dsv
[9.919s] -- Installing: /home/libok/um_file/install/ros2srrc_launch/share/ament_index/resource_index/packages/ros2srrc_launch
[9.920s] -- Installing: /home/libok/um_file/install/ros2srrc_launch/share/ros2srrc_launch/cmake/ros2srrc_launchConfig.cmake
[9.923s] -- Installing: /home/libok/um_file/install/ros2srrc_launch/share/ros2srrc_launch/cmake/ros2srrc_launchConfig-version.cmake
[9.924s] -- Installing: /home/libok/um_file/install/ros2srrc_launch/share/ros2srrc_launch/package.xml
[10.265s] Invoked command in '/home/libok/um_file/build/ros2srrc_launch' returned '0': CMAKE_PREFIX_PATH=${CMAKE_PREFIX_PATH}:/opt/ros/humble /usr/local/bin/cmake --install /home/libok/um_file/build/ros2srrc_launch
