[0.063s] Invoking command in '/home/libok/um_file/build/ros2srrc_ur3e': CMAKE_PREFIX_PATH=${CMAKE_PREFIX_PATH}:/opt/ros/humble /usr/local/bin/cmake /home/libok/um_file/packages/ros2srrc_ur3e -DCMAKE_INSTALL_PREFIX=/home/libok/um_file/install/ros2srrc_ur3e
[4.341s] [0mCMake Deprecation Warning at CMakeLists.txt:1 (cmake_minimum_required):
[4.341s]   Compatibility with CMake < 3.10 will be removed from a future version of
[4.341s]   CMake.
[4.341s] 
[4.341s]   Update the VERSION argument <min> value.  Or, use the <min>...<max> syntax
[4.342s]   to tell CMake that the project requires at least <min> but has been updated
[4.342s]   to work with policies introduced by <max> or earlier.
[4.342s] 
[4.342s] [0m
[4.342s] -- The C compiler identification is GNU 11.4.0
[4.342s] -- The CXX compiler identification is GNU 11.4.0
[4.343s] -- Detecting C compiler ABI info
[4.343s] -- Detecting C compiler ABI info - done
[4.343s] -- Check for working C compiler: /usr/bin/cc - skipped
[4.343s] -- Detecting C compile features
[4.343s] -- Detecting C compile features - done
[4.343s] -- Detecting CXX compiler ABI info
[4.344s] -- Detecting CXX compiler ABI info - done
[4.344s] -- Check for working CXX compiler: /usr/bin/c++ - skipped
[4.345s] -- Detecting CXX compile features
[4.345s] -- Detecting CXX compile features - done
[4.346s] -- Found ament_cmake: 1.3.12 (/opt/ros/humble/share/ament_cmake/cmake)
[4.346s] -- Found Python3: /usr/bin/python3 (found version "3.10.12") found components: Interpreter
[4.346s] -- Found ament_lint_auto: 0.12.14 (/opt/ros/humble/share/ament_lint_auto/cmake)
[4.572s] -- Added test 'copyright' to check source files copyright and LICENSE
[4.582s] -- Added test 'lint_cmake' to check CMake code style
[4.590s] -- Added test 'xmllint' to check XML markup files
[4.599s] -- Configuring done (4.5s)
[4.614s] -- Generating done (0.0s)
[4.618s] -- Build files have been written to: /home/libok/um_file/build/ros2srrc_ur3e
[4.642s] Invoked command in '/home/libok/um_file/build/ros2srrc_ur3e' returned '0': CMAKE_PREFIX_PATH=${CMAKE_PREFIX_PATH}:/opt/ros/humble /usr/local/bin/cmake /home/libok/um_file/packages/ros2srrc_ur3e -DCMAKE_INSTALL_PREFIX=/home/libok/um_file/install/ros2srrc_ur3e
[4.654s] Invoking command in '/home/libok/um_file/build/ros2srrc_ur3e': CMAKE_PREFIX_PATH=${CMAKE_PREFIX_PATH}:/opt/ros/humble /usr/local/bin/cmake --build /home/libok/um_file/build/ros2srrc_ur3e -- -j18 -l18
[4.754s] Invoked command in '/home/libok/um_file/build/ros2srrc_ur3e' returned '0': CMAKE_PREFIX_PATH=${CMAKE_PREFIX_PATH}:/opt/ros/humble /usr/local/bin/cmake --build /home/libok/um_file/build/ros2srrc_ur3e -- -j18 -l18
[4.762s] Invoking command in '/home/libok/um_file/build/ros2srrc_ur3e': CMAKE_PREFIX_PATH=${CMAKE_PREFIX_PATH}:/opt/ros/humble /usr/local/bin/cmake --install /home/libok/um_file/build/ros2srrc_ur3e
[5.100s] -- Install configuration: ""
[5.100s] -- Installing: /home/libok/um_file/install/ros2srrc_ur3e/share/ros2srrc_ur3e/config
[5.100s] -- Installing: /home/libok/um_file/install/ros2srrc_ur3e/share/ros2srrc_ur3e/config/configurations.yaml
[5.100s] -- Installing: /home/libok/um_file/install/ros2srrc_ur3e/share/ros2srrc_ur3e/urdf
[5.100s] -- Installing: /home/libok/um_file/install/ros2srrc_ur3e/share/ros2srrc_ur3e/urdf/ur3e_robotiq_hande.urdf.xacro
[5.101s] -- Installing: /home/libok/um_file/install/ros2srrc_ur3e/share/ros2srrc_ur3e/urdf/ur3e.urdf.xacro
[5.101s] -- Installing: /home/libok/um_file/install/ros2srrc_ur3e/share/ros2srrc_ur3e/urdf/ur3e_robotiq_2f85.urdf.xacro
[5.101s] -- Installing: /home/libok/um_file/install/ros2srrc_ur3e/share/ament_index/resource_index/package_run_dependencies/ros2srrc_ur3e
[5.101s] -- Installing: /home/libok/um_file/install/ros2srrc_ur3e/share/ament_index/resource_index/parent_prefix_path/ros2srrc_ur3e
[5.101s] -- Installing: /home/libok/um_file/install/ros2srrc_ur3e/share/ros2srrc_ur3e/environment/ament_prefix_path.sh
[5.101s] -- Installing: /home/libok/um_file/install/ros2srrc_ur3e/share/ros2srrc_ur3e/environment/ament_prefix_path.dsv
[5.101s] -- Installing: /home/libok/um_file/install/ros2srrc_ur3e/share/ros2srrc_ur3e/environment/path.sh
[5.101s] -- Installing: /home/libok/um_file/install/ros2srrc_ur3e/share/ros2srrc_ur3e/environment/path.dsv
[5.101s] -- Installing: /home/libok/um_file/install/ros2srrc_ur3e/share/ros2srrc_ur3e/local_setup.bash
[5.102s] -- Installing: /home/libok/um_file/install/ros2srrc_ur3e/share/ros2srrc_ur3e/local_setup.sh
[5.102s] -- Installing: /home/libok/um_file/install/ros2srrc_ur3e/share/ros2srrc_ur3e/local_setup.zsh
[5.102s] -- Installing: /home/libok/um_file/install/ros2srrc_ur3e/share/ros2srrc_ur3e/local_setup.dsv
[5.102s] -- Installing: /home/libok/um_file/install/ros2srrc_ur3e/share/ros2srrc_ur3e/package.dsv
[5.102s] -- Installing: /home/libok/um_file/install/ros2srrc_ur3e/share/ament_index/resource_index/packages/ros2srrc_ur3e
[5.102s] -- Installing: /home/libok/um_file/install/ros2srrc_ur3e/share/ros2srrc_ur3e/cmake/ros2srrc_ur3eConfig.cmake
[5.102s] -- Installing: /home/libok/um_file/install/ros2srrc_ur3e/share/ros2srrc_ur3e/cmake/ros2srrc_ur3eConfig-version.cmake
[5.102s] -- Installing: /home/libok/um_file/install/ros2srrc_ur3e/share/ros2srrc_ur3e/package.xml
[5.381s] Invoked command in '/home/libok/um_file/build/ros2srrc_ur3e' returned '0': CMAKE_PREFIX_PATH=${CMAKE_PREFIX_PATH}:/opt/ros/humble /usr/local/bin/cmake --install /home/libok/um_file/build/ros2srrc_ur3e
