[0.012s] Invoking command in '/home/libok/um_file/build/ros2srrc_launch': CMAKE_PREFIX_PATH=${CMAKE_PREFIX_PATH}:/opt/ros/humble /usr/local/bin/cmake --build /home/libok/um_file/build/ros2srrc_launch -- -j18 -l18
[0.035s] Invoked command in '/home/libok/um_file/build/ros2srrc_launch' returned '0': CMAKE_PREFIX_PATH=${CMAKE_PREFIX_PATH}:/opt/ros/humble /usr/local/bin/cmake --build /home/libok/um_file/build/ros2srrc_launch -- -j18 -l18
[0.040s] Invoking command in '/home/libok/um_file/build/ros2srrc_launch': CMAKE_PREFIX_PATH=${CMAKE_PREFIX_PATH}:/opt/ros/humble /usr/local/bin/cmake --install /home/libok/um_file/build/ros2srrc_launch
[0.044s] -- Install configuration: ""
[0.044s] -- Up-to-date: /home/libok/um_file/install/ros2srrc_launch/share/ros2srrc_launch/gazebo
[0.044s] -- Up-to-date: /home/libok/um_file/install/ros2srrc_launch/share/ros2srrc_launch/gazebo/simulation.launch.py
[0.044s] -- Up-to-date: /home/libok/um_file/install/ros2srrc_launch/share/ros2srrc_launch/moveit2
[0.044s] -- Installing: /home/libok/um_file/install/ros2srrc_launch/share/ros2srrc_launch/moveit2/moveit2.launch.py
[0.044s] -- Up-to-date: /home/libok/um_file/install/ros2srrc_launch/share/ros2srrc_launch/bringup
[0.044s] -- Up-to-date: /home/libok/um_file/install/ros2srrc_launch/share/ros2srrc_launch/bringup/bringup_abb.launch.py
[0.044s] -- Up-to-date: /home/libok/um_file/install/ros2srrc_launch/share/ros2srrc_launch/bringup/bringup_ur.launch.py
[0.044s] -- Up-to-date: /home/libok/um_file/install/ros2srrc_launch/share/ament_index/resource_index/package_run_dependencies/ros2srrc_launch
[0.044s] -- Up-to-date: /home/libok/um_file/install/ros2srrc_launch/share/ament_index/resource_index/parent_prefix_path/ros2srrc_launch
[0.044s] -- Up-to-date: /home/libok/um_file/install/ros2srrc_launch/share/ros2srrc_launch/environment/ament_prefix_path.sh
[0.044s] -- Up-to-date: /home/libok/um_file/install/ros2srrc_launch/share/ros2srrc_launch/environment/ament_prefix_path.dsv
[0.044s] -- Up-to-date: /home/libok/um_file/install/ros2srrc_launch/share/ros2srrc_launch/environment/path.sh
[0.044s] -- Up-to-date: /home/libok/um_file/install/ros2srrc_launch/share/ros2srrc_launch/environment/path.dsv
[0.044s] -- Up-to-date: /home/libok/um_file/install/ros2srrc_launch/share/ros2srrc_launch/local_setup.bash
[0.044s] -- Up-to-date: /home/libok/um_file/install/ros2srrc_launch/share/ros2srrc_launch/local_setup.sh
[0.044s] -- Up-to-date: /home/libok/um_file/install/ros2srrc_launch/share/ros2srrc_launch/local_setup.zsh
[0.044s] -- Up-to-date: /home/libok/um_file/install/ros2srrc_launch/share/ros2srrc_launch/local_setup.dsv
[0.044s] -- Installing: /home/libok/um_file/install/ros2srrc_launch/share/ros2srrc_launch/package.dsv
[0.044s] -- Up-to-date: /home/libok/um_file/install/ros2srrc_launch/share/ament_index/resource_index/packages/ros2srrc_launch
[0.044s] -- Up-to-date: /home/libok/um_file/install/ros2srrc_launch/share/ros2srrc_launch/cmake/ros2srrc_launchConfig.cmake
[0.044s] -- Up-to-date: /home/libok/um_file/install/ros2srrc_launch/share/ros2srrc_launch/cmake/ros2srrc_launchConfig-version.cmake
[0.044s] -- Up-to-date: /home/libok/um_file/install/ros2srrc_launch/share/ros2srrc_launch/package.xml
[0.046s] Invoked command in '/home/libok/um_file/build/ros2srrc_launch' returned '0': CMAKE_PREFIX_PATH=${CMAKE_PREFIX_PATH}:/opt/ros/humble /usr/local/bin/cmake --install /home/libok/um_file/build/ros2srrc_launch
