[0.208s] Invoking command in '/home/libok/um_file/build/ros2srrc_ur20': CMAKE_PREFIX_PATH=${CMAKE_PREFIX_PATH}:/opt/ros/humble /usr/local/bin/cmake /home/libok/um_file/packages/ros2srrc_ur20 -DCMAKE_INSTALL_PREFIX=/home/libok/um_file/install/ros2srrc_ur20
[4.492s] -- The C compiler identification is GNU 11.4.0
[4.492s] -- The CXX compiler identification is GNU 11.4.0
[4.492s] -- Detecting C compiler ABI info
[4.492s] -- Detecting C compiler ABI info - done
[4.493s] -- Check for working C compiler: /usr/bin/cc - skipped
[4.493s] -- Detecting C compile features
[4.493s] -- Detecting C compile features - done
[4.493s] -- Detecting CXX compiler ABI info
[4.493s] -- Detecting CXX compiler ABI info - done
[4.493s] -- Check for working CXX compiler: /usr/bin/c++ - skipped
[4.494s] -- Detecting CXX compile features
[4.494s] -- Detecting CXX compile features - done
[4.494s] -- Found ament_cmake: 1.3.12 (/opt/ros/humble/share/ament_cmake/cmake)
[4.494s] -- Found Python3: /usr/bin/python3 (found version "3.10.12") found components: Interpreter
[4.494s] -- Found ament_lint_auto: 0.12.14 (/opt/ros/humble/share/ament_lint_auto/cmake)
[4.494s] -- Added test 'copyright' to check source files copyright and LICENSE
[4.498s] -- Added test 'lint_cmake' to check CMake code style
[4.499s] -- Added test 'xmllint' to check XML markup files
[4.499s] -- Configuring done (4.0s)
[4.499s] -- Generating done (0.0s)
[4.499s] -- Build files have been written to: /home/libok/um_file/build/ros2srrc_ur20
[4.499s] [0mCMake Deprecation Warning at CMakeLists.txt:1 (cmake_minimum_required):
[4.499s]   Compatibility with CMake < 3.10 will be removed from a future version of
[4.500s]   CMake.
[4.500s] 
[4.500s]   Update the VERSION argument <min> value.  Or, use the <min>...<max> syntax
[4.500s]   to tell CMake that the project requires at least <min> but has been updated
[4.500s]   to work with policies introduced by <max> or earlier.
[4.500s] 
[4.500s] [0m
[4.526s] Invoked command in '/home/libok/um_file/build/ros2srrc_ur20' returned '0': CMAKE_PREFIX_PATH=${CMAKE_PREFIX_PATH}:/opt/ros/humble /usr/local/bin/cmake /home/libok/um_file/packages/ros2srrc_ur20 -DCMAKE_INSTALL_PREFIX=/home/libok/um_file/install/ros2srrc_ur20
[4.533s] Invoking command in '/home/libok/um_file/build/ros2srrc_ur20': CMAKE_PREFIX_PATH=${CMAKE_PREFIX_PATH}:/opt/ros/humble /usr/local/bin/cmake --build /home/libok/um_file/build/ros2srrc_ur20 -- -j18 -l18
[4.878s] Invoked command in '/home/libok/um_file/build/ros2srrc_ur20' returned '0': CMAKE_PREFIX_PATH=${CMAKE_PREFIX_PATH}:/opt/ros/humble /usr/local/bin/cmake --build /home/libok/um_file/build/ros2srrc_ur20 -- -j18 -l18
[4.879s] Invoking command in '/home/libok/um_file/build/ros2srrc_ur20': CMAKE_PREFIX_PATH=${CMAKE_PREFIX_PATH}:/opt/ros/humble /usr/local/bin/cmake --install /home/libok/um_file/build/ros2srrc_ur20
[5.264s] -- Install configuration: ""
[5.264s] -- Installing: /home/libok/um_file/install/ros2srrc_ur20/share/ros2srrc_ur20/config
[5.264s] -- Installing: /home/libok/um_file/install/ros2srrc_ur20/share/ros2srrc_ur20/config/configurations.yaml
[5.264s] -- Installing: /home/libok/um_file/install/ros2srrc_ur20/share/ros2srrc_ur20/urdf
[5.264s] -- Installing: /home/libok/um_file/install/ros2srrc_ur20/share/ros2srrc_ur20/urdf/ur20.urdf.xacro
[5.264s] -- Installing: /home/libok/um_file/install/ros2srrc_ur20/share/ros2srrc_ur20/urdf/ur20_robotiq_hande.urdf.xacro
[5.265s] -- Installing: /home/libok/um_file/install/ros2srrc_ur20/share/ros2srrc_ur20/urdf/ur20_robotiq_2f85.urdf.xacro
[5.265s] -- Installing: /home/libok/um_file/install/ros2srrc_ur20/share/ament_index/resource_index/package_run_dependencies/ros2srrc_ur20
[5.265s] -- Installing: /home/libok/um_file/install/ros2srrc_ur20/share/ament_index/resource_index/parent_prefix_path/ros2srrc_ur20
[5.265s] -- Installing: /home/libok/um_file/install/ros2srrc_ur20/share/ros2srrc_ur20/environment/ament_prefix_path.sh
[5.265s] -- Installing: /home/libok/um_file/install/ros2srrc_ur20/share/ros2srrc_ur20/environment/ament_prefix_path.dsv
[5.265s] -- Installing: /home/libok/um_file/install/ros2srrc_ur20/share/ros2srrc_ur20/environment/path.sh
[5.266s] -- Installing: /home/libok/um_file/install/ros2srrc_ur20/share/ros2srrc_ur20/environment/path.dsv
[5.267s] -- Installing: /home/libok/um_file/install/ros2srrc_ur20/share/ros2srrc_ur20/local_setup.bash
[5.267s] -- Installing: /home/libok/um_file/install/ros2srrc_ur20/share/ros2srrc_ur20/local_setup.sh
[5.267s] -- Installing: /home/libok/um_file/install/ros2srrc_ur20/share/ros2srrc_ur20/local_setup.zsh
[5.268s] -- Installing: /home/libok/um_file/install/ros2srrc_ur20/share/ros2srrc_ur20/local_setup.dsv
[5.268s] -- Installing: /home/libok/um_file/install/ros2srrc_ur20/share/ros2srrc_ur20/package.dsv
[5.268s] -- Installing: /home/libok/um_file/install/ros2srrc_ur20/share/ament_index/resource_index/packages/ros2srrc_ur20
[5.268s] -- Installing: /home/libok/um_file/install/ros2srrc_ur20/share/ros2srrc_ur20/cmake/ros2srrc_ur20Config.cmake
[5.269s] -- Installing: /home/libok/um_file/install/ros2srrc_ur20/share/ros2srrc_ur20/cmake/ros2srrc_ur20Config-version.cmake
[5.269s] -- Installing: /home/libok/um_file/install/ros2srrc_ur20/share/ros2srrc_ur20/package.xml
[5.482s] Invoked command in '/home/libok/um_file/build/ros2srrc_ur20' returned '0': CMAKE_PREFIX_PATH=${CMAKE_PREFIX_PATH}:/opt/ros/humble /usr/local/bin/cmake --install /home/libok/um_file/build/ros2srrc_ur20
