-- The C compiler identification is GNU 11.4.0
-- The CXX compiler identification is GNU 11.4.0
-- Detecting C compiler ABI info
-- Detecting C compiler ABI info - done
-- Check for working C compiler: /usr/bin/cc - skipped
-- Detecting C compile features
-- Detecting C compile features - done
-- Detecting CXX compiler ABI info
-- Detecting CXX compiler ABI info - done
-- Check for working CXX compiler: /usr/bin/c++ - skipped
-- Detecting CXX compile features
-- Detecting CXX compile features - done
-- Found ament_cmake: 1.3.12 (/opt/ros/humble/share/ament_cmake/cmake)
-- Found Python3: /usr/bin/python3 (found version "3.10.12") found components: Interpreter
-- Configuring done (0.9s)
-- Generating done (0.0s)
-- Build files have been written to: /home/libok/um_file/build/serial
[0mCMake Deprecation Warning at CMakeLists.txt:1 (cmake_minimum_required):
  Compatibility with CMake < 3.10 will be removed from a future version of
  CMake.

  Update the VERSION argument <min> value.  Or, use the <min>...<max> syntax
  to tell CMake that the project requires at least <min> but has been updated
  to work with policies introduced by <max> or earlier.

[0m
[ 25%] [32mBuilding CXX object CMakeFiles/serial.dir/src/impl/list_ports/list_ports_linux.cc.o[0m
[ 50%] [32mBuilding CXX object CMakeFiles/serial.dir/src/impl/unix.cc.o[0m
[ 75%] [32mBuilding CXX object CMakeFiles/serial.dir/src/serial.cc.o[0m
[100%] [32m[1mLinking CXX static library libserial.a[0m
[100%] Built target serial
-- Install configuration: ""
-- Installing: /home/libok/um_file/install/serial/lib/libserial.a
-- Installing: /home/libok/um_file/install/serial/include
-- Installing: /home/libok/um_file/install/serial/include/serial
-- Installing: /home/libok/um_file/install/serial/include/serial/v8stdint.h
-- Installing: /home/libok/um_file/install/serial/include/serial/serial.h
-- Installing: /home/libok/um_file/install/serial/include/serial/impl
-- Installing: /home/libok/um_file/install/serial/include/serial/impl/win.h
-- Installing: /home/libok/um_file/install/serial/include/serial/impl/unix.h
-- Installing: /home/libok/um_file/install/serial/share/serial/environment/library_path.sh
-- Installing: /home/libok/um_file/install/serial/share/serial/environment/library_path.dsv
-- Installing: /home/libok/um_file/install/serial/share/ament_index/resource_index/package_run_dependencies/serial
-- Installing: /home/libok/um_file/install/serial/share/ament_index/resource_index/parent_prefix_path/serial
-- Installing: /home/libok/um_file/install/serial/share/serial/environment/ament_prefix_path.sh
-- Installing: /home/libok/um_file/install/serial/share/serial/environment/ament_prefix_path.dsv
-- Installing: /home/libok/um_file/install/serial/share/serial/environment/path.sh
-- Installing: /home/libok/um_file/install/serial/share/serial/environment/path.dsv
-- Installing: /home/libok/um_file/install/serial/share/serial/local_setup.bash
-- Installing: /home/libok/um_file/install/serial/share/serial/local_setup.sh
-- Installing: /home/libok/um_file/install/serial/share/serial/local_setup.zsh
-- Installing: /home/libok/um_file/install/serial/share/serial/local_setup.dsv
-- Installing: /home/libok/um_file/install/serial/share/serial/package.dsv
-- Installing: /home/libok/um_file/install/serial/share/ament_index/resource_index/packages/serial
-- Installing: /home/libok/um_file/install/serial/share/serial/cmake/export_serialExport.cmake
-- Installing: /home/libok/um_file/install/serial/share/serial/cmake/export_serialExport-noconfig.cmake
-- Installing: /home/libok/um_file/install/serial/share/serial/cmake/ament_cmake_export_include_directories-extras.cmake
-- Installing: /home/libok/um_file/install/serial/share/serial/cmake/ament_cmake_export_libraries-extras.cmake
-- Installing: /home/libok/um_file/install/serial/share/serial/cmake/ament_cmake_export_targets-extras.cmake
-- Installing: /home/libok/um_file/install/serial/share/serial/cmake/serialConfig.cmake
-- Installing: /home/libok/um_file/install/serial/share/serial/cmake/serialConfig-version.cmake
-- Installing: /home/libok/um_file/install/serial/share/serial/package.xml
