[0.060s] Invoking command in '/home/libok/um_file/build/serial': CMAKE_PREFIX_PATH=${CMAKE_PREFIX_PATH}:/opt/ros/humble /usr/local/bin/cmake /home/libok/um_file/serial -DCMAKE_INSTALL_PREFIX=/home/libok/um_file/install/serial
[2.760s] -- The C compiler identification is GNU 11.4.0
[2.761s] -- The CXX compiler identification is GNU 11.4.0
[2.767s] -- Detecting C compiler ABI info
[2.767s] -- Detecting C compiler ABI info - done
[2.767s] -- Check for working C compiler: /usr/bin/cc - skipped
[2.767s] -- Detecting C compile features
[2.767s] -- Detecting C compile features - done
[2.767s] -- Detecting CXX compiler ABI info
[2.767s] -- Detecting CXX compiler ABI info - done
[2.767s] -- Check for working CXX compiler: /usr/bin/c++ - skipped
[2.767s] -- Detecting CXX compile features
[2.767s] -- Detecting CXX compile features - done
[2.767s] -- Found ament_cmake: 1.3.12 (/opt/ros/humble/share/ament_cmake/cmake)
[2.767s] -- Found Python3: /usr/bin/python3 (found version "3.10.12") found components: Interpreter
[2.768s] -- Configuring done (0.9s)
[2.768s] -- Generating done (0.0s)
[2.768s] -- Build files have been written to: /home/libok/um_file/build/serial
[2.775s] [0mCMake Deprecation Warning at CMakeLists.txt:1 (cmake_minimum_required):
[2.775s]   Compatibility with CMake < 3.10 will be removed from a future version of
[2.775s]   CMake.
[2.776s] 
[2.776s]   Update the VERSION argument <min> value.  Or, use the <min>...<max> syntax
[2.778s]   to tell CMake that the project requires at least <min> but has been updated
[2.778s]   to work with policies introduced by <max> or earlier.
[2.778s] 
[2.778s] [0m
[2.790s] Invoked command in '/home/libok/um_file/build/serial' returned '0': CMAKE_PREFIX_PATH=${CMAKE_PREFIX_PATH}:/opt/ros/humble /usr/local/bin/cmake /home/libok/um_file/serial -DCMAKE_INSTALL_PREFIX=/home/libok/um_file/install/serial
[2.791s] Invoking command in '/home/libok/um_file/build/serial': CMAKE_PREFIX_PATH=${CMAKE_PREFIX_PATH}:/opt/ros/humble /usr/local/bin/cmake --build /home/libok/um_file/build/serial -- -j18 -l18
[3.639s] [ 25%] [32mBuilding CXX object CMakeFiles/serial.dir/src/impl/list_ports/list_ports_linux.cc.o[0m
[3.639s] [ 50%] [32mBuilding CXX object CMakeFiles/serial.dir/src/impl/unix.cc.o[0m
[3.639s] [ 75%] [32mBuilding CXX object CMakeFiles/serial.dir/src/serial.cc.o[0m
[5.701s] [100%] [32m[1mLinking CXX static library libserial.a[0m
[6.016s] [100%] Built target serial
[6.061s] Invoked command in '/home/libok/um_file/build/serial' returned '0': CMAKE_PREFIX_PATH=${CMAKE_PREFIX_PATH}:/opt/ros/humble /usr/local/bin/cmake --build /home/libok/um_file/build/serial -- -j18 -l18
[6.086s] Invoking command in '/home/libok/um_file/build/serial': CMAKE_PREFIX_PATH=${CMAKE_PREFIX_PATH}:/opt/ros/humble /usr/local/bin/cmake --install /home/libok/um_file/build/serial
[125.024s] -- Install configuration: ""
[125.025s] -- Installing: /home/libok/um_file/install/serial/lib/libserial.a
[125.025s] -- Installing: /home/libok/um_file/install/serial/include
[125.026s] -- Installing: /home/libok/um_file/install/serial/include/serial
[125.026s] -- Installing: /home/libok/um_file/install/serial/include/serial/v8stdint.h
[125.026s] -- Installing: /home/libok/um_file/install/serial/include/serial/serial.h
[125.027s] -- Installing: /home/libok/um_file/install/serial/include/serial/impl
[125.027s] -- Installing: /home/libok/um_file/install/serial/include/serial/impl/win.h
[125.027s] -- Installing: /home/libok/um_file/install/serial/include/serial/impl/unix.h
[125.033s] -- Installing: /home/libok/um_file/install/serial/share/serial/environment/library_path.sh
[125.033s] -- Installing: /home/libok/um_file/install/serial/share/serial/environment/library_path.dsv
[125.034s] -- Installing: /home/libok/um_file/install/serial/share/ament_index/resource_index/package_run_dependencies/serial
[125.034s] -- Installing: /home/libok/um_file/install/serial/share/ament_index/resource_index/parent_prefix_path/serial
[125.034s] -- Installing: /home/libok/um_file/install/serial/share/serial/environment/ament_prefix_path.sh
[125.035s] -- Installing: /home/libok/um_file/install/serial/share/serial/environment/ament_prefix_path.dsv
[125.035s] -- Installing: /home/libok/um_file/install/serial/share/serial/environment/path.sh
[125.035s] -- Installing: /home/libok/um_file/install/serial/share/serial/environment/path.dsv
[125.035s] -- Installing: /home/libok/um_file/install/serial/share/serial/local_setup.bash
[125.055s] -- Installing: /home/libok/um_file/install/serial/share/serial/local_setup.sh
[125.057s] -- Installing: /home/libok/um_file/install/serial/share/serial/local_setup.zsh
[125.058s] -- Installing: /home/libok/um_file/install/serial/share/serial/local_setup.dsv
[125.058s] -- Installing: /home/libok/um_file/install/serial/share/serial/package.dsv
[125.058s] -- Installing: /home/libok/um_file/install/serial/share/ament_index/resource_index/packages/serial
[125.065s] -- Installing: /home/libok/um_file/install/serial/share/serial/cmake/export_serialExport.cmake
[125.066s] -- Installing: /home/libok/um_file/install/serial/share/serial/cmake/export_serialExport-noconfig.cmake
[125.066s] -- Installing: /home/libok/um_file/install/serial/share/serial/cmake/ament_cmake_export_include_directories-extras.cmake
[125.066s] -- Installing: /home/libok/um_file/install/serial/share/serial/cmake/ament_cmake_export_libraries-extras.cmake
[125.066s] -- Installing: /home/libok/um_file/install/serial/share/serial/cmake/ament_cmake_export_targets-extras.cmake
[125.066s] -- Installing: /home/libok/um_file/install/serial/share/serial/cmake/serialConfig.cmake
[125.067s] -- Installing: /home/libok/um_file/install/serial/share/serial/cmake/serialConfig-version.cmake
[125.067s] -- Installing: /home/libok/um_file/install/serial/share/serial/package.xml
[125.092s] Invoked command in '/home/libok/um_file/build/serial' returned '0': CMAKE_PREFIX_PATH=${CMAKE_PREFIX_PATH}:/opt/ros/humble /usr/local/bin/cmake --install /home/libok/um_file/build/serial
