[0.088s] Invoking command in '/home/libok/um_file/build/ros2srrc_endeffectors': CMAKE_PREFIX_PATH=${CMAKE_PREFIX_PATH}:/opt/ros/humble /usr/local/bin/cmake /home/libok/um_file/ros2srrc_endeffectors -DCMAKE_INSTALL_PREFIX=/home/libok/um_file/install/ros2srrc_endeffectors
[45.891s] [0mCMake Deprecation Warning at CMakeLists.txt:1 (cmake_minimum_required):
[45.893s]   Compatibility with CMake < 3.10 will be removed from a future version of
[45.894s]   CMake.
[45.897s] 
[45.897s]   Update the VERSION argument <min> value.  Or, use the <min>...<max> syntax
[45.897s]   to tell CMake that the project requires at least <min> but has been updated
[45.898s]   to work with policies introduced by <max> or earlier.
[45.898s] 
[45.898s] [0m
[45.899s] -- The C compiler identification is GNU 11.4.0
[45.899s] -- The CXX compiler identification is GNU 11.4.0
[45.899s] -- Detecting C compiler ABI info
[45.899s] -- Detecting C compiler ABI info - done
[45.900s] -- Check for working C compiler: /usr/bin/cc - skipped
[45.900s] -- Detecting C compile features
[45.900s] -- Detecting C compile features - done
[45.900s] -- Detecting CXX compiler ABI info
[45.900s] -- Detecting CXX compiler ABI info - done
[45.900s] -- Check for working CXX compiler: /usr/bin/c++ - skipped
[45.901s] -- Detecting CXX compile features
[45.901s] -- Detecting CXX compile features - done
[45.901s] -- Found ament_cmake: 1.3.12 (/opt/ros/humble/share/ament_cmake/cmake)
[45.901s] -- Found Python3: /usr/bin/python3 (found version "3.10.12") found components: Interpreter
[45.901s] -- Found ament_lint_auto: 0.12.14 (/opt/ros/humble/share/ament_lint_auto/cmake)
[45.901s] -- Added test 'copyright' to check source files copyright and LICENSE
[45.901s] -- Added test 'lint_cmake' to check CMake code style
[45.902s] -- Added test 'xmllint' to check XML markup files
[45.902s] -- Configuring done (5.1s)
[45.902s] -- Generating done (0.0s)
[45.902s] -- Build files have been written to: /home/libok/um_file/build/ros2srrc_endeffectors
[46.047s] Invoked command in '/home/libok/um_file/build/ros2srrc_endeffectors' returned '0': CMAKE_PREFIX_PATH=${CMAKE_PREFIX_PATH}:/opt/ros/humble /usr/local/bin/cmake /home/libok/um_file/ros2srrc_endeffectors -DCMAKE_INSTALL_PREFIX=/home/libok/um_file/install/ros2srrc_endeffectors
[46.055s] Invoking command in '/home/libok/um_file/build/ros2srrc_endeffectors': CMAKE_PREFIX_PATH=${CMAKE_PREFIX_PATH}:/opt/ros/humble /usr/local/bin/cmake --build /home/libok/um_file/build/ros2srrc_endeffectors -- -j18 -l18
[46.652s] Invoked command in '/home/libok/um_file/build/ros2srrc_endeffectors' returned '0': CMAKE_PREFIX_PATH=${CMAKE_PREFIX_PATH}:/opt/ros/humble /usr/local/bin/cmake --build /home/libok/um_file/build/ros2srrc_endeffectors -- -j18 -l18
[46.669s] Invoking command in '/home/libok/um_file/build/ros2srrc_endeffectors': CMAKE_PREFIX_PATH=${CMAKE_PREFIX_PATH}:/opt/ros/humble /usr/local/bin/cmake --install /home/libok/um_file/build/ros2srrc_endeffectors
[46.751s] -- Install configuration: ""
[46.753s] -- Installing: /home/libok/um_file/install/ros2srrc_endeffectors/share/ros2srrc_endeffectors/egp64
[46.761s] -- Installing: /home/libok/um_file/install/ros2srrc_endeffectors/share/ros2srrc_endeffectors/egp64/meshes
[46.762s] -- Installing: /home/libok/um_file/install/ros2srrc_endeffectors/share/ros2srrc_endeffectors/egp64/meshes/egp64_BaseNoAdapter.dae
[46.762s] -- Installing: /home/libok/um_file/install/ros2srrc_endeffectors/share/ros2srrc_endeffectors/egp64/meshes/Schunk Gripper - BASE.STL
[46.763s] -- Installing: /home/libok/um_file/install/ros2srrc_endeffectors/share/ros2srrc_endeffectors/egp64/meshes/egp64_BDFinger_L.dae
[46.763s] -- Installing: /home/libok/um_file/install/ros2srrc_endeffectors/share/ros2srrc_endeffectors/egp64/meshes/Schunk Gripper - ADAPTER.STL
[46.763s] -- Installing: /home/libok/um_file/install/ros2srrc_endeffectors/share/ros2srrc_endeffectors/egp64/meshes/Schunk Gripper - LEFT FINGER.STL
[46.764s] -- Installing: /home/libok/um_file/install/ros2srrc_endeffectors/share/ros2srrc_endeffectors/egp64/meshes/egp64_RightFingerBase.dae
[46.767s] -- Installing: /home/libok/um_file/install/ros2srrc_endeffectors/share/ros2srrc_endeffectors/egp64/meshes/egp64_FingerCylinder.dae
[46.768s] -- Installing: /home/libok/um_file/install/ros2srrc_endeffectors/share/ros2srrc_endeffectors/egp64/meshes/egp64_FingerCylinder.stl
[46.773s] -- Installing: /home/libok/um_file/install/ros2srrc_endeffectors/share/ros2srrc_endeffectors/egp64/meshes/egp64.dae
[46.774s] -- Installing: /home/libok/um_file/install/ros2srrc_endeffectors/share/ros2srrc_endeffectors/egp64/meshes/egp64_LeftFingerBase.dae
[46.774s] -- Installing: /home/libok/um_file/install/ros2srrc_endeffectors/share/ros2srrc_endeffectors/egp64/meshes/Schunk Gripper - LEFT FINGER BASE.STL
[46.789s] -- Installing: /home/libok/um_file/install/ros2srrc_endeffectors/share/ros2srrc_endeffectors/egp64/meshes/egp64_Adapter.dae
[46.789s] -- Installing: /home/libok/um_file/install/ros2srrc_endeffectors/share/ros2srrc_endeffectors/egp64/meshes/egp64_LeftFinger.dae
[46.790s] -- Installing: /home/libok/um_file/install/ros2srrc_endeffectors/share/ros2srrc_endeffectors/egp64/meshes/Schunk Gripper - BASE noAdapter.STL
[46.790s] -- Installing: /home/libok/um_file/install/ros2srrc_endeffectors/share/ros2srrc_endeffectors/egp64/meshes/egp64_BDFinger.dae
[46.791s] -- Installing: /home/libok/um_file/install/ros2srrc_endeffectors/share/ros2srrc_endeffectors/egp64/meshes/Schunk Gripper - RIGHT FINGER.STL
[46.791s] -- Installing: /home/libok/um_file/install/ros2srrc_endeffectors/share/ros2srrc_endeffectors/egp64/meshes/Schunk Gripper - RIGHT FINGER BASE.STL
[46.795s] -- Installing: /home/libok/um_file/install/ros2srrc_endeffectors/share/ros2srrc_endeffectors/egp64/meshes/Schunk Gripper - Cranfield Robotics.STL
[46.798s] -- Installing: /home/libok/um_file/install/ros2srrc_endeffectors/share/ros2srrc_endeffectors/egp64/meshes/egp64_FingerCylinder_L.dae
[46.799s] -- Installing: /home/libok/um_file/install/ros2srrc_endeffectors/share/ros2srrc_endeffectors/egp64/meshes/egp64_RightFinger.dae
[46.800s] -- Installing: /home/libok/um_file/install/ros2srrc_endeffectors/share/ros2srrc_endeffectors/egp64/meshes/egp64_FingerCylinder_R.dae
[46.801s] -- Installing: /home/libok/um_file/install/ros2srrc_endeffectors/share/ros2srrc_endeffectors/egp64/meshes/egp64_Base.dae
[46.812s] -- Installing: /home/libok/um_file/install/ros2srrc_endeffectors/share/ros2srrc_endeffectors/egp64/meshes/egp64_BDFinger_R.dae
[46.812s] -- Installing: /home/libok/um_file/install/ros2srrc_endeffectors/share/ros2srrc_endeffectors/egp64/meshes/00. Schunk Gripper - Component POSES
[46.813s] -- Installing: /home/libok/um_file/install/ros2srrc_endeffectors/share/ros2srrc_endeffectors/egp64/config
[46.816s] -- Installing: /home/libok/um_file/install/ros2srrc_endeffectors/share/ros2srrc_endeffectors/egp64/config/controller.yaml
[46.816s] -- Installing: /home/libok/um_file/install/ros2srrc_endeffectors/share/ros2srrc_endeffectors/egp64/config/controller_moveit2.yaml
[46.817s] -- Installing: /home/libok/um_file/install/ros2srrc_endeffectors/share/ros2srrc_endeffectors/egp64/config/joint_specifications.yaml
[46.817s] -- Installing: /home/libok/um_file/install/ros2srrc_endeffectors/share/ros2srrc_endeffectors/egp64/config/joint_limits.yaml
[46.820s] -- Installing: /home/libok/um_file/install/ros2srrc_endeffectors/share/ros2srrc_endeffectors/egp64/urdf
[46.821s] -- Installing: /home/libok/um_file/install/ros2srrc_endeffectors/share/ros2srrc_endeffectors/egp64/urdf/egp64_macro.urdf.xacro
[46.822s] -- Installing: /home/libok/um_file/install/ros2srrc_endeffectors/share/ros2srrc_endeffectors/egp64/urdf/egp64_transmission.xacro
[46.822s] -- Installing: /home/libok/um_file/install/ros2srrc_endeffectors/share/ros2srrc_endeffectors/egp64/urdf/egp64v2_macro.urdf.xacro
[46.822s] -- Installing: /home/libok/um_file/install/ros2srrc_endeffectors/share/ros2srrc_endeffectors/egp64/urdf/egp64_ros2control.xacro
[46.823s] -- Installing: /home/libok/um_file/install/ros2srrc_endeffectors/share/ros2srrc_endeffectors/egp64/urdf/egp64v3_macro.urdf.xacro
[46.826s] -- Installing: /home/libok/um_file/install/ros2srrc_endeffectors/share/ros2srrc_endeffectors/gpp5010nc
[46.827s] -- Installing: /home/libok/um_file/install/ros2srrc_endeffectors/share/ros2srrc_endeffectors/gpp5010nc/meshes
[46.827s] -- Installing: /home/libok/um_file/install/ros2srrc_endeffectors/share/ros2srrc_endeffectors/gpp5010nc/meshes/gpp5010nc_MainBody.dae
[46.827s] -- Installing: /home/libok/um_file/install/ros2srrc_endeffectors/share/ros2srrc_endeffectors/gpp5010nc/meshes/gpp5010nc_irb1200_Adapter.dae
[46.828s] -- Installing: /home/libok/um_file/install/ros2srrc_endeffectors/share/ros2srrc_endeffectors/gpp5010nc/meshes/gpp5010nc_LeftFinger_v3.dae
[46.842s] -- Installing: /home/libok/um_file/install/ros2srrc_endeffectors/share/ros2srrc_endeffectors/gpp5010nc/meshes/gpp5010nc_RightFinger_v3.dae
[46.852s] -- Installing: /home/libok/um_file/install/ros2srrc_endeffectors/share/ros2srrc_endeffectors/gpp5010nc/meshes/gpp5010nc_LeftFinger_v2.dae
[46.864s] -- Installing: /home/libok/um_file/install/ros2srrc_endeffectors/share/ros2srrc_endeffectors/gpp5010nc/meshes/gpp5010nc_LeftFinger.dae
[46.866s] -- Installing: /home/libok/um_file/install/ros2srrc_endeffectors/share/ros2srrc_endeffectors/gpp5010nc/meshes/gpp5010nc_RightFinger.dae
[46.874s] -- Installing: /home/libok/um_file/install/ros2srrc_endeffectors/share/ros2srrc_endeffectors/gpp5010nc/meshes/gpp5010nc_RightFinger_v2.dae
[46.875s] -- Installing: /home/libok/um_file/install/ros2srrc_endeffectors/share/ros2srrc_endeffectors/gpp5010nc/meshes/gpp5010nc_irb6640_Adapter.dae
[46.883s] -- Installing: /home/libok/um_file/install/ros2srrc_endeffectors/share/ros2srrc_endeffectors/gpp5010nc/config
[46.883s] -- Installing: /home/libok/um_file/install/ros2srrc_endeffectors/share/ros2srrc_endeffectors/gpp5010nc/config/controller.yaml
[46.884s] -- Installing: /home/libok/um_file/install/ros2srrc_endeffectors/share/ros2srrc_endeffectors/gpp5010nc/config/controller_moveit2.yaml
[46.885s] -- Installing: /home/libok/um_file/install/ros2srrc_endeffectors/share/ros2srrc_endeffectors/gpp5010nc/config/joint_specifications.yaml
[46.907s] -- Installing: /home/libok/um_file/install/ros2srrc_endeffectors/share/ros2srrc_endeffectors/gpp5010nc/config/joint_limits.yaml
[46.914s] -- Installing: /home/libok/um_file/install/ros2srrc_endeffectors/share/ros2srrc_endeffectors/gpp5010nc/urdf
[46.915s] -- Installing: /home/libok/um_file/install/ros2srrc_endeffectors/share/ros2srrc_endeffectors/gpp5010nc/urdf/gpp5010ncv3_macro.urdf.xacro
[46.915s] -- Installing: /home/libok/um_file/install/ros2srrc_endeffectors/share/ros2srrc_endeffectors/gpp5010nc/urdf/gpp5010nc_ros2control.xacro
[46.915s] -- Installing: /home/libok/um_file/install/ros2srrc_endeffectors/share/ros2srrc_endeffectors/gpp5010nc/urdf/gpp5010ncv2_macro.urdf.xacro
[46.916s] -- Installing: /home/libok/um_file/install/ros2srrc_endeffectors/share/ros2srrc_endeffectors/gpp5010nc/urdf/gpp5010nc_macro.urdf.xacro
[46.916s] -- Installing: /home/libok/um_file/install/ros2srrc_endeffectors/share/ros2srrc_endeffectors/gpp5010nc/urdf/gpp5010nc_transmission.xacro
[46.916s] -- Installing: /home/libok/um_file/install/ros2srrc_endeffectors/share/ros2srrc_endeffectors/ls_vgr
[46.917s] -- Installing: /home/libok/um_file/install/ros2srrc_endeffectors/share/ros2srrc_endeffectors/ls_vgr/meshes
[46.922s] -- Installing: /home/libok/um_file/install/ros2srrc_endeffectors/share/ros2srrc_endeffectors/ls_vgr/meshes/ls_vgr.dae
[46.934s] -- Installing: /home/libok/um_file/install/ros2srrc_endeffectors/share/ros2srrc_endeffectors/ls_vgr/urdf
[46.937s] -- Installing: /home/libok/um_file/install/ros2srrc_endeffectors/share/ros2srrc_endeffectors/ls_vgr/urdf/ls_vgr_ros2control.xacro
[46.945s] -- Installing: /home/libok/um_file/install/ros2srrc_endeffectors/share/ros2srrc_endeffectors/ls_vgr/urdf/ls_vgr_transmission.xacro
[46.946s] -- Installing: /home/libok/um_file/install/ros2srrc_endeffectors/share/ros2srrc_endeffectors/ls_vgr/urdf/ls_vgr_macro.urdf.xacro
[46.946s] -- Installing: /home/libok/um_file/install/ros2srrc_endeffectors/share/ros2srrc_endeffectors/ls_vgr_amrc
[46.953s] -- Installing: /home/libok/um_file/install/ros2srrc_endeffectors/share/ros2srrc_endeffectors/ls_vgr_amrc/meshes
[46.954s] -- Installing: /home/libok/um_file/install/ros2srrc_endeffectors/share/ros2srrc_endeffectors/ls_vgr_amrc/meshes/ls_vgr_amrc.dae
[46.954s] -- Installing: /home/libok/um_file/install/ros2srrc_endeffectors/share/ros2srrc_endeffectors/ls_vgr_amrc/urdf
[46.954s] -- Installing: /home/libok/um_file/install/ros2srrc_endeffectors/share/ros2srrc_endeffectors/ls_vgr_amrc/urdf/ls_vgr_amrc_macro.urdf.xacro
[46.955s] -- Installing: /home/libok/um_file/install/ros2srrc_endeffectors/share/ros2srrc_endeffectors/ls_vgr_amrc/urdf/ls_vgr_amrc_transmission.xacro
[46.955s] -- Installing: /home/libok/um_file/install/ros2srrc_endeffectors/share/ros2srrc_endeffectors/ls_vgr_amrc/urdf/ls_vgr_amrc_ros2control.xacro
[46.961s] -- Installing: /home/libok/um_file/install/ros2srrc_endeffectors/share/ros2srrc_endeffectors/robotiq_2f85
[46.961s] -- Installing: /home/libok/um_file/install/ros2srrc_endeffectors/share/ros2srrc_endeffectors/robotiq_2f85/meshes
[46.964s] -- Installing: /home/libok/um_file/install/ros2srrc_endeffectors/share/ros2srrc_endeffectors/robotiq_2f85/meshes/visual
[46.970s] -- Installing: /home/libok/um_file/install/ros2srrc_endeffectors/share/ros2srrc_endeffectors/robotiq_2f85/meshes/visual/robotiq_85_inner_knuckle_link.dae
[46.971s] -- Installing: /home/libok/um_file/install/ros2srrc_endeffectors/share/ros2srrc_endeffectors/robotiq_2f85/meshes/visual/robotiq_85_finger_tip_link.dae
[46.971s] -- Installing: /home/libok/um_file/install/ros2srrc_endeffectors/share/ros2srrc_endeffectors/robotiq_2f85/meshes/visual/robotiq_85_finger_link.dae
[46.972s] -- Installing: /home/libok/um_file/install/ros2srrc_endeffectors/share/ros2srrc_endeffectors/robotiq_2f85/meshes/visual/robotiq_85_knuckle_link.dae
[46.972s] -- Installing: /home/libok/um_file/install/ros2srrc_endeffectors/share/ros2srrc_endeffectors/robotiq_2f85/meshes/visual/robotiq_85_base_link.dae
[46.976s] -- Installing: /home/libok/um_file/install/ros2srrc_endeffectors/share/ros2srrc_endeffectors/robotiq_2f85/meshes/robotiq_85_coupler.stl
[47.012s] -- Installing: /home/libok/um_file/install/ros2srrc_endeffectors/share/ros2srrc_endeffectors/robotiq_2f85/meshes/collision
[47.012s] -- Installing: /home/libok/um_file/install/ros2srrc_endeffectors/share/ros2srrc_endeffectors/robotiq_2f85/meshes/collision/robotiq_85_knuckle_link.stl
[47.012s] -- Installing: /home/libok/um_file/install/ros2srrc_endeffectors/share/ros2srrc_endeffectors/robotiq_2f85/meshes/collision/robotiq_85_finger_tip_link.stl
[47.013s] -- Installing: /home/libok/um_file/install/ros2srrc_endeffectors/share/ros2srrc_endeffectors/robotiq_2f85/meshes/collision/robotiq_85_base_link.stl
[47.051s] -- Installing: /home/libok/um_file/install/ros2srrc_endeffectors/share/ros2srrc_endeffectors/robotiq_2f85/meshes/collision/robotiq_85_inner_knuckle_link.stl
[47.052s] -- Installing: /home/libok/um_file/install/ros2srrc_endeffectors/share/ros2srrc_endeffectors/robotiq_2f85/meshes/collision/robotiq_85_finger_link.stl
[47.052s] -- Installing: /home/libok/um_file/install/ros2srrc_endeffectors/share/ros2srrc_endeffectors/robotiq_2f85/config
[47.053s] -- Installing: /home/libok/um_file/install/ros2srrc_endeffectors/share/ros2srrc_endeffectors/robotiq_2f85/config/controller.yaml
[47.054s] -- Installing: /home/libok/um_file/install/ros2srrc_endeffectors/share/ros2srrc_endeffectors/robotiq_2f85/config/controller_moveit2.yaml
[47.058s] -- Installing: /home/libok/um_file/install/ros2srrc_endeffectors/share/ros2srrc_endeffectors/robotiq_2f85/config/joint_specifications.yaml
[47.059s] -- Installing: /home/libok/um_file/install/ros2srrc_endeffectors/share/ros2srrc_endeffectors/robotiq_2f85/config/joint_limits.yaml
[47.059s] -- Installing: /home/libok/um_file/install/ros2srrc_endeffectors/share/ros2srrc_endeffectors/robotiq_2f85/urdf
[47.060s] -- Installing: /home/libok/um_file/install/ros2srrc_endeffectors/share/ros2srrc_endeffectors/robotiq_2f85/urdf/robotiq_2f85_transmission.xacro
[47.079s] -- Installing: /home/libok/um_file/install/ros2srrc_endeffectors/share/ros2srrc_endeffectors/robotiq_2f85/urdf/robotiq_2f85_ros2control.xacro
[47.079s] -- Installing: /home/libok/um_file/install/ros2srrc_endeffectors/share/ros2srrc_endeffectors/robotiq_2f85/urdf/robotiq_2f85_macro.urdf.xacro
[47.080s] -- Installing: /home/libok/um_file/install/ros2srrc_endeffectors/share/ros2srrc_endeffectors/robotiq_hande
[47.083s] -- Installing: /home/libok/um_file/install/ros2srrc_endeffectors/share/ros2srrc_endeffectors/robotiq_hande/meshes
[47.084s] -- Installing: /home/libok/um_file/install/ros2srrc_endeffectors/share/ros2srrc_endeffectors/robotiq_hande/meshes/hande_bracket.dae
[47.149s] -- Installing: /home/libok/um_file/install/ros2srrc_endeffectors/share/ros2srrc_endeffectors/robotiq_hande/meshes/robotiq_hande_coupler.stl
[47.169s] -- Installing: /home/libok/um_file/install/ros2srrc_endeffectors/share/ros2srrc_endeffectors/robotiq_hande/meshes/finger_1.dae
[47.172s] -- Installing: /home/libok/um_file/install/ros2srrc_endeffectors/share/ros2srrc_endeffectors/robotiq_hande/meshes/finger_1v2.dae
[47.185s] -- Installing: /home/libok/um_file/install/ros2srrc_endeffectors/share/ros2srrc_endeffectors/robotiq_hande/meshes/hand-e.dae
[47.205s] -- Installing: /home/libok/um_file/install/ros2srrc_endeffectors/share/ros2srrc_endeffectors/robotiq_hande/meshes/finger_2.dae
[47.207s] -- Installing: /home/libok/um_file/install/ros2srrc_endeffectors/share/ros2srrc_endeffectors/robotiq_hande/meshes/finger_2v2.dae
[47.215s] -- Installing: /home/libok/um_file/install/ros2srrc_endeffectors/share/ros2srrc_endeffectors/robotiq_hande/meshes/robotiq_hande.dae
[47.263s] -- Installing: /home/libok/um_file/install/ros2srrc_endeffectors/share/ros2srrc_endeffectors/robotiq_hande/config
[47.263s] -- Installing: /home/libok/um_file/install/ros2srrc_endeffectors/share/ros2srrc_endeffectors/robotiq_hande/config/controller.yaml
[47.264s] -- Installing: /home/libok/um_file/install/ros2srrc_endeffectors/share/ros2srrc_endeffectors/robotiq_hande/config/controller_moveit2.yaml
[47.265s] -- Installing: /home/libok/um_file/install/ros2srrc_endeffectors/share/ros2srrc_endeffectors/robotiq_hande/config/joint_specifications.yaml
[47.266s] -- Installing: /home/libok/um_file/install/ros2srrc_endeffectors/share/ros2srrc_endeffectors/robotiq_hande/config/joint_limits.yaml
[47.272s] -- Installing: /home/libok/um_file/install/ros2srrc_endeffectors/share/ros2srrc_endeffectors/robotiq_hande/urdf
[47.273s] -- Installing: /home/libok/um_file/install/ros2srrc_endeffectors/share/ros2srrc_endeffectors/robotiq_hande/urdf/robotiq_handev2_macro.urdf.xacro
[47.274s] -- Installing: /home/libok/um_file/install/ros2srrc_endeffectors/share/ros2srrc_endeffectors/robotiq_hande/urdf/robotiq_hande_ros2control.xacro
[47.274s] -- Installing: /home/libok/um_file/install/ros2srrc_endeffectors/share/ros2srrc_endeffectors/robotiq_hande/urdf/robotiq_hande_transmission.xacro
[47.274s] -- Installing: /home/libok/um_file/install/ros2srrc_endeffectors/share/ros2srrc_endeffectors/robotiq_hande/urdf/robotiq_hande_macro.urdf.xacro
[47.276s] -- Installing: /home/libok/um_file/install/ros2srrc_endeffectors/share/ros2srrc_endeffectors/ar4gripper
[47.277s] -- Installing: /home/libok/um_file/install/ros2srrc_endeffectors/share/ros2srrc_endeffectors/ar4gripper/meshes
[47.279s] -- Installing: /home/libok/um_file/install/ros2srrc_endeffectors/share/ros2srrc_endeffectors/ar4gripper/meshes/gripper_jaw2_link.stl
[47.280s] -- Installing: /home/libok/um_file/install/ros2srrc_endeffectors/share/ros2srrc_endeffectors/ar4gripper/meshes/gripper_base_link.stl
[47.282s] -- Installing: /home/libok/um_file/install/ros2srrc_endeffectors/share/ros2srrc_endeffectors/ar4gripper/meshes/gripper_jaw1_link.stl
[47.285s] -- Installing: /home/libok/um_file/install/ros2srrc_endeffectors/share/ros2srrc_endeffectors/ar4gripper/config
[47.286s] -- Installing: /home/libok/um_file/install/ros2srrc_endeffectors/share/ros2srrc_endeffectors/ar4gripper/config/controller.yaml
[47.292s] -- Installing: /home/libok/um_file/install/ros2srrc_endeffectors/share/ros2srrc_endeffectors/ar4gripper/config/controller_moveit2.yaml
[47.292s] -- Installing: /home/libok/um_file/install/ros2srrc_endeffectors/share/ros2srrc_endeffectors/ar4gripper/config/joint_specifications.yaml
[47.293s] -- Installing: /home/libok/um_file/install/ros2srrc_endeffectors/share/ros2srrc_endeffectors/ar4gripper/config/joint_limits.yaml
[47.293s] -- Installing: /home/libok/um_file/install/ros2srrc_endeffectors/share/ros2srrc_endeffectors/ar4gripper/urdf
[47.294s] -- Installing: /home/libok/um_file/install/ros2srrc_endeffectors/share/ros2srrc_endeffectors/ar4gripper/urdf/ar4gripper_ros2control.xacro
[47.296s] -- Installing: /home/libok/um_file/install/ros2srrc_endeffectors/share/ros2srrc_endeffectors/ar4gripper/urdf/ar4gripper_macro.urdf.xacro
[47.300s] -- Installing: /home/libok/um_file/install/ros2srrc_endeffectors/share/ros2srrc_endeffectors/ar4gripper/urdf/ar4gripper_transmission.xacro
[47.302s] -- Installing: /home/libok/um_file/install/ros2srrc_endeffectors/share/ament_index/resource_index/package_run_dependencies/ros2srrc_endeffectors
[47.305s] -- Installing: /home/libok/um_file/install/ros2srrc_endeffectors/share/ament_index/resource_index/parent_prefix_path/ros2srrc_endeffectors
[47.310s] -- Installing: /home/libok/um_file/install/ros2srrc_endeffectors/share/ros2srrc_endeffectors/environment/ament_prefix_path.sh
[47.311s] -- Installing: /home/libok/um_file/install/ros2srrc_endeffectors/share/ros2srrc_endeffectors/environment/ament_prefix_path.dsv
[47.311s] -- Installing: /home/libok/um_file/install/ros2srrc_endeffectors/share/ros2srrc_endeffectors/environment/path.sh
[47.313s] -- Installing: /home/libok/um_file/install/ros2srrc_endeffectors/share/ros2srrc_endeffectors/environment/path.dsv
[47.315s] -- Installing: /home/libok/um_file/install/ros2srrc_endeffectors/share/ros2srrc_endeffectors/local_setup.bash
[47.319s] -- Installing: /home/libok/um_file/install/ros2srrc_endeffectors/share/ros2srrc_endeffectors/local_setup.sh
[47.321s] -- Installing: /home/libok/um_file/install/ros2srrc_endeffectors/share/ros2srrc_endeffectors/local_setup.zsh
[47.321s] -- Installing: /home/libok/um_file/install/ros2srrc_endeffectors/share/ros2srrc_endeffectors/local_setup.dsv
[47.323s] -- Installing: /home/libok/um_file/install/ros2srrc_endeffectors/share/ros2srrc_endeffectors/package.dsv
[47.325s] -- Installing: /home/libok/um_file/install/ros2srrc_endeffectors/share/ament_index/resource_index/packages/ros2srrc_endeffectors
[47.325s] -- Installing: /home/libok/um_file/install/ros2srrc_endeffectors/share/ros2srrc_endeffectors/cmake/ros2srrc_endeffectorsConfig.cmake
[47.326s] -- Installing: /home/libok/um_file/install/ros2srrc_endeffectors/share/ros2srrc_endeffectors/cmake/ros2srrc_endeffectorsConfig-version.cmake
[47.328s] -- Installing: /home/libok/um_file/install/ros2srrc_endeffectors/share/ros2srrc_endeffectors/package.xml
[47.447s] Invoked command in '/home/libok/um_file/build/ros2srrc_endeffectors' returned '0': CMAKE_PREFIX_PATH=${CMAKE_PREFIX_PATH}:/opt/ros/humble /usr/local/bin/cmake --install /home/libok/um_file/build/ros2srrc_endeffectors
