-- The CXX compiler identification is GNU 11.4.0
-- Detecting CXX compiler ABI info
-- Detecting CXX compiler ABI info - done
-- Check for working CXX compiler: /usr/bin/c++ - skipped
-- Detecting CXX compile features
-- Detecting CXX compile features - done
-- Found ament_cmake: 1.3.12 (/opt/ros/humble/share/ament_cmake/cmake)
-- Found Python3: /usr/bin/python3 (found version "3.10.12") found components: Interpreter
-- Found controller_interface: 2.53.0 (/opt/ros/humble/share/controller_interface/cmake)
-- Found rosidl_generator_c: 3.1.8 (/opt/ros/humble/share/rosidl_generator_c/cmake)
-- Found rosidl_adapter: 3.1.8 (/opt/ros/humble/share/rosidl_adapter/cmake)
-- Found rosidl_generator_cpp: 3.1.8 (/opt/ros/humble/share/rosidl_generator_cpp/cmake)
-- Using all available rosidl_typesupport_c: rosidl_typesupport_fastrtps_c;rosidl_typesupport_introspection_c
-- Using all available rosidl_typesupport_cpp: rosidl_typesupport_fastrtps_cpp;rosidl_typesupport_introspection_cpp
-- Found rmw_implementation_cmake: 6.1.2 (/opt/ros/humble/share/rmw_implementation_cmake/cmake)
-- Found rmw_fastrtps_cpp: 6.2.9 (/opt/ros/humble/share/rmw_fastrtps_cpp/cmake)
-- Found TinyXML2 via Config file: TinyXML2_DIR-NOTFOUND
-- Found OpenSSL: /usr/lib/x86_64-linux-gnu/libcrypto.so (found version "3.0.2")
-- Found TinyXML2 via Config file: TinyXML2_DIR-NOTFOUND
-- Found FastRTPS: /opt/ros/humble/include
-- Found TinyXML2 via Config file: TinyXML2_DIR-NOTFOUND
-- Found TinyXML2 via Config file: TinyXML2_DIR-NOTFOUND
-- Using RMW implementation 'rmw_fastrtps_cpp' as default
-- Performing Test CMAKE_HAVE_LIBC_PTHREAD
-- Performing Test CMAKE_HAVE_LIBC_PTHREAD - Success
-- Found Threads: TRUE
-- Found generate_parameter_library: 0.6.0 (/opt/ros/humble/share/generate_parameter_library/cmake)
-- Found parameter_traits: 0.6.0 (/opt/ros/humble/share/parameter_traits/cmake)
-- Found nav_msgs: 4.9.0 (/opt/ros/humble/share/nav_msgs/cmake)
-- Found realtime_tools: 2.15.0 (/opt/ros/humble/share/realtime_tools/cmake)
-- Found std_srvs: 4.9.0 (/opt/ros/humble/share/std_srvs/cmake)
-- Found tf2: 0.25.18 (/opt/ros/humble/share/tf2/cmake)
-- Found tf2_geometry_msgs: 0.25.18 (/opt/ros/humble/share/tf2_geometry_msgs/cmake)
-- Found eigen3_cmake_module: 0.1.1 (/opt/ros/humble/share/eigen3_cmake_module/cmake)
-- Found Eigen3: TRUE (found version "3.4.0")
-- Ensuring Eigen3 include directory is part of orocos-kdl CMake target
-- Found ament_cmake_gmock: 1.3.12 (/opt/ros/humble/share/ament_cmake_gmock/cmake)
-- Found controller_manager: 2.53.0 (/opt/ros/humble/share/controller_manager/cmake)
-- Found ros2_control_test_assets: 2.53.0 (/opt/ros/humble/share/ros2_control_test_assets/cmake)
-- Found gmock sources under '/opt/ros/humble/src/gmock_vendor': C++ tests using 'Google Mock' will be built
-- The C compiler identification is GNU 11.4.0
-- Detecting C compiler ABI info
-- Detecting C compiler ABI info - done
-- Check for working C compiler: /usr/bin/cc - skipped
-- Detecting C compile features
-- Detecting C compile features - done
[0mCMake Deprecation Warning at /opt/ros/humble/src/gmock_vendor/CMakeLists.txt:2 (cmake_minimum_required):
  Compatibility with CMake < 3.10 will be removed from a future version of
  CMake.

  Update the VERSION argument <min> value.  Or, use the <min>...<max> syntax
  to tell CMake that the project requires at least <min> but has been updated
  to work with policies introduced by <max> or earlier.

[0m
-- Found ament_cmake_gtest: 1.3.12 (/opt/ros/humble/share/ament_cmake_gtest/cmake)
-- Found gtest sources under '/opt/ros/humble/src/gtest_vendor': C++ tests using 'Google Test' will be built
[0mCMake Deprecation Warning at /opt/ros/humble/src/gtest_vendor/CMakeLists.txt:2 (cmake_minimum_required):
  Compatibility with CMake < 3.10 will be removed from a future version of
  CMake.

  Update the VERSION argument <min> value.  Or, use the <min>...<max> syntax
  to tell CMake that the project requires at least <min> but has been updated
  to work with policies introduced by <max> or earlier.

[0m
-- Configuring done (4.1s)
-- Generating done (0.8s)
-- Build files have been written to: /home/libok/um_file/build/mecanum_drive_controller
[  6%] [34m[1mRunning `/opt/ros/humble/bin/generate_parameter_library_cpp /home/libok/um_file/build/mecanum_drive_controller/include/mecanum_drive_controller/mecanum_drive_controller_parameters.hpp /home/libok/um_file/ros2_controllers/mecanum_drive_controller/src/mecanum_drive_controller.yaml `[0m
[ 12%] [32mBuilding CXX object gmock/CMakeFiles/gmock.dir/opt/ros/humble/src/gtest_vendor/src/gtest-all.cc.o[0m
[ 25%] [32mBuilding CXX object gmock/CMakeFiles/gmock_main.dir/src/gmock_main.cc.o[0m
[ 25%] [32mBuilding CXX object gmock/CMakeFiles/gmock.dir/src/gmock-all.cc.o[0m
[ 31%] [34m[1mCreating deprecated header file /home/libok/um_file/build/mecanum_drive_controller/include/mecanum_drive_controller_parameters.hpp[0m
[ 31%] Built target mecanum_drive_controller_parameters
[ 37%] [32mBuilding CXX object CMakeFiles/mecanum_drive_controller.dir/src/odometry.cpp.o[0m
[ 43%] [32mBuilding CXX object CMakeFiles/mecanum_drive_controller.dir/src/mecanum_drive_controller.cpp.o[0m
[ 50%] [32m[1mLinking CXX static library libgmock_main.a[0m
[ 50%] Built target gmock_main
[ 56%] [32m[1mLinking CXX static library libgmock.a[0m
[ 56%] Built target gmock
[ 62%] [32m[1mLinking CXX shared library libmecanum_drive_controller.so[0m
[ 62%] Built target mecanum_drive_controller
[ 68%] [32mBuilding CXX object CMakeFiles/test_load_mecanum_drive_controller.dir/test/test_load_mecanum_drive_controller.cpp.o[0m
[ 75%] [32m[1mLinking CXX executable test_load_mecanum_drive_controller[0m
[ 75%] Built target test_load_mecanum_drive_controller
[ 81%] [32mBuilding CXX object CMakeFiles/test_mecanum_drive_controller_preceding.dir/test/test_mecanum_drive_controller_preceding.cpp.o[0m
[ 87%] [32m[1mLinking CXX executable test_mecanum_drive_controller_preceding[0m
[ 87%] Built target test_mecanum_drive_controller_preceding
[ 93%] [32mBuilding CXX object CMakeFiles/test_mecanum_drive_controller.dir/test/test_mecanum_drive_controller.cpp.o[0m
[100%] [32m[1mLinking CXX executable test_mecanum_drive_controller[0m
[100%] Built target test_mecanum_drive_controller
-- Install configuration: ""
-- Installing: /home/libok/um_file/install/mecanum_drive_controller/include/mecanum_drive_controller
-- Installing: /home/libok/um_file/install/mecanum_drive_controller/include/mecanum_drive_controller/mecanum_drive_controller_parameters.hpp
-- Installing: /home/libok/um_file/install/mecanum_drive_controller/share/mecanum_drive_controller/mecanum_drive_controller.xml
-- Up-to-date: /home/libok/um_file/install/mecanum_drive_controller/include/mecanum_drive_controller
-- Installing: /home/libok/um_file/install/mecanum_drive_controller/include/mecanum_drive_controller/mecanum_drive_controller
-- Installing: /home/libok/um_file/install/mecanum_drive_controller/include/mecanum_drive_controller/mecanum_drive_controller/mecanum_drive_controller.hpp
-- Installing: /home/libok/um_file/install/mecanum_drive_controller/include/mecanum_drive_controller/mecanum_drive_controller/visibility_control.h
-- Installing: /home/libok/um_file/install/mecanum_drive_controller/include/mecanum_drive_controller/mecanum_drive_controller/odometry.hpp
-- Installing: /home/libok/um_file/install/mecanum_drive_controller/lib/libmecanum_drive_controller.so
-- Set non-toolchain portion of runtime path of "/home/libok/um_file/install/mecanum_drive_controller/lib/libmecanum_drive_controller.so" to ""
-- Installing: /home/libok/um_file/install/mecanum_drive_controller/share/mecanum_drive_controller/environment/library_path.sh
-- Installing: /home/libok/um_file/install/mecanum_drive_controller/share/mecanum_drive_controller/environment/library_path.dsv
-- Installing: /home/libok/um_file/install/mecanum_drive_controller/share/ament_index/resource_index/package_run_dependencies/mecanum_drive_controller
-- Installing: /home/libok/um_file/install/mecanum_drive_controller/share/ament_index/resource_index/parent_prefix_path/mecanum_drive_controller
-- Installing: /home/libok/um_file/install/mecanum_drive_controller/share/mecanum_drive_controller/environment/ament_prefix_path.sh
-- Installing: /home/libok/um_file/install/mecanum_drive_controller/share/mecanum_drive_controller/environment/ament_prefix_path.dsv
-- Installing: /home/libok/um_file/install/mecanum_drive_controller/share/mecanum_drive_controller/environment/path.sh
-- Installing: /home/libok/um_file/install/mecanum_drive_controller/share/mecanum_drive_controller/environment/path.dsv
-- Installing: /home/libok/um_file/install/mecanum_drive_controller/share/mecanum_drive_controller/local_setup.bash
-- Installing: /home/libok/um_file/install/mecanum_drive_controller/share/mecanum_drive_controller/local_setup.sh
-- Installing: /home/libok/um_file/install/mecanum_drive_controller/share/mecanum_drive_controller/local_setup.zsh
-- Installing: /home/libok/um_file/install/mecanum_drive_controller/share/mecanum_drive_controller/local_setup.dsv
-- Installing: /home/libok/um_file/install/mecanum_drive_controller/share/mecanum_drive_controller/package.dsv
-- Installing: /home/libok/um_file/install/mecanum_drive_controller/share/ament_index/resource_index/packages/mecanum_drive_controller
-- Installing: /home/libok/um_file/install/mecanum_drive_controller/share/ament_index/resource_index/controller_interface__pluginlib__plugin/mecanum_drive_controller
-- Installing: /home/libok/um_file/install/mecanum_drive_controller/share/mecanum_drive_controller/cmake/export_mecanum_drive_controllerExport.cmake
-- Installing: /home/libok/um_file/install/mecanum_drive_controller/share/mecanum_drive_controller/cmake/export_mecanum_drive_controllerExport-noconfig.cmake
-- Installing: /home/libok/um_file/install/mecanum_drive_controller/share/mecanum_drive_controller/cmake/ament_cmake_export_dependencies-extras.cmake
-- Installing: /home/libok/um_file/install/mecanum_drive_controller/share/mecanum_drive_controller/cmake/ament_cmake_export_targets-extras.cmake
-- Installing: /home/libok/um_file/install/mecanum_drive_controller/share/mecanum_drive_controller/cmake/mecanum_drive_controllerConfig.cmake
-- Installing: /home/libok/um_file/install/mecanum_drive_controller/share/mecanum_drive_controller/cmake/mecanum_drive_controllerConfig-version.cmake
-- Installing: /home/libok/um_file/install/mecanum_drive_controller/share/mecanum_drive_controller/package.xml
