-- The C compiler identification is GNU 11.4.0
-- The CXX compiler identification is GNU 11.4.0
-- Detecting C compiler ABI info
-- Detecting C compiler ABI info - done
-- Check for working C compiler: /usr/bin/cc - skipped
-- Detecting C compile features
-- Detecting C compile features - done
-- Detecting CXX compiler ABI info
-- Detecting CXX compiler ABI info - done
[0mCMake Deprecation Warning at CMakeLists.txt:1 (cmake_minimum_required):
  Compatibility with CMake < 3.10 will be removed from a future version of
  CMake.

  Update the VERSION argument <min> value.  Or, use the <min>...<max> syntax
  to tell CMake that the project requires at least <min> but has been updated
  to work with policies introduced by <max> or earlier.

[0m
-- Check for working CXX compiler: /usr/bin/c++ - skipped
-- Detecting CXX compile features
-- Detecting CXX compile features - done
-- Found ament_cmake: 1.3.12 (/opt/ros/humble/share/ament_cmake/cmake)
-- Found Python3: /usr/bin/python3 (found version "3.10.12") found components: Interpreter
-- Configuring done (8.4s)
-- Generating done (0.1s)
-- Build files have been written to: /home/libok/um_file/build/ur_moveit_config
Built target ament_cmake_python_copy_ur_moveit_config
running egg_info
creating ur_moveit_config.egg-info
writing ur_moveit_config.egg-info/PKG-INFO
writing dependency_links to ur_moveit_config.egg-info/dependency_links.txt
writing top-level names to ur_moveit_config.egg-info/top_level.txt
writing manifest file 'ur_moveit_config.egg-info/SOURCES.txt'
reading manifest file 'ur_moveit_config.egg-info/SOURCES.txt'
writing manifest file 'ur_moveit_config.egg-info/SOURCES.txt'
Built target ament_cmake_python_build_ur_moveit_config_egg
-- Install configuration: ""
-- Installing: /home/libok/um_file/install/ur_moveit_config/share/ur_moveit_config/config
-- Installing: /home/libok/um_file/install/ur_moveit_config/share/ur_moveit_config/config/controllers.yaml
-- Installing: /home/libok/um_file/install/ur_moveit_config/share/ur_moveit_config/config/ompl_planning.yaml
-- Installing: /home/libok/um_file/install/ur_moveit_config/share/ur_moveit_config/config/kinematics.yaml
-- Installing: /home/libok/um_file/install/ur_moveit_config/share/ur_moveit_config/config/joint_limits.yaml
-- Installing: /home/libok/um_file/install/ur_moveit_config/share/ur_moveit_config/config/ur_servo.yaml
-- Installing: /home/libok/um_file/install/ur_moveit_config/share/ur_moveit_config/launch
-- Installing: /home/libok/um_file/install/ur_moveit_config/share/ur_moveit_config/launch/ur_moveit.launch.py
-- Installing: /home/libok/um_file/install/ur_moveit_config/share/ur_moveit_config/rviz
-- Installing: /home/libok/um_file/install/ur_moveit_config/share/ur_moveit_config/rviz/view_robot.rviz
-- Installing: /home/libok/um_file/install/ur_moveit_config/share/ur_moveit_config/srdf
-- Installing: /home/libok/um_file/install/ur_moveit_config/share/ur_moveit_config/srdf/ur_macro.srdf.xacro
-- Installing: /home/libok/um_file/install/ur_moveit_config/share/ur_moveit_config/srdf/ur.srdf.xacro
-- Installing: /home/libok/um_file/install/ur_moveit_config/share/ur_moveit_config/environment/pythonpath.sh
-- Installing: /home/libok/um_file/install/ur_moveit_config/share/ur_moveit_config/environment/pythonpath.dsv
-- Installing: /home/libok/um_file/install/ur_moveit_config/local/lib/python3.10/dist-packages/ur_moveit_config-2.12.0-py3.10.egg-info
-- Installing: /home/libok/um_file/install/ur_moveit_config/local/lib/python3.10/dist-packages/ur_moveit_config-2.12.0-py3.10.egg-info/top_level.txt
-- Installing: /home/libok/um_file/install/ur_moveit_config/local/lib/python3.10/dist-packages/ur_moveit_config-2.12.0-py3.10.egg-info/PKG-INFO
-- Installing: /home/libok/um_file/install/ur_moveit_config/local/lib/python3.10/dist-packages/ur_moveit_config-2.12.0-py3.10.egg-info/dependency_links.txt
-- Installing: /home/libok/um_file/install/ur_moveit_config/local/lib/python3.10/dist-packages/ur_moveit_config-2.12.0-py3.10.egg-info/SOURCES.txt
-- Installing: /home/libok/um_file/install/ur_moveit_config/local/lib/python3.10/dist-packages/ur_moveit_config
-- Installing: /home/libok/um_file/install/ur_moveit_config/local/lib/python3.10/dist-packages/ur_moveit_config/__init__.py
-- Installing: /home/libok/um_file/install/ur_moveit_config/local/lib/python3.10/dist-packages/ur_moveit_config/launch_common.py
Listing '/home/libok/um_file/install/ur_moveit_config/local/lib/python3.10/dist-packages/ur_moveit_config'...
Compiling '/home/libok/um_file/install/ur_moveit_config/local/lib/python3.10/dist-packages/ur_moveit_config/__init__.py'...
Compiling '/home/libok/um_file/install/ur_moveit_config/local/lib/python3.10/dist-packages/ur_moveit_config/launch_common.py'...
-- Installing: /home/libok/um_file/install/ur_moveit_config/local/lib/python3.10/dist-packages/launch_common.py
Compiling '/home/libok/um_file/install/ur_moveit_config/local/lib/python3.10/dist-packages/launch_common.py'...
-- Installing: /home/libok/um_file/install/ur_moveit_config/share/ament_index/resource_index/package_run_dependencies/ur_moveit_config
-- Installing: /home/libok/um_file/install/ur_moveit_config/share/ament_index/resource_index/parent_prefix_path/ur_moveit_config
-- Installing: /home/libok/um_file/install/ur_moveit_config/share/ur_moveit_config/environment/ament_prefix_path.sh
-- Installing: /home/libok/um_file/install/ur_moveit_config/share/ur_moveit_config/environment/ament_prefix_path.dsv
-- Installing: /home/libok/um_file/install/ur_moveit_config/share/ur_moveit_config/environment/path.sh
-- Installing: /home/libok/um_file/install/ur_moveit_config/share/ur_moveit_config/environment/path.dsv
-- Installing: /home/libok/um_file/install/ur_moveit_config/share/ur_moveit_config/local_setup.bash
-- Installing: /home/libok/um_file/install/ur_moveit_config/share/ur_moveit_config/local_setup.sh
-- Installing: /home/libok/um_file/install/ur_moveit_config/share/ur_moveit_config/local_setup.zsh
-- Installing: /home/libok/um_file/install/ur_moveit_config/share/ur_moveit_config/local_setup.dsv
-- Installing: /home/libok/um_file/install/ur_moveit_config/share/ur_moveit_config/package.dsv
-- Installing: /home/libok/um_file/install/ur_moveit_config/share/ament_index/resource_index/packages/ur_moveit_config
-- Installing: /home/libok/um_file/install/ur_moveit_config/share/ur_moveit_config/cmake/ur_moveit_configConfig.cmake
-- Installing: /home/libok/um_file/install/ur_moveit_config/share/ur_moveit_config/cmake/ur_moveit_configConfig-version.cmake
-- Installing: /home/libok/um_file/install/ur_moveit_config/share/ur_moveit_config/package.xml
