[0.211s] Invoking command in '/home/libok/um_file/build/ur_moveit_config': CMAKE_PREFIX_PATH=${CMAKE_PREFIX_PATH}:/opt/ros/humble /usr/local/bin/cmake /home/libok/um_file/Universal_Robots_ROS2_Driver/ur_moveit_config -DCMAKE_INSTALL_PREFIX=/home/libok/um_file/install/ur_moveit_config
[2.275s] -- The C compiler identification is GNU 11.4.0
[2.275s] -- The CXX compiler identification is GNU 11.4.0
[2.276s] -- Detecting C compiler ABI info
[2.277s] -- Detecting C compiler ABI info - done
[2.277s] -- Check for working C compiler: /usr/bin/cc - skipped
[2.292s] -- Detecting C compile features
[2.294s] -- Detecting C compile features - done
[2.295s] -- Detecting CXX compiler ABI info
[2.306s] -- Detecting CXX compiler ABI info - done
[2.307s] [0mCMake Deprecation Warning at CMakeLists.txt:1 (cmake_minimum_required):
[2.307s]   Compatibility with CMake < 3.10 will be removed from a future version of
[2.308s]   CMake.
[2.308s] 
[2.324s]   Update the VERSION argument <min> value.  Or, use the <min>...<max> syntax
[2.325s]   to tell CMake that the project requires at least <min> but has been updated
[2.326s]   to work with policies introduced by <max> or earlier.
[2.326s] 
[2.334s] [0m
[2.550s] -- Check for working CXX compiler: /usr/bin/c++ - skipped
[2.552s] -- Detecting CXX compile features
[2.575s] -- Detecting CXX compile features - done
[2.698s] -- Found ament_cmake: 1.3.12 (/opt/ros/humble/share/ament_cmake/cmake)
[4.792s] -- Found Python3: /usr/bin/python3 (found version "3.10.12") found components: Interpreter
[8.662s] -- Configuring done (8.4s)
[8.729s] -- Generating done (0.1s)
[8.744s] -- Build files have been written to: /home/libok/um_file/build/ur_moveit_config
[8.833s] Invoked command in '/home/libok/um_file/build/ur_moveit_config' returned '0': CMAKE_PREFIX_PATH=${CMAKE_PREFIX_PATH}:/opt/ros/humble /usr/local/bin/cmake /home/libok/um_file/Universal_Robots_ROS2_Driver/ur_moveit_config -DCMAKE_INSTALL_PREFIX=/home/libok/um_file/install/ur_moveit_config
[8.847s] Invoking command in '/home/libok/um_file/build/ur_moveit_config': CMAKE_PREFIX_PATH=${CMAKE_PREFIX_PATH}:/opt/ros/humble /usr/local/bin/cmake --build /home/libok/um_file/build/ur_moveit_config -- -j18 -l18
[17.567s] Built target ament_cmake_python_copy_ur_moveit_config
[17.568s] running egg_info
[17.568s] creating ur_moveit_config.egg-info
[17.568s] writing ur_moveit_config.egg-info/PKG-INFO
[17.568s] writing dependency_links to ur_moveit_config.egg-info/dependency_links.txt
[17.569s] writing top-level names to ur_moveit_config.egg-info/top_level.txt
[17.569s] writing manifest file 'ur_moveit_config.egg-info/SOURCES.txt'
[17.569s] reading manifest file 'ur_moveit_config.egg-info/SOURCES.txt'
[17.569s] writing manifest file 'ur_moveit_config.egg-info/SOURCES.txt'
[17.570s] Built target ament_cmake_python_build_ur_moveit_config_egg
[17.669s] Invoked command in '/home/libok/um_file/build/ur_moveit_config' returned '0': CMAKE_PREFIX_PATH=${CMAKE_PREFIX_PATH}:/opt/ros/humble /usr/local/bin/cmake --build /home/libok/um_file/build/ur_moveit_config -- -j18 -l18
[17.680s] Invoking command in '/home/libok/um_file/build/ur_moveit_config': CMAKE_PREFIX_PATH=${CMAKE_PREFIX_PATH}:/opt/ros/humble /usr/local/bin/cmake --install /home/libok/um_file/build/ur_moveit_config
[51.309s] -- Install configuration: ""
[51.310s] -- Installing: /home/libok/um_file/install/ur_moveit_config/share/ur_moveit_config/config
[51.311s] -- Installing: /home/libok/um_file/install/ur_moveit_config/share/ur_moveit_config/config/controllers.yaml
[51.311s] -- Installing: /home/libok/um_file/install/ur_moveit_config/share/ur_moveit_config/config/ompl_planning.yaml
[51.330s] -- Installing: /home/libok/um_file/install/ur_moveit_config/share/ur_moveit_config/config/kinematics.yaml
[51.331s] -- Installing: /home/libok/um_file/install/ur_moveit_config/share/ur_moveit_config/config/joint_limits.yaml
[51.332s] -- Installing: /home/libok/um_file/install/ur_moveit_config/share/ur_moveit_config/config/ur_servo.yaml
[51.332s] -- Installing: /home/libok/um_file/install/ur_moveit_config/share/ur_moveit_config/launch
[51.333s] -- Installing: /home/libok/um_file/install/ur_moveit_config/share/ur_moveit_config/launch/ur_moveit.launch.py
[51.333s] -- Installing: /home/libok/um_file/install/ur_moveit_config/share/ur_moveit_config/rviz
[51.338s] -- Installing: /home/libok/um_file/install/ur_moveit_config/share/ur_moveit_config/rviz/view_robot.rviz
[51.338s] -- Installing: /home/libok/um_file/install/ur_moveit_config/share/ur_moveit_config/srdf
[51.339s] -- Installing: /home/libok/um_file/install/ur_moveit_config/share/ur_moveit_config/srdf/ur_macro.srdf.xacro
[51.339s] -- Installing: /home/libok/um_file/install/ur_moveit_config/share/ur_moveit_config/srdf/ur.srdf.xacro
[51.340s] -- Installing: /home/libok/um_file/install/ur_moveit_config/share/ur_moveit_config/environment/pythonpath.sh
[51.340s] -- Installing: /home/libok/um_file/install/ur_moveit_config/share/ur_moveit_config/environment/pythonpath.dsv
[51.346s] -- Installing: /home/libok/um_file/install/ur_moveit_config/local/lib/python3.10/dist-packages/ur_moveit_config-2.12.0-py3.10.egg-info
[51.346s] -- Installing: /home/libok/um_file/install/ur_moveit_config/local/lib/python3.10/dist-packages/ur_moveit_config-2.12.0-py3.10.egg-info/top_level.txt
[51.377s] -- Installing: /home/libok/um_file/install/ur_moveit_config/local/lib/python3.10/dist-packages/ur_moveit_config-2.12.0-py3.10.egg-info/PKG-INFO
[51.378s] -- Installing: /home/libok/um_file/install/ur_moveit_config/local/lib/python3.10/dist-packages/ur_moveit_config-2.12.0-py3.10.egg-info/dependency_links.txt
[51.378s] -- Installing: /home/libok/um_file/install/ur_moveit_config/local/lib/python3.10/dist-packages/ur_moveit_config-2.12.0-py3.10.egg-info/SOURCES.txt
[51.379s] -- Installing: /home/libok/um_file/install/ur_moveit_config/local/lib/python3.10/dist-packages/ur_moveit_config
[51.379s] -- Installing: /home/libok/um_file/install/ur_moveit_config/local/lib/python3.10/dist-packages/ur_moveit_config/__init__.py
[51.387s] -- Installing: /home/libok/um_file/install/ur_moveit_config/local/lib/python3.10/dist-packages/ur_moveit_config/launch_common.py
[51.387s] Listing '/home/libok/um_file/install/ur_moveit_config/local/lib/python3.10/dist-packages/ur_moveit_config'...
[51.391s] Compiling '/home/libok/um_file/install/ur_moveit_config/local/lib/python3.10/dist-packages/ur_moveit_config/__init__.py'...
[51.392s] Compiling '/home/libok/um_file/install/ur_moveit_config/local/lib/python3.10/dist-packages/ur_moveit_config/launch_common.py'...
[51.392s] -- Installing: /home/libok/um_file/install/ur_moveit_config/local/lib/python3.10/dist-packages/launch_common.py
[51.393s] Compiling '/home/libok/um_file/install/ur_moveit_config/local/lib/python3.10/dist-packages/launch_common.py'...
[51.393s] -- Installing: /home/libok/um_file/install/ur_moveit_config/share/ament_index/resource_index/package_run_dependencies/ur_moveit_config
[51.394s] -- Installing: /home/libok/um_file/install/ur_moveit_config/share/ament_index/resource_index/parent_prefix_path/ur_moveit_config
[51.407s] -- Installing: /home/libok/um_file/install/ur_moveit_config/share/ur_moveit_config/environment/ament_prefix_path.sh
[51.408s] -- Installing: /home/libok/um_file/install/ur_moveit_config/share/ur_moveit_config/environment/ament_prefix_path.dsv
[51.409s] -- Installing: /home/libok/um_file/install/ur_moveit_config/share/ur_moveit_config/environment/path.sh
[51.409s] -- Installing: /home/libok/um_file/install/ur_moveit_config/share/ur_moveit_config/environment/path.dsv
[51.410s] -- Installing: /home/libok/um_file/install/ur_moveit_config/share/ur_moveit_config/local_setup.bash
[51.413s] -- Installing: /home/libok/um_file/install/ur_moveit_config/share/ur_moveit_config/local_setup.sh
[51.414s] -- Installing: /home/libok/um_file/install/ur_moveit_config/share/ur_moveit_config/local_setup.zsh
[51.415s] -- Installing: /home/libok/um_file/install/ur_moveit_config/share/ur_moveit_config/local_setup.dsv
[51.415s] -- Installing: /home/libok/um_file/install/ur_moveit_config/share/ur_moveit_config/package.dsv
[51.416s] -- Installing: /home/libok/um_file/install/ur_moveit_config/share/ament_index/resource_index/packages/ur_moveit_config
[51.420s] -- Installing: /home/libok/um_file/install/ur_moveit_config/share/ur_moveit_config/cmake/ur_moveit_configConfig.cmake
[51.420s] -- Installing: /home/libok/um_file/install/ur_moveit_config/share/ur_moveit_config/cmake/ur_moveit_configConfig-version.cmake
[51.421s] -- Installing: /home/libok/um_file/install/ur_moveit_config/share/ur_moveit_config/package.xml
[51.528s] Invoked command in '/home/libok/um_file/build/ur_moveit_config' returned '0': CMAKE_PREFIX_PATH=${CMAKE_PREFIX_PATH}:/opt/ros/humble /usr/local/bin/cmake --install /home/libok/um_file/build/ur_moveit_config
