[0.166s] Invoking command in '/home/libok/um_file/build/ros2srrc_ur16e': CMAKE_PREFIX_PATH=${CMAKE_PREFIX_PATH}:/opt/ros/humble /usr/local/bin/cmake /home/libok/um_file/packages/ros2srrc_ur16e -DCMAKE_INSTALL_PREFIX=/home/libok/um_file/install/ros2srrc_ur16e
[4.484s] -- The C compiler identification is GNU 11.4.0
[4.485s] -- The CXX compiler identification is GNU 11.4.0
[4.486s] -- Detecting C compiler ABI info
[4.486s] -- Detecting C compiler ABI info - done
[4.488s] -- Check for working C compiler: /usr/bin/cc - skipped
[4.493s] -- Detecting C compile features
[4.493s] -- Detecting C compile features - done
[4.493s] -- Detecting CXX compiler ABI info
[4.493s] -- Detecting CXX compiler ABI info - done
[4.494s] -- Check for working CXX compiler: /usr/bin/c++ - skipped
[4.494s] -- Detecting CXX compile features
[4.494s] -- Detecting CXX compile features - done
[4.494s] -- Found ament_cmake: 1.3.12 (/opt/ros/humble/share/ament_cmake/cmake)
[4.494s] -- Found Python3: /usr/bin/python3 (found version "3.10.12") found components: Interpreter
[4.494s] -- Found ament_lint_auto: 0.12.14 (/opt/ros/humble/share/ament_lint_auto/cmake)
[4.495s] -- Added test 'copyright' to check source files copyright and LICENSE
[4.495s] -- Added test 'lint_cmake' to check CMake code style
[4.495s] -- Added test 'xmllint' to check XML markup files
[4.495s] -- Configuring done (3.6s)
[4.495s] -- Generating done (0.0s)
[4.495s] -- Build files have been written to: /home/libok/um_file/build/ros2srrc_ur16e
[4.498s] [0mCMake Deprecation Warning at CMakeLists.txt:1 (cmake_minimum_required):
[4.498s]   Compatibility with CMake < 3.10 will be removed from a future version of
[4.498s]   CMake.
[4.498s] 
[4.498s]   Update the VERSION argument <min> value.  Or, use the <min>...<max> syntax
[4.499s]   to tell CMake that the project requires at least <min> but has been updated
[4.499s]   to work with policies introduced by <max> or earlier.
[4.499s] 
[4.499s] [0m
[4.532s] Invoked command in '/home/libok/um_file/build/ros2srrc_ur16e' returned '0': CMAKE_PREFIX_PATH=${CMAKE_PREFIX_PATH}:/opt/ros/humble /usr/local/bin/cmake /home/libok/um_file/packages/ros2srrc_ur16e -DCMAKE_INSTALL_PREFIX=/home/libok/um_file/install/ros2srrc_ur16e
[4.534s] Invoking command in '/home/libok/um_file/build/ros2srrc_ur16e': CMAKE_PREFIX_PATH=${CMAKE_PREFIX_PATH}:/opt/ros/humble /usr/local/bin/cmake --build /home/libok/um_file/build/ros2srrc_ur16e -- -j18 -l18
[4.878s] Invoked command in '/home/libok/um_file/build/ros2srrc_ur16e' returned '0': CMAKE_PREFIX_PATH=${CMAKE_PREFIX_PATH}:/opt/ros/humble /usr/local/bin/cmake --build /home/libok/um_file/build/ros2srrc_ur16e -- -j18 -l18
[4.883s] Invoking command in '/home/libok/um_file/build/ros2srrc_ur16e': CMAKE_PREFIX_PATH=${CMAKE_PREFIX_PATH}:/opt/ros/humble /usr/local/bin/cmake --install /home/libok/um_file/build/ros2srrc_ur16e
[5.274s] -- Install configuration: ""
[5.274s] -- Installing: /home/libok/um_file/install/ros2srrc_ur16e/share/ros2srrc_ur16e/config
[5.274s] -- Installing: /home/libok/um_file/install/ros2srrc_ur16e/share/ros2srrc_ur16e/config/configurations.yaml
[5.274s] -- Installing: /home/libok/um_file/install/ros2srrc_ur16e/share/ros2srrc_ur16e/urdf
[5.274s] -- Installing: /home/libok/um_file/install/ros2srrc_ur16e/share/ros2srrc_ur16e/urdf/ur16e_robotiq_hande.urdf.xacro
[5.274s] -- Installing: /home/libok/um_file/install/ros2srrc_ur16e/share/ros2srrc_ur16e/urdf/ur16e.urdf.xacro
[5.275s] -- Installing: /home/libok/um_file/install/ros2srrc_ur16e/share/ros2srrc_ur16e/urdf/ur16e_robotiq_2f85.urdf.xacro
[5.275s] -- Installing: /home/libok/um_file/install/ros2srrc_ur16e/share/ament_index/resource_index/package_run_dependencies/ros2srrc_ur16e
[5.275s] -- Installing: /home/libok/um_file/install/ros2srrc_ur16e/share/ament_index/resource_index/parent_prefix_path/ros2srrc_ur16e
[5.275s] -- Installing: /home/libok/um_file/install/ros2srrc_ur16e/share/ros2srrc_ur16e/environment/ament_prefix_path.sh
[5.275s] -- Installing: /home/libok/um_file/install/ros2srrc_ur16e/share/ros2srrc_ur16e/environment/ament_prefix_path.dsv
[5.275s] -- Installing: /home/libok/um_file/install/ros2srrc_ur16e/share/ros2srrc_ur16e/environment/path.sh
[5.275s] -- Installing: /home/libok/um_file/install/ros2srrc_ur16e/share/ros2srrc_ur16e/environment/path.dsv
[5.275s] -- Installing: /home/libok/um_file/install/ros2srrc_ur16e/share/ros2srrc_ur16e/local_setup.bash
[5.275s] -- Installing: /home/libok/um_file/install/ros2srrc_ur16e/share/ros2srrc_ur16e/local_setup.sh
[5.275s] -- Installing: /home/libok/um_file/install/ros2srrc_ur16e/share/ros2srrc_ur16e/local_setup.zsh
[5.275s] -- Installing: /home/libok/um_file/install/ros2srrc_ur16e/share/ros2srrc_ur16e/local_setup.dsv
[5.276s] -- Installing: /home/libok/um_file/install/ros2srrc_ur16e/share/ros2srrc_ur16e/package.dsv
[5.276s] -- Installing: /home/libok/um_file/install/ros2srrc_ur16e/share/ament_index/resource_index/packages/ros2srrc_ur16e
[5.276s] -- Installing: /home/libok/um_file/install/ros2srrc_ur16e/share/ros2srrc_ur16e/cmake/ros2srrc_ur16eConfig.cmake
[5.276s] -- Installing: /home/libok/um_file/install/ros2srrc_ur16e/share/ros2srrc_ur16e/cmake/ros2srrc_ur16eConfig-version.cmake
[5.276s] -- Installing: /home/libok/um_file/install/ros2srrc_ur16e/share/ros2srrc_ur16e/package.xml
[5.453s] Invoked command in '/home/libok/um_file/build/ros2srrc_ur16e' returned '0': CMAKE_PREFIX_PATH=${CMAKE_PREFIX_PATH}:/opt/ros/humble /usr/local/bin/cmake --install /home/libok/um_file/build/ros2srrc_ur16e
