-- The CXX compiler identification is GNU 11.4.0
-- Detecting CXX compiler ABI info
-- Detecting CXX compiler ABI info - done
-- Check for working CXX compiler: /usr/bin/c++ - skipped
-- Detecting CXX compile features
-- Detecting CXX compile features - done
-- Found ament_cmake: 1.3.12 (/opt/ros/humble/share/ament_cmake/cmake)
-- Found Python3: /usr/bin/python3 (found version "3.10.12") found components: Interpreter
-- Found control_msgs: 4.8.0 (/opt/ros/humble/share/control_msgs/cmake)
-- Found rosidl_generator_c: 3.1.8 (/opt/ros/humble/share/rosidl_generator_c/cmake)
-- Found rosidl_adapter: 3.1.8 (/opt/ros/humble/share/rosidl_adapter/cmake)
-- Found rosidl_generator_cpp: 3.1.8 (/opt/ros/humble/share/rosidl_generator_cpp/cmake)
-- Using all available rosidl_typesupport_c: rosidl_typesupport_fastrtps_c;rosidl_typesupport_introspection_c
-- Using all available rosidl_typesupport_cpp: rosidl_typesupport_fastrtps_cpp;rosidl_typesupport_introspection_cpp
-- Found controller_interface: 2.53.0 (/opt/ros/humble/share/controller_interface/cmake)
-- Found rmw_implementation_cmake: 6.1.2 (/opt/ros/humble/share/rmw_implementation_cmake/cmake)
-- Found rmw_fastrtps_cpp: 6.2.9 (/opt/ros/humble/share/rmw_fastrtps_cpp/cmake)
-- Found TinyXML2 via Config file: TinyXML2_DIR-NOTFOUND
-- Found OpenSSL: /usr/lib/x86_64-linux-gnu/libcrypto.so (found version "3.0.2")
-- Found TinyXML2 via Config file: TinyXML2_DIR-NOTFOUND
-- Found FastRTPS: /opt/ros/humble/include
-- Found TinyXML2 via Config file: TinyXML2_DIR-NOTFOUND
-- Found TinyXML2 via Config file: TinyXML2_DIR-NOTFOUND
-- Using RMW implementation 'rmw_fastrtps_cpp' as default
-- Performing Test CMAKE_HAVE_LIBC_PTHREAD
-- Performing Test CMAKE_HAVE_LIBC_PTHREAD - Success
-- Found Threads: TRUE
-- Found generate_parameter_library: 0.6.0 (/opt/ros/humble/share/generate_parameter_library/cmake)
-- Found parameter_traits: 0.6.0 (/opt/ros/humble/share/parameter_traits/cmake)
-- Found nav_msgs: 4.9.0 (/opt/ros/humble/share/nav_msgs/cmake)
-- Found realtime_tools: 2.15.0 (/opt/ros/humble/share/realtime_tools/cmake)
-- Found std_srvs: 4.9.0 (/opt/ros/humble/share/std_srvs/cmake)
-- Found tf2: 0.25.18 (/opt/ros/humble/share/tf2/cmake)
-- Found tf2_msgs: 0.25.18 (/opt/ros/humble/share/tf2_msgs/cmake)
-- Found tf2_geometry_msgs: 0.25.18 (/opt/ros/humble/share/tf2_geometry_msgs/cmake)
-- Found eigen3_cmake_module: 0.1.1 (/opt/ros/humble/share/eigen3_cmake_module/cmake)
-- Found Eigen3: TRUE (found version "3.4.0")
-- Ensuring Eigen3 include directory is part of orocos-kdl CMake target
-- Found ament_cmake_gmock: 1.3.12 (/opt/ros/humble/share/ament_cmake_gmock/cmake)
-- Found controller_manager: 2.53.0 (/opt/ros/humble/share/controller_manager/cmake)
-- Found ros2_control_test_assets: 2.53.0 (/opt/ros/humble/share/ros2_control_test_assets/cmake)
-- Found gmock sources under '/opt/ros/humble/src/gmock_vendor': C++ tests using 'Google Mock' will be built
-- The C compiler identification is GNU 11.4.0
-- Detecting C compiler ABI info
-- Detecting C compiler ABI info - done
-- Check for working C compiler: /usr/bin/cc - skipped
-- Detecting C compile features
-- Detecting C compile features - done
[0mCMake Deprecation Warning at /opt/ros/humble/src/gmock_vendor/CMakeLists.txt:2 (cmake_minimum_required):
  Compatibility with CMake < 3.10 will be removed from a future version of
  CMake.

  Update the VERSION argument <min> value.  Or, use the <min>...<max> syntax
  to tell CMake that the project requires at least <min> but has been updated
  to work with policies introduced by <max> or earlier.

[0m
-- Found ament_cmake_gtest: 1.3.12 (/opt/ros/humble/share/ament_cmake_gtest/cmake)
-- Found gtest sources under '/opt/ros/humble/src/gtest_vendor': C++ tests using 'Google Test' will be built
[0mCMake Deprecation Warning at /opt/ros/humble/src/gtest_vendor/CMakeLists.txt:2 (cmake_minimum_required):
  Compatibility with CMake < 3.10 will be removed from a future version of
  CMake.

  Update the VERSION argument <min> value.  Or, use the <min>...<max> syntax
  to tell CMake that the project requires at least <min> but has been updated
  to work with policies introduced by <max> or earlier.

[0m
-- Found gmock sources under '/opt/ros/humble/src/gmock_vendor': C++ tests using 'Google Mock' will be built
-- Found ament_cmake_gtest: 1.3.12 (/opt/ros/humble/share/ament_cmake_gtest/cmake)
-- Found gtest sources under '/opt/ros/humble/src/gtest_vendor': C++ tests using 'Google Test' will be built
-- Configuring done (3.0s)
-- Generating done (0.2s)
-- Build files have been written to: /home/libok/um_file/build/steering_controllers_library
[  7%] [34m[1mRunning `/opt/ros/humble/bin/generate_parameter_library_cpp /home/libok/um_file/build/steering_controllers_library/include/steering_controllers_library/steering_controllers_library_parameters.hpp /home/libok/um_file/ros2_controllers/steering_controllers_library/src/steering_controllers_library.yaml `[0m
[ 14%] [32mBuilding CXX object gmock/CMakeFiles/gmock_main.dir/src/gmock_main.cc.o[0m
[ 21%] [32mBuilding CXX object gmock/CMakeFiles/gmock.dir/src/gmock-all.cc.o[0m
[ 28%] [32mBuilding CXX object gmock/CMakeFiles/gmock.dir/opt/ros/humble/src/gtest_vendor/src/gtest-all.cc.o[0m
[ 35%] [34m[1mCreating deprecated header file /home/libok/um_file/build/steering_controllers_library/include/steering_controllers_library_parameters.hpp[0m
[ 35%] Built target steering_controllers_library_parameters
[ 42%] [32mBuilding CXX object CMakeFiles/steering_controllers_library.dir/src/steering_controllers_library.cpp.o[0m
[ 50%] [32mBuilding CXX object CMakeFiles/steering_controllers_library.dir/src/steering_odometry.cpp.o[0m
[ 57%] [32m[1mLinking CXX static library libgmock_main.a[0m
[ 57%] Built target gmock_main
[ 64%] [32m[1mLinking CXX static library libgmock.a[0m
[ 64%] Built target gmock
[ 71%] [32m[1mLinking CXX shared library libsteering_controllers_library.so[0m
[ 71%] Built target steering_controllers_library
[ 78%] [32mBuilding CXX object CMakeFiles/test_steering_controllers_library.dir/test/test_steering_controllers_library.cpp.o[0m
[ 85%] [32m[1mLinking CXX executable test_steering_controllers_library[0m
[ 85%] Built target test_steering_controllers_library
[ 92%] [32mBuilding CXX object CMakeFiles/test_steering_odometry.dir/test/test_steering_odometry.cpp.o[0m
[100%] [32m[1mLinking CXX executable test_steering_odometry[0m
[100%] Built target test_steering_odometry
-- Install configuration: ""
-- Installing: /home/libok/um_file/install/steering_controllers_library/include/steering_controllers_library
-- Installing: /home/libok/um_file/install/steering_controllers_library/include/steering_controllers_library/steering_controllers_library_parameters.hpp
-- Up-to-date: /home/libok/um_file/install/steering_controllers_library/include/steering_controllers_library
-- Installing: /home/libok/um_file/install/steering_controllers_library/include/steering_controllers_library/steering_controllers_library
-- Installing: /home/libok/um_file/install/steering_controllers_library/include/steering_controllers_library/steering_controllers_library/steering_controllers_library.hpp
-- Installing: /home/libok/um_file/install/steering_controllers_library/include/steering_controllers_library/steering_controllers_library/steering_odometry.hpp
-- Installing: /home/libok/um_file/install/steering_controllers_library/include/steering_controllers_library/steering_controllers_library/visibility_control.h
-- Installing: /home/libok/um_file/install/steering_controllers_library/lib/libsteering_controllers_library.so
-- Set non-toolchain portion of runtime path of "/home/libok/um_file/install/steering_controllers_library/lib/libsteering_controllers_library.so" to ""
-- Installing: /home/libok/um_file/install/steering_controllers_library/share/steering_controllers_library/environment/library_path.sh
-- Installing: /home/libok/um_file/install/steering_controllers_library/share/steering_controllers_library/environment/library_path.dsv
-- Installing: /home/libok/um_file/install/steering_controllers_library/share/ament_index/resource_index/package_run_dependencies/steering_controllers_library
-- Installing: /home/libok/um_file/install/steering_controllers_library/share/ament_index/resource_index/parent_prefix_path/steering_controllers_library
-- Installing: /home/libok/um_file/install/steering_controllers_library/share/steering_controllers_library/environment/ament_prefix_path.sh
-- Installing: /home/libok/um_file/install/steering_controllers_library/share/steering_controllers_library/environment/ament_prefix_path.dsv
-- Installing: /home/libok/um_file/install/steering_controllers_library/share/steering_controllers_library/environment/path.sh
-- Installing: /home/libok/um_file/install/steering_controllers_library/share/steering_controllers_library/environment/path.dsv
-- Installing: /home/libok/um_file/install/steering_controllers_library/share/steering_controllers_library/local_setup.bash
-- Installing: /home/libok/um_file/install/steering_controllers_library/share/steering_controllers_library/local_setup.sh
-- Installing: /home/libok/um_file/install/steering_controllers_library/share/steering_controllers_library/local_setup.zsh
-- Installing: /home/libok/um_file/install/steering_controllers_library/share/steering_controllers_library/local_setup.dsv
-- Installing: /home/libok/um_file/install/steering_controllers_library/share/steering_controllers_library/package.dsv
-- Installing: /home/libok/um_file/install/steering_controllers_library/share/ament_index/resource_index/packages/steering_controllers_library
-- Installing: /home/libok/um_file/install/steering_controllers_library/share/steering_controllers_library/cmake/export_steering_controllers_libraryExport.cmake
-- Installing: /home/libok/um_file/install/steering_controllers_library/share/steering_controllers_library/cmake/export_steering_controllers_libraryExport-noconfig.cmake
-- Installing: /home/libok/um_file/install/steering_controllers_library/share/steering_controllers_library/cmake/ament_cmake_export_dependencies-extras.cmake
-- Installing: /home/libok/um_file/install/steering_controllers_library/share/steering_controllers_library/cmake/ament_cmake_export_targets-extras.cmake
-- Installing: /home/libok/um_file/install/steering_controllers_library/share/steering_controllers_library/cmake/steering_controllers_libraryConfig.cmake
-- Installing: /home/libok/um_file/install/steering_controllers_library/share/steering_controllers_library/cmake/steering_controllers_libraryConfig-version.cmake
-- Installing: /home/libok/um_file/install/steering_controllers_library/share/steering_controllers_library/package.xml
