[0.042s] Invoking command in '/home/libok/um_file/build/steering_controllers_library': CMAKE_PREFIX_PATH=${CMAKE_PREFIX_PATH}:/opt/ros/humble /usr/local/bin/cmake /home/libok/um_file/ros2_controllers/steering_controllers_library -DCMAKE_INSTALL_PREFIX=/home/libok/um_file/install/steering_controllers_library
[0.151s] -- The CXX compiler identification is GNU 11.4.0
[0.162s] -- Detecting CXX compiler ABI info
[0.337s] -- Detecting CXX compiler ABI info - done
[0.364s] -- Check for working CXX compiler: /usr/bin/c++ - skipped
[0.365s] -- Detecting CXX compile features
[0.366s] -- Detecting CXX compile features - done
[0.390s] -- Found ament_cmake: 1.3.12 (/opt/ros/humble/share/ament_cmake/cmake)
[0.673s] -- Found Python3: /usr/bin/python3 (found version "3.10.12") found components: Interpreter
[0.849s] -- Found control_msgs: 4.8.0 (/opt/ros/humble/share/control_msgs/cmake)
[0.911s] -- Found rosidl_generator_c: 3.1.8 (/opt/ros/humble/share/rosidl_generator_c/cmake)
[0.918s] -- Found rosidl_adapter: 3.1.8 (/opt/ros/humble/share/rosidl_adapter/cmake)
[0.931s] -- Found rosidl_generator_cpp: 3.1.8 (/opt/ros/humble/share/rosidl_generator_cpp/cmake)
[0.950s] -- Using all available rosidl_typesupport_c: rosidl_typesupport_fastrtps_c;rosidl_typesupport_introspection_c
[0.977s] -- Using all available rosidl_typesupport_cpp: rosidl_typesupport_fastrtps_cpp;rosidl_typesupport_introspection_cpp
[1.247s] -- Found controller_interface: 2.53.0 (/opt/ros/humble/share/controller_interface/cmake)
[1.377s] -- Found rmw_implementation_cmake: 6.1.2 (/opt/ros/humble/share/rmw_implementation_cmake/cmake)
[1.384s] -- Found rmw_fastrtps_cpp: 6.2.9 (/opt/ros/humble/share/rmw_fastrtps_cpp/cmake)
[1.427s] -- Found TinyXML2 via Config file: TinyXML2_DIR-NOTFOUND
[1.560s] -- Found OpenSSL: /usr/lib/x86_64-linux-gnu/libcrypto.so (found version "3.0.2")
[1.565s] -- Found TinyXML2 via Config file: TinyXML2_DIR-NOTFOUND
[1.604s] -- Found FastRTPS: /opt/ros/humble/include
[1.610s] -- Found TinyXML2 via Config file: TinyXML2_DIR-NOTFOUND
[1.622s] -- Found TinyXML2 via Config file: TinyXML2_DIR-NOTFOUND
[1.652s] -- Using RMW implementation 'rmw_fastrtps_cpp' as default
[1.666s] -- Performing Test CMAKE_HAVE_LIBC_PTHREAD
[1.851s] -- Performing Test CMAKE_HAVE_LIBC_PTHREAD - Success
[1.854s] -- Found Threads: TRUE
[2.011s] -- Found generate_parameter_library: 0.6.0 (/opt/ros/humble/share/generate_parameter_library/cmake)
[2.017s] -- Found parameter_traits: 0.6.0 (/opt/ros/humble/share/parameter_traits/cmake)
[2.042s] -- Found nav_msgs: 4.9.0 (/opt/ros/humble/share/nav_msgs/cmake)
[2.077s] -- Found realtime_tools: 2.15.0 (/opt/ros/humble/share/realtime_tools/cmake)
[2.103s] -- Found std_srvs: 4.9.0 (/opt/ros/humble/share/std_srvs/cmake)
[2.117s] -- Found tf2: 0.25.18 (/opt/ros/humble/share/tf2/cmake)
[2.125s] -- Found tf2_msgs: 0.25.18 (/opt/ros/humble/share/tf2_msgs/cmake)
[2.169s] -- Found tf2_geometry_msgs: 0.25.18 (/opt/ros/humble/share/tf2_geometry_msgs/cmake)
[2.185s] -- Found eigen3_cmake_module: 0.1.1 (/opt/ros/humble/share/eigen3_cmake_module/cmake)
[2.187s] -- Found Eigen3: TRUE (found version "3.4.0")
[2.187s] -- Ensuring Eigen3 include directory is part of orocos-kdl CMake target
[2.278s] -- Found ament_cmake_gmock: 1.3.12 (/opt/ros/humble/share/ament_cmake_gmock/cmake)
[2.281s] -- Found controller_manager: 2.53.0 (/opt/ros/humble/share/controller_manager/cmake)
[2.327s] -- Found ros2_control_test_assets: 2.53.0 (/opt/ros/humble/share/ros2_control_test_assets/cmake)
[2.331s] -- Found gmock sources under '/opt/ros/humble/src/gmock_vendor': C++ tests using 'Google Mock' will be built
[2.414s] -- The C compiler identification is GNU 11.4.0
[2.428s] -- Detecting C compiler ABI info
[2.616s] -- Detecting C compiler ABI info - done
[2.682s] -- Check for working C compiler: /usr/bin/cc - skipped
[2.682s] -- Detecting C compile features
[2.682s] -- Detecting C compile features - done
[2.746s] [0mCMake Deprecation Warning at /opt/ros/humble/src/gmock_vendor/CMakeLists.txt:2 (cmake_minimum_required):
[2.746s]   Compatibility with CMake < 3.10 will be removed from a future version of
[2.747s]   CMake.
[2.747s] 
[2.747s]   Update the VERSION argument <min> value.  Or, use the <min>...<max> syntax
[2.747s]   to tell CMake that the project requires at least <min> but has been updated
[2.747s]   to work with policies introduced by <max> or earlier.
[2.747s] 
[2.747s] [0m
[2.750s] -- Found ament_cmake_gtest: 1.3.12 (/opt/ros/humble/share/ament_cmake_gtest/cmake)
[2.750s] -- Found gtest sources under '/opt/ros/humble/src/gtest_vendor': C++ tests using 'Google Test' will be built
[2.750s] [0mCMake Deprecation Warning at /opt/ros/humble/src/gtest_vendor/CMakeLists.txt:2 (cmake_minimum_required):
[2.750s]   Compatibility with CMake < 3.10 will be removed from a future version of
[2.751s]   CMake.
[2.751s] 
[2.751s]   Update the VERSION argument <min> value.  Or, use the <min>...<max> syntax
[2.751s]   to tell CMake that the project requires at least <min> but has been updated
[2.751s]   to work with policies introduced by <max> or earlier.
[2.751s] 
[2.751s] [0m
[2.751s] -- Found gmock sources under '/opt/ros/humble/src/gmock_vendor': C++ tests using 'Google Mock' will be built
[2.751s] -- Found ament_cmake_gtest: 1.3.12 (/opt/ros/humble/share/ament_cmake_gtest/cmake)
[2.751s] -- Found gtest sources under '/opt/ros/humble/src/gtest_vendor': C++ tests using 'Google Test' will be built
[3.002s] -- Configuring done (3.0s)
[3.219s] -- Generating done (0.2s)
[3.266s] -- Build files have been written to: /home/libok/um_file/build/steering_controllers_library
[3.352s] Invoked command in '/home/libok/um_file/build/steering_controllers_library' returned '0': CMAKE_PREFIX_PATH=${CMAKE_PREFIX_PATH}:/opt/ros/humble /usr/local/bin/cmake /home/libok/um_file/ros2_controllers/steering_controllers_library -DCMAKE_INSTALL_PREFIX=/home/libok/um_file/install/steering_controllers_library
[3.354s] Invoking command in '/home/libok/um_file/build/steering_controllers_library': CMAKE_PREFIX_PATH=${CMAKE_PREFIX_PATH}:/opt/ros/humble /usr/local/bin/cmake --build /home/libok/um_file/build/steering_controllers_library -- -j18 -l18
[6.446s] [  7%] [34m[1mRunning `/opt/ros/humble/bin/generate_parameter_library_cpp /home/libok/um_file/build/steering_controllers_library/include/steering_controllers_library/steering_controllers_library_parameters.hpp /home/libok/um_file/ros2_controllers/steering_controllers_library/src/steering_controllers_library.yaml `[0m
[6.446s] [ 14%] [32mBuilding CXX object gmock/CMakeFiles/gmock_main.dir/src/gmock_main.cc.o[0m
[6.446s] [ 21%] [32mBuilding CXX object gmock/CMakeFiles/gmock.dir/src/gmock-all.cc.o[0m
[6.446s] [ 28%] [32mBuilding CXX object gmock/CMakeFiles/gmock.dir/opt/ros/humble/src/gtest_vendor/src/gtest-all.cc.o[0m
[7.629s] [ 35%] [34m[1mCreating deprecated header file /home/libok/um_file/build/steering_controllers_library/include/steering_controllers_library_parameters.hpp[0m
[7.653s] [ 35%] Built target steering_controllers_library_parameters
[7.696s] [ 42%] [32mBuilding CXX object CMakeFiles/steering_controllers_library.dir/src/steering_controllers_library.cpp.o[0m
[7.710s] [ 50%] [32mBuilding CXX object CMakeFiles/steering_controllers_library.dir/src/steering_odometry.cpp.o[0m
[16.611s] [ 57%] [32m[1mLinking CXX static library libgmock_main.a[0m
[17.041s] [ 57%] Built target gmock_main
[45.385s] [ 64%] [32m[1mLinking CXX static library libgmock.a[0m
[46.390s] [ 64%] Built target gmock
[76.504s] [ 71%] [32m[1mLinking CXX shared library libsteering_controllers_library.so[0m
[78.909s] [ 71%] Built target steering_controllers_library
[78.978s] [ 78%] [32mBuilding CXX object CMakeFiles/test_steering_controllers_library.dir/test/test_steering_controllers_library.cpp.o[0m
[114.555s] [ 85%] [32m[1mLinking CXX executable test_steering_controllers_library[0m
[117.694s] [ 85%] Built target test_steering_controllers_library
[117.857s] [ 92%] [32mBuilding CXX object CMakeFiles/test_steering_odometry.dir/test/test_steering_odometry.cpp.o[0m
[123.405s] [100%] [32m[1mLinking CXX executable test_steering_odometry[0m
[124.984s] [100%] Built target test_steering_odometry
[125.096s] Invoked command in '/home/libok/um_file/build/steering_controllers_library' returned '0': CMAKE_PREFIX_PATH=${CMAKE_PREFIX_PATH}:/opt/ros/humble /usr/local/bin/cmake --build /home/libok/um_file/build/steering_controllers_library -- -j18 -l18
[125.111s] Invoking command in '/home/libok/um_file/build/steering_controllers_library': CMAKE_PREFIX_PATH=${CMAKE_PREFIX_PATH}:/opt/ros/humble /usr/local/bin/cmake --install /home/libok/um_file/build/steering_controllers_library
[137.234s] -- Install configuration: ""
[137.235s] -- Installing: /home/libok/um_file/install/steering_controllers_library/include/steering_controllers_library
[137.235s] -- Installing: /home/libok/um_file/install/steering_controllers_library/include/steering_controllers_library/steering_controllers_library_parameters.hpp
[137.235s] -- Up-to-date: /home/libok/um_file/install/steering_controllers_library/include/steering_controllers_library
[137.235s] -- Installing: /home/libok/um_file/install/steering_controllers_library/include/steering_controllers_library/steering_controllers_library
[137.235s] -- Installing: /home/libok/um_file/install/steering_controllers_library/include/steering_controllers_library/steering_controllers_library/steering_controllers_library.hpp
[137.235s] -- Installing: /home/libok/um_file/install/steering_controllers_library/include/steering_controllers_library/steering_controllers_library/steering_odometry.hpp
[137.236s] -- Installing: /home/libok/um_file/install/steering_controllers_library/include/steering_controllers_library/steering_controllers_library/visibility_control.h
[137.236s] -- Installing: /home/libok/um_file/install/steering_controllers_library/lib/libsteering_controllers_library.so
[137.238s] -- Set non-toolchain portion of runtime path of "/home/libok/um_file/install/steering_controllers_library/lib/libsteering_controllers_library.so" to ""
[137.239s] -- Installing: /home/libok/um_file/install/steering_controllers_library/share/steering_controllers_library/environment/library_path.sh
[137.239s] -- Installing: /home/libok/um_file/install/steering_controllers_library/share/steering_controllers_library/environment/library_path.dsv
[137.241s] -- Installing: /home/libok/um_file/install/steering_controllers_library/share/ament_index/resource_index/package_run_dependencies/steering_controllers_library
[137.242s] -- Installing: /home/libok/um_file/install/steering_controllers_library/share/ament_index/resource_index/parent_prefix_path/steering_controllers_library
[137.243s] -- Installing: /home/libok/um_file/install/steering_controllers_library/share/steering_controllers_library/environment/ament_prefix_path.sh
[137.244s] -- Installing: /home/libok/um_file/install/steering_controllers_library/share/steering_controllers_library/environment/ament_prefix_path.dsv
[137.245s] -- Installing: /home/libok/um_file/install/steering_controllers_library/share/steering_controllers_library/environment/path.sh
[137.245s] -- Installing: /home/libok/um_file/install/steering_controllers_library/share/steering_controllers_library/environment/path.dsv
[137.245s] -- Installing: /home/libok/um_file/install/steering_controllers_library/share/steering_controllers_library/local_setup.bash
[137.245s] -- Installing: /home/libok/um_file/install/steering_controllers_library/share/steering_controllers_library/local_setup.sh
[137.245s] -- Installing: /home/libok/um_file/install/steering_controllers_library/share/steering_controllers_library/local_setup.zsh
[137.246s] -- Installing: /home/libok/um_file/install/steering_controllers_library/share/steering_controllers_library/local_setup.dsv
[137.246s] -- Installing: /home/libok/um_file/install/steering_controllers_library/share/steering_controllers_library/package.dsv
[137.246s] -- Installing: /home/libok/um_file/install/steering_controllers_library/share/ament_index/resource_index/packages/steering_controllers_library
[137.246s] -- Installing: /home/libok/um_file/install/steering_controllers_library/share/steering_controllers_library/cmake/export_steering_controllers_libraryExport.cmake
[137.246s] -- Installing: /home/libok/um_file/install/steering_controllers_library/share/steering_controllers_library/cmake/export_steering_controllers_libraryExport-noconfig.cmake
[137.246s] -- Installing: /home/libok/um_file/install/steering_controllers_library/share/steering_controllers_library/cmake/ament_cmake_export_dependencies-extras.cmake
[137.246s] -- Installing: /home/libok/um_file/install/steering_controllers_library/share/steering_controllers_library/cmake/ament_cmake_export_targets-extras.cmake
[137.247s] -- Installing: /home/libok/um_file/install/steering_controllers_library/share/steering_controllers_library/cmake/steering_controllers_libraryConfig.cmake
[137.247s] -- Installing: /home/libok/um_file/install/steering_controllers_library/share/steering_controllers_library/cmake/steering_controllers_libraryConfig-version.cmake
[137.247s] -- Installing: /home/libok/um_file/install/steering_controllers_library/share/steering_controllers_library/package.xml
[137.444s] Invoked command in '/home/libok/um_file/build/steering_controllers_library' returned '0': CMAKE_PREFIX_PATH=${CMAKE_PREFIX_PATH}:/opt/ros/humble /usr/local/bin/cmake --install /home/libok/um_file/build/steering_controllers_library
