[0mCMake Deprecation Warning at CMakeLists.txt:1 (cmake_minimum_required):
  Compatibility with CMake < 3.10 will be removed from a future version of
  CMake.

  Update the VERSION argument <min> value.  Or, use the <min>...<max> syntax
  to tell CMake that the project requires at least <min> but has been updated
  to work with policies introduced by <max> or earlier.

[0m
-- The C compiler identification is GNU 11.4.0
-- The CXX compiler identification is GNU 11.4.0
-- Detecting C compiler ABI info
-- Detecting C compiler ABI info - done
-- Check for working C compiler: /usr/bin/cc - skipped
-- Detecting C compile features
-- Detecting C compile features - done
-- Detecting CXX compiler ABI info
-- Detecting CXX compiler ABI info - done
-- Check for working CXX compiler: /usr/bin/c++ - skipped
-- Detecting CXX compile features
-- Detecting CXX compile features - done
-- Found ament_cmake: 1.3.12 (/opt/ros/humble/share/ament_cmake/cmake)
-- Found Python3: /usr/bin/python3 (found version "3.10.12") found components: Interpreter
-- Found controller_interface: 2.53.0 (/opt/ros/humble/share/controller_interface/cmake)
-- Found rosidl_generator_c: 3.1.8 (/opt/ros/humble/share/rosidl_generator_c/cmake)
-- Found rosidl_adapter: 3.1.8 (/opt/ros/humble/share/rosidl_adapter/cmake)
-- Found rosidl_generator_cpp: 3.1.8 (/opt/ros/humble/share/rosidl_generator_cpp/cmake)
-- Using all available rosidl_typesupport_c: rosidl_typesupport_fastrtps_c;rosidl_typesupport_introspection_c
-- Using all available rosidl_typesupport_cpp: rosidl_typesupport_fastrtps_cpp;rosidl_typesupport_introspection_cpp
-- Found rmw_implementation_cmake: 6.1.2 (/opt/ros/humble/share/rmw_implementation_cmake/cmake)
-- Found rmw_fastrtps_cpp: 6.2.9 (/opt/ros/humble/share/rmw_fastrtps_cpp/cmake)
-- Found TinyXML2 via Config file: TinyXML2_DIR-NOTFOUND
-- Found OpenSSL: /usr/lib/x86_64-linux-gnu/libcrypto.so (found version "3.0.2")
-- Found TinyXML2 via Config file: TinyXML2_DIR-NOTFOUND
-- Found FastRTPS: /opt/ros/humble/include
-- Found TinyXML2 via Config file: TinyXML2_DIR-NOTFOUND
-- Found TinyXML2 via Config file: TinyXML2_DIR-NOTFOUND
-- Using RMW implementation 'rmw_fastrtps_cpp' as default
-- Performing Test CMAKE_HAVE_LIBC_PTHREAD
-- Performing Test CMAKE_HAVE_LIBC_PTHREAD - Success
-- Found Threads: TRUE
-- Found realtime_tools: 2.15.0 (/opt/ros/humble/share/realtime_tools/cmake)
-- Found generate_parameter_library: 0.6.0 (/opt/ros/humble/share/generate_parameter_library/cmake)
-- Found parameter_traits: 0.6.0 (/opt/ros/humble/share/parameter_traits/cmake)
-- Found ament_cmake_gmock: 1.3.12 (/opt/ros/humble/share/ament_cmake_gmock/cmake)
-- Found controller_manager: 2.53.0 (/opt/ros/humble/share/controller_manager/cmake)
-- Found ros2_control_test_assets: 2.53.0 (/opt/ros/humble/share/ros2_control_test_assets/cmake)
-- Found gmock sources under '/opt/ros/humble/src/gmock_vendor': C++ tests using 'Google Mock' will be built
[0mCMake Deprecation Warning at /opt/ros/humble/src/gmock_vendor/CMakeLists.txt:2 (cmake_minimum_required):
  Compatibility with CMake < 3.10 will be removed from a future version of
  CMake.

  Update the VERSION argument <min> value.  Or, use the <min>...<max> syntax
  to tell CMake that the project requires at least <min> but has been updated
  to work with policies introduced by <max> or earlier.

[0m
-- Found ament_cmake_gtest: 1.3.12 (/opt/ros/humble/share/ament_cmake_gtest/cmake)
-- Found gtest sources under '/opt/ros/humble/src/gtest_vendor': C++ tests using 'Google Test' will be built
[0mCMake Deprecation Warning at /opt/ros/humble/src/gtest_vendor/CMakeLists.txt:2 (cmake_minimum_required):
  Compatibility with CMake < 3.10 will be removed from a future version of
  CMake.

  Update the VERSION argument <min> value.  Or, use the <min>...<max> syntax
  to tell CMake that the project requires at least <min> but has been updated
  to work with policies introduced by <max> or earlier.

[0m
-- Configuring done (2.5s)
-- Generating done (0.1s)
-- Build files have been written to: /home/libok/um_file/build/gpio_controllers
[  7%] [32mBuilding CXX object gmock/CMakeFiles/gmock.dir/opt/ros/humble/src/gtest_vendor/src/gtest-all.cc.o[0m
[ 15%] [32mBuilding CXX object gmock/CMakeFiles/gmock.dir/src/gmock-all.cc.o[0m
[ 23%] [34m[1mRunning `/opt/ros/humble/bin/generate_parameter_library_cpp /home/libok/um_file/build/gpio_controllers/include/gpio_controllers/gpio_command_controller_parameters.hpp /home/libok/um_file/ros2_controllers/gpio_controllers/src/gpio_command_controller_parameters.yaml `[0m
[ 30%] [32mBuilding CXX object gmock/CMakeFiles/gmock_main.dir/src/gmock_main.cc.o[0m
[ 38%] [34m[1mCreating deprecated header file /home/libok/um_file/build/gpio_controllers/include/gpio_command_controller_parameters.hpp[0m
[ 38%] Built target gpio_command_controller_parameters
[ 46%] [32mBuilding CXX object CMakeFiles/gpio_controllers.dir/src/gpio_command_controller.cpp.o[0m
[ 53%] [32m[1mLinking CXX static library libgmock_main.a[0m
[ 53%] Built target gmock_main
[ 61%] [32m[1mLinking CXX static library libgmock.a[0m
[ 61%] Built target gmock
[ 69%] [32m[1mLinking CXX shared library libgpio_controllers.so[0m
[ 69%] Built target gpio_controllers
[ 76%] [32mBuilding CXX object CMakeFiles/test_load_gpio_command_controller.dir/test/test_load_gpio_command_controller.cpp.o[0m
[ 84%] [32m[1mLinking CXX executable test_load_gpio_command_controller[0m
[ 84%] Built target test_load_gpio_command_controller
[ 92%] [32mBuilding CXX object CMakeFiles/test_gpio_command_controller.dir/test/test_gpio_command_controller.cpp.o[0m
[100%] [32m[1mLinking CXX executable test_gpio_command_controller[0m
[100%] Built target test_gpio_command_controller
-- Install configuration: ""
-- Installing: /home/libok/um_file/install/gpio_controllers/include/gpio_controllers
-- Installing: /home/libok/um_file/install/gpio_controllers/include/gpio_controllers/gpio_command_controller_parameters.hpp
-- Installing: /home/libok/um_file/install/gpio_controllers/share/gpio_controllers/gpio_controllers_plugin.xml
-- Up-to-date: /home/libok/um_file/install/gpio_controllers/include
-- Up-to-date: /home/libok/um_file/install/gpio_controllers/include/gpio_controllers
-- Installing: /home/libok/um_file/install/gpio_controllers/include/gpio_controllers/gpio_command_controller.hpp
-- Installing: /home/libok/um_file/install/gpio_controllers/include/gpio_controllers/visibility_control.h
-- Installing: /home/libok/um_file/install/gpio_controllers/lib/libgpio_controllers.so
-- Set non-toolchain portion of runtime path of "/home/libok/um_file/install/gpio_controllers/lib/libgpio_controllers.so" to ""
-- Installing: /home/libok/um_file/install/gpio_controllers/share/gpio_controllers/environment/library_path.sh
-- Installing: /home/libok/um_file/install/gpio_controllers/share/gpio_controllers/environment/library_path.dsv
-- Installing: /home/libok/um_file/install/gpio_controllers/share/ament_index/resource_index/package_run_dependencies/gpio_controllers
-- Installing: /home/libok/um_file/install/gpio_controllers/share/ament_index/resource_index/parent_prefix_path/gpio_controllers
-- Installing: /home/libok/um_file/install/gpio_controllers/share/gpio_controllers/environment/ament_prefix_path.sh
-- Installing: /home/libok/um_file/install/gpio_controllers/share/gpio_controllers/environment/ament_prefix_path.dsv
-- Installing: /home/libok/um_file/install/gpio_controllers/share/gpio_controllers/environment/path.sh
-- Installing: /home/libok/um_file/install/gpio_controllers/share/gpio_controllers/environment/path.dsv
-- Installing: /home/libok/um_file/install/gpio_controllers/share/gpio_controllers/local_setup.bash
-- Installing: /home/libok/um_file/install/gpio_controllers/share/gpio_controllers/local_setup.sh
-- Installing: /home/libok/um_file/install/gpio_controllers/share/gpio_controllers/local_setup.zsh
-- Installing: /home/libok/um_file/install/gpio_controllers/share/gpio_controllers/local_setup.dsv
-- Installing: /home/libok/um_file/install/gpio_controllers/share/gpio_controllers/package.dsv
-- Installing: /home/libok/um_file/install/gpio_controllers/share/ament_index/resource_index/packages/gpio_controllers
-- Installing: /home/libok/um_file/install/gpio_controllers/share/ament_index/resource_index/controller_interface__pluginlib__plugin/gpio_controllers
-- Installing: /home/libok/um_file/install/gpio_controllers/share/gpio_controllers/cmake/ament_cmake_export_dependencies-extras.cmake
-- Installing: /home/libok/um_file/install/gpio_controllers/share/gpio_controllers/cmake/ament_cmake_export_include_directories-extras.cmake
-- Installing: /home/libok/um_file/install/gpio_controllers/share/gpio_controllers/cmake/ament_cmake_export_libraries-extras.cmake
-- Installing: /home/libok/um_file/install/gpio_controllers/share/gpio_controllers/cmake/gpio_controllersConfig.cmake
-- Installing: /home/libok/um_file/install/gpio_controllers/share/gpio_controllers/cmake/gpio_controllersConfig-version.cmake
-- Installing: /home/libok/um_file/install/gpio_controllers/share/gpio_controllers/package.xml
