[0.041s] Invoking command in '/home/libok/um_file/build/gpio_controllers': CMAKE_PREFIX_PATH=${CMAKE_PREFIX_PATH}:/opt/ros/humble /usr/local/bin/cmake /home/libok/um_file/ros2_controllers/gpio_controllers -DCMAKE_INSTALL_PREFIX=/home/libok/um_file/install/gpio_controllers
[0.092s] [0mCMake Deprecation Warning at CMakeLists.txt:1 (cmake_minimum_required):
[0.093s]   Compatibility with CMake < 3.10 will be removed from a future version of
[0.093s]   CMake.
[0.093s] 
[0.093s]   Update the VERSION argument <min> value.  Or, use the <min>...<max> syntax
[0.093s]   to tell CMake that the project requires at least <min> but has been updated
[0.093s]   to work with policies introduced by <max> or earlier.
[0.093s] 
[0.093s] [0m
[0.109s] -- The C compiler identification is GNU 11.4.0
[0.217s] -- The CXX compiler identification is GNU 11.4.0
[0.232s] -- Detecting C compiler ABI info
[0.342s] -- Detecting C compiler ABI info - done
[0.374s] -- Check for working C compiler: /usr/bin/cc - skipped
[0.376s] -- Detecting C compile features
[0.377s] -- Detecting C compile features - done
[0.391s] -- Detecting CXX compiler ABI info
[0.534s] -- Detecting CXX compiler ABI info - done
[0.573s] -- Check for working CXX compiler: /usr/bin/c++ - skipped
[0.573s] -- Detecting CXX compile features
[0.574s] -- Detecting CXX compile features - done
[0.593s] -- Found ament_cmake: 1.3.12 (/opt/ros/humble/share/ament_cmake/cmake)
[0.897s] -- Found Python3: /usr/bin/python3 (found version "3.10.12") found components: Interpreter
[1.155s] -- Found controller_interface: 2.53.0 (/opt/ros/humble/share/controller_interface/cmake)
[1.286s] -- Found rosidl_generator_c: 3.1.8 (/opt/ros/humble/share/rosidl_generator_c/cmake)
[1.293s] -- Found rosidl_adapter: 3.1.8 (/opt/ros/humble/share/rosidl_adapter/cmake)
[1.310s] -- Found rosidl_generator_cpp: 3.1.8 (/opt/ros/humble/share/rosidl_generator_cpp/cmake)
[1.332s] -- Using all available rosidl_typesupport_c: rosidl_typesupport_fastrtps_c;rosidl_typesupport_introspection_c
[1.359s] -- Using all available rosidl_typesupport_cpp: rosidl_typesupport_fastrtps_cpp;rosidl_typesupport_introspection_cpp
[1.714s] -- Found rmw_implementation_cmake: 6.1.2 (/opt/ros/humble/share/rmw_implementation_cmake/cmake)
[1.719s] -- Found rmw_fastrtps_cpp: 6.2.9 (/opt/ros/humble/share/rmw_fastrtps_cpp/cmake)
[1.757s] -- Found TinyXML2 via Config file: TinyXML2_DIR-NOTFOUND
[1.887s] -- Found OpenSSL: /usr/lib/x86_64-linux-gnu/libcrypto.so (found version "3.0.2")
[1.890s] -- Found TinyXML2 via Config file: TinyXML2_DIR-NOTFOUND
[1.926s] -- Found FastRTPS: /opt/ros/humble/include
[1.932s] -- Found TinyXML2 via Config file: TinyXML2_DIR-NOTFOUND
[1.945s] -- Found TinyXML2 via Config file: TinyXML2_DIR-NOTFOUND
[1.970s] -- Using RMW implementation 'rmw_fastrtps_cpp' as default
[1.980s] -- Performing Test CMAKE_HAVE_LIBC_PTHREAD
[2.103s] -- Performing Test CMAKE_HAVE_LIBC_PTHREAD - Success
[2.105s] -- Found Threads: TRUE
[2.221s] -- Found realtime_tools: 2.15.0 (/opt/ros/humble/share/realtime_tools/cmake)
[2.246s] -- Found generate_parameter_library: 0.6.0 (/opt/ros/humble/share/generate_parameter_library/cmake)
[2.249s] -- Found parameter_traits: 0.6.0 (/opt/ros/humble/share/parameter_traits/cmake)
[2.288s] -- Found ament_cmake_gmock: 1.3.12 (/opt/ros/humble/share/ament_cmake_gmock/cmake)
[2.290s] -- Found controller_manager: 2.53.0 (/opt/ros/humble/share/controller_manager/cmake)
[2.335s] -- Found ros2_control_test_assets: 2.53.0 (/opt/ros/humble/share/ros2_control_test_assets/cmake)
[2.339s] -- Found gmock sources under '/opt/ros/humble/src/gmock_vendor': C++ tests using 'Google Mock' will be built
[2.341s] [0mCMake Deprecation Warning at /opt/ros/humble/src/gmock_vendor/CMakeLists.txt:2 (cmake_minimum_required):
[2.341s]   Compatibility with CMake < 3.10 will be removed from a future version of
[2.342s]   CMake.
[2.342s] 
[2.342s]   Update the VERSION argument <min> value.  Or, use the <min>...<max> syntax
[2.342s]   to tell CMake that the project requires at least <min> but has been updated
[2.342s]   to work with policies introduced by <max> or earlier.
[2.342s] 
[2.342s] [0m
[2.346s] -- Found ament_cmake_gtest: 1.3.12 (/opt/ros/humble/share/ament_cmake_gtest/cmake)
[2.348s] -- Found gtest sources under '/opt/ros/humble/src/gtest_vendor': C++ tests using 'Google Test' will be built
[2.353s] [0mCMake Deprecation Warning at /opt/ros/humble/src/gtest_vendor/CMakeLists.txt:2 (cmake_minimum_required):
[2.353s]   Compatibility with CMake < 3.10 will be removed from a future version of
[2.354s]   CMake.
[2.354s] 
[2.354s]   Update the VERSION argument <min> value.  Or, use the <min>...<max> syntax
[2.354s]   to tell CMake that the project requires at least <min> but has been updated
[2.354s]   to work with policies introduced by <max> or earlier.
[2.354s] 
[2.354s] [0m
[2.548s] -- Configuring done (2.5s)
[2.615s] -- Generating done (0.1s)
[2.628s] -- Build files have been written to: /home/libok/um_file/build/gpio_controllers
[2.670s] Invoked command in '/home/libok/um_file/build/gpio_controllers' returned '0': CMAKE_PREFIX_PATH=${CMAKE_PREFIX_PATH}:/opt/ros/humble /usr/local/bin/cmake /home/libok/um_file/ros2_controllers/gpio_controllers -DCMAKE_INSTALL_PREFIX=/home/libok/um_file/install/gpio_controllers
[2.670s] Invoking command in '/home/libok/um_file/build/gpio_controllers': CMAKE_PREFIX_PATH=${CMAKE_PREFIX_PATH}:/opt/ros/humble /usr/local/bin/cmake --build /home/libok/um_file/build/gpio_controllers -- -j18 -l18
[3.339s] [  7%] [32mBuilding CXX object gmock/CMakeFiles/gmock.dir/opt/ros/humble/src/gtest_vendor/src/gtest-all.cc.o[0m
[3.339s] [ 15%] [32mBuilding CXX object gmock/CMakeFiles/gmock.dir/src/gmock-all.cc.o[0m
[3.340s] [ 23%] [34m[1mRunning `/opt/ros/humble/bin/generate_parameter_library_cpp /home/libok/um_file/build/gpio_controllers/include/gpio_controllers/gpio_command_controller_parameters.hpp /home/libok/um_file/ros2_controllers/gpio_controllers/src/gpio_command_controller_parameters.yaml `[0m
[3.340s] [ 30%] [32mBuilding CXX object gmock/CMakeFiles/gmock_main.dir/src/gmock_main.cc.o[0m
[6.315s] [ 38%] [34m[1mCreating deprecated header file /home/libok/um_file/build/gpio_controllers/include/gpio_command_controller_parameters.hpp[0m
[6.360s] [ 38%] Built target gpio_command_controller_parameters
[6.437s] [ 46%] [32mBuilding CXX object CMakeFiles/gpio_controllers.dir/src/gpio_command_controller.cpp.o[0m
[6.847s] [ 53%] [32m[1mLinking CXX static library libgmock_main.a[0m
[7.194s] [ 53%] Built target gmock_main
[37.150s] [ 61%] [32m[1mLinking CXX static library libgmock.a[0m
[38.382s] [ 61%] Built target gmock
[65.115s] [ 69%] [32m[1mLinking CXX shared library libgpio_controllers.so[0m
[66.824s] [ 69%] Built target gpio_controllers
[66.924s] [ 76%] [32mBuilding CXX object CMakeFiles/test_load_gpio_command_controller.dir/test/test_load_gpio_command_controller.cpp.o[0m
[83.562s] [ 84%] [32m[1mLinking CXX executable test_load_gpio_command_controller[0m
[84.704s] [ 84%] Built target test_load_gpio_command_controller
[84.765s] [ 92%] [32mBuilding CXX object CMakeFiles/test_gpio_command_controller.dir/test/test_gpio_command_controller.cpp.o[0m
[137.289s] [100%] [32m[1mLinking CXX executable test_gpio_command_controller[0m
[139.777s] [100%] Built target test_gpio_command_controller
[139.934s] Invoked command in '/home/libok/um_file/build/gpio_controllers' returned '0': CMAKE_PREFIX_PATH=${CMAKE_PREFIX_PATH}:/opt/ros/humble /usr/local/bin/cmake --build /home/libok/um_file/build/gpio_controllers -- -j18 -l18
[139.945s] Invoking command in '/home/libok/um_file/build/gpio_controllers': CMAKE_PREFIX_PATH=${CMAKE_PREFIX_PATH}:/opt/ros/humble /usr/local/bin/cmake --install /home/libok/um_file/build/gpio_controllers
[155.084s] -- Install configuration: ""
[155.085s] -- Installing: /home/libok/um_file/install/gpio_controllers/include/gpio_controllers
[155.085s] -- Installing: /home/libok/um_file/install/gpio_controllers/include/gpio_controllers/gpio_command_controller_parameters.hpp
[155.088s] -- Installing: /home/libok/um_file/install/gpio_controllers/share/gpio_controllers/gpio_controllers_plugin.xml
[155.089s] -- Up-to-date: /home/libok/um_file/install/gpio_controllers/include
[155.089s] -- Up-to-date: /home/libok/um_file/install/gpio_controllers/include/gpio_controllers
[155.089s] -- Installing: /home/libok/um_file/install/gpio_controllers/include/gpio_controllers/gpio_command_controller.hpp
[155.090s] -- Installing: /home/libok/um_file/install/gpio_controllers/include/gpio_controllers/visibility_control.h
[155.090s] -- Installing: /home/libok/um_file/install/gpio_controllers/lib/libgpio_controllers.so
[155.097s] -- Set non-toolchain portion of runtime path of "/home/libok/um_file/install/gpio_controllers/lib/libgpio_controllers.so" to ""
[155.097s] -- Installing: /home/libok/um_file/install/gpio_controllers/share/gpio_controllers/environment/library_path.sh
[155.097s] -- Installing: /home/libok/um_file/install/gpio_controllers/share/gpio_controllers/environment/library_path.dsv
[155.098s] -- Installing: /home/libok/um_file/install/gpio_controllers/share/ament_index/resource_index/package_run_dependencies/gpio_controllers
[155.098s] -- Installing: /home/libok/um_file/install/gpio_controllers/share/ament_index/resource_index/parent_prefix_path/gpio_controllers
[155.098s] -- Installing: /home/libok/um_file/install/gpio_controllers/share/gpio_controllers/environment/ament_prefix_path.sh
[155.099s] -- Installing: /home/libok/um_file/install/gpio_controllers/share/gpio_controllers/environment/ament_prefix_path.dsv
[155.099s] -- Installing: /home/libok/um_file/install/gpio_controllers/share/gpio_controllers/environment/path.sh
[155.099s] -- Installing: /home/libok/um_file/install/gpio_controllers/share/gpio_controllers/environment/path.dsv
[155.104s] -- Installing: /home/libok/um_file/install/gpio_controllers/share/gpio_controllers/local_setup.bash
[155.105s] -- Installing: /home/libok/um_file/install/gpio_controllers/share/gpio_controllers/local_setup.sh
[155.105s] -- Installing: /home/libok/um_file/install/gpio_controllers/share/gpio_controllers/local_setup.zsh
[155.105s] -- Installing: /home/libok/um_file/install/gpio_controllers/share/gpio_controllers/local_setup.dsv
[155.106s] -- Installing: /home/libok/um_file/install/gpio_controllers/share/gpio_controllers/package.dsv
[155.106s] -- Installing: /home/libok/um_file/install/gpio_controllers/share/ament_index/resource_index/packages/gpio_controllers
[155.107s] -- Installing: /home/libok/um_file/install/gpio_controllers/share/ament_index/resource_index/controller_interface__pluginlib__plugin/gpio_controllers
[155.107s] -- Installing: /home/libok/um_file/install/gpio_controllers/share/gpio_controllers/cmake/ament_cmake_export_dependencies-extras.cmake
[155.107s] -- Installing: /home/libok/um_file/install/gpio_controllers/share/gpio_controllers/cmake/ament_cmake_export_include_directories-extras.cmake
[155.108s] -- Installing: /home/libok/um_file/install/gpio_controllers/share/gpio_controllers/cmake/ament_cmake_export_libraries-extras.cmake
[155.108s] -- Installing: /home/libok/um_file/install/gpio_controllers/share/gpio_controllers/cmake/gpio_controllersConfig.cmake
[155.111s] -- Installing: /home/libok/um_file/install/gpio_controllers/share/gpio_controllers/cmake/gpio_controllersConfig-version.cmake
[155.112s] -- Installing: /home/libok/um_file/install/gpio_controllers/share/gpio_controllers/package.xml
[155.179s] Invoked command in '/home/libok/um_file/build/gpio_controllers' returned '0': CMAKE_PREFIX_PATH=${CMAKE_PREFIX_PATH}:/opt/ros/humble /usr/local/bin/cmake --install /home/libok/um_file/build/gpio_controllers
