[0.040s] Invoking command in '/home/libok/um_file/build/ros2srrc_ur5e': CMAKE_PREFIX_PATH=${CMAKE_PREFIX_PATH}:/opt/ros/humble /usr/local/bin/cmake /home/libok/um_file/packages/ros2srrc_ur5e -DCMAKE_INSTALL_PREFIX=/home/libok/um_file/install/ros2srrc_ur5e
[2.225s] -- The C compiler identification is GNU 11.4.0
[2.225s] -- The CXX compiler identification is GNU 11.4.0
[2.225s] -- Detecting C compiler ABI info
[2.226s] -- Detecting C compiler ABI info - done
[2.228s] -- Check for working C compiler: /usr/bin/cc - skipped
[2.228s] -- Detecting C compile features
[2.228s] -- Detecting C compile features - done
[2.228s] -- Detecting CXX compiler ABI info
[2.229s] -- Detecting CXX compiler ABI info - done
[2.229s] -- Check for working CXX compiler: /usr/bin/c++ - skipped
[2.229s] -- Detecting CXX compile features
[2.229s] -- Detecting CXX compile features - done
[2.229s] -- Found ament_cmake: 1.3.12 (/opt/ros/humble/share/ament_cmake/cmake)
[2.229s] -- Found Python3: /usr/bin/python3 (found version "3.10.12") found components: Interpreter
[2.229s] -- Found ament_lint_auto: 0.12.14 (/opt/ros/humble/share/ament_lint_auto/cmake)
[2.229s] -- Added test 'copyright' to check source files copyright and LICENSE
[2.230s] -- Added test 'lint_cmake' to check CMake code style
[2.230s] -- Added test 'xmllint' to check XML markup files
[2.230s] -- Configuring done (2.1s)
[2.230s] -- Generating done (0.0s)
[2.230s] -- Build files have been written to: /home/libok/um_file/build/ros2srrc_ur5e
[2.230s] [0mCMake Deprecation Warning at CMakeLists.txt:1 (cmake_minimum_required):
[2.231s]   Compatibility with CMake < 3.10 will be removed from a future version of
[2.231s]   CMake.
[2.231s] 
[2.231s]   Update the VERSION argument <min> value.  Or, use the <min>...<max> syntax
[2.231s]   to tell CMake that the project requires at least <min> but has been updated
[2.231s]   to work with policies introduced by <max> or earlier.
[2.231s] 
[2.232s] [0m
[2.232s] Invoked command in '/home/libok/um_file/build/ros2srrc_ur5e' returned '0': CMAKE_PREFIX_PATH=${CMAKE_PREFIX_PATH}:/opt/ros/humble /usr/local/bin/cmake /home/libok/um_file/packages/ros2srrc_ur5e -DCMAKE_INSTALL_PREFIX=/home/libok/um_file/install/ros2srrc_ur5e
[2.235s] Invoking command in '/home/libok/um_file/build/ros2srrc_ur5e': CMAKE_PREFIX_PATH=${CMAKE_PREFIX_PATH}:/opt/ros/humble /usr/local/bin/cmake --build /home/libok/um_file/build/ros2srrc_ur5e -- -j18 -l18
[2.289s] Invoked command in '/home/libok/um_file/build/ros2srrc_ur5e' returned '0': CMAKE_PREFIX_PATH=${CMAKE_PREFIX_PATH}:/opt/ros/humble /usr/local/bin/cmake --build /home/libok/um_file/build/ros2srrc_ur5e -- -j18 -l18
[2.295s] Invoking command in '/home/libok/um_file/build/ros2srrc_ur5e': CMAKE_PREFIX_PATH=${CMAKE_PREFIX_PATH}:/opt/ros/humble /usr/local/bin/cmake --install /home/libok/um_file/build/ros2srrc_ur5e
[2.308s] -- Install configuration: ""
[2.308s] -- Installing: /home/libok/um_file/install/ros2srrc_ur5e/share/ros2srrc_ur5e/config
[2.308s] -- Installing: /home/libok/um_file/install/ros2srrc_ur5e/share/ros2srrc_ur5e/config/configurations.yaml
[2.309s] -- Installing: /home/libok/um_file/install/ros2srrc_ur5e/share/ros2srrc_ur5e/urdf
[2.309s] -- Installing: /home/libok/um_file/install/ros2srrc_ur5e/share/ros2srrc_ur5e/urdf/ur5e_robotiq_hande.urdf.xacro
[2.309s] -- Installing: /home/libok/um_file/install/ros2srrc_ur5e/share/ros2srrc_ur5e/urdf/ur5e_robotiq_2f85.urdf.xacro
[2.309s] -- Installing: /home/libok/um_file/install/ros2srrc_ur5e/share/ros2srrc_ur5e/urdf/ur5e.urdf.xacro
[2.309s] -- Installing: /home/libok/um_file/install/ros2srrc_ur5e/share/ament_index/resource_index/package_run_dependencies/ros2srrc_ur5e
[2.309s] -- Installing: /home/libok/um_file/install/ros2srrc_ur5e/share/ament_index/resource_index/parent_prefix_path/ros2srrc_ur5e
[2.310s] -- Installing: /home/libok/um_file/install/ros2srrc_ur5e/share/ros2srrc_ur5e/environment/ament_prefix_path.sh
[2.310s] -- Installing: /home/libok/um_file/install/ros2srrc_ur5e/share/ros2srrc_ur5e/environment/ament_prefix_path.dsv
[2.310s] -- Installing: /home/libok/um_file/install/ros2srrc_ur5e/share/ros2srrc_ur5e/environment/path.sh
[2.311s] -- Installing: /home/libok/um_file/install/ros2srrc_ur5e/share/ros2srrc_ur5e/environment/path.dsv
[2.311s] -- Installing: /home/libok/um_file/install/ros2srrc_ur5e/share/ros2srrc_ur5e/local_setup.bash
[2.311s] -- Installing: /home/libok/um_file/install/ros2srrc_ur5e/share/ros2srrc_ur5e/local_setup.sh
[2.311s] -- Installing: /home/libok/um_file/install/ros2srrc_ur5e/share/ros2srrc_ur5e/local_setup.zsh
[2.311s] -- Installing: /home/libok/um_file/install/ros2srrc_ur5e/share/ros2srrc_ur5e/local_setup.dsv
[2.311s] -- Installing: /home/libok/um_file/install/ros2srrc_ur5e/share/ros2srrc_ur5e/package.dsv
[2.312s] -- Installing: /home/libok/um_file/install/ros2srrc_ur5e/share/ament_index/resource_index/packages/ros2srrc_ur5e
[2.312s] -- Installing: /home/libok/um_file/install/ros2srrc_ur5e/share/ros2srrc_ur5e/cmake/ros2srrc_ur5eConfig.cmake
[2.312s] -- Installing: /home/libok/um_file/install/ros2srrc_ur5e/share/ros2srrc_ur5e/cmake/ros2srrc_ur5eConfig-version.cmake
[2.312s] -- Installing: /home/libok/um_file/install/ros2srrc_ur5e/share/ros2srrc_ur5e/package.xml
[2.323s] Invoked command in '/home/libok/um_file/build/ros2srrc_ur5e' returned '0': CMAKE_PREFIX_PATH=${CMAKE_PREFIX_PATH}:/opt/ros/humble /usr/local/bin/cmake --install /home/libok/um_file/build/ros2srrc_ur5e
