-- The C compiler identification is GNU 11.4.0
-- The CXX compiler identification is GNU 11.4.0
-- Detecting C compiler ABI info
-- Detecting C compiler ABI info - done
-- Check for working C compiler: /usr/bin/cc - skipped
-- Detecting C compile features
-- Detecting C compile features - done
-- Detecting CXX compiler ABI info
-- Detecting CXX compiler ABI info - done
-- Check for working CXX compiler: /usr/bin/c++ - skipped
-- Detecting CXX compile features
-- Detecting CXX compile features - done
-- Found ament_cmake: 1.3.12 (/opt/ros/humble/share/ament_cmake/cmake)
-- Found Python3: /usr/bin/python3 (found version "3.10.12") found components: Interpreter
-- Found ament_lint_auto: 0.12.14 (/opt/ros/humble/share/ament_lint_auto/cmake)
-- Found rosidl_default_generators: 1.2.0 (/opt/ros/humble/share/rosidl_default_generators/cmake)
-- Using all available rosidl_typesupport_c: rosidl_typesupport_fastrtps_c;rosidl_typesupport_introspection_c
-- Found rosidl_adapter: 3.1.8 (/opt/ros/humble/share/rosidl_adapter/cmake)
-- Using all available rosidl_typesupport_cpp: rosidl_typesupport_fastrtps_cpp;rosidl_typesupport_introspection_cpp
-- Found ament_cmake_ros: 0.10.0 (/opt/ros/humble/share/ament_cmake_ros/cmake)
-- Using all available rosidl_typesupport_c: rosidl_typesupport_fastrtps_c;rosidl_typesupport_introspection_c
-- Using all available rosidl_typesupport_cpp: rosidl_typesupport_fastrtps_cpp;rosidl_typesupport_introspection_cpp
-- Found PythonInterp: /usr/bin/python3 (found suitable version "3.10.12", minimum required is "3.6")
-- Found python_cmake_module: 0.10.0 (/opt/ros/humble/share/python_cmake_module/cmake)
-- Found PythonLibs: /usr/lib/x86_64-linux-gnu/libpython3.10.so (found suitable version "3.10.12", minimum required is "3.5")
-- Using PYTHON_EXECUTABLE: /usr/bin/python3
-- Using PYTHON_INCLUDE_DIRS: /usr/include/python3.10
-- Using PYTHON_LIBRARIES: /usr/lib/x86_64-linux-gnu/libpython3.10.so
-- Found PythonExtra: .so
-- Added test 'copyright' to check source files copyright and LICENSE
-- Added test 'lint_cmake' to check CMake code style
-- Added test 'xmllint' to check XML markup files
-- Configuring done (9.1s)
-- Generating done (0.2s)
-- Build files have been written to: /home/libok/um_file/build/ros2srrc_data
[0mCMake Deprecation Warning at CMakeLists.txt:1 (cmake_minimum_required):
  Compatibility with CMake < 3.10 will be removed from a future version of
  CMake.

  Update the VERSION argument <min> value.  Or, use the <min>...<max> syntax
  to tell CMake that the project requires at least <min> but has been updated
  to work with policies introduced by <max> or earlier.

[0m
[33mCMake Warning (dev) at /opt/ros/humble/share/rosidl_generator_py/cmake/rosidl_generator_py_generate_interfaces.cmake:20 (find_package):
  Policy CMP0148 is not set: The FindPythonInterp and FindPythonLibs modules
  are removed.  Run "cmake --help-policy CMP0148" for policy details.  Use
  the cmake_policy command to set the policy and suppress this warning.

Call Stack (most recent call first):
  /opt/ros/humble/share/ament_cmake_core/cmake/core/ament_execute_extensions.cmake:48 (include)
  /opt/ros/humble/share/rosidl_cmake/cmake/rosidl_generate_interfaces.cmake:286 (ament_execute_extensions)
  CMakeLists.txt:47 (rosidl_generate_interfaces)
This warning is for project developers.  Use -Wno-dev to suppress it.
[0m
[33mCMake Warning (dev) at /opt/ros/humble/share/python_cmake_module/cmake/Modules/FindPythonExtra.cmake:52 (find_package):
  Policy CMP0148 is not set: The FindPythonInterp and FindPythonLibs modules
  are removed.  Run "cmake --help-policy CMP0148" for policy details.  Use
  the cmake_policy command to set the policy and suppress this warning.

Call Stack (most recent call first):
  /opt/ros/humble/share/rosidl_generator_py/cmake/rosidl_generator_py_generate_interfaces.cmake:23 (find_package)
  /opt/ros/humble/share/ament_cmake_core/cmake/core/ament_execute_extensions.cmake:48 (include)
  /opt/ros/humble/share/rosidl_cmake/cmake/rosidl_generate_interfaces.cmake:286 (ament_execute_extensions)
  CMakeLists.txt:47 (rosidl_generate_interfaces)
This warning is for project developers.  Use -Wno-dev to suppress it.
[0m
[33mCMake Warning (dev) at /opt/ros/humble/share/python_cmake_module/cmake/Modules/FindPythonExtra.cmake:140 (find_package):
  Policy CMP0148 is not set: The FindPythonInterp and FindPythonLibs modules
  are removed.  Run "cmake --help-policy CMP0148" for policy details.  Use
  the cmake_policy command to set the policy and suppress this warning.

Call Stack (most recent call first):
  /opt/ros/humble/share/rosidl_generator_py/cmake/rosidl_generator_py_generate_interfaces.cmake:23 (find_package)
  /opt/ros/humble/share/ament_cmake_core/cmake/core/ament_execute_extensions.cmake:48 (include)
  /opt/ros/humble/share/rosidl_cmake/cmake/rosidl_generate_interfaces.cmake:286 (ament_execute_extensions)
  CMakeLists.txt:47 (rosidl_generate_interfaces)
This warning is for project developers.  Use -Wno-dev to suppress it.
[0m
[  0%] [34m[1mGenerating C++ code for ROS interfaces[0m
[  0%] Built target ros2srrc_data__cpp
[  0%] Built target ament_cmake_python_copy_ros2srrc_data
[  0%] [34m[1mGenerating C++ introspection for ROS interfaces[0m
[  1%] [32mBuilding CXX object CMakeFiles/ros2srrc_data__rosidl_typesupport_introspection_cpp.dir/rosidl_typesupport_introspection_cpp/ros2srrc_data/msg/detail/specs__type_support.cpp.o[0m
[  2%] [32mBuilding CXX object CMakeFiles/ros2srrc_data__rosidl_typesupport_introspection_cpp.dir/rosidl_typesupport_introspection_cpp/ros2srrc_data/action/detail/robmove__type_support.cpp.o[0m
[  3%] [32mBuilding CXX object CMakeFiles/ros2srrc_data__rosidl_typesupport_introspection_cpp.dir/rosidl_typesupport_introspection_cpp/ros2srrc_data/action/detail/sequence__type_support.cpp.o[0m
[  4%] [32mBuilding CXX object CMakeFiles/ros2srrc_data__rosidl_typesupport_introspection_cpp.dir/rosidl_typesupport_introspection_cpp/ros2srrc_data/action/detail/move__type_support.cpp.o[0m
[  4%] [32mBuilding CXX object CMakeFiles/ros2srrc_data__rosidl_typesupport_introspection_cpp.dir/rosidl_typesupport_introspection_cpp/ros2srrc_data/msg/detail/robpose__type_support.cpp.o[0m
[  5%] [32mBuilding CXX object CMakeFiles/ros2srrc_data__rosidl_typesupport_introspection_cpp.dir/rosidl_typesupport_introspection_cpp/ros2srrc_data/msg/detail/linkattacher__type_support.cpp.o[0m
[  6%] [32mBuilding CXX object CMakeFiles/ros2srrc_data__rosidl_typesupport_introspection_cpp.dir/rosidl_typesupport_introspection_cpp/ros2srrc_data/msg/detail/action__type_support.cpp.o[0m
[  7%] [32mBuilding CXX object CMakeFiles/ros2srrc_data__rosidl_typesupport_introspection_cpp.dir/rosidl_typesupport_introspection_cpp/ros2srrc_data/msg/detail/ypr__type_support.cpp.o[0m
[  8%] [32mBuilding CXX object CMakeFiles/ros2srrc_data__rosidl_typesupport_introspection_cpp.dir/rosidl_typesupport_introspection_cpp/ros2srrc_data/msg/detail/xyzypr__type_support.cpp.o[0m
[  8%] [32mBuilding CXX object CMakeFiles/ros2srrc_data__rosidl_typesupport_introspection_cpp.dir/rosidl_typesupport_introspection_cpp/ros2srrc_data/msg/detail/xyz__type_support.cpp.o[0m
[  9%] [32mBuilding CXX object CMakeFiles/ros2srrc_data__rosidl_typesupport_introspection_cpp.dir/rosidl_typesupport_introspection_cpp/ros2srrc_data/msg/detail/joints__type_support.cpp.o[0m
[ 10%] [32mBuilding CXX object CMakeFiles/ros2srrc_data__rosidl_typesupport_introspection_cpp.dir/rosidl_typesupport_introspection_cpp/ros2srrc_data/msg/detail/joint__type_support.cpp.o[0m
[ 11%] [32mBuilding CXX object CMakeFiles/ros2srrc_data__rosidl_typesupport_introspection_cpp.dir/rosidl_typesupport_introspection_cpp/ros2srrc_data/msg/detail/robmove__type_support.cpp.o[0m
[ 12%] [32m[1mLinking CXX shared library libros2srrc_data__rosidl_typesupport_introspection_cpp.so[0m
[ 12%] Built target ros2srrc_data__rosidl_typesupport_introspection_cpp
running egg_info
creating ros2srrc_data.egg-info
writing ros2srrc_data.egg-info/PKG-INFO
writing dependency_links to ros2srrc_data.egg-info/dependency_links.txt
writing top-level names to ros2srrc_data.egg-info/top_level.txt
writing manifest file 'ros2srrc_data.egg-info/SOURCES.txt'
reading manifest file 'ros2srrc_data.egg-info/SOURCES.txt'
writing manifest file 'ros2srrc_data.egg-info/SOURCES.txt'
[ 12%] Built target ament_cmake_python_build_ros2srrc_data_egg
[ 13%] [34m[1mGenerating C++ type support for eProsima Fast-RTPS[0m
[ 14%] [32mBuilding CXX object CMakeFiles/ros2srrc_data__rosidl_typesupport_fastrtps_cpp.dir/rosidl_typesupport_fastrtps_cpp/ros2srrc_data/msg/detail/dds_fastrtps/specs__type_support.cpp.o[0m
[ 15%] [32mBuilding CXX object CMakeFiles/ros2srrc_data__rosidl_typesupport_fastrtps_cpp.dir/rosidl_typesupport_fastrtps_cpp/ros2srrc_data/action/detail/dds_fastrtps/robmove__type_support.cpp.o[0m
[ 16%] [32mBuilding CXX object CMakeFiles/ros2srrc_data__rosidl_typesupport_fastrtps_cpp.dir/rosidl_typesupport_fastrtps_cpp/ros2srrc_data/action/detail/dds_fastrtps/sequence__type_support.cpp.o[0m
[ 17%] [32mBuilding CXX object CMakeFiles/ros2srrc_data__rosidl_typesupport_fastrtps_cpp.dir/rosidl_typesupport_fastrtps_cpp/ros2srrc_data/action/detail/dds_fastrtps/move__type_support.cpp.o[0m
[ 18%] [32mBuilding CXX object CMakeFiles/ros2srrc_data__rosidl_typesupport_fastrtps_cpp.dir/rosidl_typesupport_fastrtps_cpp/ros2srrc_data/msg/detail/dds_fastrtps/robpose__type_support.cpp.o[0m
[ 18%] [32mBuilding CXX object CMakeFiles/ros2srrc_data__rosidl_typesupport_fastrtps_cpp.dir/rosidl_typesupport_fastrtps_cpp/ros2srrc_data/msg/detail/dds_fastrtps/linkattacher__type_support.cpp.o[0m
[ 19%] [32mBuilding CXX object CMakeFiles/ros2srrc_data__rosidl_typesupport_fastrtps_cpp.dir/rosidl_typesupport_fastrtps_cpp/ros2srrc_data/msg/detail/dds_fastrtps/action__type_support.cpp.o[0m
[ 20%] [32mBuilding CXX object CMakeFiles/ros2srrc_data__rosidl_typesupport_fastrtps_cpp.dir/rosidl_typesupport_fastrtps_cpp/ros2srrc_data/msg/detail/dds_fastrtps/ypr__type_support.cpp.o[0m
[ 21%] [32mBuilding CXX object CMakeFiles/ros2srrc_data__rosidl_typesupport_fastrtps_cpp.dir/rosidl_typesupport_fastrtps_cpp/ros2srrc_data/msg/detail/dds_fastrtps/xyzypr__type_support.cpp.o[0m
[ 22%] [32mBuilding CXX object CMakeFiles/ros2srrc_data__rosidl_typesupport_fastrtps_cpp.dir/rosidl_typesupport_fastrtps_cpp/ros2srrc_data/msg/detail/dds_fastrtps/xyz__type_support.cpp.o[0m
[ 22%] [32mBuilding CXX object CMakeFiles/ros2srrc_data__rosidl_typesupport_fastrtps_cpp.dir/rosidl_typesupport_fastrtps_cpp/ros2srrc_data/msg/detail/dds_fastrtps/joints__type_support.cpp.o[0m
[ 23%] [32mBuilding CXX object CMakeFiles/ros2srrc_data__rosidl_typesupport_fastrtps_cpp.dir/rosidl_typesupport_fastrtps_cpp/ros2srrc_data/msg/detail/dds_fastrtps/joint__type_support.cpp.o[0m
[ 24%] [32mBuilding CXX object CMakeFiles/ros2srrc_data__rosidl_typesupport_fastrtps_cpp.dir/rosidl_typesupport_fastrtps_cpp/ros2srrc_data/msg/detail/dds_fastrtps/robmove__type_support.cpp.o[0m
[ 24%] [32m[1mLinking CXX shared library libros2srrc_data__rosidl_typesupport_fastrtps_cpp.so[0m
[ 24%] Built target ros2srrc_data__rosidl_typesupport_fastrtps_cpp
[ 25%] [34m[1mGenerating C++ type support dispatch for ROS interfaces[0m
[ 26%] [32mBuilding CXX object CMakeFiles/ros2srrc_data__rosidl_typesupport_cpp.dir/rosidl_typesupport_cpp/ros2srrc_data/msg/specs__type_support.cpp.o[0m
[ 26%] [32mBuilding CXX object CMakeFiles/ros2srrc_data__rosidl_typesupport_cpp.dir/rosidl_typesupport_cpp/ros2srrc_data/action/robmove__type_support.cpp.o[0m
[ 27%] [32mBuilding CXX object CMakeFiles/ros2srrc_data__rosidl_typesupport_cpp.dir/rosidl_typesupport_cpp/ros2srrc_data/action/sequence__type_support.cpp.o[0m
[ 28%] [32mBuilding CXX object CMakeFiles/ros2srrc_data__rosidl_typesupport_cpp.dir/rosidl_typesupport_cpp/ros2srrc_data/action/move__type_support.cpp.o[0m
[ 29%] [32mBuilding CXX object CMakeFiles/ros2srrc_data__rosidl_typesupport_cpp.dir/rosidl_typesupport_cpp/ros2srrc_data/msg/robpose__type_support.cpp.o[0m
[ 30%] [32mBuilding CXX object CMakeFiles/ros2srrc_data__rosidl_typesupport_cpp.dir/rosidl_typesupport_cpp/ros2srrc_data/msg/linkattacher__type_support.cpp.o[0m
[ 30%] [32mBuilding CXX object CMakeFiles/ros2srrc_data__rosidl_typesupport_cpp.dir/rosidl_typesupport_cpp/ros2srrc_data/msg/action__type_support.cpp.o[0m
[ 31%] [32mBuilding CXX object CMakeFiles/ros2srrc_data__rosidl_typesupport_cpp.dir/rosidl_typesupport_cpp/ros2srrc_data/msg/ypr__type_support.cpp.o[0m
[ 32%] [32mBuilding CXX object CMakeFiles/ros2srrc_data__rosidl_typesupport_cpp.dir/rosidl_typesupport_cpp/ros2srrc_data/msg/xyzypr__type_support.cpp.o[0m
[ 33%] [32mBuilding CXX object CMakeFiles/ros2srrc_data__rosidl_typesupport_cpp.dir/rosidl_typesupport_cpp/ros2srrc_data/msg/xyz__type_support.cpp.o[0m
[ 34%] [32mBuilding CXX object CMakeFiles/ros2srrc_data__rosidl_typesupport_cpp.dir/rosidl_typesupport_cpp/ros2srrc_data/msg/joints__type_support.cpp.o[0m
[ 34%] [32mBuilding CXX object CMakeFiles/ros2srrc_data__rosidl_typesupport_cpp.dir/rosidl_typesupport_cpp/ros2srrc_data/msg/joint__type_support.cpp.o[0m
[ 35%] [32mBuilding CXX object CMakeFiles/ros2srrc_data__rosidl_typesupport_cpp.dir/rosidl_typesupport_cpp/ros2srrc_data/msg/robmove__type_support.cpp.o[0m
[ 36%] [32m[1mLinking CXX shared library libros2srrc_data__rosidl_typesupport_cpp.so[0m
[ 36%] Built target ros2srrc_data__rosidl_typesupport_cpp
[ 37%] [34m[1mGenerating C code for ROS interfaces[0m
[ 38%] [32mBuilding C object CMakeFiles/ros2srrc_data__rosidl_generator_c.dir/rosidl_generator_c/ros2srrc_data/msg/detail/specs__functions.c.o[0m
[ 39%] [32mBuilding C object CMakeFiles/ros2srrc_data__rosidl_generator_c.dir/rosidl_generator_c/ros2srrc_data/action/detail/robmove__functions.c.o[0m
[ 39%] [32mBuilding C object CMakeFiles/ros2srrc_data__rosidl_generator_c.dir/rosidl_generator_c/ros2srrc_data/action/detail/sequence__functions.c.o[0m
[ 40%] [32mBuilding C object CMakeFiles/ros2srrc_data__rosidl_generator_c.dir/rosidl_generator_c/ros2srrc_data/action/detail/move__functions.c.o[0m
[ 41%] [32mBuilding C object CMakeFiles/ros2srrc_data__rosidl_generator_c.dir/rosidl_generator_c/ros2srrc_data/msg/detail/robpose__functions.c.o[0m
[ 42%] [32mBuilding C object CMakeFiles/ros2srrc_data__rosidl_generator_c.dir/rosidl_generator_c/ros2srrc_data/msg/detail/linkattacher__functions.c.o[0m
[ 43%] [32mBuilding C object CMakeFiles/ros2srrc_data__rosidl_generator_c.dir/rosidl_generator_c/ros2srrc_data/msg/detail/action__functions.c.o[0m
[ 43%] [32mBuilding C object CMakeFiles/ros2srrc_data__rosidl_generator_c.dir/rosidl_generator_c/ros2srrc_data/msg/detail/ypr__functions.c.o[0m
[ 44%] [32mBuilding C object CMakeFiles/ros2srrc_data__rosidl_generator_c.dir/rosidl_generator_c/ros2srrc_data/msg/detail/xyzypr__functions.c.o[0m
[ 45%] [32mBuilding C object CMakeFiles/ros2srrc_data__rosidl_generator_c.dir/rosidl_generator_c/ros2srrc_data/msg/detail/xyz__functions.c.o[0m
[ 46%] [32mBuilding C object CMakeFiles/ros2srrc_data__rosidl_generator_c.dir/rosidl_generator_c/ros2srrc_data/msg/detail/joints__functions.c.o[0m
[ 47%] [32mBuilding C object CMakeFiles/ros2srrc_data__rosidl_generator_c.dir/rosidl_generator_c/ros2srrc_data/msg/detail/joint__functions.c.o[0m
[ 47%] [32mBuilding C object CMakeFiles/ros2srrc_data__rosidl_generator_c.dir/rosidl_generator_c/ros2srrc_data/msg/detail/robmove__functions.c.o[0m
[ 48%] [32m[1mLinking C shared library libros2srrc_data__rosidl_generator_c.so[0m
[ 48%] Built target ros2srrc_data__rosidl_generator_c
[ 49%] [34m[1mGenerating C type support for eProsima Fast-RTPS[0m
[ 50%] [32mBuilding CXX object CMakeFiles/ros2srrc_data__rosidl_typesupport_fastrtps_c.dir/rosidl_typesupport_fastrtps_c/ros2srrc_data/msg/detail/specs__type_support_c.cpp.o[0m
[ 51%] [32mBuilding CXX object CMakeFiles/ros2srrc_data__rosidl_typesupport_fastrtps_c.dir/rosidl_typesupport_fastrtps_c/ros2srrc_data/action/detail/robmove__type_support_c.cpp.o[0m
[ 51%] [32mBuilding CXX object CMakeFiles/ros2srrc_data__rosidl_typesupport_fastrtps_c.dir/rosidl_typesupport_fastrtps_c/ros2srrc_data/action/detail/sequence__type_support_c.cpp.o[0m
[ 52%] [32mBuilding CXX object CMakeFiles/ros2srrc_data__rosidl_typesupport_fastrtps_c.dir/rosidl_typesupport_fastrtps_c/ros2srrc_data/action/detail/move__type_support_c.cpp.o[0m
[ 53%] [32mBuilding CXX object CMakeFiles/ros2srrc_data__rosidl_typesupport_fastrtps_c.dir/rosidl_typesupport_fastrtps_c/ros2srrc_data/msg/detail/robpose__type_support_c.cpp.o[0m
[ 54%] [32mBuilding CXX object CMakeFiles/ros2srrc_data__rosidl_typesupport_fastrtps_c.dir/rosidl_typesupport_fastrtps_c/ros2srrc_data/msg/detail/linkattacher__type_support_c.cpp.o[0m
[ 55%] [32mBuilding CXX object CMakeFiles/ros2srrc_data__rosidl_typesupport_fastrtps_c.dir/rosidl_typesupport_fastrtps_c/ros2srrc_data/msg/detail/action__type_support_c.cpp.o[0m
[ 55%] [32mBuilding CXX object CMakeFiles/ros2srrc_data__rosidl_typesupport_fastrtps_c.dir/rosidl_typesupport_fastrtps_c/ros2srrc_data/msg/detail/ypr__type_support_c.cpp.o[0m
[ 56%] [32mBuilding CXX object CMakeFiles/ros2srrc_data__rosidl_typesupport_fastrtps_c.dir/rosidl_typesupport_fastrtps_c/ros2srrc_data/msg/detail/xyzypr__type_support_c.cpp.o[0m
[ 57%] [32mBuilding CXX object CMakeFiles/ros2srrc_data__rosidl_typesupport_fastrtps_c.dir/rosidl_typesupport_fastrtps_c/ros2srrc_data/msg/detail/xyz__type_support_c.cpp.o[0m
[ 58%] [32mBuilding CXX object CMakeFiles/ros2srrc_data__rosidl_typesupport_fastrtps_c.dir/rosidl_typesupport_fastrtps_c/ros2srrc_data/msg/detail/joints__type_support_c.cpp.o[0m
[ 59%] [32mBuilding CXX object CMakeFiles/ros2srrc_data__rosidl_typesupport_fastrtps_c.dir/rosidl_typesupport_fastrtps_c/ros2srrc_data/msg/detail/joint__type_support_c.cpp.o[0m
[ 59%] [32mBuilding CXX object CMakeFiles/ros2srrc_data__rosidl_typesupport_fastrtps_c.dir/rosidl_typesupport_fastrtps_c/ros2srrc_data/msg/detail/robmove__type_support_c.cpp.o[0m
[ 60%] [32m[1mLinking CXX shared library libros2srrc_data__rosidl_typesupport_fastrtps_c.so[0m
[ 60%] Built target ros2srrc_data__rosidl_typesupport_fastrtps_c
[ 61%] [34m[1mGenerating C type support dispatch for ROS interfaces[0m
[ 61%] [32mBuilding CXX object CMakeFiles/ros2srrc_data__rosidl_typesupport_c.dir/rosidl_typesupport_c/ros2srrc_data/msg/specs__type_support.cpp.o[0m
[ 62%] [32mBuilding CXX object CMakeFiles/ros2srrc_data__rosidl_typesupport_c.dir/rosidl_typesupport_c/ros2srrc_data/action/robmove__type_support.cpp.o[0m
[ 63%] [32mBuilding CXX object CMakeFiles/ros2srrc_data__rosidl_typesupport_c.dir/rosidl_typesupport_c/ros2srrc_data/action/sequence__type_support.cpp.o[0m
[ 63%] [32mBuilding CXX object CMakeFiles/ros2srrc_data__rosidl_typesupport_c.dir/rosidl_typesupport_c/ros2srrc_data/action/move__type_support.cpp.o[0m
[ 64%] [32mBuilding CXX object CMakeFiles/ros2srrc_data__rosidl_typesupport_c.dir/rosidl_typesupport_c/ros2srrc_data/msg/robpose__type_support.cpp.o[0m
[ 65%] [32mBuilding CXX object CMakeFiles/ros2srrc_data__rosidl_typesupport_c.dir/rosidl_typesupport_c/ros2srrc_data/msg/linkattacher__type_support.cpp.o[0m
[ 66%] [32mBuilding CXX object CMakeFiles/ros2srrc_data__rosidl_typesupport_c.dir/rosidl_typesupport_c/ros2srrc_data/msg/action__type_support.cpp.o[0m
[ 67%] [32mBuilding CXX object CMakeFiles/ros2srrc_data__rosidl_typesupport_c.dir/rosidl_typesupport_c/ros2srrc_data/msg/ypr__type_support.cpp.o[0m
[ 67%] [32mBuilding CXX object CMakeFiles/ros2srrc_data__rosidl_typesupport_c.dir/rosidl_typesupport_c/ros2srrc_data/msg/xyzypr__type_support.cpp.o[0m
[ 68%] [32mBuilding CXX object CMakeFiles/ros2srrc_data__rosidl_typesupport_c.dir/rosidl_typesupport_c/ros2srrc_data/msg/xyz__type_support.cpp.o[0m
[ 69%] [32mBuilding CXX object CMakeFiles/ros2srrc_data__rosidl_typesupport_c.dir/rosidl_typesupport_c/ros2srrc_data/msg/joints__type_support.cpp.o[0m
[ 70%] [32mBuilding CXX object CMakeFiles/ros2srrc_data__rosidl_typesupport_c.dir/rosidl_typesupport_c/ros2srrc_data/msg/joint__type_support.cpp.o[0m
[ 71%] [32mBuilding CXX object CMakeFiles/ros2srrc_data__rosidl_typesupport_c.dir/rosidl_typesupport_c/ros2srrc_data/msg/robmove__type_support.cpp.o[0m
[ 72%] [32m[1mLinking CXX shared library libros2srrc_data__rosidl_typesupport_c.so[0m
[ 72%] Built target ros2srrc_data__rosidl_typesupport_c
[ 73%] [34m[1mGenerating C introspection for ROS interfaces[0m
[ 74%] [32mBuilding C object CMakeFiles/ros2srrc_data__rosidl_typesupport_introspection_c.dir/rosidl_typesupport_introspection_c/ros2srrc_data/msg/detail/specs__type_support.c.o[0m
[ 74%] [32mBuilding C object CMakeFiles/ros2srrc_data__rosidl_typesupport_introspection_c.dir/rosidl_typesupport_introspection_c/ros2srrc_data/action/detail/robmove__type_support.c.o[0m
[ 75%] [32mBuilding C object CMakeFiles/ros2srrc_data__rosidl_typesupport_introspection_c.dir/rosidl_typesupport_introspection_c/ros2srrc_data/action/detail/sequence__type_support.c.o[0m
[ 76%] [32mBuilding C object CMakeFiles/ros2srrc_data__rosidl_typesupport_introspection_c.dir/rosidl_typesupport_introspection_c/ros2srrc_data/action/detail/move__type_support.c.o[0m
[ 77%] [32mBuilding C object CMakeFiles/ros2srrc_data__rosidl_typesupport_introspection_c.dir/rosidl_typesupport_introspection_c/ros2srrc_data/msg/detail/robpose__type_support.c.o[0m
[ 78%] [32mBuilding C object CMakeFiles/ros2srrc_data__rosidl_typesupport_introspection_c.dir/rosidl_typesupport_introspection_c/ros2srrc_data/msg/detail/linkattacher__type_support.c.o[0m
[ 78%] [32mBuilding C object CMakeFiles/ros2srrc_data__rosidl_typesupport_introspection_c.dir/rosidl_typesupport_introspection_c/ros2srrc_data/msg/detail/action__type_support.c.o[0m
[ 79%] [32mBuilding C object CMakeFiles/ros2srrc_data__rosidl_typesupport_introspection_c.dir/rosidl_typesupport_introspection_c/ros2srrc_data/msg/detail/ypr__type_support.c.o[0m
[ 80%] [32mBuilding C object CMakeFiles/ros2srrc_data__rosidl_typesupport_introspection_c.dir/rosidl_typesupport_introspection_c/ros2srrc_data/msg/detail/xyzypr__type_support.c.o[0m
[ 81%] [32mBuilding C object CMakeFiles/ros2srrc_data__rosidl_typesupport_introspection_c.dir/rosidl_typesupport_introspection_c/ros2srrc_data/msg/detail/xyz__type_support.c.o[0m
[ 82%] [32mBuilding C object CMakeFiles/ros2srrc_data__rosidl_typesupport_introspection_c.dir/rosidl_typesupport_introspection_c/ros2srrc_data/msg/detail/joints__type_support.c.o[0m
[ 82%] [32mBuilding C object CMakeFiles/ros2srrc_data__rosidl_typesupport_introspection_c.dir/rosidl_typesupport_introspection_c/ros2srrc_data/msg/detail/joint__type_support.c.o[0m
[ 83%] [32mBuilding C object CMakeFiles/ros2srrc_data__rosidl_typesupport_introspection_c.dir/rosidl_typesupport_introspection_c/ros2srrc_data/msg/detail/robmove__type_support.c.o[0m
[ 84%] [32m[1mLinking C shared library libros2srrc_data__rosidl_typesupport_introspection_c.so[0m
[ 84%] Built target ros2srrc_data__rosidl_typesupport_introspection_c
[ 84%] Built target ros2srrc_data
[ 85%] [34m[1mGenerating Python code for ROS interfaces[0m
[ 85%] Built target ros2srrc_data__py
[ 85%] [32mBuilding C object CMakeFiles/ros2srrc_data__rosidl_generator_py.dir/rosidl_generator_py/ros2srrc_data/msg/_robmove_s.c.o[0m
[ 86%] [32mBuilding C object CMakeFiles/ros2srrc_data__rosidl_generator_py.dir/rosidl_generator_py/ros2srrc_data/msg/_specs_s.c.o[0m
[ 87%] [32mBuilding C object CMakeFiles/ros2srrc_data__rosidl_generator_py.dir/rosidl_generator_py/ros2srrc_data/msg/_joints_s.c.o[0m
[ 88%] [32mBuilding C object CMakeFiles/ros2srrc_data__rosidl_generator_py.dir/rosidl_generator_py/ros2srrc_data/msg/_joint_s.c.o[0m
[ 89%] [32mBuilding C object CMakeFiles/ros2srrc_data__rosidl_generator_py.dir/rosidl_generator_py/ros2srrc_data/action/_robmove_s.c.o[0m
[ 89%] [32mBuilding C object CMakeFiles/ros2srrc_data__rosidl_generator_py.dir/rosidl_generator_py/ros2srrc_data/action/_sequence_s.c.o[0m
[ 90%] [32mBuilding C object CMakeFiles/ros2srrc_data__rosidl_generator_py.dir/rosidl_generator_py/ros2srrc_data/action/_move_s.c.o[0m
[ 91%] [32mBuilding C object CMakeFiles/ros2srrc_data__rosidl_generator_py.dir/rosidl_generator_py/ros2srrc_data/msg/_robpose_s.c.o[0m
[ 92%] [32mBuilding C object CMakeFiles/ros2srrc_data__rosidl_generator_py.dir/rosidl_generator_py/ros2srrc_data/msg/_linkattacher_s.c.o[0m
[ 92%] [32mBuilding C object CMakeFiles/ros2srrc_data__rosidl_generator_py.dir/rosidl_generator_py/ros2srrc_data/msg/_ypr_s.c.o[0m
[ 93%] [32mBuilding C object CMakeFiles/ros2srrc_data__rosidl_generator_py.dir/rosidl_generator_py/ros2srrc_data/msg/_action_s.c.o[0m
[ 94%] [32mBuilding C object CMakeFiles/ros2srrc_data__rosidl_generator_py.dir/rosidl_generator_py/ros2srrc_data/msg/_xyzypr_s.c.o[0m
[ 95%] [32mBuilding C object CMakeFiles/ros2srrc_data__rosidl_generator_py.dir/rosidl_generator_py/ros2srrc_data/msg/_xyz_s.c.o[0m
[ 96%] [32m[1mLinking C shared library rosidl_generator_py/ros2srrc_data/libros2srrc_data__rosidl_generator_py.so[0m
[ 96%] Built target ros2srrc_data__rosidl_generator_py
[ 97%] [32mBuilding C object CMakeFiles/ros2srrc_data__rosidl_typesupport_fastrtps_c__pyext.dir/rosidl_generator_py/ros2srrc_data/_ros2srrc_data_s.ep.rosidl_typesupport_fastrtps_c.c.o[0m
[ 98%] [32mBuilding C object CMakeFiles/ros2srrc_data__rosidl_typesupport_introspection_c__pyext.dir/rosidl_generator_py/ros2srrc_data/_ros2srrc_data_s.ep.rosidl_typesupport_introspection_c.c.o[0m
[ 99%] [32mBuilding C object CMakeFiles/ros2srrc_data__rosidl_typesupport_c__pyext.dir/rosidl_generator_py/ros2srrc_data/_ros2srrc_data_s.ep.rosidl_typesupport_c.c.o[0m
[ 99%] [32m[1mLinking C shared library rosidl_generator_py/ros2srrc_data/ros2srrc_data_s__rosidl_typesupport_fastrtps_c.cpython-310-x86_64-linux-gnu.so[0m
[100%] [32m[1mLinking C shared library rosidl_generator_py/ros2srrc_data/ros2srrc_data_s__rosidl_typesupport_introspection_c.cpython-310-x86_64-linux-gnu.so[0m
[100%] Built target ros2srrc_data__rosidl_typesupport_fastrtps_c__pyext
[100%] [32m[1mLinking C shared library rosidl_generator_py/ros2srrc_data/ros2srrc_data_s__rosidl_typesupport_c.cpython-310-x86_64-linux-gnu.so[0m
[100%] Built target ros2srrc_data__rosidl_typesupport_introspection_c__pyext
[100%] Built target ros2srrc_data__rosidl_typesupport_c__pyext
-- Install configuration: ""
-- Installing: /home/libok/um_file/install/ros2srrc_data/share/ros2srrc_data/action
-- Installing: /home/libok/um_file/install/ros2srrc_data/share/ros2srrc_data/action/Move.action
-- Installing: /home/libok/um_file/install/ros2srrc_data/share/ros2srrc_data/action/Robmove.action
-- Installing: /home/libok/um_file/install/ros2srrc_data/share/ros2srrc_data/action/Sequence.action
-- Installing: /home/libok/um_file/install/ros2srrc_data/share/ros2srrc_data/msg
-- Installing: /home/libok/um_file/install/ros2srrc_data/share/ros2srrc_data/msg/Ypr.msg
-- Installing: /home/libok/um_file/install/ros2srrc_data/share/ros2srrc_data/msg/Specs.msg
-- Installing: /home/libok/um_file/install/ros2srrc_data/share/ros2srrc_data/msg/Xyz.msg
-- Installing: /home/libok/um_file/install/ros2srrc_data/share/ros2srrc_data/msg/Xyzypr.msg
-- Installing: /home/libok/um_file/install/ros2srrc_data/share/ros2srrc_data/msg/Linkattacher.msg
-- Installing: /home/libok/um_file/install/ros2srrc_data/share/ros2srrc_data/msg/Robmove.msg
-- Installing: /home/libok/um_file/install/ros2srrc_data/share/ros2srrc_data/msg/Joint.msg
-- Installing: /home/libok/um_file/install/ros2srrc_data/share/ros2srrc_data/msg/Joints.msg
-- Installing: /home/libok/um_file/install/ros2srrc_data/share/ros2srrc_data/msg/Robpose.msg
-- Installing: /home/libok/um_file/install/ros2srrc_data/share/ros2srrc_data/msg/Action.msg
-- Installing: /home/libok/um_file/install/ros2srrc_data/share/ament_index/resource_index/rosidl_interfaces/ros2srrc_data
-- Installing: /home/libok/um_file/install/ros2srrc_data/include/ros2srrc_data/ros2srrc_data
-- Installing: /home/libok/um_file/install/ros2srrc_data/include/ros2srrc_data/ros2srrc_data/action
-- Installing: /home/libok/um_file/install/ros2srrc_data/include/ros2srrc_data/ros2srrc_data/action/move.h
-- Installing: /home/libok/um_file/install/ros2srrc_data/include/ros2srrc_data/ros2srrc_data/action/sequence.h
-- Installing: /home/libok/um_file/install/ros2srrc_data/include/ros2srrc_data/ros2srrc_data/action/detail
-- Installing: /home/libok/um_file/install/ros2srrc_data/include/ros2srrc_data/ros2srrc_data/action/detail/sequence__functions.c
-- Installing: /home/libok/um_file/install/ros2srrc_data/include/ros2srrc_data/ros2srrc_data/action/detail/move__type_support.h
-- Installing: /home/libok/um_file/install/ros2srrc_data/include/ros2srrc_data/ros2srrc_data/action/detail/robmove__struct.h
-- Installing: /home/libok/um_file/install/ros2srrc_data/include/ros2srrc_data/ros2srrc_data/action/detail/robmove__type_support.h
-- Installing: /home/libok/um_file/install/ros2srrc_data/include/ros2srrc_data/ros2srrc_data/action/detail/sequence__functions.h
-- Installing: /home/libok/um_file/install/ros2srrc_data/include/ros2srrc_data/ros2srrc_data/action/detail/sequence__struct.h
-- Installing: /home/libok/um_file/install/ros2srrc_data/include/ros2srrc_data/ros2srrc_data/action/detail/robmove__functions.c
-- Installing: /home/libok/um_file/install/ros2srrc_data/include/ros2srrc_data/ros2srrc_data/action/detail/sequence__type_support.h
-- Installing: /home/libok/um_file/install/ros2srrc_data/include/ros2srrc_data/ros2srrc_data/action/detail/robmove__functions.h
-- Installing: /home/libok/um_file/install/ros2srrc_data/include/ros2srrc_data/ros2srrc_data/action/detail/move__functions.h
-- Installing: /home/libok/um_file/install/ros2srrc_data/include/ros2srrc_data/ros2srrc_data/action/detail/move__struct.h
-- Installing: /home/libok/um_file/install/ros2srrc_data/include/ros2srrc_data/ros2srrc_data/action/detail/move__functions.c
-- Installing: /home/libok/um_file/install/ros2srrc_data/include/ros2srrc_data/ros2srrc_data/action/robmove.h
-- Installing: /home/libok/um_file/install/ros2srrc_data/include/ros2srrc_data/ros2srrc_data/msg
-- Installing: /home/libok/um_file/install/ros2srrc_data/include/ros2srrc_data/ros2srrc_data/msg/linkattacher.h
-- Installing: /home/libok/um_file/install/ros2srrc_data/include/ros2srrc_data/ros2srrc_data/msg/xyz.h
-- Installing: /home/libok/um_file/install/ros2srrc_data/include/ros2srrc_data/ros2srrc_data/msg/ypr.h
-- Installing: /home/libok/um_file/install/ros2srrc_data/include/ros2srrc_data/ros2srrc_data/msg/robpose.h
-- Installing: /home/libok/um_file/install/ros2srrc_data/include/ros2srrc_data/ros2srrc_data/msg/rosidl_generator_c__visibility_control.h
-- Installing: /home/libok/um_file/install/ros2srrc_data/include/ros2srrc_data/ros2srrc_data/msg/joints.h
-- Installing: /home/libok/um_file/install/ros2srrc_data/include/ros2srrc_data/ros2srrc_data/msg/detail
-- Installing: /home/libok/um_file/install/ros2srrc_data/include/ros2srrc_data/ros2srrc_data/msg/detail/joint__struct.h
-- Installing: /home/libok/um_file/install/ros2srrc_data/include/ros2srrc_data/ros2srrc_data/msg/detail/linkattacher__type_support.h
-- Installing: /home/libok/um_file/install/ros2srrc_data/include/ros2srrc_data/ros2srrc_data/msg/detail/robpose__functions.h
-- Installing: /home/libok/um_file/install/ros2srrc_data/include/ros2srrc_data/ros2srrc_data/msg/detail/robpose__functions.c
-- Installing: /home/libok/um_file/install/ros2srrc_data/include/ros2srrc_data/ros2srrc_data/msg/detail/xyz__functions.h
-- Installing: /home/libok/um_file/install/ros2srrc_data/include/ros2srrc_data/ros2srrc_data/msg/detail/xyzypr__functions.c
-- Installing: /home/libok/um_file/install/ros2srrc_data/include/ros2srrc_data/ros2srrc_data/msg/detail/action__struct.h
-- Installing: /home/libok/um_file/install/ros2srrc_data/include/ros2srrc_data/ros2srrc_data/msg/detail/joint__functions.h
-- Installing: /home/libok/um_file/install/ros2srrc_data/include/ros2srrc_data/ros2srrc_data/msg/detail/joint__functions.c
-- Installing: /home/libok/um_file/install/ros2srrc_data/include/ros2srrc_data/ros2srrc_data/msg/detail/linkattacher__functions.c
-- Installing: /home/libok/um_file/install/ros2srrc_data/include/ros2srrc_data/ros2srrc_data/msg/detail/joint__type_support.h
-- Installing: /home/libok/um_file/install/ros2srrc_data/include/ros2srrc_data/ros2srrc_data/msg/detail/action__functions.c
-- Installing: /home/libok/um_file/install/ros2srrc_data/include/ros2srrc_data/ros2srrc_data/msg/detail/joints__functions.h
-- Installing: /home/libok/um_file/install/ros2srrc_data/include/ros2srrc_data/ros2srrc_data/msg/detail/xyz__type_support.h
-- Installing: /home/libok/um_file/install/ros2srrc_data/include/ros2srrc_data/ros2srrc_data/msg/detail/robmove__struct.h
-- Installing: /home/libok/um_file/install/ros2srrc_data/include/ros2srrc_data/ros2srrc_data/msg/detail/robmove__type_support.h
-- Installing: /home/libok/um_file/install/ros2srrc_data/include/ros2srrc_data/ros2srrc_data/msg/detail/specs__struct.h
-- Installing: /home/libok/um_file/install/ros2srrc_data/include/ros2srrc_data/ros2srrc_data/msg/detail/specs__functions.h
-- Installing: /home/libok/um_file/install/ros2srrc_data/include/ros2srrc_data/ros2srrc_data/msg/detail/xyz__functions.c
-- Installing: /home/libok/um_file/install/ros2srrc_data/include/ros2srrc_data/ros2srrc_data/msg/detail/specs__type_support.h
-- Installing: /home/libok/um_file/install/ros2srrc_data/include/ros2srrc_data/ros2srrc_data/msg/detail/robpose__struct.h
-- Installing: /home/libok/um_file/install/ros2srrc_data/include/ros2srrc_data/ros2srrc_data/msg/detail/xyz__struct.h
-- Installing: /home/libok/um_file/install/ros2srrc_data/include/ros2srrc_data/ros2srrc_data/msg/detail/linkattacher__struct.h
-- Installing: /home/libok/um_file/install/ros2srrc_data/include/ros2srrc_data/ros2srrc_data/msg/detail/ypr__struct.h
-- Installing: /home/libok/um_file/install/ros2srrc_data/include/ros2srrc_data/ros2srrc_data/msg/detail/linkattacher__functions.h
-- Installing: /home/libok/um_file/install/ros2srrc_data/include/ros2srrc_data/ros2srrc_data/msg/detail/joints__functions.c
-- Installing: /home/libok/um_file/install/ros2srrc_data/include/ros2srrc_data/ros2srrc_data/msg/detail/robmove__functions.c
-- Installing: /home/libok/um_file/install/ros2srrc_data/include/ros2srrc_data/ros2srrc_data/msg/detail/xyzypr__functions.h
-- Installing: /home/libok/um_file/install/ros2srrc_data/include/ros2srrc_data/ros2srrc_data/msg/detail/action__functions.h
-- Installing: /home/libok/um_file/install/ros2srrc_data/include/ros2srrc_data/ros2srrc_data/msg/detail/xyzypr__type_support.h
-- Installing: /home/libok/um_file/install/ros2srrc_data/include/ros2srrc_data/ros2srrc_data/msg/detail/joints__struct.h
-- Installing: /home/libok/um_file/install/ros2srrc_data/include/ros2srrc_data/ros2srrc_data/msg/detail/ypr__functions.h
-- Installing: /home/libok/um_file/install/ros2srrc_data/include/ros2srrc_data/ros2srrc_data/msg/detail/action__type_support.h
-- Installing: /home/libok/um_file/install/ros2srrc_data/include/ros2srrc_data/ros2srrc_data/msg/detail/robmove__functions.h
-- Installing: /home/libok/um_file/install/ros2srrc_data/include/ros2srrc_data/ros2srrc_data/msg/detail/xyzypr__struct.h
-- Installing: /home/libok/um_file/install/ros2srrc_data/include/ros2srrc_data/ros2srrc_data/msg/detail/robpose__type_support.h
-- Installing: /home/libok/um_file/install/ros2srrc_data/include/ros2srrc_data/ros2srrc_data/msg/detail/specs__functions.c
-- Installing: /home/libok/um_file/install/ros2srrc_data/include/ros2srrc_data/ros2srrc_data/msg/detail/joints__type_support.h
-- Installing: /home/libok/um_file/install/ros2srrc_data/include/ros2srrc_data/ros2srrc_data/msg/detail/ypr__type_support.h
-- Installing: /home/libok/um_file/install/ros2srrc_data/include/ros2srrc_data/ros2srrc_data/msg/detail/ypr__functions.c
-- Installing: /home/libok/um_file/install/ros2srrc_data/include/ros2srrc_data/ros2srrc_data/msg/joint.h
-- Installing: /home/libok/um_file/install/ros2srrc_data/include/ros2srrc_data/ros2srrc_data/msg/xyzypr.h
-- Installing: /home/libok/um_file/install/ros2srrc_data/include/ros2srrc_data/ros2srrc_data/msg/specs.h
-- Installing: /home/libok/um_file/install/ros2srrc_data/include/ros2srrc_data/ros2srrc_data/msg/action.h
-- Installing: /home/libok/um_file/install/ros2srrc_data/include/ros2srrc_data/ros2srrc_data/msg/robmove.h
-- Installing: /home/libok/um_file/install/ros2srrc_data/share/ros2srrc_data/environment/library_path.sh
-- Installing: /home/libok/um_file/install/ros2srrc_data/share/ros2srrc_data/environment/library_path.dsv
-- Installing: /home/libok/um_file/install/ros2srrc_data/lib/libros2srrc_data__rosidl_generator_c.so
-- Set non-toolchain portion of runtime path of "/home/libok/um_file/install/ros2srrc_data/lib/libros2srrc_data__rosidl_generator_c.so" to ""
-- Up-to-date: /home/libok/um_file/install/ros2srrc_data/include/ros2srrc_data/ros2srrc_data
-- Up-to-date: /home/libok/um_file/install/ros2srrc_data/include/ros2srrc_data/ros2srrc_data/action
-- Up-to-date: /home/libok/um_file/install/ros2srrc_data/include/ros2srrc_data/ros2srrc_data/action/detail
-- Installing: /home/libok/um_file/install/ros2srrc_data/include/ros2srrc_data/ros2srrc_data/action/detail/sequence__rosidl_typesupport_fastrtps_c.h
-- Installing: /home/libok/um_file/install/ros2srrc_data/include/ros2srrc_data/ros2srrc_data/action/detail/robmove__rosidl_typesupport_fastrtps_c.h
-- Installing: /home/libok/um_file/install/ros2srrc_data/include/ros2srrc_data/ros2srrc_data/action/detail/move__rosidl_typesupport_fastrtps_c.h
-- Up-to-date: /home/libok/um_file/install/ros2srrc_data/include/ros2srrc_data/ros2srrc_data/msg
-- Installing: /home/libok/um_file/install/ros2srrc_data/include/ros2srrc_data/ros2srrc_data/msg/rosidl_typesupport_fastrtps_c__visibility_control.h
-- Up-to-date: /home/libok/um_file/install/ros2srrc_data/include/ros2srrc_data/ros2srrc_data/msg/detail
-- Installing: /home/libok/um_file/install/ros2srrc_data/include/ros2srrc_data/ros2srrc_data/msg/detail/ypr__rosidl_typesupport_fastrtps_c.h
-- Installing: /home/libok/um_file/install/ros2srrc_data/include/ros2srrc_data/ros2srrc_data/msg/detail/xyzypr__rosidl_typesupport_fastrtps_c.h
-- Installing: /home/libok/um_file/install/ros2srrc_data/include/ros2srrc_data/ros2srrc_data/msg/detail/xyz__rosidl_typesupport_fastrtps_c.h
-- Installing: /home/libok/um_file/install/ros2srrc_data/include/ros2srrc_data/ros2srrc_data/msg/detail/joint__rosidl_typesupport_fastrtps_c.h
-- Installing: /home/libok/um_file/install/ros2srrc_data/include/ros2srrc_data/ros2srrc_data/msg/detail/robpose__rosidl_typesupport_fastrtps_c.h
-- Installing: /home/libok/um_file/install/ros2srrc_data/include/ros2srrc_data/ros2srrc_data/msg/detail/robmove__rosidl_typesupport_fastrtps_c.h
-- Installing: /home/libok/um_file/install/ros2srrc_data/include/ros2srrc_data/ros2srrc_data/msg/detail/action__rosidl_typesupport_fastrtps_c.h
-- Installing: /home/libok/um_file/install/ros2srrc_data/include/ros2srrc_data/ros2srrc_data/msg/detail/joints__rosidl_typesupport_fastrtps_c.h
-- Installing: /home/libok/um_file/install/ros2srrc_data/include/ros2srrc_data/ros2srrc_data/msg/detail/linkattacher__rosidl_typesupport_fastrtps_c.h
-- Installing: /home/libok/um_file/install/ros2srrc_data/include/ros2srrc_data/ros2srrc_data/msg/detail/specs__rosidl_typesupport_fastrtps_c.h
-- Installing: /home/libok/um_file/install/ros2srrc_data/lib/libros2srrc_data__rosidl_typesupport_fastrtps_c.so
-- Set non-toolchain portion of runtime path of "/home/libok/um_file/install/ros2srrc_data/lib/libros2srrc_data__rosidl_typesupport_fastrtps_c.so" to ""
-- Up-to-date: /home/libok/um_file/install/ros2srrc_data/include/ros2srrc_data/ros2srrc_data
-- Up-to-date: /home/libok/um_file/install/ros2srrc_data/include/ros2srrc_data/ros2srrc_data/action
-- Up-to-date: /home/libok/um_file/install/ros2srrc_data/include/ros2srrc_data/ros2srrc_data/action/detail
-- Installing: /home/libok/um_file/install/ros2srrc_data/include/ros2srrc_data/ros2srrc_data/action/detail/robmove__rosidl_typesupport_introspection_c.h
-- Installing: /home/libok/um_file/install/ros2srrc_data/include/ros2srrc_data/ros2srrc_data/action/detail/sequence__rosidl_typesupport_introspection_c.h
-- Installing: /home/libok/um_file/install/ros2srrc_data/include/ros2srrc_data/ros2srrc_data/action/detail/move__rosidl_typesupport_introspection_c.h
-- Installing: /home/libok/um_file/install/ros2srrc_data/include/ros2srrc_data/ros2srrc_data/action/detail/robmove__type_support.c
-- Installing: /home/libok/um_file/install/ros2srrc_data/include/ros2srrc_data/ros2srrc_data/action/detail/move__type_support.c
-- Installing: /home/libok/um_file/install/ros2srrc_data/include/ros2srrc_data/ros2srrc_data/action/detail/sequence__type_support.c
-- Up-to-date: /home/libok/um_file/install/ros2srrc_data/include/ros2srrc_data/ros2srrc_data/msg
-- Installing: /home/libok/um_file/install/ros2srrc_data/include/ros2srrc_data/ros2srrc_data/msg/rosidl_typesupport_introspection_c__visibility_control.h
-- Up-to-date: /home/libok/um_file/install/ros2srrc_data/include/ros2srrc_data/ros2srrc_data/msg/detail
-- Installing: /home/libok/um_file/install/ros2srrc_data/include/ros2srrc_data/ros2srrc_data/msg/detail/xyz__rosidl_typesupport_introspection_c.h
-- Installing: /home/libok/um_file/install/ros2srrc_data/include/ros2srrc_data/ros2srrc_data/msg/detail/action__type_support.c
-- Installing: /home/libok/um_file/install/ros2srrc_data/include/ros2srrc_data/ros2srrc_data/msg/detail/joint__type_support.c
-- Installing: /home/libok/um_file/install/ros2srrc_data/include/ros2srrc_data/ros2srrc_data/msg/detail/robmove__rosidl_typesupport_introspection_c.h
-- Installing: /home/libok/um_file/install/ros2srrc_data/include/ros2srrc_data/ros2srrc_data/msg/detail/linkattacher__type_support.c
-- Installing: /home/libok/um_file/install/ros2srrc_data/include/ros2srrc_data/ros2srrc_data/msg/detail/joints__type_support.c
-- Installing: /home/libok/um_file/install/ros2srrc_data/include/ros2srrc_data/ros2srrc_data/msg/detail/xyzypr__rosidl_typesupport_introspection_c.h
-- Installing: /home/libok/um_file/install/ros2srrc_data/include/ros2srrc_data/ros2srrc_data/msg/detail/action__rosidl_typesupport_introspection_c.h
-- Installing: /home/libok/um_file/install/ros2srrc_data/include/ros2srrc_data/ros2srrc_data/msg/detail/ypr__rosidl_typesupport_introspection_c.h
-- Installing: /home/libok/um_file/install/ros2srrc_data/include/ros2srrc_data/ros2srrc_data/msg/detail/xyz__type_support.c
-- Installing: /home/libok/um_file/install/ros2srrc_data/include/ros2srrc_data/ros2srrc_data/msg/detail/robmove__type_support.c
-- Installing: /home/libok/um_file/install/ros2srrc_data/include/ros2srrc_data/ros2srrc_data/msg/detail/ypr__type_support.c
-- Installing: /home/libok/um_file/install/ros2srrc_data/include/ros2srrc_data/ros2srrc_data/msg/detail/joints__rosidl_typesupport_introspection_c.h
-- Installing: /home/libok/um_file/install/ros2srrc_data/include/ros2srrc_data/ros2srrc_data/msg/detail/robpose__rosidl_typesupport_introspection_c.h
-- Installing: /home/libok/um_file/install/ros2srrc_data/include/ros2srrc_data/ros2srrc_data/msg/detail/specs__rosidl_typesupport_introspection_c.h
-- Installing: /home/libok/um_file/install/ros2srrc_data/include/ros2srrc_data/ros2srrc_data/msg/detail/xyzypr__type_support.c
-- Installing: /home/libok/um_file/install/ros2srrc_data/include/ros2srrc_data/ros2srrc_data/msg/detail/joint__rosidl_typesupport_introspection_c.h
-- Installing: /home/libok/um_file/install/ros2srrc_data/include/ros2srrc_data/ros2srrc_data/msg/detail/specs__type_support.c
-- Installing: /home/libok/um_file/install/ros2srrc_data/include/ros2srrc_data/ros2srrc_data/msg/detail/robpose__type_support.c
-- Installing: /home/libok/um_file/install/ros2srrc_data/include/ros2srrc_data/ros2srrc_data/msg/detail/linkattacher__rosidl_typesupport_introspection_c.h
-- Installing: /home/libok/um_file/install/ros2srrc_data/lib/libros2srrc_data__rosidl_typesupport_introspection_c.so
-- Set non-toolchain portion of runtime path of "/home/libok/um_file/install/ros2srrc_data/lib/libros2srrc_data__rosidl_typesupport_introspection_c.so" to ""
-- Installing: /home/libok/um_file/install/ros2srrc_data/lib/libros2srrc_data__rosidl_typesupport_c.so
-- Set non-toolchain portion of runtime path of "/home/libok/um_file/install/ros2srrc_data/lib/libros2srrc_data__rosidl_typesupport_c.so" to ""
-- Up-to-date: /home/libok/um_file/install/ros2srrc_data/include/ros2srrc_data/ros2srrc_data
-- Up-to-date: /home/libok/um_file/install/ros2srrc_data/include/ros2srrc_data/ros2srrc_data/action
-- Installing: /home/libok/um_file/install/ros2srrc_data/include/ros2srrc_data/ros2srrc_data/action/robmove.hpp
-- Installing: /home/libok/um_file/install/ros2srrc_data/include/ros2srrc_data/ros2srrc_data/action/move.hpp
-- Up-to-date: /home/libok/um_file/install/ros2srrc_data/include/ros2srrc_data/ros2srrc_data/action/detail
-- Installing: /home/libok/um_file/install/ros2srrc_data/include/ros2srrc_data/ros2srrc_data/action/detail/sequence__builder.hpp
-- Installing: /home/libok/um_file/install/ros2srrc_data/include/ros2srrc_data/ros2srrc_data/action/detail/sequence__traits.hpp
-- Installing: /home/libok/um_file/install/ros2srrc_data/include/ros2srrc_data/ros2srrc_data/action/detail/move__traits.hpp
-- Installing: /home/libok/um_file/install/ros2srrc_data/include/ros2srrc_data/ros2srrc_data/action/detail/move__builder.hpp
-- Installing: /home/libok/um_file/install/ros2srrc_data/include/ros2srrc_data/ros2srrc_data/action/detail/move__type_support.hpp
-- Installing: /home/libok/um_file/install/ros2srrc_data/include/ros2srrc_data/ros2srrc_data/action/detail/robmove__type_support.hpp
-- Installing: /home/libok/um_file/install/ros2srrc_data/include/ros2srrc_data/ros2srrc_data/action/detail/robmove__traits.hpp
-- Installing: /home/libok/um_file/install/ros2srrc_data/include/ros2srrc_data/ros2srrc_data/action/detail/robmove__struct.hpp
-- Installing: /home/libok/um_file/install/ros2srrc_data/include/ros2srrc_data/ros2srrc_data/action/detail/sequence__type_support.hpp
-- Installing: /home/libok/um_file/install/ros2srrc_data/include/ros2srrc_data/ros2srrc_data/action/detail/robmove__builder.hpp
-- Installing: /home/libok/um_file/install/ros2srrc_data/include/ros2srrc_data/ros2srrc_data/action/detail/sequence__struct.hpp
-- Installing: /home/libok/um_file/install/ros2srrc_data/include/ros2srrc_data/ros2srrc_data/action/detail/move__struct.hpp
-- Installing: /home/libok/um_file/install/ros2srrc_data/include/ros2srrc_data/ros2srrc_data/action/sequence.hpp
-- Up-to-date: /home/libok/um_file/install/ros2srrc_data/include/ros2srrc_data/ros2srrc_data/msg
-- Installing: /home/libok/um_file/install/ros2srrc_data/include/ros2srrc_data/ros2srrc_data/msg/action.hpp
-- Installing: /home/libok/um_file/install/ros2srrc_data/include/ros2srrc_data/ros2srrc_data/msg/joint.hpp
-- Installing: /home/libok/um_file/install/ros2srrc_data/include/ros2srrc_data/ros2srrc_data/msg/robmove.hpp
-- Installing: /home/libok/um_file/install/ros2srrc_data/include/ros2srrc_data/ros2srrc_data/msg/xyzypr.hpp
-- Installing: /home/libok/um_file/install/ros2srrc_data/include/ros2srrc_data/ros2srrc_data/msg/robpose.hpp
-- Installing: /home/libok/um_file/install/ros2srrc_data/include/ros2srrc_data/ros2srrc_data/msg/rosidl_generator_cpp__visibility_control.hpp
-- Installing: /home/libok/um_file/install/ros2srrc_data/include/ros2srrc_data/ros2srrc_data/msg/specs.hpp
-- Installing: /home/libok/um_file/install/ros2srrc_data/include/ros2srrc_data/ros2srrc_data/msg/joints.hpp
-- Installing: /home/libok/um_file/install/ros2srrc_data/include/ros2srrc_data/ros2srrc_data/msg/xyz.hpp
-- Up-to-date: /home/libok/um_file/install/ros2srrc_data/include/ros2srrc_data/ros2srrc_data/msg/detail
-- Installing: /home/libok/um_file/install/ros2srrc_data/include/ros2srrc_data/ros2srrc_data/msg/detail/xyz__builder.hpp
-- Installing: /home/libok/um_file/install/ros2srrc_data/include/ros2srrc_data/ros2srrc_data/msg/detail/joint__type_support.hpp
-- Installing: /home/libok/um_file/install/ros2srrc_data/include/ros2srrc_data/ros2srrc_data/msg/detail/specs__type_support.hpp
-- Installing: /home/libok/um_file/install/ros2srrc_data/include/ros2srrc_data/ros2srrc_data/msg/detail/xyzypr__type_support.hpp
-- Installing: /home/libok/um_file/install/ros2srrc_data/include/ros2srrc_data/ros2srrc_data/msg/detail/action__builder.hpp
-- Installing: /home/libok/um_file/install/ros2srrc_data/include/ros2srrc_data/ros2srrc_data/msg/detail/xyz__struct.hpp
-- Installing: /home/libok/um_file/install/ros2srrc_data/include/ros2srrc_data/ros2srrc_data/msg/detail/linkattacher__type_support.hpp
-- Installing: /home/libok/um_file/install/ros2srrc_data/include/ros2srrc_data/ros2srrc_data/msg/detail/linkattacher__builder.hpp
-- Installing: /home/libok/um_file/install/ros2srrc_data/include/ros2srrc_data/ros2srrc_data/msg/detail/xyzypr__traits.hpp
-- Installing: /home/libok/um_file/install/ros2srrc_data/include/ros2srrc_data/ros2srrc_data/msg/detail/specs__traits.hpp
-- Installing: /home/libok/um_file/install/ros2srrc_data/include/ros2srrc_data/ros2srrc_data/msg/detail/ypr__type_support.hpp
-- Installing: /home/libok/um_file/install/ros2srrc_data/include/ros2srrc_data/ros2srrc_data/msg/detail/action__traits.hpp
-- Installing: /home/libok/um_file/install/ros2srrc_data/include/ros2srrc_data/ros2srrc_data/msg/detail/robpose__type_support.hpp
-- Installing: /home/libok/um_file/install/ros2srrc_data/include/ros2srrc_data/ros2srrc_data/msg/detail/action__type_support.hpp
-- Installing: /home/libok/um_file/install/ros2srrc_data/include/ros2srrc_data/ros2srrc_data/msg/detail/xyz__traits.hpp
-- Installing: /home/libok/um_file/install/ros2srrc_data/include/ros2srrc_data/ros2srrc_data/msg/detail/robpose__traits.hpp
-- Installing: /home/libok/um_file/install/ros2srrc_data/include/ros2srrc_data/ros2srrc_data/msg/detail/robpose__builder.hpp
-- Installing: /home/libok/um_file/install/ros2srrc_data/include/ros2srrc_data/ros2srrc_data/msg/detail/action__struct.hpp
-- Installing: /home/libok/um_file/install/ros2srrc_data/include/ros2srrc_data/ros2srrc_data/msg/detail/joint__struct.hpp
-- Installing: /home/libok/um_file/install/ros2srrc_data/include/ros2srrc_data/ros2srrc_data/msg/detail/specs__struct.hpp
-- Installing: /home/libok/um_file/install/ros2srrc_data/include/ros2srrc_data/ros2srrc_data/msg/detail/joints__builder.hpp
-- Installing: /home/libok/um_file/install/ros2srrc_data/include/ros2srrc_data/ros2srrc_data/msg/detail/linkattacher__struct.hpp
-- Installing: /home/libok/um_file/install/ros2srrc_data/include/ros2srrc_data/ros2srrc_data/msg/detail/ypr__traits.hpp
-- Installing: /home/libok/um_file/install/ros2srrc_data/include/ros2srrc_data/ros2srrc_data/msg/detail/specs__builder.hpp
-- Installing: /home/libok/um_file/install/ros2srrc_data/include/ros2srrc_data/ros2srrc_data/msg/detail/robmove__type_support.hpp
-- Installing: /home/libok/um_file/install/ros2srrc_data/include/ros2srrc_data/ros2srrc_data/msg/detail/xyzypr__builder.hpp
-- Installing: /home/libok/um_file/install/ros2srrc_data/include/ros2srrc_data/ros2srrc_data/msg/detail/robpose__struct.hpp
-- Installing: /home/libok/um_file/install/ros2srrc_data/include/ros2srrc_data/ros2srrc_data/msg/detail/joints__struct.hpp
-- Installing: /home/libok/um_file/install/ros2srrc_data/include/ros2srrc_data/ros2srrc_data/msg/detail/robmove__traits.hpp
-- Installing: /home/libok/um_file/install/ros2srrc_data/include/ros2srrc_data/ros2srrc_data/msg/detail/robmove__struct.hpp
-- Installing: /home/libok/um_file/install/ros2srrc_data/include/ros2srrc_data/ros2srrc_data/msg/detail/robmove__builder.hpp
-- Installing: /home/libok/um_file/install/ros2srrc_data/include/ros2srrc_data/ros2srrc_data/msg/detail/linkattacher__traits.hpp
-- Installing: /home/libok/um_file/install/ros2srrc_data/include/ros2srrc_data/ros2srrc_data/msg/detail/joints__type_support.hpp
-- Installing: /home/libok/um_file/install/ros2srrc_data/include/ros2srrc_data/ros2srrc_data/msg/detail/xyzypr__struct.hpp
-- Installing: /home/libok/um_file/install/ros2srrc_data/include/ros2srrc_data/ros2srrc_data/msg/detail/ypr__struct.hpp
-- Installing: /home/libok/um_file/install/ros2srrc_data/include/ros2srrc_data/ros2srrc_data/msg/detail/joints__traits.hpp
-- Installing: /home/libok/um_file/install/ros2srrc_data/include/ros2srrc_data/ros2srrc_data/msg/detail/joint__builder.hpp
-- Installing: /home/libok/um_file/install/ros2srrc_data/include/ros2srrc_data/ros2srrc_data/msg/detail/xyz__type_support.hpp
-- Installing: /home/libok/um_file/install/ros2srrc_data/include/ros2srrc_data/ros2srrc_data/msg/detail/joint__traits.hpp
-- Installing: /home/libok/um_file/install/ros2srrc_data/include/ros2srrc_data/ros2srrc_data/msg/detail/ypr__builder.hpp
-- Installing: /home/libok/um_file/install/ros2srrc_data/include/ros2srrc_data/ros2srrc_data/msg/linkattacher.hpp
-- Installing: /home/libok/um_file/install/ros2srrc_data/include/ros2srrc_data/ros2srrc_data/msg/ypr.hpp
-- Up-to-date: /home/libok/um_file/install/ros2srrc_data/include/ros2srrc_data/ros2srrc_data
-- Up-to-date: /home/libok/um_file/install/ros2srrc_data/include/ros2srrc_data/ros2srrc_data/action
-- Up-to-date: /home/libok/um_file/install/ros2srrc_data/include/ros2srrc_data/ros2srrc_data/action/detail
-- Installing: /home/libok/um_file/install/ros2srrc_data/include/ros2srrc_data/ros2srrc_data/action/detail/robmove__rosidl_typesupport_fastrtps_cpp.hpp
-- Installing: /home/libok/um_file/install/ros2srrc_data/include/ros2srrc_data/ros2srrc_data/action/detail/sequence__rosidl_typesupport_fastrtps_cpp.hpp
-- Installing: /home/libok/um_file/install/ros2srrc_data/include/ros2srrc_data/ros2srrc_data/action/detail/move__rosidl_typesupport_fastrtps_cpp.hpp
-- Installing: /home/libok/um_file/install/ros2srrc_data/include/ros2srrc_data/ros2srrc_data/action/detail/dds_fastrtps
-- Up-to-date: /home/libok/um_file/install/ros2srrc_data/include/ros2srrc_data/ros2srrc_data/msg
-- Up-to-date: /home/libok/um_file/install/ros2srrc_data/include/ros2srrc_data/ros2srrc_data/msg/detail
-- Installing: /home/libok/um_file/install/ros2srrc_data/include/ros2srrc_data/ros2srrc_data/msg/detail/joints__rosidl_typesupport_fastrtps_cpp.hpp
-- Installing: /home/libok/um_file/install/ros2srrc_data/include/ros2srrc_data/ros2srrc_data/msg/detail/specs__rosidl_typesupport_fastrtps_cpp.hpp
-- Installing: /home/libok/um_file/install/ros2srrc_data/include/ros2srrc_data/ros2srrc_data/msg/detail/ypr__rosidl_typesupport_fastrtps_cpp.hpp
-- Installing: /home/libok/um_file/install/ros2srrc_data/include/ros2srrc_data/ros2srrc_data/msg/detail/robmove__rosidl_typesupport_fastrtps_cpp.hpp
-- Installing: /home/libok/um_file/install/ros2srrc_data/include/ros2srrc_data/ros2srrc_data/msg/detail/robpose__rosidl_typesupport_fastrtps_cpp.hpp
-- Installing: /home/libok/um_file/install/ros2srrc_data/include/ros2srrc_data/ros2srrc_data/msg/detail/xyz__rosidl_typesupport_fastrtps_cpp.hpp
-- Installing: /home/libok/um_file/install/ros2srrc_data/include/ros2srrc_data/ros2srrc_data/msg/detail/dds_fastrtps
-- Installing: /home/libok/um_file/install/ros2srrc_data/include/ros2srrc_data/ros2srrc_data/msg/detail/linkattacher__rosidl_typesupport_fastrtps_cpp.hpp
-- Installing: /home/libok/um_file/install/ros2srrc_data/include/ros2srrc_data/ros2srrc_data/msg/detail/action__rosidl_typesupport_fastrtps_cpp.hpp
-- Installing: /home/libok/um_file/install/ros2srrc_data/include/ros2srrc_data/ros2srrc_data/msg/detail/joint__rosidl_typesupport_fastrtps_cpp.hpp
-- Installing: /home/libok/um_file/install/ros2srrc_data/include/ros2srrc_data/ros2srrc_data/msg/detail/xyzypr__rosidl_typesupport_fastrtps_cpp.hpp
-- Installing: /home/libok/um_file/install/ros2srrc_data/include/ros2srrc_data/ros2srrc_data/msg/rosidl_typesupport_fastrtps_cpp__visibility_control.h
-- Installing: /home/libok/um_file/install/ros2srrc_data/lib/libros2srrc_data__rosidl_typesupport_fastrtps_cpp.so
-- Set non-toolchain portion of runtime path of "/home/libok/um_file/install/ros2srrc_data/lib/libros2srrc_data__rosidl_typesupport_fastrtps_cpp.so" to ""
-- Up-to-date: /home/libok/um_file/install/ros2srrc_data/include/ros2srrc_data/ros2srrc_data
-- Up-to-date: /home/libok/um_file/install/ros2srrc_data/include/ros2srrc_data/ros2srrc_data/action
-- Up-to-date: /home/libok/um_file/install/ros2srrc_data/include/ros2srrc_data/ros2srrc_data/action/detail
-- Installing: /home/libok/um_file/install/ros2srrc_data/include/ros2srrc_data/ros2srrc_data/action/detail/move__rosidl_typesupport_introspection_cpp.hpp
-- Installing: /home/libok/um_file/install/ros2srrc_data/include/ros2srrc_data/ros2srrc_data/action/detail/move__type_support.cpp
-- Installing: /home/libok/um_file/install/ros2srrc_data/include/ros2srrc_data/ros2srrc_data/action/detail/sequence__rosidl_typesupport_introspection_cpp.hpp
-- Installing: /home/libok/um_file/install/ros2srrc_data/include/ros2srrc_data/ros2srrc_data/action/detail/robmove__rosidl_typesupport_introspection_cpp.hpp
-- Installing: /home/libok/um_file/install/ros2srrc_data/include/ros2srrc_data/ros2srrc_data/action/detail/robmove__type_support.cpp
-- Installing: /home/libok/um_file/install/ros2srrc_data/include/ros2srrc_data/ros2srrc_data/action/detail/sequence__type_support.cpp
-- Up-to-date: /home/libok/um_file/install/ros2srrc_data/include/ros2srrc_data/ros2srrc_data/msg
-- Up-to-date: /home/libok/um_file/install/ros2srrc_data/include/ros2srrc_data/ros2srrc_data/msg/detail
-- Installing: /home/libok/um_file/install/ros2srrc_data/include/ros2srrc_data/ros2srrc_data/msg/detail/joints__rosidl_typesupport_introspection_cpp.hpp
-- Installing: /home/libok/um_file/install/ros2srrc_data/include/ros2srrc_data/ros2srrc_data/msg/detail/linkattacher__rosidl_typesupport_introspection_cpp.hpp
-- Installing: /home/libok/um_file/install/ros2srrc_data/include/ros2srrc_data/ros2srrc_data/msg/detail/action__type_support.cpp
-- Installing: /home/libok/um_file/install/ros2srrc_data/include/ros2srrc_data/ros2srrc_data/msg/detail/linkattacher__type_support.cpp
-- Installing: /home/libok/um_file/install/ros2srrc_data/include/ros2srrc_data/ros2srrc_data/msg/detail/specs__rosidl_typesupport_introspection_cpp.hpp
-- Installing: /home/libok/um_file/install/ros2srrc_data/include/ros2srrc_data/ros2srrc_data/msg/detail/xyzypr__rosidl_typesupport_introspection_cpp.hpp
-- Installing: /home/libok/um_file/install/ros2srrc_data/include/ros2srrc_data/ros2srrc_data/msg/detail/specs__type_support.cpp
-- Installing: /home/libok/um_file/install/ros2srrc_data/include/ros2srrc_data/ros2srrc_data/msg/detail/xyz__rosidl_typesupport_introspection_cpp.hpp
-- Installing: /home/libok/um_file/install/ros2srrc_data/include/ros2srrc_data/ros2srrc_data/msg/detail/xyz__type_support.cpp
-- Installing: /home/libok/um_file/install/ros2srrc_data/include/ros2srrc_data/ros2srrc_data/msg/detail/xyzypr__type_support.cpp
-- Installing: /home/libok/um_file/install/ros2srrc_data/include/ros2srrc_data/ros2srrc_data/msg/detail/joint__type_support.cpp
-- Installing: /home/libok/um_file/install/ros2srrc_data/include/ros2srrc_data/ros2srrc_data/msg/detail/robpose__type_support.cpp
-- Installing: /home/libok/um_file/install/ros2srrc_data/include/ros2srrc_data/ros2srrc_data/msg/detail/joints__type_support.cpp
-- Installing: /home/libok/um_file/install/ros2srrc_data/include/ros2srrc_data/ros2srrc_data/msg/detail/joint__rosidl_typesupport_introspection_cpp.hpp
-- Installing: /home/libok/um_file/install/ros2srrc_data/include/ros2srrc_data/ros2srrc_data/msg/detail/robmove__rosidl_typesupport_introspection_cpp.hpp
-- Installing: /home/libok/um_file/install/ros2srrc_data/include/ros2srrc_data/ros2srrc_data/msg/detail/action__rosidl_typesupport_introspection_cpp.hpp
-- Installing: /home/libok/um_file/install/ros2srrc_data/include/ros2srrc_data/ros2srrc_data/msg/detail/robpose__rosidl_typesupport_introspection_cpp.hpp
-- Installing: /home/libok/um_file/install/ros2srrc_data/include/ros2srrc_data/ros2srrc_data/msg/detail/ypr__type_support.cpp
-- Installing: /home/libok/um_file/install/ros2srrc_data/include/ros2srrc_data/ros2srrc_data/msg/detail/robmove__type_support.cpp
-- Installing: /home/libok/um_file/install/ros2srrc_data/include/ros2srrc_data/ros2srrc_data/msg/detail/ypr__rosidl_typesupport_introspection_cpp.hpp
-- Installing: /home/libok/um_file/install/ros2srrc_data/lib/libros2srrc_data__rosidl_typesupport_introspection_cpp.so
-- Set non-toolchain portion of runtime path of "/home/libok/um_file/install/ros2srrc_data/lib/libros2srrc_data__rosidl_typesupport_introspection_cpp.so" to ""
-- Installing: /home/libok/um_file/install/ros2srrc_data/lib/libros2srrc_data__rosidl_typesupport_cpp.so
-- Set non-toolchain portion of runtime path of "/home/libok/um_file/install/ros2srrc_data/lib/libros2srrc_data__rosidl_typesupport_cpp.so" to ""
-- Installing: /home/libok/um_file/install/ros2srrc_data/share/ros2srrc_data/environment/pythonpath.sh
-- Installing: /home/libok/um_file/install/ros2srrc_data/share/ros2srrc_data/environment/pythonpath.dsv
-- Installing: /home/libok/um_file/install/ros2srrc_data/local/lib/python3.10/dist-packages/ros2srrc_data-0.0.0-py3.10.egg-info
-- Installing: /home/libok/um_file/install/ros2srrc_data/local/lib/python3.10/dist-packages/ros2srrc_data-0.0.0-py3.10.egg-info/top_level.txt
-- Installing: /home/libok/um_file/install/ros2srrc_data/local/lib/python3.10/dist-packages/ros2srrc_data-0.0.0-py3.10.egg-info/PKG-INFO
-- Installing: /home/libok/um_file/install/ros2srrc_data/local/lib/python3.10/dist-packages/ros2srrc_data-0.0.0-py3.10.egg-info/dependency_links.txt
-- Installing: /home/libok/um_file/install/ros2srrc_data/local/lib/python3.10/dist-packages/ros2srrc_data-0.0.0-py3.10.egg-info/SOURCES.txt
-- Installing: /home/libok/um_file/install/ros2srrc_data/local/lib/python3.10/dist-packages/ros2srrc_data
-- Installing: /home/libok/um_file/install/ros2srrc_data/local/lib/python3.10/dist-packages/ros2srrc_data/ros2srrc_data_s__rosidl_typesupport_introspection_c.cpython-310-x86_64-linux-gnu.so
-- Installing: /home/libok/um_file/install/ros2srrc_data/local/lib/python3.10/dist-packages/ros2srrc_data/action
-- Installing: /home/libok/um_file/install/ros2srrc_data/local/lib/python3.10/dist-packages/ros2srrc_data/action/_move_s.c
-- Installing: /home/libok/um_file/install/ros2srrc_data/local/lib/python3.10/dist-packages/ros2srrc_data/action/__init__.py
-- Installing: /home/libok/um_file/install/ros2srrc_data/local/lib/python3.10/dist-packages/ros2srrc_data/action/_robmove.py
-- Installing: /home/libok/um_file/install/ros2srrc_data/local/lib/python3.10/dist-packages/ros2srrc_data/action/_sequence_s.c
-- Installing: /home/libok/um_file/install/ros2srrc_data/local/lib/python3.10/dist-packages/ros2srrc_data/action/_move.py
-- Installing: /home/libok/um_file/install/ros2srrc_data/local/lib/python3.10/dist-packages/ros2srrc_data/action/_robmove_s.c
-- Installing: /home/libok/um_file/install/ros2srrc_data/local/lib/python3.10/dist-packages/ros2srrc_data/action/_sequence.py
-- Installing: /home/libok/um_file/install/ros2srrc_data/local/lib/python3.10/dist-packages/ros2srrc_data/__init__.py
-- Installing: /home/libok/um_file/install/ros2srrc_data/local/lib/python3.10/dist-packages/ros2srrc_data/ros2srrc_data_s__rosidl_typesupport_c.cpython-310-x86_64-linux-gnu.so
-- Installing: /home/libok/um_file/install/ros2srrc_data/local/lib/python3.10/dist-packages/ros2srrc_data/msg
-- Installing: /home/libok/um_file/install/ros2srrc_data/local/lib/python3.10/dist-packages/ros2srrc_data/msg/_xyz.py
-- Installing: /home/libok/um_file/install/ros2srrc_data/local/lib/python3.10/dist-packages/ros2srrc_data/msg/_robpose.py
-- Installing: /home/libok/um_file/install/ros2srrc_data/local/lib/python3.10/dist-packages/ros2srrc_data/msg/__init__.py
-- Installing: /home/libok/um_file/install/ros2srrc_data/local/lib/python3.10/dist-packages/ros2srrc_data/msg/_joint.py
-- Installing: /home/libok/um_file/install/ros2srrc_data/local/lib/python3.10/dist-packages/ros2srrc_data/msg/_xyzypr.py
-- Installing: /home/libok/um_file/install/ros2srrc_data/local/lib/python3.10/dist-packages/ros2srrc_data/msg/_robmove.py
-- Installing: /home/libok/um_file/install/ros2srrc_data/local/lib/python3.10/dist-packages/ros2srrc_data/msg/_xyzypr_s.c
-- Installing: /home/libok/um_file/install/ros2srrc_data/local/lib/python3.10/dist-packages/ros2srrc_data/msg/_specs_s.c
-- Installing: /home/libok/um_file/install/ros2srrc_data/local/lib/python3.10/dist-packages/ros2srrc_data/msg/_specs.py
-- Installing: /home/libok/um_file/install/ros2srrc_data/local/lib/python3.10/dist-packages/ros2srrc_data/msg/_joint_s.c
-- Installing: /home/libok/um_file/install/ros2srrc_data/local/lib/python3.10/dist-packages/ros2srrc_data/msg/_xyz_s.c
-- Installing: /home/libok/um_file/install/ros2srrc_data/local/lib/python3.10/dist-packages/ros2srrc_data/msg/_action.py
-- Installing: /home/libok/um_file/install/ros2srrc_data/local/lib/python3.10/dist-packages/ros2srrc_data/msg/_robmove_s.c
-- Installing: /home/libok/um_file/install/ros2srrc_data/local/lib/python3.10/dist-packages/ros2srrc_data/msg/_ypr_s.c
-- Installing: /home/libok/um_file/install/ros2srrc_data/local/lib/python3.10/dist-packages/ros2srrc_data/msg/_linkattacher.py
-- Installing: /home/libok/um_file/install/ros2srrc_data/local/lib/python3.10/dist-packages/ros2srrc_data/msg/_joints.py
-- Installing: /home/libok/um_file/install/ros2srrc_data/local/lib/python3.10/dist-packages/ros2srrc_data/msg/_action_s.c
-- Installing: /home/libok/um_file/install/ros2srrc_data/local/lib/python3.10/dist-packages/ros2srrc_data/msg/_ypr.py
-- Installing: /home/libok/um_file/install/ros2srrc_data/local/lib/python3.10/dist-packages/ros2srrc_data/msg/_joints_s.c
-- Installing: /home/libok/um_file/install/ros2srrc_data/local/lib/python3.10/dist-packages/ros2srrc_data/msg/_robpose_s.c
-- Installing: /home/libok/um_file/install/ros2srrc_data/local/lib/python3.10/dist-packages/ros2srrc_data/msg/_linkattacher_s.c
-- Installing: /home/libok/um_file/install/ros2srrc_data/local/lib/python3.10/dist-packages/ros2srrc_data/_ros2srrc_data_s.ep.rosidl_typesupport_c.c
-- Installing: /home/libok/um_file/install/ros2srrc_data/local/lib/python3.10/dist-packages/ros2srrc_data/_ros2srrc_data_s.ep.rosidl_typesupport_fastrtps_c.c
-- Installing: /home/libok/um_file/install/ros2srrc_data/local/lib/python3.10/dist-packages/ros2srrc_data/libros2srrc_data__rosidl_generator_py.so
-- Installing: /home/libok/um_file/install/ros2srrc_data/local/lib/python3.10/dist-packages/ros2srrc_data/ros2srrc_data_s__rosidl_typesupport_fastrtps_c.cpython-310-x86_64-linux-gnu.so
-- Installing: /home/libok/um_file/install/ros2srrc_data/local/lib/python3.10/dist-packages/ros2srrc_data/_ros2srrc_data_s.ep.rosidl_typesupport_introspection_c.c
Listing '/home/libok/um_file/install/ros2srrc_data/local/lib/python3.10/dist-packages/ros2srrc_data'...
Compiling '/home/libok/um_file/install/ros2srrc_data/local/lib/python3.10/dist-packages/ros2srrc_data/__init__.py'...
Listing '/home/libok/um_file/install/ros2srrc_data/local/lib/python3.10/dist-packages/ros2srrc_data/action'...
Compiling '/home/libok/um_file/install/ros2srrc_data/local/lib/python3.10/dist-packages/ros2srrc_data/action/__init__.py'...
Compiling '/home/libok/um_file/install/ros2srrc_data/local/lib/python3.10/dist-packages/ros2srrc_data/action/_move.py'...
Compiling '/home/libok/um_file/install/ros2srrc_data/local/lib/python3.10/dist-packages/ros2srrc_data/action/_robmove.py'...
Compiling '/home/libok/um_file/install/ros2srrc_data/local/lib/python3.10/dist-packages/ros2srrc_data/action/_sequence.py'...
Listing '/home/libok/um_file/install/ros2srrc_data/local/lib/python3.10/dist-packages/ros2srrc_data/msg'...
Compiling '/home/libok/um_file/install/ros2srrc_data/local/lib/python3.10/dist-packages/ros2srrc_data/msg/__init__.py'...
Compiling '/home/libok/um_file/install/ros2srrc_data/local/lib/python3.10/dist-packages/ros2srrc_data/msg/_action.py'...
Compiling '/home/libok/um_file/install/ros2srrc_data/local/lib/python3.10/dist-packages/ros2srrc_data/msg/_joint.py'...
Compiling '/home/libok/um_file/install/ros2srrc_data/local/lib/python3.10/dist-packages/ros2srrc_data/msg/_joints.py'...
Compiling '/home/libok/um_file/install/ros2srrc_data/local/lib/python3.10/dist-packages/ros2srrc_data/msg/_linkattacher.py'...
Compiling '/home/libok/um_file/install/ros2srrc_data/local/lib/python3.10/dist-packages/ros2srrc_data/msg/_robmove.py'...
Compiling '/home/libok/um_file/install/ros2srrc_data/local/lib/python3.10/dist-packages/ros2srrc_data/msg/_robpose.py'...
Compiling '/home/libok/um_file/install/ros2srrc_data/local/lib/python3.10/dist-packages/ros2srrc_data/msg/_specs.py'...
Compiling '/home/libok/um_file/install/ros2srrc_data/local/lib/python3.10/dist-packages/ros2srrc_data/msg/_xyz.py'...
Compiling '/home/libok/um_file/install/ros2srrc_data/local/lib/python3.10/dist-packages/ros2srrc_data/msg/_xyzypr.py'...
Compiling '/home/libok/um_file/install/ros2srrc_data/local/lib/python3.10/dist-packages/ros2srrc_data/msg/_ypr.py'...
-- Installing: /home/libok/um_file/install/ros2srrc_data/local/lib/python3.10/dist-packages/ros2srrc_data/ros2srrc_data_s__rosidl_typesupport_fastrtps_c.cpython-310-x86_64-linux-gnu.so
-- Set non-toolchain portion of runtime path of "/home/libok/um_file/install/ros2srrc_data/local/lib/python3.10/dist-packages/ros2srrc_data/ros2srrc_data_s__rosidl_typesupport_fastrtps_c.cpython-310-x86_64-linux-gnu.so" to ""
-- Installing: /home/libok/um_file/install/ros2srrc_data/local/lib/python3.10/dist-packages/ros2srrc_data/ros2srrc_data_s__rosidl_typesupport_introspection_c.cpython-310-x86_64-linux-gnu.so
-- Set non-toolchain portion of runtime path of "/home/libok/um_file/install/ros2srrc_data/local/lib/python3.10/dist-packages/ros2srrc_data/ros2srrc_data_s__rosidl_typesupport_introspection_c.cpython-310-x86_64-linux-gnu.so" to ""
-- Installing: /home/libok/um_file/install/ros2srrc_data/local/lib/python3.10/dist-packages/ros2srrc_data/ros2srrc_data_s__rosidl_typesupport_c.cpython-310-x86_64-linux-gnu.so
-- Set non-toolchain portion of runtime path of "/home/libok/um_file/install/ros2srrc_data/local/lib/python3.10/dist-packages/ros2srrc_data/ros2srrc_data_s__rosidl_typesupport_c.cpython-310-x86_64-linux-gnu.so" to ""
-- Installing: /home/libok/um_file/install/ros2srrc_data/lib/libros2srrc_data__rosidl_generator_py.so
-- Set non-toolchain portion of runtime path of "/home/libok/um_file/install/ros2srrc_data/lib/libros2srrc_data__rosidl_generator_py.so" to ""
-- Installing: /home/libok/um_file/install/ros2srrc_data/share/ros2srrc_data/msg/Specs.idl
-- Installing: /home/libok/um_file/install/ros2srrc_data/share/ros2srrc_data/msg/Robmove.idl
-- Installing: /home/libok/um_file/install/ros2srrc_data/share/ros2srrc_data/msg/Joint.idl
-- Installing: /home/libok/um_file/install/ros2srrc_data/share/ros2srrc_data/msg/Joints.idl
-- Installing: /home/libok/um_file/install/ros2srrc_data/share/ros2srrc_data/msg/Xyz.idl
-- Installing: /home/libok/um_file/install/ros2srrc_data/share/ros2srrc_data/msg/Xyzypr.idl
-- Installing: /home/libok/um_file/install/ros2srrc_data/share/ros2srrc_data/msg/Ypr.idl
-- Installing: /home/libok/um_file/install/ros2srrc_data/share/ros2srrc_data/msg/Action.idl
-- Installing: /home/libok/um_file/install/ros2srrc_data/share/ros2srrc_data/msg/Linkattacher.idl
-- Installing: /home/libok/um_file/install/ros2srrc_data/share/ros2srrc_data/msg/Robpose.idl
-- Installing: /home/libok/um_file/install/ros2srrc_data/share/ros2srrc_data/action/Move.idl
-- Installing: /home/libok/um_file/install/ros2srrc_data/share/ros2srrc_data/action/Sequence.idl
-- Installing: /home/libok/um_file/install/ros2srrc_data/share/ros2srrc_data/action/Robmove.idl
-- Up-to-date: /home/libok/um_file/install/ros2srrc_data/share/ros2srrc_data/msg/Specs.msg
-- Up-to-date: /home/libok/um_file/install/ros2srrc_data/share/ros2srrc_data/msg/Robmove.msg
-- Up-to-date: /home/libok/um_file/install/ros2srrc_data/share/ros2srrc_data/msg/Joint.msg
-- Up-to-date: /home/libok/um_file/install/ros2srrc_data/share/ros2srrc_data/msg/Joints.msg
-- Up-to-date: /home/libok/um_file/install/ros2srrc_data/share/ros2srrc_data/msg/Xyz.msg
-- Up-to-date: /home/libok/um_file/install/ros2srrc_data/share/ros2srrc_data/msg/Xyzypr.msg
-- Up-to-date: /home/libok/um_file/install/ros2srrc_data/share/ros2srrc_data/msg/Ypr.msg
-- Up-to-date: /home/libok/um_file/install/ros2srrc_data/share/ros2srrc_data/msg/Action.msg
-- Up-to-date: /home/libok/um_file/install/ros2srrc_data/share/ros2srrc_data/msg/Linkattacher.msg
-- Up-to-date: /home/libok/um_file/install/ros2srrc_data/share/ros2srrc_data/msg/Robpose.msg
-- Up-to-date: /home/libok/um_file/install/ros2srrc_data/share/ros2srrc_data/action/Move.action
-- Up-to-date: /home/libok/um_file/install/ros2srrc_data/share/ros2srrc_data/action/Sequence.action
-- Up-to-date: /home/libok/um_file/install/ros2srrc_data/share/ros2srrc_data/action/Robmove.action
-- Installing: /home/libok/um_file/install/ros2srrc_data/share/ament_index/resource_index/package_run_dependencies/ros2srrc_data
-- Installing: /home/libok/um_file/install/ros2srrc_data/share/ament_index/resource_index/parent_prefix_path/ros2srrc_data
-- Installing: /home/libok/um_file/install/ros2srrc_data/share/ros2srrc_data/environment/ament_prefix_path.sh
-- Installing: /home/libok/um_file/install/ros2srrc_data/share/ros2srrc_data/environment/ament_prefix_path.dsv
-- Installing: /home/libok/um_file/install/ros2srrc_data/share/ros2srrc_data/environment/path.sh
-- Installing: /home/libok/um_file/install/ros2srrc_data/share/ros2srrc_data/environment/path.dsv
-- Installing: /home/libok/um_file/install/ros2srrc_data/share/ros2srrc_data/local_setup.bash
-- Installing: /home/libok/um_file/install/ros2srrc_data/share/ros2srrc_data/local_setup.sh
-- Installing: /home/libok/um_file/install/ros2srrc_data/share/ros2srrc_data/local_setup.zsh
-- Installing: /home/libok/um_file/install/ros2srrc_data/share/ros2srrc_data/local_setup.dsv
-- Installing: /home/libok/um_file/install/ros2srrc_data/share/ros2srrc_data/package.dsv
-- Installing: /home/libok/um_file/install/ros2srrc_data/share/ament_index/resource_index/packages/ros2srrc_data
-- Installing: /home/libok/um_file/install/ros2srrc_data/share/ros2srrc_data/cmake/export_ros2srrc_data__rosidl_generator_cExport.cmake
-- Installing: /home/libok/um_file/install/ros2srrc_data/share/ros2srrc_data/cmake/export_ros2srrc_data__rosidl_generator_cExport-noconfig.cmake
-- Installing: /home/libok/um_file/install/ros2srrc_data/share/ros2srrc_data/cmake/export_ros2srrc_data__rosidl_typesupport_fastrtps_cExport.cmake
-- Installing: /home/libok/um_file/install/ros2srrc_data/share/ros2srrc_data/cmake/export_ros2srrc_data__rosidl_typesupport_fastrtps_cExport-noconfig.cmake
-- Installing: /home/libok/um_file/install/ros2srrc_data/share/ros2srrc_data/cmake/ros2srrc_data__rosidl_typesupport_introspection_cExport.cmake
-- Installing: /home/libok/um_file/install/ros2srrc_data/share/ros2srrc_data/cmake/ros2srrc_data__rosidl_typesupport_introspection_cExport-noconfig.cmake
-- Installing: /home/libok/um_file/install/ros2srrc_data/share/ros2srrc_data/cmake/ros2srrc_data__rosidl_typesupport_cExport.cmake
-- Installing: /home/libok/um_file/install/ros2srrc_data/share/ros2srrc_data/cmake/ros2srrc_data__rosidl_typesupport_cExport-noconfig.cmake
-- Installing: /home/libok/um_file/install/ros2srrc_data/share/ros2srrc_data/cmake/export_ros2srrc_data__rosidl_generator_cppExport.cmake
-- Installing: /home/libok/um_file/install/ros2srrc_data/share/ros2srrc_data/cmake/export_ros2srrc_data__rosidl_typesupport_fastrtps_cppExport.cmake
-- Installing: /home/libok/um_file/install/ros2srrc_data/share/ros2srrc_data/cmake/export_ros2srrc_data__rosidl_typesupport_fastrtps_cppExport-noconfig.cmake
-- Installing: /home/libok/um_file/install/ros2srrc_data/share/ros2srrc_data/cmake/ros2srrc_data__rosidl_typesupport_introspection_cppExport.cmake
-- Installing: /home/libok/um_file/install/ros2srrc_data/share/ros2srrc_data/cmake/ros2srrc_data__rosidl_typesupport_introspection_cppExport-noconfig.cmake
-- Installing: /home/libok/um_file/install/ros2srrc_data/share/ros2srrc_data/cmake/ros2srrc_data__rosidl_typesupport_cppExport.cmake
-- Installing: /home/libok/um_file/install/ros2srrc_data/share/ros2srrc_data/cmake/ros2srrc_data__rosidl_typesupport_cppExport-noconfig.cmake
-- Installing: /home/libok/um_file/install/ros2srrc_data/share/ros2srrc_data/cmake/export_ros2srrc_data__rosidl_generator_pyExport.cmake
-- Installing: /home/libok/um_file/install/ros2srrc_data/share/ros2srrc_data/cmake/export_ros2srrc_data__rosidl_generator_pyExport-noconfig.cmake
-- Installing: /home/libok/um_file/install/ros2srrc_data/share/ros2srrc_data/cmake/rosidl_cmake-extras.cmake
-- Installing: /home/libok/um_file/install/ros2srrc_data/share/ros2srrc_data/cmake/ament_cmake_export_dependencies-extras.cmake
-- Installing: /home/libok/um_file/install/ros2srrc_data/share/ros2srrc_data/cmake/ament_cmake_export_include_directories-extras.cmake
-- Installing: /home/libok/um_file/install/ros2srrc_data/share/ros2srrc_data/cmake/ament_cmake_export_libraries-extras.cmake
-- Installing: /home/libok/um_file/install/ros2srrc_data/share/ros2srrc_data/cmake/ament_cmake_export_targets-extras.cmake
-- Installing: /home/libok/um_file/install/ros2srrc_data/share/ros2srrc_data/cmake/rosidl_cmake_export_typesupport_targets-extras.cmake
-- Installing: /home/libok/um_file/install/ros2srrc_data/share/ros2srrc_data/cmake/rosidl_cmake_export_typesupport_libraries-extras.cmake
-- Installing: /home/libok/um_file/install/ros2srrc_data/share/ros2srrc_data/cmake/ros2srrc_dataConfig.cmake
-- Installing: /home/libok/um_file/install/ros2srrc_data/share/ros2srrc_data/cmake/ros2srrc_dataConfig-version.cmake
-- Installing: /home/libok/um_file/install/ros2srrc_data/share/ros2srrc_data/package.xml
