[0.062s] Invoking command in '/home/libok/um_file/build/ros2srrc_data': CMAKE_PREFIX_PATH=${CMAKE_PREFIX_PATH}:/opt/ros/humble /usr/local/bin/cmake /home/libok/um_file/ros2srrc_data -DCMAKE_INSTALL_PREFIX=/home/libok/um_file/install/ros2srrc_data
[11.989s] -- The C compiler identification is GNU 11.4.0
[11.989s] -- The CXX compiler identification is GNU 11.4.0
[11.989s] -- Detecting C compiler ABI info
[11.989s] -- Detecting C compiler ABI info - done
[11.989s] -- Check for working C compiler: /usr/bin/cc - skipped
[11.989s] -- Detecting C compile features
[11.989s] -- Detecting C compile features - done
[11.991s] -- Detecting CXX compiler ABI info
[11.992s] -- Detecting CXX compiler ABI info - done
[11.993s] -- Check for working CXX compiler: /usr/bin/c++ - skipped
[11.993s] -- Detecting CXX compile features
[11.993s] -- Detecting CXX compile features - done
[11.993s] -- Found ament_cmake: 1.3.12 (/opt/ros/humble/share/ament_cmake/cmake)
[11.993s] -- Found Python3: /usr/bin/python3 (found version "3.10.12") found components: Interpreter
[11.993s] -- Found ament_lint_auto: 0.12.14 (/opt/ros/humble/share/ament_lint_auto/cmake)
[11.994s] -- Found rosidl_default_generators: 1.2.0 (/opt/ros/humble/share/rosidl_default_generators/cmake)
[11.994s] -- Using all available rosidl_typesupport_c: rosidl_typesupport_fastrtps_c;rosidl_typesupport_introspection_c
[11.994s] -- Found rosidl_adapter: 3.1.8 (/opt/ros/humble/share/rosidl_adapter/cmake)
[11.994s] -- Using all available rosidl_typesupport_cpp: rosidl_typesupport_fastrtps_cpp;rosidl_typesupport_introspection_cpp
[11.994s] -- Found ament_cmake_ros: 0.10.0 (/opt/ros/humble/share/ament_cmake_ros/cmake)
[11.994s] -- Using all available rosidl_typesupport_c: rosidl_typesupport_fastrtps_c;rosidl_typesupport_introspection_c
[11.994s] -- Using all available rosidl_typesupport_cpp: rosidl_typesupport_fastrtps_cpp;rosidl_typesupport_introspection_cpp
[11.996s] -- Found PythonInterp: /usr/bin/python3 (found suitable version "3.10.12", minimum required is "3.6")
[11.998s] -- Found python_cmake_module: 0.10.0 (/opt/ros/humble/share/python_cmake_module/cmake)
[11.999s] -- Found PythonLibs: /usr/lib/x86_64-linux-gnu/libpython3.10.so (found suitable version "3.10.12", minimum required is "3.5")
[11.999s] -- Using PYTHON_EXECUTABLE: /usr/bin/python3
[12.000s] -- Using PYTHON_INCLUDE_DIRS: /usr/include/python3.10
[12.000s] -- Using PYTHON_LIBRARIES: /usr/lib/x86_64-linux-gnu/libpython3.10.so
[12.001s] -- Found PythonExtra: .so
[12.001s] -- Added test 'copyright' to check source files copyright and LICENSE
[12.001s] -- Added test 'lint_cmake' to check CMake code style
[12.002s] -- Added test 'xmllint' to check XML markup files
[12.003s] -- Configuring done (9.1s)
[12.003s] -- Generating done (0.2s)
[12.003s] -- Build files have been written to: /home/libok/um_file/build/ros2srrc_data
[12.004s] [0mCMake Deprecation Warning at CMakeLists.txt:1 (cmake_minimum_required):
[12.004s]   Compatibility with CMake < 3.10 will be removed from a future version of
[12.004s]   CMake.
[12.005s] 
[12.006s]   Update the VERSION argument <min> value.  Or, use the <min>...<max> syntax
[12.006s]   to tell CMake that the project requires at least <min> but has been updated
[12.006s]   to work with policies introduced by <max> or earlier.
[12.007s] 
[12.007s] [0m
[12.007s] [33mCMake Warning (dev) at /opt/ros/humble/share/rosidl_generator_py/cmake/rosidl_generator_py_generate_interfaces.cmake:20 (find_package):
[12.007s]   Policy CMP0148 is not set: The FindPythonInterp and FindPythonLibs modules
[12.007s]   are removed.  Run "cmake --help-policy CMP0148" for policy details.  Use
[12.007s]   the cmake_policy command to set the policy and suppress this warning.
[12.007s] 
[12.008s] Call Stack (most recent call first):
[12.008s]   /opt/ros/humble/share/ament_cmake_core/cmake/core/ament_execute_extensions.cmake:48 (include)
[12.008s]   /opt/ros/humble/share/rosidl_cmake/cmake/rosidl_generate_interfaces.cmake:286 (ament_execute_extensions)
[12.008s]   CMakeLists.txt:47 (rosidl_generate_interfaces)
[12.008s] This warning is for project developers.  Use -Wno-dev to suppress it.
[12.008s] [0m
[12.008s] [33mCMake Warning (dev) at /opt/ros/humble/share/python_cmake_module/cmake/Modules/FindPythonExtra.cmake:52 (find_package):
[12.009s]   Policy CMP0148 is not set: The FindPythonInterp and FindPythonLibs modules
[12.012s]   are removed.  Run "cmake --help-policy CMP0148" for policy details.  Use
[12.012s]   the cmake_policy command to set the policy and suppress this warning.
[12.012s] 
[12.013s] Call Stack (most recent call first):
[12.013s]   /opt/ros/humble/share/rosidl_generator_py/cmake/rosidl_generator_py_generate_interfaces.cmake:23 (find_package)
[12.014s]   /opt/ros/humble/share/ament_cmake_core/cmake/core/ament_execute_extensions.cmake:48 (include)
[12.014s]   /opt/ros/humble/share/rosidl_cmake/cmake/rosidl_generate_interfaces.cmake:286 (ament_execute_extensions)
[12.014s]   CMakeLists.txt:47 (rosidl_generate_interfaces)
[12.014s] This warning is for project developers.  Use -Wno-dev to suppress it.
[12.014s] [0m
[12.014s] [33mCMake Warning (dev) at /opt/ros/humble/share/python_cmake_module/cmake/Modules/FindPythonExtra.cmake:140 (find_package):
[12.015s]   Policy CMP0148 is not set: The FindPythonInterp and FindPythonLibs modules
[12.015s]   are removed.  Run "cmake --help-policy CMP0148" for policy details.  Use
[12.015s]   the cmake_policy command to set the policy and suppress this warning.
[12.015s] 
[12.017s] Call Stack (most recent call first):
[12.017s]   /opt/ros/humble/share/rosidl_generator_py/cmake/rosidl_generator_py_generate_interfaces.cmake:23 (find_package)
[12.017s]   /opt/ros/humble/share/ament_cmake_core/cmake/core/ament_execute_extensions.cmake:48 (include)
[12.017s]   /opt/ros/humble/share/rosidl_cmake/cmake/rosidl_generate_interfaces.cmake:286 (ament_execute_extensions)
[12.017s]   CMakeLists.txt:47 (rosidl_generate_interfaces)
[12.018s] This warning is for project developers.  Use -Wno-dev to suppress it.
[12.018s] [0m
[12.220s] Invoked command in '/home/libok/um_file/build/ros2srrc_data' returned '0': CMAKE_PREFIX_PATH=${CMAKE_PREFIX_PATH}:/opt/ros/humble /usr/local/bin/cmake /home/libok/um_file/ros2srrc_data -DCMAKE_INSTALL_PREFIX=/home/libok/um_file/install/ros2srrc_data
[12.222s] Invoking command in '/home/libok/um_file/build/ros2srrc_data': CMAKE_PREFIX_PATH=${CMAKE_PREFIX_PATH}:/opt/ros/humble /usr/local/bin/cmake --build /home/libok/um_file/build/ros2srrc_data -- -j18 -l18
[12.460s] [  0%] [34m[1mGenerating C++ code for ROS interfaces[0m
[25.577s] [  0%] Built target ros2srrc_data__cpp
[25.737s] [  0%] Built target ament_cmake_python_copy_ros2srrc_data
[25.796s] [  0%] [34m[1mGenerating C++ introspection for ROS interfaces[0m
[33.662s] [  1%] [32mBuilding CXX object CMakeFiles/ros2srrc_data__rosidl_typesupport_introspection_cpp.dir/rosidl_typesupport_introspection_cpp/ros2srrc_data/msg/detail/specs__type_support.cpp.o[0m
[36.080s] [  2%] [32mBuilding CXX object CMakeFiles/ros2srrc_data__rosidl_typesupport_introspection_cpp.dir/rosidl_typesupport_introspection_cpp/ros2srrc_data/action/detail/robmove__type_support.cpp.o[0m
[38.446s] [  3%] [32mBuilding CXX object CMakeFiles/ros2srrc_data__rosidl_typesupport_introspection_cpp.dir/rosidl_typesupport_introspection_cpp/ros2srrc_data/action/detail/sequence__type_support.cpp.o[0m
[40.311s] [  4%] [32mBuilding CXX object CMakeFiles/ros2srrc_data__rosidl_typesupport_introspection_cpp.dir/rosidl_typesupport_introspection_cpp/ros2srrc_data/action/detail/move__type_support.cpp.o[0m
[41.790s] [  4%] [32mBuilding CXX object CMakeFiles/ros2srrc_data__rosidl_typesupport_introspection_cpp.dir/rosidl_typesupport_introspection_cpp/ros2srrc_data/msg/detail/robpose__type_support.cpp.o[0m
[43.143s] [  5%] [32mBuilding CXX object CMakeFiles/ros2srrc_data__rosidl_typesupport_introspection_cpp.dir/rosidl_typesupport_introspection_cpp/ros2srrc_data/msg/detail/linkattacher__type_support.cpp.o[0m
[43.917s] [  6%] [32mBuilding CXX object CMakeFiles/ros2srrc_data__rosidl_typesupport_introspection_cpp.dir/rosidl_typesupport_introspection_cpp/ros2srrc_data/msg/detail/action__type_support.cpp.o[0m
[44.978s] [  7%] [32mBuilding CXX object CMakeFiles/ros2srrc_data__rosidl_typesupport_introspection_cpp.dir/rosidl_typesupport_introspection_cpp/ros2srrc_data/msg/detail/ypr__type_support.cpp.o[0m
[46.051s] [  8%] [32mBuilding CXX object CMakeFiles/ros2srrc_data__rosidl_typesupport_introspection_cpp.dir/rosidl_typesupport_introspection_cpp/ros2srrc_data/msg/detail/xyzypr__type_support.cpp.o[0m
[47.017s] [  8%] [32mBuilding CXX object CMakeFiles/ros2srrc_data__rosidl_typesupport_introspection_cpp.dir/rosidl_typesupport_introspection_cpp/ros2srrc_data/msg/detail/xyz__type_support.cpp.o[0m
[47.675s] [  9%] [32mBuilding CXX object CMakeFiles/ros2srrc_data__rosidl_typesupport_introspection_cpp.dir/rosidl_typesupport_introspection_cpp/ros2srrc_data/msg/detail/joints__type_support.cpp.o[0m
[48.492s] [ 10%] [32mBuilding CXX object CMakeFiles/ros2srrc_data__rosidl_typesupport_introspection_cpp.dir/rosidl_typesupport_introspection_cpp/ros2srrc_data/msg/detail/joint__type_support.cpp.o[0m
[49.222s] [ 11%] [32mBuilding CXX object CMakeFiles/ros2srrc_data__rosidl_typesupport_introspection_cpp.dir/rosidl_typesupport_introspection_cpp/ros2srrc_data/msg/detail/robmove__type_support.cpp.o[0m
[50.006s] [ 12%] [32m[1mLinking CXX shared library libros2srrc_data__rosidl_typesupport_introspection_cpp.so[0m
[50.164s] [ 12%] Built target ros2srrc_data__rosidl_typesupport_introspection_cpp
[50.853s] running egg_info
[50.923s] creating ros2srrc_data.egg-info
[50.924s] writing ros2srrc_data.egg-info/PKG-INFO
[50.925s] writing dependency_links to ros2srrc_data.egg-info/dependency_links.txt
[50.926s] writing top-level names to ros2srrc_data.egg-info/top_level.txt
[50.926s] writing manifest file 'ros2srrc_data.egg-info/SOURCES.txt'
[51.152s] reading manifest file 'ros2srrc_data.egg-info/SOURCES.txt'
[51.152s] writing manifest file 'ros2srrc_data.egg-info/SOURCES.txt'
[51.250s] [ 12%] Built target ament_cmake_python_build_ros2srrc_data_egg
[51.275s] [ 13%] [34m[1mGenerating C++ type support for eProsima Fast-RTPS[0m
[55.192s] [ 14%] [32mBuilding CXX object CMakeFiles/ros2srrc_data__rosidl_typesupport_fastrtps_cpp.dir/rosidl_typesupport_fastrtps_cpp/ros2srrc_data/msg/detail/dds_fastrtps/specs__type_support.cpp.o[0m
[57.122s] [ 15%] [32mBuilding CXX object CMakeFiles/ros2srrc_data__rosidl_typesupport_fastrtps_cpp.dir/rosidl_typesupport_fastrtps_cpp/ros2srrc_data/action/detail/dds_fastrtps/robmove__type_support.cpp.o[0m
[61.456s] [ 16%] [32mBuilding CXX object CMakeFiles/ros2srrc_data__rosidl_typesupport_fastrtps_cpp.dir/rosidl_typesupport_fastrtps_cpp/ros2srrc_data/action/detail/dds_fastrtps/sequence__type_support.cpp.o[0m
[66.281s] [ 17%] [32mBuilding CXX object CMakeFiles/ros2srrc_data__rosidl_typesupport_fastrtps_cpp.dir/rosidl_typesupport_fastrtps_cpp/ros2srrc_data/action/detail/dds_fastrtps/move__type_support.cpp.o[0m
[70.621s] [ 18%] [32mBuilding CXX object CMakeFiles/ros2srrc_data__rosidl_typesupport_fastrtps_cpp.dir/rosidl_typesupport_fastrtps_cpp/ros2srrc_data/msg/detail/dds_fastrtps/robpose__type_support.cpp.o[0m
[72.623s] [ 18%] [32mBuilding CXX object CMakeFiles/ros2srrc_data__rosidl_typesupport_fastrtps_cpp.dir/rosidl_typesupport_fastrtps_cpp/ros2srrc_data/msg/detail/dds_fastrtps/linkattacher__type_support.cpp.o[0m
[74.426s] [ 19%] [32mBuilding CXX object CMakeFiles/ros2srrc_data__rosidl_typesupport_fastrtps_cpp.dir/rosidl_typesupport_fastrtps_cpp/ros2srrc_data/msg/detail/dds_fastrtps/action__type_support.cpp.o[0m
[76.190s] [ 20%] [32mBuilding CXX object CMakeFiles/ros2srrc_data__rosidl_typesupport_fastrtps_cpp.dir/rosidl_typesupport_fastrtps_cpp/ros2srrc_data/msg/detail/dds_fastrtps/ypr__type_support.cpp.o[0m
[77.929s] [ 21%] [32mBuilding CXX object CMakeFiles/ros2srrc_data__rosidl_typesupport_fastrtps_cpp.dir/rosidl_typesupport_fastrtps_cpp/ros2srrc_data/msg/detail/dds_fastrtps/xyzypr__type_support.cpp.o[0m
[79.655s] [ 22%] [32mBuilding CXX object CMakeFiles/ros2srrc_data__rosidl_typesupport_fastrtps_cpp.dir/rosidl_typesupport_fastrtps_cpp/ros2srrc_data/msg/detail/dds_fastrtps/xyz__type_support.cpp.o[0m
[81.181s] [ 22%] [32mBuilding CXX object CMakeFiles/ros2srrc_data__rosidl_typesupport_fastrtps_cpp.dir/rosidl_typesupport_fastrtps_cpp/ros2srrc_data/msg/detail/dds_fastrtps/joints__type_support.cpp.o[0m
[82.643s] [ 23%] [32mBuilding CXX object CMakeFiles/ros2srrc_data__rosidl_typesupport_fastrtps_cpp.dir/rosidl_typesupport_fastrtps_cpp/ros2srrc_data/msg/detail/dds_fastrtps/joint__type_support.cpp.o[0m
[83.552s] [ 24%] [32mBuilding CXX object CMakeFiles/ros2srrc_data__rosidl_typesupport_fastrtps_cpp.dir/rosidl_typesupport_fastrtps_cpp/ros2srrc_data/msg/detail/dds_fastrtps/robmove__type_support.cpp.o[0m
[84.670s] [ 24%] [32m[1mLinking CXX shared library libros2srrc_data__rosidl_typesupport_fastrtps_cpp.so[0m
[84.894s] [ 24%] Built target ros2srrc_data__rosidl_typesupport_fastrtps_cpp
[84.917s] [ 25%] [34m[1mGenerating C++ type support dispatch for ROS interfaces[0m
[87.414s] [ 26%] [32mBuilding CXX object CMakeFiles/ros2srrc_data__rosidl_typesupport_cpp.dir/rosidl_typesupport_cpp/ros2srrc_data/msg/specs__type_support.cpp.o[0m
[88.007s] [ 26%] [32mBuilding CXX object CMakeFiles/ros2srrc_data__rosidl_typesupport_cpp.dir/rosidl_typesupport_cpp/ros2srrc_data/action/robmove__type_support.cpp.o[0m
[89.185s] [ 27%] [32mBuilding CXX object CMakeFiles/ros2srrc_data__rosidl_typesupport_cpp.dir/rosidl_typesupport_cpp/ros2srrc_data/action/sequence__type_support.cpp.o[0m
[90.816s] [ 28%] [32mBuilding CXX object CMakeFiles/ros2srrc_data__rosidl_typesupport_cpp.dir/rosidl_typesupport_cpp/ros2srrc_data/action/move__type_support.cpp.o[0m
[92.187s] [ 29%] [32mBuilding CXX object CMakeFiles/ros2srrc_data__rosidl_typesupport_cpp.dir/rosidl_typesupport_cpp/ros2srrc_data/msg/robpose__type_support.cpp.o[0m
[92.915s] [ 30%] [32mBuilding CXX object CMakeFiles/ros2srrc_data__rosidl_typesupport_cpp.dir/rosidl_typesupport_cpp/ros2srrc_data/msg/linkattacher__type_support.cpp.o[0m
[93.454s] [ 30%] [32mBuilding CXX object CMakeFiles/ros2srrc_data__rosidl_typesupport_cpp.dir/rosidl_typesupport_cpp/ros2srrc_data/msg/action__type_support.cpp.o[0m
[94.124s] [ 31%] [32mBuilding CXX object CMakeFiles/ros2srrc_data__rosidl_typesupport_cpp.dir/rosidl_typesupport_cpp/ros2srrc_data/msg/ypr__type_support.cpp.o[0m
[94.636s] [ 32%] [32mBuilding CXX object CMakeFiles/ros2srrc_data__rosidl_typesupport_cpp.dir/rosidl_typesupport_cpp/ros2srrc_data/msg/xyzypr__type_support.cpp.o[0m
[95.133s] [ 33%] [32mBuilding CXX object CMakeFiles/ros2srrc_data__rosidl_typesupport_cpp.dir/rosidl_typesupport_cpp/ros2srrc_data/msg/xyz__type_support.cpp.o[0m
[95.724s] [ 34%] [32mBuilding CXX object CMakeFiles/ros2srrc_data__rosidl_typesupport_cpp.dir/rosidl_typesupport_cpp/ros2srrc_data/msg/joints__type_support.cpp.o[0m
[96.390s] [ 34%] [32mBuilding CXX object CMakeFiles/ros2srrc_data__rosidl_typesupport_cpp.dir/rosidl_typesupport_cpp/ros2srrc_data/msg/joint__type_support.cpp.o[0m
[97.075s] [ 35%] [32mBuilding CXX object CMakeFiles/ros2srrc_data__rosidl_typesupport_cpp.dir/rosidl_typesupport_cpp/ros2srrc_data/msg/robmove__type_support.cpp.o[0m
[97.578s] [ 36%] [32m[1mLinking CXX shared library libros2srrc_data__rosidl_typesupport_cpp.so[0m
[97.642s] [ 36%] Built target ros2srrc_data__rosidl_typesupport_cpp
[97.655s] [ 37%] [34m[1mGenerating C code for ROS interfaces[0m
[109.512s] [ 38%] [32mBuilding C object CMakeFiles/ros2srrc_data__rosidl_generator_c.dir/rosidl_generator_c/ros2srrc_data/msg/detail/specs__functions.c.o[0m
[109.789s] [ 39%] [32mBuilding C object CMakeFiles/ros2srrc_data__rosidl_generator_c.dir/rosidl_generator_c/ros2srrc_data/action/detail/robmove__functions.c.o[0m
[110.453s] [ 39%] [32mBuilding C object CMakeFiles/ros2srrc_data__rosidl_generator_c.dir/rosidl_generator_c/ros2srrc_data/action/detail/sequence__functions.c.o[0m
[110.906s] [ 40%] [32mBuilding C object CMakeFiles/ros2srrc_data__rosidl_generator_c.dir/rosidl_generator_c/ros2srrc_data/action/detail/move__functions.c.o[0m
[111.309s] [ 41%] [32mBuilding C object CMakeFiles/ros2srrc_data__rosidl_generator_c.dir/rosidl_generator_c/ros2srrc_data/msg/detail/robpose__functions.c.o[0m
[111.484s] [ 42%] [32mBuilding C object CMakeFiles/ros2srrc_data__rosidl_generator_c.dir/rosidl_generator_c/ros2srrc_data/msg/detail/linkattacher__functions.c.o[0m
[111.598s] [ 43%] [32mBuilding C object CMakeFiles/ros2srrc_data__rosidl_generator_c.dir/rosidl_generator_c/ros2srrc_data/msg/detail/action__functions.c.o[0m
[111.727s] [ 43%] [32mBuilding C object CMakeFiles/ros2srrc_data__rosidl_generator_c.dir/rosidl_generator_c/ros2srrc_data/msg/detail/ypr__functions.c.o[0m
[111.843s] [ 44%] [32mBuilding C object CMakeFiles/ros2srrc_data__rosidl_generator_c.dir/rosidl_generator_c/ros2srrc_data/msg/detail/xyzypr__functions.c.o[0m
[112.008s] [ 45%] [32mBuilding C object CMakeFiles/ros2srrc_data__rosidl_generator_c.dir/rosidl_generator_c/ros2srrc_data/msg/detail/xyz__functions.c.o[0m
[112.172s] [ 46%] [32mBuilding C object CMakeFiles/ros2srrc_data__rosidl_generator_c.dir/rosidl_generator_c/ros2srrc_data/msg/detail/joints__functions.c.o[0m
[112.306s] [ 47%] [32mBuilding C object CMakeFiles/ros2srrc_data__rosidl_generator_c.dir/rosidl_generator_c/ros2srrc_data/msg/detail/joint__functions.c.o[0m
[112.444s] [ 47%] [32mBuilding C object CMakeFiles/ros2srrc_data__rosidl_generator_c.dir/rosidl_generator_c/ros2srrc_data/msg/detail/robmove__functions.c.o[0m
[112.587s] [ 48%] [32m[1mLinking C shared library libros2srrc_data__rosidl_generator_c.so[0m
[112.701s] [ 48%] Built target ros2srrc_data__rosidl_generator_c
[112.736s] [ 49%] [34m[1mGenerating C type support for eProsima Fast-RTPS[0m
[117.214s] [ 50%] [32mBuilding CXX object CMakeFiles/ros2srrc_data__rosidl_typesupport_fastrtps_c.dir/rosidl_typesupport_fastrtps_c/ros2srrc_data/msg/detail/specs__type_support_c.cpp.o[0m
[117.973s] [ 51%] [32mBuilding CXX object CMakeFiles/ros2srrc_data__rosidl_typesupport_fastrtps_c.dir/rosidl_typesupport_fastrtps_c/ros2srrc_data/action/detail/robmove__type_support_c.cpp.o[0m
[118.709s] [ 51%] [32mBuilding CXX object CMakeFiles/ros2srrc_data__rosidl_typesupport_fastrtps_c.dir/rosidl_typesupport_fastrtps_c/ros2srrc_data/action/detail/sequence__type_support_c.cpp.o[0m
[119.802s] [ 52%] [32mBuilding CXX object CMakeFiles/ros2srrc_data__rosidl_typesupport_fastrtps_c.dir/rosidl_typesupport_fastrtps_c/ros2srrc_data/action/detail/move__type_support_c.cpp.o[0m
[120.550s] [ 53%] [32mBuilding CXX object CMakeFiles/ros2srrc_data__rosidl_typesupport_fastrtps_c.dir/rosidl_typesupport_fastrtps_c/ros2srrc_data/msg/detail/robpose__type_support_c.cpp.o[0m
[121.150s] [ 54%] [32mBuilding CXX object CMakeFiles/ros2srrc_data__rosidl_typesupport_fastrtps_c.dir/rosidl_typesupport_fastrtps_c/ros2srrc_data/msg/detail/linkattacher__type_support_c.cpp.o[0m
[121.932s] [ 55%] [32mBuilding CXX object CMakeFiles/ros2srrc_data__rosidl_typesupport_fastrtps_c.dir/rosidl_typesupport_fastrtps_c/ros2srrc_data/msg/detail/action__type_support_c.cpp.o[0m
[122.809s] [ 55%] [32mBuilding CXX object CMakeFiles/ros2srrc_data__rosidl_typesupport_fastrtps_c.dir/rosidl_typesupport_fastrtps_c/ros2srrc_data/msg/detail/ypr__type_support_c.cpp.o[0m
[123.445s] [ 56%] [32mBuilding CXX object CMakeFiles/ros2srrc_data__rosidl_typesupport_fastrtps_c.dir/rosidl_typesupport_fastrtps_c/ros2srrc_data/msg/detail/xyzypr__type_support_c.cpp.o[0m
[123.970s] [ 57%] [32mBuilding CXX object CMakeFiles/ros2srrc_data__rosidl_typesupport_fastrtps_c.dir/rosidl_typesupport_fastrtps_c/ros2srrc_data/msg/detail/xyz__type_support_c.cpp.o[0m
[124.448s] [ 58%] [32mBuilding CXX object CMakeFiles/ros2srrc_data__rosidl_typesupport_fastrtps_c.dir/rosidl_typesupport_fastrtps_c/ros2srrc_data/msg/detail/joints__type_support_c.cpp.o[0m
[125.041s] [ 59%] [32mBuilding CXX object CMakeFiles/ros2srrc_data__rosidl_typesupport_fastrtps_c.dir/rosidl_typesupport_fastrtps_c/ros2srrc_data/msg/detail/joint__type_support_c.cpp.o[0m
[125.828s] [ 59%] [32mBuilding CXX object CMakeFiles/ros2srrc_data__rosidl_typesupport_fastrtps_c.dir/rosidl_typesupport_fastrtps_c/ros2srrc_data/msg/detail/robmove__type_support_c.cpp.o[0m
[126.525s] [ 60%] [32m[1mLinking CXX shared library libros2srrc_data__rosidl_typesupport_fastrtps_c.so[0m
[126.663s] [ 60%] Built target ros2srrc_data__rosidl_typesupport_fastrtps_c
[126.678s] [ 61%] [34m[1mGenerating C type support dispatch for ROS interfaces[0m
[128.360s] [ 61%] [32mBuilding CXX object CMakeFiles/ros2srrc_data__rosidl_typesupport_c.dir/rosidl_typesupport_c/ros2srrc_data/msg/specs__type_support.cpp.o[0m
[128.420s] [ 62%] [32mBuilding CXX object CMakeFiles/ros2srrc_data__rosidl_typesupport_c.dir/rosidl_typesupport_c/ros2srrc_data/action/robmove__type_support.cpp.o[0m
[128.521s] [ 63%] [32mBuilding CXX object CMakeFiles/ros2srrc_data__rosidl_typesupport_c.dir/rosidl_typesupport_c/ros2srrc_data/action/sequence__type_support.cpp.o[0m
[128.617s] [ 63%] [32mBuilding CXX object CMakeFiles/ros2srrc_data__rosidl_typesupport_c.dir/rosidl_typesupport_c/ros2srrc_data/action/move__type_support.cpp.o[0m
[128.691s] [ 64%] [32mBuilding CXX object CMakeFiles/ros2srrc_data__rosidl_typesupport_c.dir/rosidl_typesupport_c/ros2srrc_data/msg/robpose__type_support.cpp.o[0m
[128.743s] [ 65%] [32mBuilding CXX object CMakeFiles/ros2srrc_data__rosidl_typesupport_c.dir/rosidl_typesupport_c/ros2srrc_data/msg/linkattacher__type_support.cpp.o[0m
[128.800s] [ 66%] [32mBuilding CXX object CMakeFiles/ros2srrc_data__rosidl_typesupport_c.dir/rosidl_typesupport_c/ros2srrc_data/msg/action__type_support.cpp.o[0m
[128.857s] [ 67%] [32mBuilding CXX object CMakeFiles/ros2srrc_data__rosidl_typesupport_c.dir/rosidl_typesupport_c/ros2srrc_data/msg/ypr__type_support.cpp.o[0m
[128.913s] [ 67%] [32mBuilding CXX object CMakeFiles/ros2srrc_data__rosidl_typesupport_c.dir/rosidl_typesupport_c/ros2srrc_data/msg/xyzypr__type_support.cpp.o[0m
[128.962s] [ 68%] [32mBuilding CXX object CMakeFiles/ros2srrc_data__rosidl_typesupport_c.dir/rosidl_typesupport_c/ros2srrc_data/msg/xyz__type_support.cpp.o[0m
[129.012s] [ 69%] [32mBuilding CXX object CMakeFiles/ros2srrc_data__rosidl_typesupport_c.dir/rosidl_typesupport_c/ros2srrc_data/msg/joints__type_support.cpp.o[0m
[129.056s] [ 70%] [32mBuilding CXX object CMakeFiles/ros2srrc_data__rosidl_typesupport_c.dir/rosidl_typesupport_c/ros2srrc_data/msg/joint__type_support.cpp.o[0m
[129.092s] [ 71%] [32mBuilding CXX object CMakeFiles/ros2srrc_data__rosidl_typesupport_c.dir/rosidl_typesupport_c/ros2srrc_data/msg/robmove__type_support.cpp.o[0m
[129.141s] [ 72%] [32m[1mLinking CXX shared library libros2srrc_data__rosidl_typesupport_c.so[0m
[129.194s] [ 72%] Built target ros2srrc_data__rosidl_typesupport_c
[129.207s] [ 73%] [34m[1mGenerating C introspection for ROS interfaces[0m
[131.775s] [ 74%] [32mBuilding C object CMakeFiles/ros2srrc_data__rosidl_typesupport_introspection_c.dir/rosidl_typesupport_introspection_c/ros2srrc_data/msg/detail/specs__type_support.c.o[0m
[131.838s] [ 74%] [32mBuilding C object CMakeFiles/ros2srrc_data__rosidl_typesupport_introspection_c.dir/rosidl_typesupport_introspection_c/ros2srrc_data/action/detail/robmove__type_support.c.o[0m
[131.915s] [ 75%] [32mBuilding C object CMakeFiles/ros2srrc_data__rosidl_typesupport_introspection_c.dir/rosidl_typesupport_introspection_c/ros2srrc_data/action/detail/sequence__type_support.c.o[0m
[132.024s] [ 76%] [32mBuilding C object CMakeFiles/ros2srrc_data__rosidl_typesupport_introspection_c.dir/rosidl_typesupport_introspection_c/ros2srrc_data/action/detail/move__type_support.c.o[0m
[132.114s] [ 77%] [32mBuilding C object CMakeFiles/ros2srrc_data__rosidl_typesupport_introspection_c.dir/rosidl_typesupport_introspection_c/ros2srrc_data/msg/detail/robpose__type_support.c.o[0m
[132.163s] [ 78%] [32mBuilding C object CMakeFiles/ros2srrc_data__rosidl_typesupport_introspection_c.dir/rosidl_typesupport_introspection_c/ros2srrc_data/msg/detail/linkattacher__type_support.c.o[0m
[132.207s] [ 78%] [32mBuilding C object CMakeFiles/ros2srrc_data__rosidl_typesupport_introspection_c.dir/rosidl_typesupport_introspection_c/ros2srrc_data/msg/detail/action__type_support.c.o[0m
[132.269s] [ 79%] [32mBuilding C object CMakeFiles/ros2srrc_data__rosidl_typesupport_introspection_c.dir/rosidl_typesupport_introspection_c/ros2srrc_data/msg/detail/ypr__type_support.c.o[0m
[132.331s] [ 80%] [32mBuilding C object CMakeFiles/ros2srrc_data__rosidl_typesupport_introspection_c.dir/rosidl_typesupport_introspection_c/ros2srrc_data/msg/detail/xyzypr__type_support.c.o[0m
[132.395s] [ 81%] [32mBuilding C object CMakeFiles/ros2srrc_data__rosidl_typesupport_introspection_c.dir/rosidl_typesupport_introspection_c/ros2srrc_data/msg/detail/xyz__type_support.c.o[0m
[132.443s] [ 82%] [32mBuilding C object CMakeFiles/ros2srrc_data__rosidl_typesupport_introspection_c.dir/rosidl_typesupport_introspection_c/ros2srrc_data/msg/detail/joints__type_support.c.o[0m
[132.505s] [ 82%] [32mBuilding C object CMakeFiles/ros2srrc_data__rosidl_typesupport_introspection_c.dir/rosidl_typesupport_introspection_c/ros2srrc_data/msg/detail/joint__type_support.c.o[0m
[132.566s] [ 83%] [32mBuilding C object CMakeFiles/ros2srrc_data__rosidl_typesupport_introspection_c.dir/rosidl_typesupport_introspection_c/ros2srrc_data/msg/detail/robmove__type_support.c.o[0m
[132.619s] [ 84%] [32m[1mLinking C shared library libros2srrc_data__rosidl_typesupport_introspection_c.so[0m
[132.669s] [ 84%] Built target ros2srrc_data__rosidl_typesupport_introspection_c
[132.690s] [ 84%] Built target ros2srrc_data
[132.713s] [ 85%] [34m[1mGenerating Python code for ROS interfaces[0m
[146.160s] [ 85%] Built target ros2srrc_data__py
[146.245s] [ 85%] [32mBuilding C object CMakeFiles/ros2srrc_data__rosidl_generator_py.dir/rosidl_generator_py/ros2srrc_data/msg/_robmove_s.c.o[0m
[146.248s] [ 86%] [32mBuilding C object CMakeFiles/ros2srrc_data__rosidl_generator_py.dir/rosidl_generator_py/ros2srrc_data/msg/_specs_s.c.o[0m
[146.252s] [ 87%] [32mBuilding C object CMakeFiles/ros2srrc_data__rosidl_generator_py.dir/rosidl_generator_py/ros2srrc_data/msg/_joints_s.c.o[0m
[146.254s] [ 88%] [32mBuilding C object CMakeFiles/ros2srrc_data__rosidl_generator_py.dir/rosidl_generator_py/ros2srrc_data/msg/_joint_s.c.o[0m
[146.685s] [ 89%] [32mBuilding C object CMakeFiles/ros2srrc_data__rosidl_generator_py.dir/rosidl_generator_py/ros2srrc_data/action/_robmove_s.c.o[0m
[146.722s] [ 89%] [32mBuilding C object CMakeFiles/ros2srrc_data__rosidl_generator_py.dir/rosidl_generator_py/ros2srrc_data/action/_sequence_s.c.o[0m
[146.890s] [ 90%] [32mBuilding C object CMakeFiles/ros2srrc_data__rosidl_generator_py.dir/rosidl_generator_py/ros2srrc_data/action/_move_s.c.o[0m
[146.938s] [ 91%] [32mBuilding C object CMakeFiles/ros2srrc_data__rosidl_generator_py.dir/rosidl_generator_py/ros2srrc_data/msg/_robpose_s.c.o[0m
[147.500s] [ 92%] [32mBuilding C object CMakeFiles/ros2srrc_data__rosidl_generator_py.dir/rosidl_generator_py/ros2srrc_data/msg/_linkattacher_s.c.o[0m
[147.507s] [ 92%] [32mBuilding C object CMakeFiles/ros2srrc_data__rosidl_generator_py.dir/rosidl_generator_py/ros2srrc_data/msg/_ypr_s.c.o[0m
[147.512s] [ 93%] [32mBuilding C object CMakeFiles/ros2srrc_data__rosidl_generator_py.dir/rosidl_generator_py/ros2srrc_data/msg/_action_s.c.o[0m
[147.518s] [ 94%] [32mBuilding C object CMakeFiles/ros2srrc_data__rosidl_generator_py.dir/rosidl_generator_py/ros2srrc_data/msg/_xyzypr_s.c.o[0m
[147.707s] [ 95%] [32mBuilding C object CMakeFiles/ros2srrc_data__rosidl_generator_py.dir/rosidl_generator_py/ros2srrc_data/msg/_xyz_s.c.o[0m
[148.243s] [ 96%] [32m[1mLinking C shared library rosidl_generator_py/ros2srrc_data/libros2srrc_data__rosidl_generator_py.so[0m
[148.463s] [ 96%] Built target ros2srrc_data__rosidl_generator_py
[148.552s] [ 97%] [32mBuilding C object CMakeFiles/ros2srrc_data__rosidl_typesupport_fastrtps_c__pyext.dir/rosidl_generator_py/ros2srrc_data/_ros2srrc_data_s.ep.rosidl_typesupport_fastrtps_c.c.o[0m
[148.559s] [ 98%] [32mBuilding C object CMakeFiles/ros2srrc_data__rosidl_typesupport_introspection_c__pyext.dir/rosidl_generator_py/ros2srrc_data/_ros2srrc_data_s.ep.rosidl_typesupport_introspection_c.c.o[0m
[148.563s] [ 99%] [32mBuilding C object CMakeFiles/ros2srrc_data__rosidl_typesupport_c__pyext.dir/rosidl_generator_py/ros2srrc_data/_ros2srrc_data_s.ep.rosidl_typesupport_c.c.o[0m
[149.654s] [ 99%] [32m[1mLinking C shared library rosidl_generator_py/ros2srrc_data/ros2srrc_data_s__rosidl_typesupport_fastrtps_c.cpython-310-x86_64-linux-gnu.so[0m
[149.749s] [100%] [32m[1mLinking C shared library rosidl_generator_py/ros2srrc_data/ros2srrc_data_s__rosidl_typesupport_introspection_c.cpython-310-x86_64-linux-gnu.so[0m
[149.814s] [100%] Built target ros2srrc_data__rosidl_typesupport_fastrtps_c__pyext
[149.838s] [100%] [32m[1mLinking C shared library rosidl_generator_py/ros2srrc_data/ros2srrc_data_s__rosidl_typesupport_c.cpython-310-x86_64-linux-gnu.so[0m
[149.887s] [100%] Built target ros2srrc_data__rosidl_typesupport_introspection_c__pyext
[149.962s] [100%] Built target ros2srrc_data__rosidl_typesupport_c__pyext
[149.990s] Invoked command in '/home/libok/um_file/build/ros2srrc_data' returned '0': CMAKE_PREFIX_PATH=${CMAKE_PREFIX_PATH}:/opt/ros/humble /usr/local/bin/cmake --build /home/libok/um_file/build/ros2srrc_data -- -j18 -l18
[149.998s] Invoking command in '/home/libok/um_file/build/ros2srrc_data': CMAKE_PREFIX_PATH=${CMAKE_PREFIX_PATH}:/opt/ros/humble /usr/local/bin/cmake --install /home/libok/um_file/build/ros2srrc_data
[150.013s] -- Install configuration: ""
[150.014s] -- Installing: /home/libok/um_file/install/ros2srrc_data/share/ros2srrc_data/action
[150.014s] -- Installing: /home/libok/um_file/install/ros2srrc_data/share/ros2srrc_data/action/Move.action
[150.015s] -- Installing: /home/libok/um_file/install/ros2srrc_data/share/ros2srrc_data/action/Robmove.action
[150.016s] -- Installing: /home/libok/um_file/install/ros2srrc_data/share/ros2srrc_data/action/Sequence.action
[150.016s] -- Installing: /home/libok/um_file/install/ros2srrc_data/share/ros2srrc_data/msg
[150.016s] -- Installing: /home/libok/um_file/install/ros2srrc_data/share/ros2srrc_data/msg/Ypr.msg
[150.016s] -- Installing: /home/libok/um_file/install/ros2srrc_data/share/ros2srrc_data/msg/Specs.msg
[150.017s] -- Installing: /home/libok/um_file/install/ros2srrc_data/share/ros2srrc_data/msg/Xyz.msg
[150.017s] -- Installing: /home/libok/um_file/install/ros2srrc_data/share/ros2srrc_data/msg/Xyzypr.msg
[150.017s] -- Installing: /home/libok/um_file/install/ros2srrc_data/share/ros2srrc_data/msg/Linkattacher.msg
[150.018s] -- Installing: /home/libok/um_file/install/ros2srrc_data/share/ros2srrc_data/msg/Robmove.msg
[150.018s] -- Installing: /home/libok/um_file/install/ros2srrc_data/share/ros2srrc_data/msg/Joint.msg
[150.018s] -- Installing: /home/libok/um_file/install/ros2srrc_data/share/ros2srrc_data/msg/Joints.msg
[150.018s] -- Installing: /home/libok/um_file/install/ros2srrc_data/share/ros2srrc_data/msg/Robpose.msg
[150.019s] -- Installing: /home/libok/um_file/install/ros2srrc_data/share/ros2srrc_data/msg/Action.msg
[150.019s] -- Installing: /home/libok/um_file/install/ros2srrc_data/share/ament_index/resource_index/rosidl_interfaces/ros2srrc_data
[150.019s] -- Installing: /home/libok/um_file/install/ros2srrc_data/include/ros2srrc_data/ros2srrc_data
[150.020s] -- Installing: /home/libok/um_file/install/ros2srrc_data/include/ros2srrc_data/ros2srrc_data/action
[150.020s] -- Installing: /home/libok/um_file/install/ros2srrc_data/include/ros2srrc_data/ros2srrc_data/action/move.h
[150.020s] -- Installing: /home/libok/um_file/install/ros2srrc_data/include/ros2srrc_data/ros2srrc_data/action/sequence.h
[150.021s] -- Installing: /home/libok/um_file/install/ros2srrc_data/include/ros2srrc_data/ros2srrc_data/action/detail
[150.021s] -- Installing: /home/libok/um_file/install/ros2srrc_data/include/ros2srrc_data/ros2srrc_data/action/detail/sequence__functions.c
[150.021s] -- Installing: /home/libok/um_file/install/ros2srrc_data/include/ros2srrc_data/ros2srrc_data/action/detail/move__type_support.h
[150.021s] -- Installing: /home/libok/um_file/install/ros2srrc_data/include/ros2srrc_data/ros2srrc_data/action/detail/robmove__struct.h
[150.022s] -- Installing: /home/libok/um_file/install/ros2srrc_data/include/ros2srrc_data/ros2srrc_data/action/detail/robmove__type_support.h
[150.022s] -- Installing: /home/libok/um_file/install/ros2srrc_data/include/ros2srrc_data/ros2srrc_data/action/detail/sequence__functions.h
[150.022s] -- Installing: /home/libok/um_file/install/ros2srrc_data/include/ros2srrc_data/ros2srrc_data/action/detail/sequence__struct.h
[150.022s] -- Installing: /home/libok/um_file/install/ros2srrc_data/include/ros2srrc_data/ros2srrc_data/action/detail/robmove__functions.c
[150.023s] -- Installing: /home/libok/um_file/install/ros2srrc_data/include/ros2srrc_data/ros2srrc_data/action/detail/sequence__type_support.h
[150.023s] -- Installing: /home/libok/um_file/install/ros2srrc_data/include/ros2srrc_data/ros2srrc_data/action/detail/robmove__functions.h
[150.023s] -- Installing: /home/libok/um_file/install/ros2srrc_data/include/ros2srrc_data/ros2srrc_data/action/detail/move__functions.h
[150.023s] -- Installing: /home/libok/um_file/install/ros2srrc_data/include/ros2srrc_data/ros2srrc_data/action/detail/move__struct.h
[150.023s] -- Installing: /home/libok/um_file/install/ros2srrc_data/include/ros2srrc_data/ros2srrc_data/action/detail/move__functions.c
[150.024s] -- Installing: /home/libok/um_file/install/ros2srrc_data/include/ros2srrc_data/ros2srrc_data/action/robmove.h
[150.024s] -- Installing: /home/libok/um_file/install/ros2srrc_data/include/ros2srrc_data/ros2srrc_data/msg
[150.025s] -- Installing: /home/libok/um_file/install/ros2srrc_data/include/ros2srrc_data/ros2srrc_data/msg/linkattacher.h
[150.025s] -- Installing: /home/libok/um_file/install/ros2srrc_data/include/ros2srrc_data/ros2srrc_data/msg/xyz.h
[150.025s] -- Installing: /home/libok/um_file/install/ros2srrc_data/include/ros2srrc_data/ros2srrc_data/msg/ypr.h
[150.027s] -- Installing: /home/libok/um_file/install/ros2srrc_data/include/ros2srrc_data/ros2srrc_data/msg/robpose.h
[150.030s] -- Installing: /home/libok/um_file/install/ros2srrc_data/include/ros2srrc_data/ros2srrc_data/msg/rosidl_generator_c__visibility_control.h
[150.031s] -- Installing: /home/libok/um_file/install/ros2srrc_data/include/ros2srrc_data/ros2srrc_data/msg/joints.h
[150.031s] -- Installing: /home/libok/um_file/install/ros2srrc_data/include/ros2srrc_data/ros2srrc_data/msg/detail
[150.032s] -- Installing: /home/libok/um_file/install/ros2srrc_data/include/ros2srrc_data/ros2srrc_data/msg/detail/joint__struct.h
[150.032s] -- Installing: /home/libok/um_file/install/ros2srrc_data/include/ros2srrc_data/ros2srrc_data/msg/detail/linkattacher__type_support.h
[150.033s] -- Installing: /home/libok/um_file/install/ros2srrc_data/include/ros2srrc_data/ros2srrc_data/msg/detail/robpose__functions.h
[150.033s] -- Installing: /home/libok/um_file/install/ros2srrc_data/include/ros2srrc_data/ros2srrc_data/msg/detail/robpose__functions.c
[150.033s] -- Installing: /home/libok/um_file/install/ros2srrc_data/include/ros2srrc_data/ros2srrc_data/msg/detail/xyz__functions.h
[150.034s] -- Installing: /home/libok/um_file/install/ros2srrc_data/include/ros2srrc_data/ros2srrc_data/msg/detail/xyzypr__functions.c
[150.034s] -- Installing: /home/libok/um_file/install/ros2srrc_data/include/ros2srrc_data/ros2srrc_data/msg/detail/action__struct.h
[150.034s] -- Installing: /home/libok/um_file/install/ros2srrc_data/include/ros2srrc_data/ros2srrc_data/msg/detail/joint__functions.h
[150.035s] -- Installing: /home/libok/um_file/install/ros2srrc_data/include/ros2srrc_data/ros2srrc_data/msg/detail/joint__functions.c
[150.035s] -- Installing: /home/libok/um_file/install/ros2srrc_data/include/ros2srrc_data/ros2srrc_data/msg/detail/linkattacher__functions.c
[150.036s] -- Installing: /home/libok/um_file/install/ros2srrc_data/include/ros2srrc_data/ros2srrc_data/msg/detail/joint__type_support.h
[150.036s] -- Installing: /home/libok/um_file/install/ros2srrc_data/include/ros2srrc_data/ros2srrc_data/msg/detail/action__functions.c
[150.037s] -- Installing: /home/libok/um_file/install/ros2srrc_data/include/ros2srrc_data/ros2srrc_data/msg/detail/joints__functions.h
[150.037s] -- Installing: /home/libok/um_file/install/ros2srrc_data/include/ros2srrc_data/ros2srrc_data/msg/detail/xyz__type_support.h
[150.037s] -- Installing: /home/libok/um_file/install/ros2srrc_data/include/ros2srrc_data/ros2srrc_data/msg/detail/robmove__struct.h
[150.038s] -- Installing: /home/libok/um_file/install/ros2srrc_data/include/ros2srrc_data/ros2srrc_data/msg/detail/robmove__type_support.h
[150.038s] -- Installing: /home/libok/um_file/install/ros2srrc_data/include/ros2srrc_data/ros2srrc_data/msg/detail/specs__struct.h
[150.038s] -- Installing: /home/libok/um_file/install/ros2srrc_data/include/ros2srrc_data/ros2srrc_data/msg/detail/specs__functions.h
[150.039s] -- Installing: /home/libok/um_file/install/ros2srrc_data/include/ros2srrc_data/ros2srrc_data/msg/detail/xyz__functions.c
[150.039s] -- Installing: /home/libok/um_file/install/ros2srrc_data/include/ros2srrc_data/ros2srrc_data/msg/detail/specs__type_support.h
[150.039s] -- Installing: /home/libok/um_file/install/ros2srrc_data/include/ros2srrc_data/ros2srrc_data/msg/detail/robpose__struct.h
[150.039s] -- Installing: /home/libok/um_file/install/ros2srrc_data/include/ros2srrc_data/ros2srrc_data/msg/detail/xyz__struct.h
[150.040s] -- Installing: /home/libok/um_file/install/ros2srrc_data/include/ros2srrc_data/ros2srrc_data/msg/detail/linkattacher__struct.h
[150.040s] -- Installing: /home/libok/um_file/install/ros2srrc_data/include/ros2srrc_data/ros2srrc_data/msg/detail/ypr__struct.h
[150.040s] -- Installing: /home/libok/um_file/install/ros2srrc_data/include/ros2srrc_data/ros2srrc_data/msg/detail/linkattacher__functions.h
[150.040s] -- Installing: /home/libok/um_file/install/ros2srrc_data/include/ros2srrc_data/ros2srrc_data/msg/detail/joints__functions.c
[150.040s] -- Installing: /home/libok/um_file/install/ros2srrc_data/include/ros2srrc_data/ros2srrc_data/msg/detail/robmove__functions.c
[150.041s] -- Installing: /home/libok/um_file/install/ros2srrc_data/include/ros2srrc_data/ros2srrc_data/msg/detail/xyzypr__functions.h
[150.042s] -- Installing: /home/libok/um_file/install/ros2srrc_data/include/ros2srrc_data/ros2srrc_data/msg/detail/action__functions.h
[150.042s] -- Installing: /home/libok/um_file/install/ros2srrc_data/include/ros2srrc_data/ros2srrc_data/msg/detail/xyzypr__type_support.h
[150.042s] -- Installing: /home/libok/um_file/install/ros2srrc_data/include/ros2srrc_data/ros2srrc_data/msg/detail/joints__struct.h
[150.043s] -- Installing: /home/libok/um_file/install/ros2srrc_data/include/ros2srrc_data/ros2srrc_data/msg/detail/ypr__functions.h
[150.043s] -- Installing: /home/libok/um_file/install/ros2srrc_data/include/ros2srrc_data/ros2srrc_data/msg/detail/action__type_support.h
[150.044s] -- Installing: /home/libok/um_file/install/ros2srrc_data/include/ros2srrc_data/ros2srrc_data/msg/detail/robmove__functions.h
[150.044s] -- Installing: /home/libok/um_file/install/ros2srrc_data/include/ros2srrc_data/ros2srrc_data/msg/detail/xyzypr__struct.h
[150.045s] -- Installing: /home/libok/um_file/install/ros2srrc_data/include/ros2srrc_data/ros2srrc_data/msg/detail/robpose__type_support.h
[150.045s] -- Installing: /home/libok/um_file/install/ros2srrc_data/include/ros2srrc_data/ros2srrc_data/msg/detail/specs__functions.c
[150.045s] -- Installing: /home/libok/um_file/install/ros2srrc_data/include/ros2srrc_data/ros2srrc_data/msg/detail/joints__type_support.h
[150.046s] -- Installing: /home/libok/um_file/install/ros2srrc_data/include/ros2srrc_data/ros2srrc_data/msg/detail/ypr__type_support.h
[150.046s] -- Installing: /home/libok/um_file/install/ros2srrc_data/include/ros2srrc_data/ros2srrc_data/msg/detail/ypr__functions.c
[150.046s] -- Installing: /home/libok/um_file/install/ros2srrc_data/include/ros2srrc_data/ros2srrc_data/msg/joint.h
[150.046s] -- Installing: /home/libok/um_file/install/ros2srrc_data/include/ros2srrc_data/ros2srrc_data/msg/xyzypr.h
[150.047s] -- Installing: /home/libok/um_file/install/ros2srrc_data/include/ros2srrc_data/ros2srrc_data/msg/specs.h
[150.047s] -- Installing: /home/libok/um_file/install/ros2srrc_data/include/ros2srrc_data/ros2srrc_data/msg/action.h
[150.047s] -- Installing: /home/libok/um_file/install/ros2srrc_data/include/ros2srrc_data/ros2srrc_data/msg/robmove.h
[150.047s] -- Installing: /home/libok/um_file/install/ros2srrc_data/share/ros2srrc_data/environment/library_path.sh
[150.048s] -- Installing: /home/libok/um_file/install/ros2srrc_data/share/ros2srrc_data/environment/library_path.dsv
[150.048s] -- Installing: /home/libok/um_file/install/ros2srrc_data/lib/libros2srrc_data__rosidl_generator_c.so
[150.049s] -- Set non-toolchain portion of runtime path of "/home/libok/um_file/install/ros2srrc_data/lib/libros2srrc_data__rosidl_generator_c.so" to ""
[150.049s] -- Up-to-date: /home/libok/um_file/install/ros2srrc_data/include/ros2srrc_data/ros2srrc_data
[150.049s] -- Up-to-date: /home/libok/um_file/install/ros2srrc_data/include/ros2srrc_data/ros2srrc_data/action
[150.050s] -- Up-to-date: /home/libok/um_file/install/ros2srrc_data/include/ros2srrc_data/ros2srrc_data/action/detail
[150.050s] -- Installing: /home/libok/um_file/install/ros2srrc_data/include/ros2srrc_data/ros2srrc_data/action/detail/sequence__rosidl_typesupport_fastrtps_c.h
[150.050s] -- Installing: /home/libok/um_file/install/ros2srrc_data/include/ros2srrc_data/ros2srrc_data/action/detail/robmove__rosidl_typesupport_fastrtps_c.h
[150.051s] -- Installing: /home/libok/um_file/install/ros2srrc_data/include/ros2srrc_data/ros2srrc_data/action/detail/move__rosidl_typesupport_fastrtps_c.h
[150.051s] -- Up-to-date: /home/libok/um_file/install/ros2srrc_data/include/ros2srrc_data/ros2srrc_data/msg
[150.051s] -- Installing: /home/libok/um_file/install/ros2srrc_data/include/ros2srrc_data/ros2srrc_data/msg/rosidl_typesupport_fastrtps_c__visibility_control.h
[150.052s] -- Up-to-date: /home/libok/um_file/install/ros2srrc_data/include/ros2srrc_data/ros2srrc_data/msg/detail
[150.052s] -- Installing: /home/libok/um_file/install/ros2srrc_data/include/ros2srrc_data/ros2srrc_data/msg/detail/ypr__rosidl_typesupport_fastrtps_c.h
[150.052s] -- Installing: /home/libok/um_file/install/ros2srrc_data/include/ros2srrc_data/ros2srrc_data/msg/detail/xyzypr__rosidl_typesupport_fastrtps_c.h
[150.053s] -- Installing: /home/libok/um_file/install/ros2srrc_data/include/ros2srrc_data/ros2srrc_data/msg/detail/xyz__rosidl_typesupport_fastrtps_c.h
[150.053s] -- Installing: /home/libok/um_file/install/ros2srrc_data/include/ros2srrc_data/ros2srrc_data/msg/detail/joint__rosidl_typesupport_fastrtps_c.h
[150.053s] -- Installing: /home/libok/um_file/install/ros2srrc_data/include/ros2srrc_data/ros2srrc_data/msg/detail/robpose__rosidl_typesupport_fastrtps_c.h
[150.053s] -- Installing: /home/libok/um_file/install/ros2srrc_data/include/ros2srrc_data/ros2srrc_data/msg/detail/robmove__rosidl_typesupport_fastrtps_c.h
[150.054s] -- Installing: /home/libok/um_file/install/ros2srrc_data/include/ros2srrc_data/ros2srrc_data/msg/detail/action__rosidl_typesupport_fastrtps_c.h
[150.054s] -- Installing: /home/libok/um_file/install/ros2srrc_data/include/ros2srrc_data/ros2srrc_data/msg/detail/joints__rosidl_typesupport_fastrtps_c.h
[150.054s] -- Installing: /home/libok/um_file/install/ros2srrc_data/include/ros2srrc_data/ros2srrc_data/msg/detail/linkattacher__rosidl_typesupport_fastrtps_c.h
[150.054s] -- Installing: /home/libok/um_file/install/ros2srrc_data/include/ros2srrc_data/ros2srrc_data/msg/detail/specs__rosidl_typesupport_fastrtps_c.h
[150.055s] -- Installing: /home/libok/um_file/install/ros2srrc_data/lib/libros2srrc_data__rosidl_typesupport_fastrtps_c.so
[150.057s] -- Set non-toolchain portion of runtime path of "/home/libok/um_file/install/ros2srrc_data/lib/libros2srrc_data__rosidl_typesupport_fastrtps_c.so" to ""
[150.057s] -- Up-to-date: /home/libok/um_file/install/ros2srrc_data/include/ros2srrc_data/ros2srrc_data
[150.057s] -- Up-to-date: /home/libok/um_file/install/ros2srrc_data/include/ros2srrc_data/ros2srrc_data/action
[150.057s] -- Up-to-date: /home/libok/um_file/install/ros2srrc_data/include/ros2srrc_data/ros2srrc_data/action/detail
[150.058s] -- Installing: /home/libok/um_file/install/ros2srrc_data/include/ros2srrc_data/ros2srrc_data/action/detail/robmove__rosidl_typesupport_introspection_c.h
[150.058s] -- Installing: /home/libok/um_file/install/ros2srrc_data/include/ros2srrc_data/ros2srrc_data/action/detail/sequence__rosidl_typesupport_introspection_c.h
[150.058s] -- Installing: /home/libok/um_file/install/ros2srrc_data/include/ros2srrc_data/ros2srrc_data/action/detail/move__rosidl_typesupport_introspection_c.h
[150.058s] -- Installing: /home/libok/um_file/install/ros2srrc_data/include/ros2srrc_data/ros2srrc_data/action/detail/robmove__type_support.c
[150.058s] -- Installing: /home/libok/um_file/install/ros2srrc_data/include/ros2srrc_data/ros2srrc_data/action/detail/move__type_support.c
[150.059s] -- Installing: /home/libok/um_file/install/ros2srrc_data/include/ros2srrc_data/ros2srrc_data/action/detail/sequence__type_support.c
[150.059s] -- Up-to-date: /home/libok/um_file/install/ros2srrc_data/include/ros2srrc_data/ros2srrc_data/msg
[150.059s] -- Installing: /home/libok/um_file/install/ros2srrc_data/include/ros2srrc_data/ros2srrc_data/msg/rosidl_typesupport_introspection_c__visibility_control.h
[150.060s] -- Up-to-date: /home/libok/um_file/install/ros2srrc_data/include/ros2srrc_data/ros2srrc_data/msg/detail
[150.061s] -- Installing: /home/libok/um_file/install/ros2srrc_data/include/ros2srrc_data/ros2srrc_data/msg/detail/xyz__rosidl_typesupport_introspection_c.h
[150.062s] -- Installing: /home/libok/um_file/install/ros2srrc_data/include/ros2srrc_data/ros2srrc_data/msg/detail/action__type_support.c
[150.062s] -- Installing: /home/libok/um_file/install/ros2srrc_data/include/ros2srrc_data/ros2srrc_data/msg/detail/joint__type_support.c
[150.063s] -- Installing: /home/libok/um_file/install/ros2srrc_data/include/ros2srrc_data/ros2srrc_data/msg/detail/robmove__rosidl_typesupport_introspection_c.h
[150.064s] -- Installing: /home/libok/um_file/install/ros2srrc_data/include/ros2srrc_data/ros2srrc_data/msg/detail/linkattacher__type_support.c
[150.064s] -- Installing: /home/libok/um_file/install/ros2srrc_data/include/ros2srrc_data/ros2srrc_data/msg/detail/joints__type_support.c
[150.065s] -- Installing: /home/libok/um_file/install/ros2srrc_data/include/ros2srrc_data/ros2srrc_data/msg/detail/xyzypr__rosidl_typesupport_introspection_c.h
[150.065s] -- Installing: /home/libok/um_file/install/ros2srrc_data/include/ros2srrc_data/ros2srrc_data/msg/detail/action__rosidl_typesupport_introspection_c.h
[150.066s] -- Installing: /home/libok/um_file/install/ros2srrc_data/include/ros2srrc_data/ros2srrc_data/msg/detail/ypr__rosidl_typesupport_introspection_c.h
[150.066s] -- Installing: /home/libok/um_file/install/ros2srrc_data/include/ros2srrc_data/ros2srrc_data/msg/detail/xyz__type_support.c
[150.066s] -- Installing: /home/libok/um_file/install/ros2srrc_data/include/ros2srrc_data/ros2srrc_data/msg/detail/robmove__type_support.c
[150.067s] -- Installing: /home/libok/um_file/install/ros2srrc_data/include/ros2srrc_data/ros2srrc_data/msg/detail/ypr__type_support.c
[150.068s] -- Installing: /home/libok/um_file/install/ros2srrc_data/include/ros2srrc_data/ros2srrc_data/msg/detail/joints__rosidl_typesupport_introspection_c.h
[150.068s] -- Installing: /home/libok/um_file/install/ros2srrc_data/include/ros2srrc_data/ros2srrc_data/msg/detail/robpose__rosidl_typesupport_introspection_c.h
[150.069s] -- Installing: /home/libok/um_file/install/ros2srrc_data/include/ros2srrc_data/ros2srrc_data/msg/detail/specs__rosidl_typesupport_introspection_c.h
[150.069s] -- Installing: /home/libok/um_file/install/ros2srrc_data/include/ros2srrc_data/ros2srrc_data/msg/detail/xyzypr__type_support.c
[150.070s] -- Installing: /home/libok/um_file/install/ros2srrc_data/include/ros2srrc_data/ros2srrc_data/msg/detail/joint__rosidl_typesupport_introspection_c.h
[150.071s] -- Installing: /home/libok/um_file/install/ros2srrc_data/include/ros2srrc_data/ros2srrc_data/msg/detail/specs__type_support.c
[150.071s] -- Installing: /home/libok/um_file/install/ros2srrc_data/include/ros2srrc_data/ros2srrc_data/msg/detail/robpose__type_support.c
[150.072s] -- Installing: /home/libok/um_file/install/ros2srrc_data/include/ros2srrc_data/ros2srrc_data/msg/detail/linkattacher__rosidl_typesupport_introspection_c.h
[150.073s] -- Installing: /home/libok/um_file/install/ros2srrc_data/lib/libros2srrc_data__rosidl_typesupport_introspection_c.so
[150.073s] -- Set non-toolchain portion of runtime path of "/home/libok/um_file/install/ros2srrc_data/lib/libros2srrc_data__rosidl_typesupport_introspection_c.so" to ""
[150.073s] -- Installing: /home/libok/um_file/install/ros2srrc_data/lib/libros2srrc_data__rosidl_typesupport_c.so
[150.074s] -- Set non-toolchain portion of runtime path of "/home/libok/um_file/install/ros2srrc_data/lib/libros2srrc_data__rosidl_typesupport_c.so" to ""
[150.074s] -- Up-to-date: /home/libok/um_file/install/ros2srrc_data/include/ros2srrc_data/ros2srrc_data
[150.075s] -- Up-to-date: /home/libok/um_file/install/ros2srrc_data/include/ros2srrc_data/ros2srrc_data/action
[150.075s] -- Installing: /home/libok/um_file/install/ros2srrc_data/include/ros2srrc_data/ros2srrc_data/action/robmove.hpp
[150.076s] -- Installing: /home/libok/um_file/install/ros2srrc_data/include/ros2srrc_data/ros2srrc_data/action/move.hpp
[150.077s] -- Up-to-date: /home/libok/um_file/install/ros2srrc_data/include/ros2srrc_data/ros2srrc_data/action/detail
[150.078s] -- Installing: /home/libok/um_file/install/ros2srrc_data/include/ros2srrc_data/ros2srrc_data/action/detail/sequence__builder.hpp
[150.078s] -- Installing: /home/libok/um_file/install/ros2srrc_data/include/ros2srrc_data/ros2srrc_data/action/detail/sequence__traits.hpp
[150.078s] -- Installing: /home/libok/um_file/install/ros2srrc_data/include/ros2srrc_data/ros2srrc_data/action/detail/move__traits.hpp
[150.078s] -- Installing: /home/libok/um_file/install/ros2srrc_data/include/ros2srrc_data/ros2srrc_data/action/detail/move__builder.hpp
[150.079s] -- Installing: /home/libok/um_file/install/ros2srrc_data/include/ros2srrc_data/ros2srrc_data/action/detail/move__type_support.hpp
[150.079s] -- Installing: /home/libok/um_file/install/ros2srrc_data/include/ros2srrc_data/ros2srrc_data/action/detail/robmove__type_support.hpp
[150.079s] -- Installing: /home/libok/um_file/install/ros2srrc_data/include/ros2srrc_data/ros2srrc_data/action/detail/robmove__traits.hpp
[150.079s] -- Installing: /home/libok/um_file/install/ros2srrc_data/include/ros2srrc_data/ros2srrc_data/action/detail/robmove__struct.hpp
[150.080s] -- Installing: /home/libok/um_file/install/ros2srrc_data/include/ros2srrc_data/ros2srrc_data/action/detail/sequence__type_support.hpp
[150.080s] -- Installing: /home/libok/um_file/install/ros2srrc_data/include/ros2srrc_data/ros2srrc_data/action/detail/robmove__builder.hpp
[150.081s] -- Installing: /home/libok/um_file/install/ros2srrc_data/include/ros2srrc_data/ros2srrc_data/action/detail/sequence__struct.hpp
[150.082s] -- Installing: /home/libok/um_file/install/ros2srrc_data/include/ros2srrc_data/ros2srrc_data/action/detail/move__struct.hpp
[150.082s] -- Installing: /home/libok/um_file/install/ros2srrc_data/include/ros2srrc_data/ros2srrc_data/action/sequence.hpp
[150.082s] -- Up-to-date: /home/libok/um_file/install/ros2srrc_data/include/ros2srrc_data/ros2srrc_data/msg
[150.082s] -- Installing: /home/libok/um_file/install/ros2srrc_data/include/ros2srrc_data/ros2srrc_data/msg/action.hpp
[150.083s] -- Installing: /home/libok/um_file/install/ros2srrc_data/include/ros2srrc_data/ros2srrc_data/msg/joint.hpp
[150.083s] -- Installing: /home/libok/um_file/install/ros2srrc_data/include/ros2srrc_data/ros2srrc_data/msg/robmove.hpp
[150.083s] -- Installing: /home/libok/um_file/install/ros2srrc_data/include/ros2srrc_data/ros2srrc_data/msg/xyzypr.hpp
[150.083s] -- Installing: /home/libok/um_file/install/ros2srrc_data/include/ros2srrc_data/ros2srrc_data/msg/robpose.hpp
[150.083s] -- Installing: /home/libok/um_file/install/ros2srrc_data/include/ros2srrc_data/ros2srrc_data/msg/rosidl_generator_cpp__visibility_control.hpp
[150.084s] -- Installing: /home/libok/um_file/install/ros2srrc_data/include/ros2srrc_data/ros2srrc_data/msg/specs.hpp
[150.084s] -- Installing: /home/libok/um_file/install/ros2srrc_data/include/ros2srrc_data/ros2srrc_data/msg/joints.hpp
[150.084s] -- Installing: /home/libok/um_file/install/ros2srrc_data/include/ros2srrc_data/ros2srrc_data/msg/xyz.hpp
[150.085s] -- Up-to-date: /home/libok/um_file/install/ros2srrc_data/include/ros2srrc_data/ros2srrc_data/msg/detail
[150.085s] -- Installing: /home/libok/um_file/install/ros2srrc_data/include/ros2srrc_data/ros2srrc_data/msg/detail/xyz__builder.hpp
[150.085s] -- Installing: /home/libok/um_file/install/ros2srrc_data/include/ros2srrc_data/ros2srrc_data/msg/detail/joint__type_support.hpp
[150.085s] -- Installing: /home/libok/um_file/install/ros2srrc_data/include/ros2srrc_data/ros2srrc_data/msg/detail/specs__type_support.hpp
[150.085s] -- Installing: /home/libok/um_file/install/ros2srrc_data/include/ros2srrc_data/ros2srrc_data/msg/detail/xyzypr__type_support.hpp
[150.086s] -- Installing: /home/libok/um_file/install/ros2srrc_data/include/ros2srrc_data/ros2srrc_data/msg/detail/action__builder.hpp
[150.086s] -- Installing: /home/libok/um_file/install/ros2srrc_data/include/ros2srrc_data/ros2srrc_data/msg/detail/xyz__struct.hpp
[150.086s] -- Installing: /home/libok/um_file/install/ros2srrc_data/include/ros2srrc_data/ros2srrc_data/msg/detail/linkattacher__type_support.hpp
[150.086s] -- Installing: /home/libok/um_file/install/ros2srrc_data/include/ros2srrc_data/ros2srrc_data/msg/detail/linkattacher__builder.hpp
[150.087s] -- Installing: /home/libok/um_file/install/ros2srrc_data/include/ros2srrc_data/ros2srrc_data/msg/detail/xyzypr__traits.hpp
[150.087s] -- Installing: /home/libok/um_file/install/ros2srrc_data/include/ros2srrc_data/ros2srrc_data/msg/detail/specs__traits.hpp
[150.088s] -- Installing: /home/libok/um_file/install/ros2srrc_data/include/ros2srrc_data/ros2srrc_data/msg/detail/ypr__type_support.hpp
[150.088s] -- Installing: /home/libok/um_file/install/ros2srrc_data/include/ros2srrc_data/ros2srrc_data/msg/detail/action__traits.hpp
[150.089s] -- Installing: /home/libok/um_file/install/ros2srrc_data/include/ros2srrc_data/ros2srrc_data/msg/detail/robpose__type_support.hpp
[150.089s] -- Installing: /home/libok/um_file/install/ros2srrc_data/include/ros2srrc_data/ros2srrc_data/msg/detail/action__type_support.hpp
[150.089s] -- Installing: /home/libok/um_file/install/ros2srrc_data/include/ros2srrc_data/ros2srrc_data/msg/detail/xyz__traits.hpp
[150.089s] -- Installing: /home/libok/um_file/install/ros2srrc_data/include/ros2srrc_data/ros2srrc_data/msg/detail/robpose__traits.hpp
[150.089s] -- Installing: /home/libok/um_file/install/ros2srrc_data/include/ros2srrc_data/ros2srrc_data/msg/detail/robpose__builder.hpp
[150.090s] -- Installing: /home/libok/um_file/install/ros2srrc_data/include/ros2srrc_data/ros2srrc_data/msg/detail/action__struct.hpp
[150.090s] -- Installing: /home/libok/um_file/install/ros2srrc_data/include/ros2srrc_data/ros2srrc_data/msg/detail/joint__struct.hpp
[150.090s] -- Installing: /home/libok/um_file/install/ros2srrc_data/include/ros2srrc_data/ros2srrc_data/msg/detail/specs__struct.hpp
[150.090s] -- Installing: /home/libok/um_file/install/ros2srrc_data/include/ros2srrc_data/ros2srrc_data/msg/detail/joints__builder.hpp
[150.090s] -- Installing: /home/libok/um_file/install/ros2srrc_data/include/ros2srrc_data/ros2srrc_data/msg/detail/linkattacher__struct.hpp
[150.090s] -- Installing: /home/libok/um_file/install/ros2srrc_data/include/ros2srrc_data/ros2srrc_data/msg/detail/ypr__traits.hpp
[150.091s] -- Installing: /home/libok/um_file/install/ros2srrc_data/include/ros2srrc_data/ros2srrc_data/msg/detail/specs__builder.hpp
[150.091s] -- Installing: /home/libok/um_file/install/ros2srrc_data/include/ros2srrc_data/ros2srrc_data/msg/detail/robmove__type_support.hpp
[150.091s] -- Installing: /home/libok/um_file/install/ros2srrc_data/include/ros2srrc_data/ros2srrc_data/msg/detail/xyzypr__builder.hpp
[150.092s] -- Installing: /home/libok/um_file/install/ros2srrc_data/include/ros2srrc_data/ros2srrc_data/msg/detail/robpose__struct.hpp
[150.092s] -- Installing: /home/libok/um_file/install/ros2srrc_data/include/ros2srrc_data/ros2srrc_data/msg/detail/joints__struct.hpp
[150.092s] -- Installing: /home/libok/um_file/install/ros2srrc_data/include/ros2srrc_data/ros2srrc_data/msg/detail/robmove__traits.hpp
[150.092s] -- Installing: /home/libok/um_file/install/ros2srrc_data/include/ros2srrc_data/ros2srrc_data/msg/detail/robmove__struct.hpp
[150.093s] -- Installing: /home/libok/um_file/install/ros2srrc_data/include/ros2srrc_data/ros2srrc_data/msg/detail/robmove__builder.hpp
[150.093s] -- Installing: /home/libok/um_file/install/ros2srrc_data/include/ros2srrc_data/ros2srrc_data/msg/detail/linkattacher__traits.hpp
[150.093s] -- Installing: /home/libok/um_file/install/ros2srrc_data/include/ros2srrc_data/ros2srrc_data/msg/detail/joints__type_support.hpp
[150.093s] -- Installing: /home/libok/um_file/install/ros2srrc_data/include/ros2srrc_data/ros2srrc_data/msg/detail/xyzypr__struct.hpp
[150.094s] -- Installing: /home/libok/um_file/install/ros2srrc_data/include/ros2srrc_data/ros2srrc_data/msg/detail/ypr__struct.hpp
[150.094s] -- Installing: /home/libok/um_file/install/ros2srrc_data/include/ros2srrc_data/ros2srrc_data/msg/detail/joints__traits.hpp
[150.094s] -- Installing: /home/libok/um_file/install/ros2srrc_data/include/ros2srrc_data/ros2srrc_data/msg/detail/joint__builder.hpp
[150.094s] -- Installing: /home/libok/um_file/install/ros2srrc_data/include/ros2srrc_data/ros2srrc_data/msg/detail/xyz__type_support.hpp
[150.095s] -- Installing: /home/libok/um_file/install/ros2srrc_data/include/ros2srrc_data/ros2srrc_data/msg/detail/joint__traits.hpp
[150.096s] -- Installing: /home/libok/um_file/install/ros2srrc_data/include/ros2srrc_data/ros2srrc_data/msg/detail/ypr__builder.hpp
[150.096s] -- Installing: /home/libok/um_file/install/ros2srrc_data/include/ros2srrc_data/ros2srrc_data/msg/linkattacher.hpp
[150.097s] -- Installing: /home/libok/um_file/install/ros2srrc_data/include/ros2srrc_data/ros2srrc_data/msg/ypr.hpp
[150.097s] -- Up-to-date: /home/libok/um_file/install/ros2srrc_data/include/ros2srrc_data/ros2srrc_data
[150.097s] -- Up-to-date: /home/libok/um_file/install/ros2srrc_data/include/ros2srrc_data/ros2srrc_data/action
[150.097s] -- Up-to-date: /home/libok/um_file/install/ros2srrc_data/include/ros2srrc_data/ros2srrc_data/action/detail
[150.098s] -- Installing: /home/libok/um_file/install/ros2srrc_data/include/ros2srrc_data/ros2srrc_data/action/detail/robmove__rosidl_typesupport_fastrtps_cpp.hpp
[150.098s] -- Installing: /home/libok/um_file/install/ros2srrc_data/include/ros2srrc_data/ros2srrc_data/action/detail/sequence__rosidl_typesupport_fastrtps_cpp.hpp
[150.098s] -- Installing: /home/libok/um_file/install/ros2srrc_data/include/ros2srrc_data/ros2srrc_data/action/detail/move__rosidl_typesupport_fastrtps_cpp.hpp
[150.098s] -- Installing: /home/libok/um_file/install/ros2srrc_data/include/ros2srrc_data/ros2srrc_data/action/detail/dds_fastrtps
[150.099s] -- Up-to-date: /home/libok/um_file/install/ros2srrc_data/include/ros2srrc_data/ros2srrc_data/msg
[150.099s] -- Up-to-date: /home/libok/um_file/install/ros2srrc_data/include/ros2srrc_data/ros2srrc_data/msg/detail
[150.099s] -- Installing: /home/libok/um_file/install/ros2srrc_data/include/ros2srrc_data/ros2srrc_data/msg/detail/joints__rosidl_typesupport_fastrtps_cpp.hpp
[150.099s] -- Installing: /home/libok/um_file/install/ros2srrc_data/include/ros2srrc_data/ros2srrc_data/msg/detail/specs__rosidl_typesupport_fastrtps_cpp.hpp
[150.100s] -- Installing: /home/libok/um_file/install/ros2srrc_data/include/ros2srrc_data/ros2srrc_data/msg/detail/ypr__rosidl_typesupport_fastrtps_cpp.hpp
[150.100s] -- Installing: /home/libok/um_file/install/ros2srrc_data/include/ros2srrc_data/ros2srrc_data/msg/detail/robmove__rosidl_typesupport_fastrtps_cpp.hpp
[150.100s] -- Installing: /home/libok/um_file/install/ros2srrc_data/include/ros2srrc_data/ros2srrc_data/msg/detail/robpose__rosidl_typesupport_fastrtps_cpp.hpp
[150.100s] -- Installing: /home/libok/um_file/install/ros2srrc_data/include/ros2srrc_data/ros2srrc_data/msg/detail/xyz__rosidl_typesupport_fastrtps_cpp.hpp
[150.101s] -- Installing: /home/libok/um_file/install/ros2srrc_data/include/ros2srrc_data/ros2srrc_data/msg/detail/dds_fastrtps
[150.101s] -- Installing: /home/libok/um_file/install/ros2srrc_data/include/ros2srrc_data/ros2srrc_data/msg/detail/linkattacher__rosidl_typesupport_fastrtps_cpp.hpp
[150.101s] -- Installing: /home/libok/um_file/install/ros2srrc_data/include/ros2srrc_data/ros2srrc_data/msg/detail/action__rosidl_typesupport_fastrtps_cpp.hpp
[150.102s] -- Installing: /home/libok/um_file/install/ros2srrc_data/include/ros2srrc_data/ros2srrc_data/msg/detail/joint__rosidl_typesupport_fastrtps_cpp.hpp
[150.102s] -- Installing: /home/libok/um_file/install/ros2srrc_data/include/ros2srrc_data/ros2srrc_data/msg/detail/xyzypr__rosidl_typesupport_fastrtps_cpp.hpp
[150.102s] -- Installing: /home/libok/um_file/install/ros2srrc_data/include/ros2srrc_data/ros2srrc_data/msg/rosidl_typesupport_fastrtps_cpp__visibility_control.h
[150.102s] -- Installing: /home/libok/um_file/install/ros2srrc_data/lib/libros2srrc_data__rosidl_typesupport_fastrtps_cpp.so
[150.103s] -- Set non-toolchain portion of runtime path of "/home/libok/um_file/install/ros2srrc_data/lib/libros2srrc_data__rosidl_typesupport_fastrtps_cpp.so" to ""
[150.103s] -- Up-to-date: /home/libok/um_file/install/ros2srrc_data/include/ros2srrc_data/ros2srrc_data
[150.103s] -- Up-to-date: /home/libok/um_file/install/ros2srrc_data/include/ros2srrc_data/ros2srrc_data/action
[150.104s] -- Up-to-date: /home/libok/um_file/install/ros2srrc_data/include/ros2srrc_data/ros2srrc_data/action/detail
[150.104s] -- Installing: /home/libok/um_file/install/ros2srrc_data/include/ros2srrc_data/ros2srrc_data/action/detail/move__rosidl_typesupport_introspection_cpp.hpp
[150.104s] -- Installing: /home/libok/um_file/install/ros2srrc_data/include/ros2srrc_data/ros2srrc_data/action/detail/move__type_support.cpp
[150.104s] -- Installing: /home/libok/um_file/install/ros2srrc_data/include/ros2srrc_data/ros2srrc_data/action/detail/sequence__rosidl_typesupport_introspection_cpp.hpp
[150.104s] -- Installing: /home/libok/um_file/install/ros2srrc_data/include/ros2srrc_data/ros2srrc_data/action/detail/robmove__rosidl_typesupport_introspection_cpp.hpp
[150.105s] -- Installing: /home/libok/um_file/install/ros2srrc_data/include/ros2srrc_data/ros2srrc_data/action/detail/robmove__type_support.cpp
[150.105s] -- Installing: /home/libok/um_file/install/ros2srrc_data/include/ros2srrc_data/ros2srrc_data/action/detail/sequence__type_support.cpp
[150.105s] -- Up-to-date: /home/libok/um_file/install/ros2srrc_data/include/ros2srrc_data/ros2srrc_data/msg
[150.105s] -- Up-to-date: /home/libok/um_file/install/ros2srrc_data/include/ros2srrc_data/ros2srrc_data/msg/detail
[150.106s] -- Installing: /home/libok/um_file/install/ros2srrc_data/include/ros2srrc_data/ros2srrc_data/msg/detail/joints__rosidl_typesupport_introspection_cpp.hpp
[150.106s] -- Installing: /home/libok/um_file/install/ros2srrc_data/include/ros2srrc_data/ros2srrc_data/msg/detail/linkattacher__rosidl_typesupport_introspection_cpp.hpp
[150.106s] -- Installing: /home/libok/um_file/install/ros2srrc_data/include/ros2srrc_data/ros2srrc_data/msg/detail/action__type_support.cpp
[150.106s] -- Installing: /home/libok/um_file/install/ros2srrc_data/include/ros2srrc_data/ros2srrc_data/msg/detail/linkattacher__type_support.cpp
[150.107s] -- Installing: /home/libok/um_file/install/ros2srrc_data/include/ros2srrc_data/ros2srrc_data/msg/detail/specs__rosidl_typesupport_introspection_cpp.hpp
[150.107s] -- Installing: /home/libok/um_file/install/ros2srrc_data/include/ros2srrc_data/ros2srrc_data/msg/detail/xyzypr__rosidl_typesupport_introspection_cpp.hpp
[150.107s] -- Installing: /home/libok/um_file/install/ros2srrc_data/include/ros2srrc_data/ros2srrc_data/msg/detail/specs__type_support.cpp
[150.108s] -- Installing: /home/libok/um_file/install/ros2srrc_data/include/ros2srrc_data/ros2srrc_data/msg/detail/xyz__rosidl_typesupport_introspection_cpp.hpp
[150.108s] -- Installing: /home/libok/um_file/install/ros2srrc_data/include/ros2srrc_data/ros2srrc_data/msg/detail/xyz__type_support.cpp
[150.108s] -- Installing: /home/libok/um_file/install/ros2srrc_data/include/ros2srrc_data/ros2srrc_data/msg/detail/xyzypr__type_support.cpp
[150.108s] -- Installing: /home/libok/um_file/install/ros2srrc_data/include/ros2srrc_data/ros2srrc_data/msg/detail/joint__type_support.cpp
[150.109s] -- Installing: /home/libok/um_file/install/ros2srrc_data/include/ros2srrc_data/ros2srrc_data/msg/detail/robpose__type_support.cpp
[150.109s] -- Installing: /home/libok/um_file/install/ros2srrc_data/include/ros2srrc_data/ros2srrc_data/msg/detail/joints__type_support.cpp
[150.109s] -- Installing: /home/libok/um_file/install/ros2srrc_data/include/ros2srrc_data/ros2srrc_data/msg/detail/joint__rosidl_typesupport_introspection_cpp.hpp
[150.110s] -- Installing: /home/libok/um_file/install/ros2srrc_data/include/ros2srrc_data/ros2srrc_data/msg/detail/robmove__rosidl_typesupport_introspection_cpp.hpp
[150.110s] -- Installing: /home/libok/um_file/install/ros2srrc_data/include/ros2srrc_data/ros2srrc_data/msg/detail/action__rosidl_typesupport_introspection_cpp.hpp
[150.110s] -- Installing: /home/libok/um_file/install/ros2srrc_data/include/ros2srrc_data/ros2srrc_data/msg/detail/robpose__rosidl_typesupport_introspection_cpp.hpp
[150.110s] -- Installing: /home/libok/um_file/install/ros2srrc_data/include/ros2srrc_data/ros2srrc_data/msg/detail/ypr__type_support.cpp
[150.110s] -- Installing: /home/libok/um_file/install/ros2srrc_data/include/ros2srrc_data/ros2srrc_data/msg/detail/robmove__type_support.cpp
[150.111s] -- Installing: /home/libok/um_file/install/ros2srrc_data/include/ros2srrc_data/ros2srrc_data/msg/detail/ypr__rosidl_typesupport_introspection_cpp.hpp
[150.111s] -- Installing: /home/libok/um_file/install/ros2srrc_data/lib/libros2srrc_data__rosidl_typesupport_introspection_cpp.so
[150.111s] -- Set non-toolchain portion of runtime path of "/home/libok/um_file/install/ros2srrc_data/lib/libros2srrc_data__rosidl_typesupport_introspection_cpp.so" to ""
[150.111s] -- Installing: /home/libok/um_file/install/ros2srrc_data/lib/libros2srrc_data__rosidl_typesupport_cpp.so
[150.111s] -- Set non-toolchain portion of runtime path of "/home/libok/um_file/install/ros2srrc_data/lib/libros2srrc_data__rosidl_typesupport_cpp.so" to ""
[150.112s] -- Installing: /home/libok/um_file/install/ros2srrc_data/share/ros2srrc_data/environment/pythonpath.sh
[150.112s] -- Installing: /home/libok/um_file/install/ros2srrc_data/share/ros2srrc_data/environment/pythonpath.dsv
[150.112s] -- Installing: /home/libok/um_file/install/ros2srrc_data/local/lib/python3.10/dist-packages/ros2srrc_data-0.0.0-py3.10.egg-info
[150.112s] -- Installing: /home/libok/um_file/install/ros2srrc_data/local/lib/python3.10/dist-packages/ros2srrc_data-0.0.0-py3.10.egg-info/top_level.txt
[150.112s] -- Installing: /home/libok/um_file/install/ros2srrc_data/local/lib/python3.10/dist-packages/ros2srrc_data-0.0.0-py3.10.egg-info/PKG-INFO
[150.113s] -- Installing: /home/libok/um_file/install/ros2srrc_data/local/lib/python3.10/dist-packages/ros2srrc_data-0.0.0-py3.10.egg-info/dependency_links.txt
[150.113s] -- Installing: /home/libok/um_file/install/ros2srrc_data/local/lib/python3.10/dist-packages/ros2srrc_data-0.0.0-py3.10.egg-info/SOURCES.txt
[150.113s] -- Installing: /home/libok/um_file/install/ros2srrc_data/local/lib/python3.10/dist-packages/ros2srrc_data
[150.113s] -- Installing: /home/libok/um_file/install/ros2srrc_data/local/lib/python3.10/dist-packages/ros2srrc_data/ros2srrc_data_s__rosidl_typesupport_introspection_c.cpython-310-x86_64-linux-gnu.so
[150.113s] -- Installing: /home/libok/um_file/install/ros2srrc_data/local/lib/python3.10/dist-packages/ros2srrc_data/action
[150.113s] -- Installing: /home/libok/um_file/install/ros2srrc_data/local/lib/python3.10/dist-packages/ros2srrc_data/action/_move_s.c
[150.114s] -- Installing: /home/libok/um_file/install/ros2srrc_data/local/lib/python3.10/dist-packages/ros2srrc_data/action/__init__.py
[150.114s] -- Installing: /home/libok/um_file/install/ros2srrc_data/local/lib/python3.10/dist-packages/ros2srrc_data/action/_robmove.py
[150.114s] -- Installing: /home/libok/um_file/install/ros2srrc_data/local/lib/python3.10/dist-packages/ros2srrc_data/action/_sequence_s.c
[150.115s] -- Installing: /home/libok/um_file/install/ros2srrc_data/local/lib/python3.10/dist-packages/ros2srrc_data/action/_move.py
[150.115s] -- Installing: /home/libok/um_file/install/ros2srrc_data/local/lib/python3.10/dist-packages/ros2srrc_data/action/_robmove_s.c
[150.115s] -- Installing: /home/libok/um_file/install/ros2srrc_data/local/lib/python3.10/dist-packages/ros2srrc_data/action/_sequence.py
[150.115s] -- Installing: /home/libok/um_file/install/ros2srrc_data/local/lib/python3.10/dist-packages/ros2srrc_data/__init__.py
[150.116s] -- Installing: /home/libok/um_file/install/ros2srrc_data/local/lib/python3.10/dist-packages/ros2srrc_data/ros2srrc_data_s__rosidl_typesupport_c.cpython-310-x86_64-linux-gnu.so
[150.116s] -- Installing: /home/libok/um_file/install/ros2srrc_data/local/lib/python3.10/dist-packages/ros2srrc_data/msg
[150.116s] -- Installing: /home/libok/um_file/install/ros2srrc_data/local/lib/python3.10/dist-packages/ros2srrc_data/msg/_xyz.py
[150.116s] -- Installing: /home/libok/um_file/install/ros2srrc_data/local/lib/python3.10/dist-packages/ros2srrc_data/msg/_robpose.py
[150.117s] -- Installing: /home/libok/um_file/install/ros2srrc_data/local/lib/python3.10/dist-packages/ros2srrc_data/msg/__init__.py
[150.118s] -- Installing: /home/libok/um_file/install/ros2srrc_data/local/lib/python3.10/dist-packages/ros2srrc_data/msg/_joint.py
[150.119s] -- Installing: /home/libok/um_file/install/ros2srrc_data/local/lib/python3.10/dist-packages/ros2srrc_data/msg/_xyzypr.py
[150.119s] -- Installing: /home/libok/um_file/install/ros2srrc_data/local/lib/python3.10/dist-packages/ros2srrc_data/msg/_robmove.py
[150.120s] -- Installing: /home/libok/um_file/install/ros2srrc_data/local/lib/python3.10/dist-packages/ros2srrc_data/msg/_xyzypr_s.c
[150.121s] -- Installing: /home/libok/um_file/install/ros2srrc_data/local/lib/python3.10/dist-packages/ros2srrc_data/msg/_specs_s.c
[150.121s] -- Installing: /home/libok/um_file/install/ros2srrc_data/local/lib/python3.10/dist-packages/ros2srrc_data/msg/_specs.py
[150.122s] -- Installing: /home/libok/um_file/install/ros2srrc_data/local/lib/python3.10/dist-packages/ros2srrc_data/msg/_joint_s.c
[150.122s] -- Installing: /home/libok/um_file/install/ros2srrc_data/local/lib/python3.10/dist-packages/ros2srrc_data/msg/_xyz_s.c
[150.123s] -- Installing: /home/libok/um_file/install/ros2srrc_data/local/lib/python3.10/dist-packages/ros2srrc_data/msg/_action.py
[150.124s] -- Installing: /home/libok/um_file/install/ros2srrc_data/local/lib/python3.10/dist-packages/ros2srrc_data/msg/_robmove_s.c
[150.124s] -- Installing: /home/libok/um_file/install/ros2srrc_data/local/lib/python3.10/dist-packages/ros2srrc_data/msg/_ypr_s.c
[150.125s] -- Installing: /home/libok/um_file/install/ros2srrc_data/local/lib/python3.10/dist-packages/ros2srrc_data/msg/_linkattacher.py
[150.125s] -- Installing: /home/libok/um_file/install/ros2srrc_data/local/lib/python3.10/dist-packages/ros2srrc_data/msg/_joints.py
[150.125s] -- Installing: /home/libok/um_file/install/ros2srrc_data/local/lib/python3.10/dist-packages/ros2srrc_data/msg/_action_s.c
[150.125s] -- Installing: /home/libok/um_file/install/ros2srrc_data/local/lib/python3.10/dist-packages/ros2srrc_data/msg/_ypr.py
[150.125s] -- Installing: /home/libok/um_file/install/ros2srrc_data/local/lib/python3.10/dist-packages/ros2srrc_data/msg/_joints_s.c
[150.126s] -- Installing: /home/libok/um_file/install/ros2srrc_data/local/lib/python3.10/dist-packages/ros2srrc_data/msg/_robpose_s.c
[150.126s] -- Installing: /home/libok/um_file/install/ros2srrc_data/local/lib/python3.10/dist-packages/ros2srrc_data/msg/_linkattacher_s.c
[150.126s] -- Installing: /home/libok/um_file/install/ros2srrc_data/local/lib/python3.10/dist-packages/ros2srrc_data/_ros2srrc_data_s.ep.rosidl_typesupport_c.c
[150.126s] -- Installing: /home/libok/um_file/install/ros2srrc_data/local/lib/python3.10/dist-packages/ros2srrc_data/_ros2srrc_data_s.ep.rosidl_typesupport_fastrtps_c.c
[150.127s] -- Installing: /home/libok/um_file/install/ros2srrc_data/local/lib/python3.10/dist-packages/ros2srrc_data/libros2srrc_data__rosidl_generator_py.so
[150.127s] -- Installing: /home/libok/um_file/install/ros2srrc_data/local/lib/python3.10/dist-packages/ros2srrc_data/ros2srrc_data_s__rosidl_typesupport_fastrtps_c.cpython-310-x86_64-linux-gnu.so
[150.127s] -- Installing: /home/libok/um_file/install/ros2srrc_data/local/lib/python3.10/dist-packages/ros2srrc_data/_ros2srrc_data_s.ep.rosidl_typesupport_introspection_c.c
[150.379s] Listing '/home/libok/um_file/install/ros2srrc_data/local/lib/python3.10/dist-packages/ros2srrc_data'...
[150.379s] Compiling '/home/libok/um_file/install/ros2srrc_data/local/lib/python3.10/dist-packages/ros2srrc_data/__init__.py'...
[150.379s] Listing '/home/libok/um_file/install/ros2srrc_data/local/lib/python3.10/dist-packages/ros2srrc_data/action'...
[150.379s] Compiling '/home/libok/um_file/install/ros2srrc_data/local/lib/python3.10/dist-packages/ros2srrc_data/action/__init__.py'...
[150.379s] Compiling '/home/libok/um_file/install/ros2srrc_data/local/lib/python3.10/dist-packages/ros2srrc_data/action/_move.py'...
[150.380s] Compiling '/home/libok/um_file/install/ros2srrc_data/local/lib/python3.10/dist-packages/ros2srrc_data/action/_robmove.py'...
[150.380s] Compiling '/home/libok/um_file/install/ros2srrc_data/local/lib/python3.10/dist-packages/ros2srrc_data/action/_sequence.py'...
[150.380s] Listing '/home/libok/um_file/install/ros2srrc_data/local/lib/python3.10/dist-packages/ros2srrc_data/msg'...
[150.380s] Compiling '/home/libok/um_file/install/ros2srrc_data/local/lib/python3.10/dist-packages/ros2srrc_data/msg/__init__.py'...
[150.380s] Compiling '/home/libok/um_file/install/ros2srrc_data/local/lib/python3.10/dist-packages/ros2srrc_data/msg/_action.py'...
[150.380s] Compiling '/home/libok/um_file/install/ros2srrc_data/local/lib/python3.10/dist-packages/ros2srrc_data/msg/_joint.py'...
[150.381s] Compiling '/home/libok/um_file/install/ros2srrc_data/local/lib/python3.10/dist-packages/ros2srrc_data/msg/_joints.py'...
[150.381s] Compiling '/home/libok/um_file/install/ros2srrc_data/local/lib/python3.10/dist-packages/ros2srrc_data/msg/_linkattacher.py'...
[150.381s] Compiling '/home/libok/um_file/install/ros2srrc_data/local/lib/python3.10/dist-packages/ros2srrc_data/msg/_robmove.py'...
[150.381s] Compiling '/home/libok/um_file/install/ros2srrc_data/local/lib/python3.10/dist-packages/ros2srrc_data/msg/_robpose.py'...
[150.381s] Compiling '/home/libok/um_file/install/ros2srrc_data/local/lib/python3.10/dist-packages/ros2srrc_data/msg/_specs.py'...
[150.381s] Compiling '/home/libok/um_file/install/ros2srrc_data/local/lib/python3.10/dist-packages/ros2srrc_data/msg/_xyz.py'...
[150.382s] Compiling '/home/libok/um_file/install/ros2srrc_data/local/lib/python3.10/dist-packages/ros2srrc_data/msg/_xyzypr.py'...
[150.382s] Compiling '/home/libok/um_file/install/ros2srrc_data/local/lib/python3.10/dist-packages/ros2srrc_data/msg/_ypr.py'...
[150.397s] -- Installing: /home/libok/um_file/install/ros2srrc_data/local/lib/python3.10/dist-packages/ros2srrc_data/ros2srrc_data_s__rosidl_typesupport_fastrtps_c.cpython-310-x86_64-linux-gnu.so
[150.398s] -- Set non-toolchain portion of runtime path of "/home/libok/um_file/install/ros2srrc_data/local/lib/python3.10/dist-packages/ros2srrc_data/ros2srrc_data_s__rosidl_typesupport_fastrtps_c.cpython-310-x86_64-linux-gnu.so" to ""
[150.399s] -- Installing: /home/libok/um_file/install/ros2srrc_data/local/lib/python3.10/dist-packages/ros2srrc_data/ros2srrc_data_s__rosidl_typesupport_introspection_c.cpython-310-x86_64-linux-gnu.so
[150.400s] -- Set non-toolchain portion of runtime path of "/home/libok/um_file/install/ros2srrc_data/local/lib/python3.10/dist-packages/ros2srrc_data/ros2srrc_data_s__rosidl_typesupport_introspection_c.cpython-310-x86_64-linux-gnu.so" to ""
[150.401s] -- Installing: /home/libok/um_file/install/ros2srrc_data/local/lib/python3.10/dist-packages/ros2srrc_data/ros2srrc_data_s__rosidl_typesupport_c.cpython-310-x86_64-linux-gnu.so
[150.402s] -- Set non-toolchain portion of runtime path of "/home/libok/um_file/install/ros2srrc_data/local/lib/python3.10/dist-packages/ros2srrc_data/ros2srrc_data_s__rosidl_typesupport_c.cpython-310-x86_64-linux-gnu.so" to ""
[150.405s] -- Installing: /home/libok/um_file/install/ros2srrc_data/lib/libros2srrc_data__rosidl_generator_py.so
[150.405s] -- Set non-toolchain portion of runtime path of "/home/libok/um_file/install/ros2srrc_data/lib/libros2srrc_data__rosidl_generator_py.so" to ""
[150.405s] -- Installing: /home/libok/um_file/install/ros2srrc_data/share/ros2srrc_data/msg/Specs.idl
[150.405s] -- Installing: /home/libok/um_file/install/ros2srrc_data/share/ros2srrc_data/msg/Robmove.idl
[150.405s] -- Installing: /home/libok/um_file/install/ros2srrc_data/share/ros2srrc_data/msg/Joint.idl
[150.406s] -- Installing: /home/libok/um_file/install/ros2srrc_data/share/ros2srrc_data/msg/Joints.idl
[150.406s] -- Installing: /home/libok/um_file/install/ros2srrc_data/share/ros2srrc_data/msg/Xyz.idl
[150.406s] -- Installing: /home/libok/um_file/install/ros2srrc_data/share/ros2srrc_data/msg/Xyzypr.idl
[150.406s] -- Installing: /home/libok/um_file/install/ros2srrc_data/share/ros2srrc_data/msg/Ypr.idl
[150.407s] -- Installing: /home/libok/um_file/install/ros2srrc_data/share/ros2srrc_data/msg/Action.idl
[150.407s] -- Installing: /home/libok/um_file/install/ros2srrc_data/share/ros2srrc_data/msg/Linkattacher.idl
[150.407s] -- Installing: /home/libok/um_file/install/ros2srrc_data/share/ros2srrc_data/msg/Robpose.idl
[150.407s] -- Installing: /home/libok/um_file/install/ros2srrc_data/share/ros2srrc_data/action/Move.idl
[150.407s] -- Installing: /home/libok/um_file/install/ros2srrc_data/share/ros2srrc_data/action/Sequence.idl
[150.408s] -- Installing: /home/libok/um_file/install/ros2srrc_data/share/ros2srrc_data/action/Robmove.idl
[150.408s] -- Up-to-date: /home/libok/um_file/install/ros2srrc_data/share/ros2srrc_data/msg/Specs.msg
[150.409s] -- Up-to-date: /home/libok/um_file/install/ros2srrc_data/share/ros2srrc_data/msg/Robmove.msg
[150.409s] -- Up-to-date: /home/libok/um_file/install/ros2srrc_data/share/ros2srrc_data/msg/Joint.msg
[150.409s] -- Up-to-date: /home/libok/um_file/install/ros2srrc_data/share/ros2srrc_data/msg/Joints.msg
[150.409s] -- Up-to-date: /home/libok/um_file/install/ros2srrc_data/share/ros2srrc_data/msg/Xyz.msg
[150.410s] -- Up-to-date: /home/libok/um_file/install/ros2srrc_data/share/ros2srrc_data/msg/Xyzypr.msg
[150.410s] -- Up-to-date: /home/libok/um_file/install/ros2srrc_data/share/ros2srrc_data/msg/Ypr.msg
[150.410s] -- Up-to-date: /home/libok/um_file/install/ros2srrc_data/share/ros2srrc_data/msg/Action.msg
[150.411s] -- Up-to-date: /home/libok/um_file/install/ros2srrc_data/share/ros2srrc_data/msg/Linkattacher.msg
[150.411s] -- Up-to-date: /home/libok/um_file/install/ros2srrc_data/share/ros2srrc_data/msg/Robpose.msg
[150.411s] -- Up-to-date: /home/libok/um_file/install/ros2srrc_data/share/ros2srrc_data/action/Move.action
[150.412s] -- Up-to-date: /home/libok/um_file/install/ros2srrc_data/share/ros2srrc_data/action/Sequence.action
[150.412s] -- Up-to-date: /home/libok/um_file/install/ros2srrc_data/share/ros2srrc_data/action/Robmove.action
[150.412s] -- Installing: /home/libok/um_file/install/ros2srrc_data/share/ament_index/resource_index/package_run_dependencies/ros2srrc_data
[150.412s] -- Installing: /home/libok/um_file/install/ros2srrc_data/share/ament_index/resource_index/parent_prefix_path/ros2srrc_data
[150.413s] -- Installing: /home/libok/um_file/install/ros2srrc_data/share/ros2srrc_data/environment/ament_prefix_path.sh
[150.413s] -- Installing: /home/libok/um_file/install/ros2srrc_data/share/ros2srrc_data/environment/ament_prefix_path.dsv
[150.414s] -- Installing: /home/libok/um_file/install/ros2srrc_data/share/ros2srrc_data/environment/path.sh
[150.414s] -- Installing: /home/libok/um_file/install/ros2srrc_data/share/ros2srrc_data/environment/path.dsv
[150.414s] -- Installing: /home/libok/um_file/install/ros2srrc_data/share/ros2srrc_data/local_setup.bash
[150.415s] -- Installing: /home/libok/um_file/install/ros2srrc_data/share/ros2srrc_data/local_setup.sh
[150.415s] -- Installing: /home/libok/um_file/install/ros2srrc_data/share/ros2srrc_data/local_setup.zsh
[150.415s] -- Installing: /home/libok/um_file/install/ros2srrc_data/share/ros2srrc_data/local_setup.dsv
[150.415s] -- Installing: /home/libok/um_file/install/ros2srrc_data/share/ros2srrc_data/package.dsv
[150.416s] -- Installing: /home/libok/um_file/install/ros2srrc_data/share/ament_index/resource_index/packages/ros2srrc_data
[150.417s] -- Installing: /home/libok/um_file/install/ros2srrc_data/share/ros2srrc_data/cmake/export_ros2srrc_data__rosidl_generator_cExport.cmake
[150.417s] -- Installing: /home/libok/um_file/install/ros2srrc_data/share/ros2srrc_data/cmake/export_ros2srrc_data__rosidl_generator_cExport-noconfig.cmake
[150.418s] -- Installing: /home/libok/um_file/install/ros2srrc_data/share/ros2srrc_data/cmake/export_ros2srrc_data__rosidl_typesupport_fastrtps_cExport.cmake
[150.418s] -- Installing: /home/libok/um_file/install/ros2srrc_data/share/ros2srrc_data/cmake/export_ros2srrc_data__rosidl_typesupport_fastrtps_cExport-noconfig.cmake
[150.418s] -- Installing: /home/libok/um_file/install/ros2srrc_data/share/ros2srrc_data/cmake/ros2srrc_data__rosidl_typesupport_introspection_cExport.cmake
[150.419s] -- Installing: /home/libok/um_file/install/ros2srrc_data/share/ros2srrc_data/cmake/ros2srrc_data__rosidl_typesupport_introspection_cExport-noconfig.cmake
[150.419s] -- Installing: /home/libok/um_file/install/ros2srrc_data/share/ros2srrc_data/cmake/ros2srrc_data__rosidl_typesupport_cExport.cmake
[150.420s] -- Installing: /home/libok/um_file/install/ros2srrc_data/share/ros2srrc_data/cmake/ros2srrc_data__rosidl_typesupport_cExport-noconfig.cmake
[150.420s] -- Installing: /home/libok/um_file/install/ros2srrc_data/share/ros2srrc_data/cmake/export_ros2srrc_data__rosidl_generator_cppExport.cmake
[150.420s] -- Installing: /home/libok/um_file/install/ros2srrc_data/share/ros2srrc_data/cmake/export_ros2srrc_data__rosidl_typesupport_fastrtps_cppExport.cmake
[150.421s] -- Installing: /home/libok/um_file/install/ros2srrc_data/share/ros2srrc_data/cmake/export_ros2srrc_data__rosidl_typesupport_fastrtps_cppExport-noconfig.cmake
[150.421s] -- Installing: /home/libok/um_file/install/ros2srrc_data/share/ros2srrc_data/cmake/ros2srrc_data__rosidl_typesupport_introspection_cppExport.cmake
[150.422s] -- Installing: /home/libok/um_file/install/ros2srrc_data/share/ros2srrc_data/cmake/ros2srrc_data__rosidl_typesupport_introspection_cppExport-noconfig.cmake
[150.423s] -- Installing: /home/libok/um_file/install/ros2srrc_data/share/ros2srrc_data/cmake/ros2srrc_data__rosidl_typesupport_cppExport.cmake
[150.423s] -- Installing: /home/libok/um_file/install/ros2srrc_data/share/ros2srrc_data/cmake/ros2srrc_data__rosidl_typesupport_cppExport-noconfig.cmake
[150.424s] -- Installing: /home/libok/um_file/install/ros2srrc_data/share/ros2srrc_data/cmake/export_ros2srrc_data__rosidl_generator_pyExport.cmake
[150.424s] -- Installing: /home/libok/um_file/install/ros2srrc_data/share/ros2srrc_data/cmake/export_ros2srrc_data__rosidl_generator_pyExport-noconfig.cmake
[150.425s] -- Installing: /home/libok/um_file/install/ros2srrc_data/share/ros2srrc_data/cmake/rosidl_cmake-extras.cmake
[150.426s] -- Installing: /home/libok/um_file/install/ros2srrc_data/share/ros2srrc_data/cmake/ament_cmake_export_dependencies-extras.cmake
[150.426s] -- Installing: /home/libok/um_file/install/ros2srrc_data/share/ros2srrc_data/cmake/ament_cmake_export_include_directories-extras.cmake
[150.427s] -- Installing: /home/libok/um_file/install/ros2srrc_data/share/ros2srrc_data/cmake/ament_cmake_export_libraries-extras.cmake
[150.428s] -- Installing: /home/libok/um_file/install/ros2srrc_data/share/ros2srrc_data/cmake/ament_cmake_export_targets-extras.cmake
[150.428s] -- Installing: /home/libok/um_file/install/ros2srrc_data/share/ros2srrc_data/cmake/rosidl_cmake_export_typesupport_targets-extras.cmake
[150.429s] -- Installing: /home/libok/um_file/install/ros2srrc_data/share/ros2srrc_data/cmake/rosidl_cmake_export_typesupport_libraries-extras.cmake
[150.429s] -- Installing: /home/libok/um_file/install/ros2srrc_data/share/ros2srrc_data/cmake/ros2srrc_dataConfig.cmake
[150.430s] -- Installing: /home/libok/um_file/install/ros2srrc_data/share/ros2srrc_data/cmake/ros2srrc_dataConfig-version.cmake
[150.430s] -- Installing: /home/libok/um_file/install/ros2srrc_data/share/ros2srrc_data/package.xml
[150.437s] Invoked command in '/home/libok/um_file/build/ros2srrc_data' returned '0': CMAKE_PREFIX_PATH=${CMAKE_PREFIX_PATH}:/opt/ros/humble /usr/local/bin/cmake --install /home/libok/um_file/build/ros2srrc_data
